<?xml version="1.0" encoding="ISO-8859-1" ?>
<link_info>
   <banner>TI ARM Linker Unix v20.2.2.LTS</banner>
   <copyright>Copyright (c) 1996-2018 Texas Instruments Incorporated</copyright>
   <link_time>0x5f6d0d45</link_time>
   <link_errors>0x0</link_errors>
   <output_file>Lab3Ex5.out</output_file>
   <entry_point>
      <name>_c_int00_noargs</name>
      <address>0x31f5</address>
   </entry_point>
   <input_file_list>
      <input_file id="fl-1">
         <path>./</path>
         <kind>object</kind>
         <file>dma_crc32_transfer_calculation.obj</file>
         <name>dma_crc32_transfer_calculation.obj</name>
      </input_file>
      <input_file id="fl-2">
         <path>./</path>
         <kind>object</kind>
         <file>system_msp432p401r.obj</file>
         <name>system_msp432p401r.obj</name>
      </input_file>
      <input_file id="fl-3">
         <path>./ccs/</path>
         <kind>object</kind>
         <file>startup_msp432p401r_ccs.obj</file>
         <name>startup_msp432p401r_ccs.obj</name>
      </input_file>
      <input_file id="fl-d">
         <kind>object</kind>
         <file>&lt;internal&gt;</file>
         <name>&lt;internal&gt;</name>
      </input_file>
      <input_file id="fl-e">
         <path>/Users/phatle/ti/simplelink_msp432p4_sdk_3_40_01_02/source/ti/devices/msp432p4xx/driverlib/ccs/</path>
         <kind>archive</kind>
         <file>msp432p4xx_driverlib.lib</file>
         <name>crc32.o</name>
      </input_file>
      <input_file id="fl-f">
         <path>/Users/phatle/ti/simplelink_msp432p4_sdk_3_40_01_02/source/ti/devices/msp432p4xx/driverlib/ccs/</path>
         <kind>archive</kind>
         <file>msp432p4xx_driverlib.lib</file>
         <name>cs.o</name>
      </input_file>
      <input_file id="fl-10">
         <path>/Users/phatle/ti/simplelink_msp432p4_sdk_3_40_01_02/source/ti/devices/msp432p4xx/driverlib/ccs/</path>
         <kind>archive</kind>
         <file>msp432p4xx_driverlib.lib</file>
         <name>dma.o</name>
      </input_file>
      <input_file id="fl-11">
         <path>/Users/phatle/ti/simplelink_msp432p4_sdk_3_40_01_02/source/ti/devices/msp432p4xx/driverlib/ccs/</path>
         <kind>archive</kind>
         <file>msp432p4xx_driverlib.lib</file>
         <name>interrupt.o</name>
      </input_file>
      <input_file id="fl-12">
         <path>/Users/phatle/ti/simplelink_msp432p4_sdk_3_40_01_02/source/ti/devices/msp432p4xx/driverlib/ccs/</path>
         <kind>archive</kind>
         <file>msp432p4xx_driverlib.lib</file>
         <name>sysctl_a.o</name>
      </input_file>
      <input_file id="fl-13">
         <path>/Users/phatle/ti/simplelink_msp432p4_sdk_3_40_01_02/source/ti/devices/msp432p4xx/driverlib/ccs/</path>
         <kind>archive</kind>
         <file>msp432p4xx_driverlib.lib</file>
         <name>cpu.o</name>
      </input_file>
      <input_file id="fl-c9">
         <path>/Applications/ti/ccs1010/ccs/tools/compiler/ti-cgt-arm_20.2.2.LTS/lib/</path>
         <kind>archive</kind>
         <file>rtsv7M4_T_le_v4SPD16_eabi.lib</file>
         <name>printf.c.obj</name>
      </input_file>
      <input_file id="fl-ca">
         <path>/Applications/ti/ccs1010/ccs/tools/compiler/ti-cgt-arm_20.2.2.LTS/lib/</path>
         <kind>archive</kind>
         <file>rtsv7M4_T_le_v4SPD16_eabi.lib</file>
         <name>_printfi.c.obj</name>
      </input_file>
      <input_file id="fl-cb">
         <path>/Applications/ti/ccs1010/ccs/tools/compiler/ti-cgt-arm_20.2.2.LTS/lib/</path>
         <kind>archive</kind>
         <file>rtsv7M4_T_le_v4SPD16_eabi.lib</file>
         <name>fputc.c.obj</name>
      </input_file>
      <input_file id="fl-cc">
         <path>/Applications/ti/ccs1010/ccs/tools/compiler/ti-cgt-arm_20.2.2.LTS/lib/</path>
         <kind>archive</kind>
         <file>rtsv7M4_T_le_v4SPD16_eabi.lib</file>
         <name>fputs.c.obj</name>
      </input_file>
      <input_file id="fl-cd">
         <path>/Applications/ti/ccs1010/ccs/tools/compiler/ti-cgt-arm_20.2.2.LTS/lib/</path>
         <kind>archive</kind>
         <file>rtsv7M4_T_le_v4SPD16_eabi.lib</file>
         <name>_io_perm.c.obj</name>
      </input_file>
      <input_file id="fl-ce">
         <path>/Applications/ti/ccs1010/ccs/tools/compiler/ti-cgt-arm_20.2.2.LTS/lib/</path>
         <kind>archive</kind>
         <file>rtsv7M4_T_le_v4SPD16_eabi.lib</file>
         <name>setvbuf.c.obj</name>
      </input_file>
      <input_file id="fl-cf">
         <path>/Applications/ti/ccs1010/ccs/tools/compiler/ti-cgt-arm_20.2.2.LTS/lib/</path>
         <kind>archive</kind>
         <file>rtsv7M4_T_le_v4SPD16_eabi.lib</file>
         <name>fd_add_t2.asm.obj</name>
      </input_file>
      <input_file id="fl-d0">
         <path>/Applications/ti/ccs1010/ccs/tools/compiler/ti-cgt-arm_20.2.2.LTS/lib/</path>
         <kind>archive</kind>
         <file>rtsv7M4_T_le_v4SPD16_eabi.lib</file>
         <name>fd_cmp_t2.asm.obj</name>
      </input_file>
      <input_file id="fl-d1">
         <path>/Applications/ti/ccs1010/ccs/tools/compiler/ti-cgt-arm_20.2.2.LTS/lib/</path>
         <kind>archive</kind>
         <file>rtsv7M4_T_le_v4SPD16_eabi.lib</file>
         <name>fd_div_t2.asm.obj</name>
      </input_file>
      <input_file id="fl-d2">
         <path>/Applications/ti/ccs1010/ccs/tools/compiler/ti-cgt-arm_20.2.2.LTS/lib/</path>
         <kind>archive</kind>
         <file>rtsv7M4_T_le_v4SPD16_eabi.lib</file>
         <name>fd_mul_t2.asm.obj</name>
      </input_file>
      <input_file id="fl-d3">
         <path>/Applications/ti/ccs1010/ccs/tools/compiler/ti-cgt-arm_20.2.2.LTS/lib/</path>
         <kind>archive</kind>
         <file>rtsv7M4_T_le_v4SPD16_eabi.lib</file>
         <name>fd_toi_t2.asm.obj</name>
      </input_file>
      <input_file id="fl-d4">
         <path>/Applications/ti/ccs1010/ccs/tools/compiler/ti-cgt-arm_20.2.2.LTS/lib/</path>
         <kind>archive</kind>
         <file>rtsv7M4_T_le_v4SPD16_eabi.lib</file>
         <name>fd_tou_t2.asm.obj</name>
      </input_file>
      <input_file id="fl-d5">
         <path>/Applications/ti/ccs1010/ccs/tools/compiler/ti-cgt-arm_20.2.2.LTS/lib/</path>
         <kind>archive</kind>
         <file>rtsv7M4_T_le_v4SPD16_eabi.lib</file>
         <name>fs_tod_t2.asm.obj</name>
      </input_file>
      <input_file id="fl-d6">
         <path>/Applications/ti/ccs1010/ccs/tools/compiler/ti-cgt-arm_20.2.2.LTS/lib/</path>
         <kind>archive</kind>
         <file>rtsv7M4_T_le_v4SPD16_eabi.lib</file>
         <name>i_tofd_t2.asm.obj</name>
      </input_file>
      <input_file id="fl-d7">
         <path>/Applications/ti/ccs1010/ccs/tools/compiler/ti-cgt-arm_20.2.2.LTS/lib/</path>
         <kind>archive</kind>
         <file>rtsv7M4_T_le_v4SPD16_eabi.lib</file>
         <name>memcpy_t2.asm.obj</name>
      </input_file>
      <input_file id="fl-d8">
         <path>/Applications/ti/ccs1010/ccs/tools/compiler/ti-cgt-arm_20.2.2.LTS/lib/</path>
         <kind>archive</kind>
         <file>rtsv7M4_T_le_v4SPD16_eabi.lib</file>
         <name>u_tofd_t2.asm.obj</name>
      </input_file>
      <input_file id="fl-d9">
         <path>/Applications/ti/ccs1010/ccs/tools/compiler/ti-cgt-arm_20.2.2.LTS/lib/</path>
         <kind>archive</kind>
         <file>rtsv7M4_T_le_v4SPD16_eabi.lib</file>
         <name>ull_div_t2.asm.obj</name>
      </input_file>
      <input_file id="fl-da">
         <path>/Applications/ti/ccs1010/ccs/tools/compiler/ti-cgt-arm_20.2.2.LTS/lib/</path>
         <kind>archive</kind>
         <file>rtsv7M4_T_le_v4SPD16_eabi.lib</file>
         <name>memset_t2.asm.obj</name>
      </input_file>
      <input_file id="fl-db">
         <path>/Applications/ti/ccs1010/ccs/tools/compiler/ti-cgt-arm_20.2.2.LTS/lib/</path>
         <kind>archive</kind>
         <file>rtsv7M4_T_le_v4SPD16_eabi.lib</file>
         <name>copy_zero_init.c.obj</name>
      </input_file>
      <input_file id="fl-dc">
         <path>/Applications/ti/ccs1010/ccs/tools/compiler/ti-cgt-arm_20.2.2.LTS/lib/</path>
         <kind>archive</kind>
         <file>rtsv7M4_T_le_v4SPD16_eabi.lib</file>
         <name>copy_decompress_none.c.obj</name>
      </input_file>
      <input_file id="fl-dd">
         <path>/Applications/ti/ccs1010/ccs/tools/compiler/ti-cgt-arm_20.2.2.LTS/lib/</path>
         <kind>archive</kind>
         <file>rtsv7M4_T_le_v4SPD16_eabi.lib</file>
         <name>copy_decompress_lzss.c.obj</name>
      </input_file>
      <input_file id="fl-de">
         <path>/Applications/ti/ccs1010/ccs/tools/compiler/ti-cgt-arm_20.2.2.LTS/lib/</path>
         <kind>archive</kind>
         <file>rtsv7M4_T_le_v4SPD16_eabi.lib</file>
         <name>exit.c.obj</name>
      </input_file>
      <input_file id="fl-df">
         <path>/Applications/ti/ccs1010/ccs/tools/compiler/ti-cgt-arm_20.2.2.LTS/lib/</path>
         <kind>archive</kind>
         <file>rtsv7M4_T_le_v4SPD16_eabi.lib</file>
         <name>_lock.c.obj</name>
      </input_file>
      <input_file id="fl-e0">
         <path>/Applications/ti/ccs1010/ccs/tools/compiler/ti-cgt-arm_20.2.2.LTS/lib/</path>
         <kind>archive</kind>
         <file>rtsv7M4_T_le_v4SPD16_eabi.lib</file>
         <name>_ltoa.c.obj</name>
      </input_file>
      <input_file id="fl-e1">
         <path>/Applications/ti/ccs1010/ccs/tools/compiler/ti-cgt-arm_20.2.2.LTS/lib/</path>
         <kind>archive</kind>
         <file>rtsv7M4_T_le_v4SPD16_eabi.lib</file>
         <name>atoi.c.obj</name>
      </input_file>
      <input_file id="fl-e2">
         <path>/Applications/ti/ccs1010/ccs/tools/compiler/ti-cgt-arm_20.2.2.LTS/lib/</path>
         <kind>archive</kind>
         <file>rtsv7M4_T_le_v4SPD16_eabi.lib</file>
         <name>ctype.c.obj</name>
      </input_file>
      <input_file id="fl-e3">
         <path>/Applications/ti/ccs1010/ccs/tools/compiler/ti-cgt-arm_20.2.2.LTS/lib/</path>
         <kind>archive</kind>
         <file>rtsv7M4_T_le_v4SPD16_eabi.lib</file>
         <name>defs.c.obj</name>
      </input_file>
      <input_file id="fl-e4">
         <path>/Applications/ti/ccs1010/ccs/tools/compiler/ti-cgt-arm_20.2.2.LTS/lib/</path>
         <kind>archive</kind>
         <file>rtsv7M4_T_le_v4SPD16_eabi.lib</file>
         <name>memccpy.c.obj</name>
      </input_file>
      <input_file id="fl-e5">
         <path>/Applications/ti/ccs1010/ccs/tools/compiler/ti-cgt-arm_20.2.2.LTS/lib/</path>
         <kind>archive</kind>
         <file>rtsv7M4_T_le_v4SPD16_eabi.lib</file>
         <name>memchr.c.obj</name>
      </input_file>
      <input_file id="fl-e6">
         <path>/Applications/ti/ccs1010/ccs/tools/compiler/ti-cgt-arm_20.2.2.LTS/lib/</path>
         <kind>archive</kind>
         <file>rtsv7M4_T_le_v4SPD16_eabi.lib</file>
         <name>memory.c.obj</name>
      </input_file>
      <input_file id="fl-e7">
         <path>/Applications/ti/ccs1010/ccs/tools/compiler/ti-cgt-arm_20.2.2.LTS/lib/</path>
         <kind>archive</kind>
         <file>rtsv7M4_T_le_v4SPD16_eabi.lib</file>
         <name>strchr.c.obj</name>
      </input_file>
      <input_file id="fl-e8">
         <path>/Applications/ti/ccs1010/ccs/tools/compiler/ti-cgt-arm_20.2.2.LTS/lib/</path>
         <kind>archive</kind>
         <file>rtsv7M4_T_le_v4SPD16_eabi.lib</file>
         <name>strlen.c.obj</name>
      </input_file>
      <input_file id="fl-e9">
         <path>/Applications/ti/ccs1010/ccs/tools/compiler/ti-cgt-arm_20.2.2.LTS/lib/</path>
         <kind>archive</kind>
         <file>rtsv7M4_T_le_v4SPD16_eabi.lib</file>
         <name>write.c.obj</name>
      </input_file>
      <input_file id="fl-ea">
         <path>/Applications/ti/ccs1010/ccs/tools/compiler/ti-cgt-arm_20.2.2.LTS/lib/</path>
         <kind>archive</kind>
         <file>rtsv7M4_T_le_v4SPD16_eabi.lib</file>
         <name>host_device.c.obj</name>
      </input_file>
      <input_file id="fl-eb">
         <path>/Applications/ti/ccs1010/ccs/tools/compiler/ti-cgt-arm_20.2.2.LTS/lib/</path>
         <kind>archive</kind>
         <file>rtsv7M4_T_le_v4SPD16_eabi.lib</file>
         <name>boot_cortex_m.c.obj</name>
      </input_file>
      <input_file id="fl-ec">
         <path>/Applications/ti/ccs1010/ccs/tools/compiler/ti-cgt-arm_20.2.2.LTS/lib/</path>
         <kind>archive</kind>
         <file>rtsv7M4_T_le_v4SPD16_eabi.lib</file>
         <name>errno.c.obj</name>
      </input_file>
      <input_file id="fl-ed">
         <path>/Applications/ti/ccs1010/ccs/tools/compiler/ti-cgt-arm_20.2.2.LTS/lib/</path>
         <kind>archive</kind>
         <file>rtsv7M4_T_le_v4SPD16_eabi.lib</file>
         <name>s_frexp.c.obj</name>
      </input_file>
      <input_file id="fl-ee">
         <path>/Applications/ti/ccs1010/ccs/tools/compiler/ti-cgt-arm_20.2.2.LTS/lib/</path>
         <kind>archive</kind>
         <file>rtsv7M4_T_le_v4SPD16_eabi.lib</file>
         <name>s_scalbn.c.obj</name>
      </input_file>
      <input_file id="fl-ef">
         <path>/Applications/ti/ccs1010/ccs/tools/compiler/ti-cgt-arm_20.2.2.LTS/lib/</path>
         <kind>archive</kind>
         <file>rtsv7M4_T_le_v4SPD16_eabi.lib</file>
         <name>wcslen.c.obj</name>
      </input_file>
      <input_file id="fl-f0">
         <path>/Applications/ti/ccs1010/ccs/tools/compiler/ti-cgt-arm_20.2.2.LTS/lib/</path>
         <kind>archive</kind>
         <file>rtsv7M4_T_le_v4SPD16_eabi.lib</file>
         <name>s_copysign.c.obj</name>
      </input_file>
      <input_file id="fl-f1">
         <path>/Applications/ti/ccs1010/ccs/tools/compiler/ti-cgt-arm_20.2.2.LTS/lib/</path>
         <kind>archive</kind>
         <file>rtsv7M4_T_le_v4SPD16_eabi.lib</file>
         <name>fflush.c.obj</name>
      </input_file>
      <input_file id="fl-f2">
         <path>/Applications/ti/ccs1010/ccs/tools/compiler/ti-cgt-arm_20.2.2.LTS/lib/</path>
         <kind>archive</kind>
         <file>rtsv7M4_T_le_v4SPD16_eabi.lib</file>
         <name>fopen.c.obj</name>
      </input_file>
      <input_file id="fl-f3">
         <path>/Applications/ti/ccs1010/ccs/tools/compiler/ti-cgt-arm_20.2.2.LTS/lib/</path>
         <kind>archive</kind>
         <file>rtsv7M4_T_le_v4SPD16_eabi.lib</file>
         <name>fseek.c.obj</name>
      </input_file>
      <input_file id="fl-f4">
         <path>/Applications/ti/ccs1010/ccs/tools/compiler/ti-cgt-arm_20.2.2.LTS/lib/</path>
         <kind>archive</kind>
         <file>rtsv7M4_T_le_v4SPD16_eabi.lib</file>
         <name>div0.asm.obj</name>
      </input_file>
      <input_file id="fl-f5">
         <path>/Applications/ti/ccs1010/ccs/tools/compiler/ti-cgt-arm_20.2.2.LTS/lib/</path>
         <kind>archive</kind>
         <file>rtsv7M4_T_le_v4SPD16_eabi.lib</file>
         <name>autoinit.c.obj</name>
      </input_file>
      <input_file id="fl-f6">
         <path>/Applications/ti/ccs1010/ccs/tools/compiler/ti-cgt-arm_20.2.2.LTS/lib/</path>
         <kind>archive</kind>
         <file>rtsv7M4_T_le_v4SPD16_eabi.lib</file>
         <name>pre_init.c.obj</name>
      </input_file>
      <input_file id="fl-f7">
         <path>/Applications/ti/ccs1010/ccs/tools/compiler/ti-cgt-arm_20.2.2.LTS/lib/</path>
         <kind>archive</kind>
         <file>rtsv7M4_T_le_v4SPD16_eabi.lib</file>
         <name>cpy_tbl.c.obj</name>
      </input_file>
      <input_file id="fl-f8">
         <path>/Applications/ti/ccs1010/ccs/tools/compiler/ti-cgt-arm_20.2.2.LTS/lib/</path>
         <kind>archive</kind>
         <file>rtsv7M4_T_le_v4SPD16_eabi.lib</file>
         <name>args_main.c.obj</name>
      </input_file>
      <input_file id="fl-f9">
         <path>/Applications/ti/ccs1010/ccs/tools/compiler/ti-cgt-arm_20.2.2.LTS/lib/</path>
         <kind>archive</kind>
         <file>rtsv7M4_T_le_v4SPD16_eabi.lib</file>
         <name>hostclose.c.obj</name>
      </input_file>
      <input_file id="fl-fa">
         <path>/Applications/ti/ccs1010/ccs/tools/compiler/ti-cgt-arm_20.2.2.LTS/lib/</path>
         <kind>archive</kind>
         <file>rtsv7M4_T_le_v4SPD16_eabi.lib</file>
         <name>hostlseek.c.obj</name>
      </input_file>
      <input_file id="fl-fb">
         <path>/Applications/ti/ccs1010/ccs/tools/compiler/ti-cgt-arm_20.2.2.LTS/lib/</path>
         <kind>archive</kind>
         <file>rtsv7M4_T_le_v4SPD16_eabi.lib</file>
         <name>hostopen.c.obj</name>
      </input_file>
      <input_file id="fl-fc">
         <path>/Applications/ti/ccs1010/ccs/tools/compiler/ti-cgt-arm_20.2.2.LTS/lib/</path>
         <kind>archive</kind>
         <file>rtsv7M4_T_le_v4SPD16_eabi.lib</file>
         <name>hostread.c.obj</name>
      </input_file>
      <input_file id="fl-fd">
         <path>/Applications/ti/ccs1010/ccs/tools/compiler/ti-cgt-arm_20.2.2.LTS/lib/</path>
         <kind>archive</kind>
         <file>rtsv7M4_T_le_v4SPD16_eabi.lib</file>
         <name>hostrename.c.obj</name>
      </input_file>
      <input_file id="fl-fe">
         <path>/Applications/ti/ccs1010/ccs/tools/compiler/ti-cgt-arm_20.2.2.LTS/lib/</path>
         <kind>archive</kind>
         <file>rtsv7M4_T_le_v4SPD16_eabi.lib</file>
         <name>hostunlink.c.obj</name>
      </input_file>
      <input_file id="fl-ff">
         <path>/Applications/ti/ccs1010/ccs/tools/compiler/ti-cgt-arm_20.2.2.LTS/lib/</path>
         <kind>archive</kind>
         <file>rtsv7M4_T_le_v4SPD16_eabi.lib</file>
         <name>hostwrite.c.obj</name>
      </input_file>
      <input_file id="fl-100">
         <path>/Applications/ti/ccs1010/ccs/tools/compiler/ti-cgt-arm_20.2.2.LTS/lib/</path>
         <kind>archive</kind>
         <file>rtsv7M4_T_le_v4SPD16_eabi.lib</file>
         <name>trgmsg.c.obj</name>
      </input_file>
      <input_file id="fl-101">
         <path>/Applications/ti/ccs1010/ccs/tools/compiler/ti-cgt-arm_20.2.2.LTS/lib/</path>
         <kind>archive</kind>
         <file>rtsv7M4_T_le_v4SPD16_eabi.lib</file>
         <name>open.c.obj</name>
      </input_file>
      <input_file id="fl-102">
         <path>/Applications/ti/ccs1010/ccs/tools/compiler/ti-cgt-arm_20.2.2.LTS/lib/</path>
         <kind>archive</kind>
         <file>rtsv7M4_T_le_v4SPD16_eabi.lib</file>
         <name>lseek.c.obj</name>
      </input_file>
      <input_file id="fl-103">
         <path>/Applications/ti/ccs1010/ccs/tools/compiler/ti-cgt-arm_20.2.2.LTS/lib/</path>
         <kind>archive</kind>
         <file>rtsv7M4_T_le_v4SPD16_eabi.lib</file>
         <name>fclose.c.obj</name>
      </input_file>
      <input_file id="fl-104">
         <path>/Applications/ti/ccs1010/ccs/tools/compiler/ti-cgt-arm_20.2.2.LTS/lib/</path>
         <kind>archive</kind>
         <file>rtsv7M4_T_le_v4SPD16_eabi.lib</file>
         <name>getdevice.c.obj</name>
      </input_file>
      <input_file id="fl-105">
         <path>/Applications/ti/ccs1010/ccs/tools/compiler/ti-cgt-arm_20.2.2.LTS/lib/</path>
         <kind>archive</kind>
         <file>rtsv7M4_T_le_v4SPD16_eabi.lib</file>
         <name>strcmp.c.obj</name>
      </input_file>
      <input_file id="fl-106">
         <path>/Applications/ti/ccs1010/ccs/tools/compiler/ti-cgt-arm_20.2.2.LTS/lib/</path>
         <kind>archive</kind>
         <file>rtsv7M4_T_le_v4SPD16_eabi.lib</file>
         <name>strcpy.c.obj</name>
      </input_file>
      <input_file id="fl-107">
         <path>/Applications/ti/ccs1010/ccs/tools/compiler/ti-cgt-arm_20.2.2.LTS/lib/</path>
         <kind>archive</kind>
         <file>rtsv7M4_T_le_v4SPD16_eabi.lib</file>
         <name>strncpy.c.obj</name>
      </input_file>
      <input_file id="fl-108">
         <path>/Applications/ti/ccs1010/ccs/tools/compiler/ti-cgt-arm_20.2.2.LTS/lib/</path>
         <kind>archive</kind>
         <file>rtsv7M4_T_le_v4SPD16_eabi.lib</file>
         <name>remove.c.obj</name>
      </input_file>
      <input_file id="fl-109">
         <path>/Applications/ti/ccs1010/ccs/tools/compiler/ti-cgt-arm_20.2.2.LTS/lib/</path>
         <kind>archive</kind>
         <file>rtsv7M4_T_le_v4SPD16_eabi.lib</file>
         <name>close.c.obj</name>
      </input_file>
      <input_file id="fl-10a">
         <path>/Applications/ti/ccs1010/ccs/tools/compiler/ti-cgt-arm_20.2.2.LTS/lib/</path>
         <kind>archive</kind>
         <file>rtsv7M4_T_le_v4SPD16_eabi.lib</file>
         <name>unlink.c.obj</name>
      </input_file>
   </input_file_list>
   <object_component_list>
      <object_component id="oc-26">
         <name>.intvecs:retain</name>
         <load_address>0x0</load_address>
         <run_address>0x0</run_address>
         <size>0xe4</size>
         <input_file_ref idref="fl-3"/>
      </object_component>
      <object_component id="oc-194">
         <name>.text:__TI_printfi</name>
         <load_address>0xe4</load_address>
         <run_address>0xe4</run_address>
         <size>0xa4e</size>
         <input_file_ref idref="fl-ca"/>
      </object_component>
      <object_component id="oc-70">
         <name>.text:Default_Handler</name>
         <load_address>0xb32</load_address>
         <run_address>0xb32</run_address>
         <size>0x2</size>
         <input_file_ref idref="fl-3"/>
      </object_component>
      <object_component id="oc-a6">
         <name>.text:main</name>
         <load_address>0xb34</load_address>
         <run_address>0xb34</run_address>
         <size>0x320</size>
         <input_file_ref idref="fl-1"/>
      </object_component>
      <object_component id="oc-22f">
         <name>.text:_pconv_a</name>
         <load_address>0xe54</load_address>
         <run_address>0xe54</run_address>
         <size>0x270</size>
         <input_file_ref idref="fl-ca"/>
      </object_component>
      <object_component id="oc-21d">
         <name>.text:_pconv_g</name>
         <load_address>0x10c4</load_address>
         <run_address>0x10c4</run_address>
         <size>0x1d0</size>
         <input_file_ref idref="fl-ca"/>
      </object_component>
      <object_component id="oc-2c8">
         <name>.text</name>
         <load_address>0x1294</load_address>
         <run_address>0x1294</run_address>
         <size>0x1b6</size>
         <input_file_ref idref="fl-cf"/>
      </object_component>
      <object_component id="oc-253">
         <name>.text:_nop</name>
         <load_address>0x144a</load_address>
         <run_address>0x144a</run_address>
         <size>0x2</size>
         <input_file_ref idref="fl-df"/>
      </object_component>
      <object_component id="oc-229">
         <name>.text:_pconv_e</name>
         <load_address>0x144c</load_address>
         <run_address>0x144c</run_address>
         <size>0x13c</size>
         <input_file_ref idref="fl-ca"/>
      </object_component>
      <object_component id="oc-10a">
         <name>.text</name>
         <load_address>0x1588</load_address>
         <run_address>0x1588</run_address>
         <size>0x136</size>
         <input_file_ref idref="fl-d1"/>
      </object_component>
      <object_component id="oc-35a">
         <name>.text</name>
         <load_address>0x16be</load_address>
         <run_address>0x16be</run_address>
         <size>0x2</size>
         <input_file_ref idref="fl-f4"/>
      </object_component>
      <object_component id="oc-2da">
         <name>.text:fcvt</name>
         <load_address>0x16c0</load_address>
         <run_address>0x16c0</run_address>
         <size>0x124</size>
         <input_file_ref idref="fl-ca"/>
      </object_component>
      <object_component id="oc-261">
         <name>.text:fputs</name>
         <load_address>0x17e4</load_address>
         <run_address>0x17e4</run_address>
         <size>0x114</size>
         <input_file_ref idref="fl-cc"/>
      </object_component>
      <object_component id="oc-2ee">
         <name>.text:scalbn</name>
         <load_address>0x18f8</load_address>
         <run_address>0x18f8</run_address>
         <size>0x110</size>
         <input_file_ref idref="fl-ee"/>
      </object_component>
      <object_component id="oc-18c">
         <name>.text:_CSComputeCLKFrequency</name>
         <load_address>0x1a08</load_address>
         <run_address>0x1a08</run_address>
         <size>0x104</size>
         <input_file_ref idref="fl-f"/>
      </object_component>
      <object_component id="oc-406">
         <name>.text:aligned_alloc</name>
         <load_address>0x1b0c</load_address>
         <run_address>0x1b0c</run_address>
         <size>0x100</size>
         <input_file_ref idref="fl-e6"/>
      </object_component>
      <object_component id="oc-2ae">
         <name>.text</name>
         <load_address>0x1c0c</load_address>
         <run_address>0x1c0c</run_address>
         <size>0xfc</size>
         <input_file_ref idref="fl-d2"/>
      </object_component>
      <object_component id="oc-1fc">
         <name>.text:CS_getDCOFrequency</name>
         <load_address>0x1d08</load_address>
         <run_address>0x1d08</run_address>
         <size>0xf8</size>
         <input_file_ref idref="fl-f"/>
      </object_component>
      <object_component id="oc-c6">
         <name>.text:DMA_setChannelTransfer</name>
         <load_address>0x1e00</load_address>
         <run_address>0x1e00</run_address>
         <size>0xf0</size>
         <input_file_ref idref="fl-10"/>
      </object_component>
      <object_component id="oc-3c4">
         <name>.text:free</name>
         <load_address>0x1ef0</load_address>
         <run_address>0x1ef0</run_address>
         <size>0xe4</size>
         <input_file_ref idref="fl-e6"/>
      </object_component>
      <object_component id="oc-394">
         <name>.text:setvbuf</name>
         <load_address>0x1fd4</load_address>
         <run_address>0x1fd4</run_address>
         <size>0xdc</size>
         <input_file_ref idref="fl-ce"/>
      </object_component>
      <object_component id="oc-76">
         <name>.text:DMA_INT1_IRQHandler</name>
         <load_address>0x20b0</load_address>
         <run_address>0x20b0</run_address>
         <size>0xd4</size>
         <input_file_ref idref="fl-1"/>
      </object_component>
      <object_component id="oc-212">
         <name>.text:_ltostr</name>
         <load_address>0x2184</load_address>
         <run_address>0x2184</run_address>
         <size>0xb1</size>
         <input_file_ref idref="fl-ca"/>
      </object_component>
      <object_component id="oc-3a">
         <name>.text</name>
         <load_address>0x2236</load_address>
         <run_address>0x2236</run_address>
         <size>0x9c</size>
         <input_file_ref idref="fl-d7"/>
      </object_component>
      <object_component id="oc-2a7">
         <name>.text</name>
         <load_address>0x22d2</load_address>
         <run_address>0x22d2</run_address>
         <size>0x96</size>
         <input_file_ref idref="fl-d9"/>
      </object_component>
      <object_component id="oc-290">
         <name>.text:SysCtl_A_getTLVInfo</name>
         <load_address>0x2368</load_address>
         <run_address>0x2368</run_address>
         <size>0x94</size>
         <input_file_ref idref="fl-12"/>
      </object_component>
      <object_component id="oc-268">
         <name>.text:fputc</name>
         <load_address>0x23fc</load_address>
         <run_address>0x23fc</run_address>
         <size>0x8c</size>
         <input_file_ref idref="fl-cb"/>
      </object_component>
      <object_component id="oc-218">
         <name>.text:__aeabi_cdcmple</name>
         <load_address>0x2488</load_address>
         <run_address>0x2488</run_address>
         <size>0x86</size>
         <input_file_ref idref="fl-d0"/>
      </object_component>
      <object_component id="oc-2b3">
         <name>.text:__aeabi_cdrcmple</name>
         <load_address>0x250e</load_address>
         <run_address>0x250e</run_address>
         <size>0x86</size>
         <input_file_ref idref="fl-d0"/>
      </object_component>
      <object_component id="oc-296">
         <name>.text:_CSGetDOCFrequency</name>
         <load_address>0x2594</load_address>
         <run_address>0x2594</run_address>
         <size>0x7c</size>
         <input_file_ref idref="fl-f"/>
      </object_component>
      <object_component id="oc-9a">
         <name>.text</name>
         <load_address>0x2610</load_address>
         <run_address>0x2610</run_address>
         <size>0x7a</size>
         <input_file_ref idref="fl-da"/>
      </object_component>
      <object_component id="oc-b8">
         <name>.text:SystemInit</name>
         <load_address>0x268c</load_address>
         <run_address>0x268c</run_address>
         <size>0x78</size>
         <input_file_ref idref="fl-2"/>
      </object_component>
      <object_component id="oc-40d">
         <name>.text:__TI_closefile</name>
         <load_address>0x2704</load_address>
         <run_address>0x2704</run_address>
         <size>0x74</size>
         <input_file_ref idref="fl-103"/>
      </object_component>
      <object_component id="oc-44e">
         <name>.text:split</name>
         <load_address>0x2778</load_address>
         <run_address>0x2778</run_address>
         <size>0x70</size>
         <input_file_ref idref="fl-e6"/>
      </object_component>
      <object_component id="oc-2d3">
         <name>.text:_mcpy</name>
         <load_address>0x27e8</load_address>
         <run_address>0x27e8</run_address>
         <size>0x6e</size>
         <input_file_ref idref="fl-ca"/>
      </object_component>
      <object_component id="oc-43d">
         <name>.text:HOSTrename</name>
         <load_address>0x2858</load_address>
         <run_address>0x2858</run_address>
         <size>0x6c</size>
         <input_file_ref idref="fl-fd"/>
      </object_component>
      <object_component id="oc-431">
         <name>.text:HOSTlseek</name>
         <load_address>0x28c4</load_address>
         <run_address>0x28c4</run_address>
         <size>0x68</size>
         <input_file_ref idref="fl-fa"/>
      </object_component>
      <object_component id="oc-17">
         <name>.text:decompress:lzss:__TI_decompress_lzss</name>
         <load_address>0x292c</load_address>
         <run_address>0x292c</run_address>
         <size>0x68</size>
         <input_file_ref idref="fl-dd"/>
      </object_component>
      <object_component id="oc-104">
         <name>.text:printf</name>
         <load_address>0x2994</load_address>
         <run_address>0x2994</run_address>
         <size>0x68</size>
         <input_file_ref idref="fl-c9"/>
      </object_component>
      <object_component id="oc-2e8">
         <name>.text:frexp</name>
         <load_address>0x29fc</load_address>
         <run_address>0x29fc</run_address>
         <size>0x64</size>
         <input_file_ref idref="fl-ed"/>
      </object_component>
      <object_component id="oc-38e">
         <name>.text:fseek</name>
         <load_address>0x2a60</load_address>
         <run_address>0x2a60</run_address>
         <size>0x64</size>
         <input_file_ref idref="fl-f3"/>
      </object_component>
      <object_component id="oc-1f0">
         <name>.text:_CSGetDividerValue</name>
         <load_address>0x2ac4</load_address>
         <run_address>0x2ac4</run_address>
         <size>0x62</size>
         <input_file_ref idref="fl-f"/>
      </object_component>
      <object_component id="oc-31f">
         <name>.text:__TI_wrt_ok</name>
         <load_address>0x2b26</load_address>
         <run_address>0x2b26</run_address>
         <size>0x62</size>
         <input_file_ref idref="fl-cd"/>
      </object_component>
      <object_component id="oc-419">
         <name>.text:HOSTopen</name>
         <load_address>0x2b88</load_address>
         <run_address>0x2b88</run_address>
         <size>0x60</size>
         <input_file_ref idref="fl-fb"/>
      </object_component>
      <object_component id="oc-455">
         <name>.text:close</name>
         <load_address>0x2be8</load_address>
         <run_address>0x2be8</run_address>
         <size>0x5c</size>
         <input_file_ref idref="fl-109"/>
      </object_component>
      <object_component id="oc-425">
         <name>.text:HOSTread</name>
         <load_address>0x2c44</load_address>
         <run_address>0x2c44</run_address>
         <size>0x58</size>
         <input_file_ref idref="fl-fc"/>
      </object_component>
      <object_component id="oc-42b">
         <name>.text:HOSTwrite</name>
         <load_address>0x2c9c</load_address>
         <run_address>0x2c9c</run_address>
         <size>0x58</size>
         <input_file_ref idref="fl-ff"/>
      </object_component>
      <object_component id="oc-223">
         <name>.text:_pconv_f</name>
         <load_address>0x2cf4</load_address>
         <run_address>0x2cf4</run_address>
         <size>0x56</size>
         <input_file_ref idref="fl-ca"/>
      </object_component>
      <object_component id="oc-2bd">
         <name>.text:__TI_ltoa</name>
         <load_address>0x2d4a</load_address>
         <run_address>0x2d4a</run_address>
         <size>0x54</size>
         <input_file_ref idref="fl-e0"/>
      </object_component>
      <object_component id="oc-2cd">
         <name>.text:_ecpy</name>
         <load_address>0x2d9e</load_address>
         <run_address>0x2d9e</run_address>
         <size>0x52</size>
         <input_file_ref idref="fl-ca"/>
      </object_component>
      <object_component id="oc-32b">
         <name>.text:__TI_doflush</name>
         <load_address>0x2df0</load_address>
         <run_address>0x2df0</run_address>
         <size>0x4c</size>
         <input_file_ref idref="fl-f1"/>
      </object_component>
      <object_component id="oc-20c">
         <name>.text:atoi</name>
         <load_address>0x2e3c</load_address>
         <run_address>0x2e3c</run_address>
         <size>0x4c</size>
         <input_file_ref idref="fl-e1"/>
      </object_component>
      <object_component id="oc-12e">
         <name>.text:exit</name>
         <load_address>0x2e88</load_address>
         <run_address>0x2e88</run_address>
         <size>0x48</size>
         <input_file_ref idref="fl-de"/>
      </object_component>
      <object_component id="oc-2b8">
         <name>.text</name>
         <load_address>0x2ed0</load_address>
         <run_address>0x2ed0</run_address>
         <size>0x48</size>
         <input_file_ref idref="fl-d3"/>
      </object_component>
      <object_component id="oc-41f">
         <name>.text:HOSTclose</name>
         <load_address>0x2f18</load_address>
         <run_address>0x2f18</run_address>
         <size>0x44</size>
         <input_file_ref idref="fl-f9"/>
      </object_component>
      <object_component id="oc-437">
         <name>.text:HOSTunlink</name>
         <load_address>0x2f5c</load_address>
         <run_address>0x2f5c</run_address>
         <size>0x44</size>
         <input_file_ref idref="fl-fe"/>
      </object_component>
      <object_component id="oc-134">
         <name>.text:__TI_auto_init_nobinit_nopinit:__TI_auto_init_nobinit_nopinit</name>
         <load_address>0x2fa0</load_address>
         <run_address>0x2fa0</run_address>
         <size>0x44</size>
         <input_file_ref idref="fl-f5"/>
      </object_component>
      <object_component id="oc-48d">
         <name>.text:getdevice</name>
         <load_address>0x2fe4</load_address>
         <run_address>0x2fe4</run_address>
         <size>0x44</size>
         <input_file_ref idref="fl-104"/>
      </object_component>
      <object_component id="oc-10f">
         <name>.text</name>
         <load_address>0x3028</load_address>
         <run_address>0x3028</run_address>
         <size>0x44</size>
         <input_file_ref idref="fl-d4"/>
      </object_component>
      <object_component id="oc-2e0">
         <name>.text:_fcpy</name>
         <load_address>0x306c</load_address>
         <run_address>0x306c</run_address>
         <size>0x3e</size>
         <input_file_ref idref="fl-ca"/>
      </object_component>
      <object_component id="oc-c0">
         <name>.text:CRC32_getResult</name>
         <load_address>0x30ac</load_address>
         <run_address>0x30ac</run_address>
         <size>0x38</size>
         <input_file_ref idref="fl-e"/>
      </object_component>
      <object_component id="oc-466">
         <name>.text:__TI_writemsg</name>
         <load_address>0x30e4</load_address>
         <run_address>0x30e4</run_address>
         <size>0x38</size>
         <input_file_ref idref="fl-100"/>
      </object_component>
      <object_component id="oc-114">
         <name>.text</name>
         <load_address>0x311c</load_address>
         <run_address>0x311c</run_address>
         <size>0x38</size>
         <input_file_ref idref="fl-d5"/>
      </object_component>
      <object_component id="oc-4af">
         <name>.text:strncpy</name>
         <load_address>0x3154</load_address>
         <run_address>0x3154</run_address>
         <size>0x36</size>
         <input_file_ref idref="fl-107"/>
      </object_component>
      <object_component id="oc-3d0">
         <name>.text:__TI_cleanup</name>
         <load_address>0x318c</load_address>
         <run_address>0x318c</run_address>
         <size>0x34</size>
         <input_file_ref idref="fl-f2"/>
      </object_component>
      <object_component id="oc-46c">
         <name>.text:__TI_readmsg</name>
         <load_address>0x31c0</load_address>
         <run_address>0x31c0</run_address>
         <size>0x34</size>
         <input_file_ref idref="fl-100"/>
      </object_component>
      <object_component id="oc-58">
         <name>.text:_c_int00_noargs:_c_int00_noargs</name>
         <load_address>0x31f4</load_address>
         <run_address>0x31f4</run_address>
         <size>0x34</size>
         <input_file_ref idref="fl-eb"/>
      </object_component>
      <object_component id="oc-1f6">
         <name>.text:CS_clearInterruptFlag</name>
         <load_address>0x3228</load_address>
         <run_address>0x3228</run_address>
         <size>0x30</size>
         <input_file_ref idref="fl-f"/>
      </object_component>
      <object_component id="oc-4b5">
         <name>.text:finddevice</name>
         <load_address>0x3258</load_address>
         <run_address>0x3258</run_address>
         <size>0x30</size>
         <input_file_ref idref="fl-104"/>
      </object_component>
      <object_component id="oc-2c3">
         <name>.text</name>
         <load_address>0x3288</load_address>
         <run_address>0x3288</run_address>
         <size>0x2e</size>
         <input_file_ref idref="fl-d6"/>
      </object_component>
      <object_component id="oc-45b">
         <name>.text:unlink</name>
         <load_address>0x32b8</load_address>
         <run_address>0x32b8</run_address>
         <size>0x2c</size>
         <input_file_ref idref="fl-10a"/>
      </object_component>
      <object_component id="oc-f9">
         <name>.text:CS_getMCLK</name>
         <load_address>0x32e4</load_address>
         <run_address>0x32e4</run_address>
         <size>0x28</size>
         <input_file_ref idref="fl-f"/>
      </object_component>
      <object_component id="oc-3ff">
         <name>.text:free_list_insert</name>
         <load_address>0x330c</load_address>
         <run_address>0x330c</run_address>
         <size>0x28</size>
         <input_file_ref idref="fl-e6"/>
      </object_component>
      <object_component id="oc-3bc">
         <name>.text:lseek</name>
         <load_address>0x3334</load_address>
         <run_address>0x3334</run_address>
         <size>0x28</size>
         <input_file_ref idref="fl-102"/>
      </object_component>
      <object_component id="oc-331">
         <name>.text:write</name>
         <load_address>0x335c</load_address>
         <run_address>0x335c</run_address>
         <size>0x28</size>
         <input_file_ref idref="fl-e9"/>
      </object_component>
      <object_component id="oc-325">
         <name>.text:memchr</name>
         <load_address>0x3384</load_address>
         <run_address>0x3384</run_address>
         <size>0x20</size>
         <input_file_ref idref="fl-e5"/>
      </object_component>
      <object_component id="oc-ff">
         <name>.text</name>
         <load_address>0x33a4</load_address>
         <run_address>0x33a4</run_address>
         <size>0x20</size>
         <input_file_ref idref="fl-d8"/>
      </object_component>
      <object_component id="oc-3f9">
         <name>.text:free_list_remove</name>
         <load_address>0x33c4</load_address>
         <run_address>0x33c4</run_address>
         <size>0x1c</size>
         <input_file_ref idref="fl-e6"/>
      </object_component>
      <object_component id="oc-235">
         <name>.text:memccpy</name>
         <load_address>0x33e0</load_address>
         <run_address>0x33e0</run_address>
         <size>0x1c</size>
         <input_file_ref idref="fl-e4"/>
      </object_component>
      <object_component id="oc-372">
         <name>.text:copysign</name>
         <load_address>0x33fc</load_address>
         <run_address>0x33fc</run_address>
         <size>0x1a</size>
         <input_file_ref idref="fl-f0"/>
      </object_component>
      <object_component id="oc-4cc">
         <name>.text:strcmp</name>
         <load_address>0x3416</load_address>
         <run_address>0x3416</run_address>
         <size>0x18</size>
         <input_file_ref idref="fl-105"/>
      </object_component>
      <object_component id="oc-2f4">
         <name>.text:strchr</name>
         <load_address>0x342e</load_address>
         <run_address>0x342e</run_address>
         <size>0x16</size>
         <input_file_ref idref="fl-e7"/>
      </object_component>
      <object_component id="oc-480">
         <name>.text:strcpy</name>
         <load_address>0x3444</load_address>
         <run_address>0x3444</run_address>
         <size>0x14</size>
         <input_file_ref idref="fl-106"/>
      </object_component>
      <object_component id="oc-206">
         <name>.text:strlen</name>
         <load_address>0x3458</load_address>
         <run_address>0x3458</run_address>
         <size>0x14</size>
         <input_file_ref idref="fl-e8"/>
      </object_component>
      <object_component id="oc-23b">
         <name>.text:wcslen</name>
         <load_address>0x346c</load_address>
         <run_address>0x346c</run_address>
         <size>0x12</size>
         <input_file_ref idref="fl-ef"/>
      </object_component>
      <object_component id="oc-1d">
         <name>.text:decompress:none:__TI_decompress_none</name>
         <load_address>0x347e</load_address>
         <run_address>0x347e</run_address>
         <size>0xe</size>
         <input_file_ref idref="fl-dc"/>
      </object_component>
      <object_component id="oc-6a">
         <name>.text:Reset_Handler</name>
         <load_address>0x348c</load_address>
         <run_address>0x348c</run_address>
         <size>0xc</size>
         <input_file_ref idref="fl-3"/>
      </object_component>
      <object_component id="oc-4c">
         <name>.text:decompress:ZI:__TI_zero_init</name>
         <load_address>0x3498</load_address>
         <run_address>0x3498</run_address>
         <size>0xc</size>
         <input_file_ref idref="fl-db"/>
      </object_component>
      <object_component id="oc-241">
         <name>.text:__aeabi_errno_addr</name>
         <load_address>0x34a4</load_address>
         <run_address>0x34a4</run_address>
         <size>0x8</size>
         <input_file_ref idref="fl-ec"/>
      </object_component>
      <object_component id="oc-3ca">
         <name>.text:malloc</name>
         <load_address>0x34ac</load_address>
         <run_address>0x34ac</run_address>
         <size>0x8</size>
         <input_file_ref idref="fl-e6"/>
      </object_component>
      <object_component id="oc-1a6">
         <name>.text:_outc</name>
         <load_address>0x34b4</load_address>
         <run_address>0x34b4</run_address>
         <size>0x4</size>
         <input_file_ref idref="fl-c9"/>
      </object_component>
      <object_component id="oc-1a0">
         <name>.text:_outs</name>
         <load_address>0x34b8</load_address>
         <run_address>0x34b8</run_address>
         <size>0x4</size>
         <input_file_ref idref="fl-c9"/>
      </object_component>
      <object_component id="oc-a0">
         <name>.text:_system_pre_init</name>
         <load_address>0x34bc</load_address>
         <run_address>0x34bc</run_address>
         <size>0x4</size>
         <input_file_ref idref="fl-f6"/>
      </object_component>
      <object_component id="oc-128">
         <name>.text:abort:abort</name>
         <load_address>0x34c0</load_address>
         <run_address>0x34c0</run_address>
         <size>0x4</size>
         <input_file_ref idref="fl-de"/>
      </object_component>
      <object_component id="oc-2a2">
         <name>.const:.string:_ctypes_</name>
         <load_address>0x34c4</load_address>
         <run_address>0x34c4</run_address>
         <size>0x101</size>
         <input_file_ref idref="fl-e2"/>
      </object_component>
      <object_component id="oc-50c">
         <name>.cinit..data.load</name>
         <load_address>0x35c8</load_address>
         <run_address>0x35c8</run_address>
         <size>0x84</size>
      </object_component>
      <object_component id="oc-50a">
         <name>__TI_handler_table</name>
         <load_address>0x364c</load_address>
         <run_address>0x364c</run_address>
         <size>0xc</size>
      </object_component>
      <object_component id="oc-50d">
         <name>.cinit..bss.load</name>
         <load_address>0x3658</load_address>
         <run_address>0x3658</run_address>
         <size>0x8</size>
      </object_component>
      <object_component id="oc-50b">
         <name>__TI_cinit_table</name>
         <load_address>0x3660</load_address>
         <run_address>0x3660</run_address>
         <size>0x10</size>
      </object_component>
      <object_component id="oc-4de">
         <name>.binit</name>
         <load_address>0x0</load_address>
         <run_address>0x0</run_address>
         <size>0x0</size>
      </object_component>
      <object_component id="oc-11a">
         <name>.data:size_array</name>
         <load_address>0x20003798</load_address>
         <run_address>0x20003798</run_address>
         <size>0x20</size>
         <input_file_ref idref="fl-1"/>
      </object_component>
      <object_component id="oc-1b9">
         <name>.data:$O1$$</name>
         <load_address>0x200037c8</load_address>
         <run_address>0x200037c8</run_address>
         <size>0xc</size>
         <input_file_ref idref="fl-de"/>
      </object_component>
      <object_component id="oc-19a">
         <name>.data:$O1$$</name>
         <load_address>0x200037d4</load_address>
         <run_address>0x200037d4</run_address>
         <size>0x8</size>
         <input_file_ref idref="fl-df"/>
      </object_component>
      <object_component id="oc-19d">
         <name>.data:_ftable</name>
         <load_address>0x200035e0</load_address>
         <run_address>0x200035e0</run_address>
         <size>0xf0</size>
         <input_file_ref idref="fl-e3"/>
      </object_component>
      <object_component id="oc-413">
         <name>.data</name>
         <load_address>0x200037b8</load_address>
         <run_address>0x200037b8</run_address>
         <size>0x10</size>
         <input_file_ref idref="fl-e3"/>
      </object_component>
      <object_component id="oc-449">
         <name>.data:$O1$$</name>
         <load_address>0x200037dc</load_address>
         <run_address>0x200037dc</run_address>
         <size>0x8</size>
         <input_file_ref idref="fl-e6"/>
      </object_component>
      <object_component id="oc-3e3">
         <name>.data:_device</name>
         <load_address>0x200036d0</load_address>
         <run_address>0x200036d0</run_address>
         <size>0x78</size>
         <input_file_ref idref="fl-ea"/>
      </object_component>
      <object_component id="oc-3a0">
         <name>.data:_stream</name>
         <load_address>0x20003748</load_address>
         <run_address>0x20003748</run_address>
         <size>0x50</size>
         <input_file_ref idref="fl-ea"/>
      </object_component>
      <object_component id="oc-304">
         <name>.data</name>
         <load_address>0x200037e4</load_address>
         <run_address>0x200037e4</run_address>
         <size>0x4</size>
         <input_file_ref idref="fl-ec"/>
      </object_component>
      <object_component id="oc-d0">
         <name>.bss</name>
         <uninitialized>true</uninitialized>
         <run_address>0x20002dd0</run_address>
         <size>0x4</size>
         <input_file_ref idref="fl-1"/>
      </object_component>
      <object_component id="oc-202">
         <name>.bss</name>
         <uninitialized>true</uninitialized>
         <run_address>0x20002dc0</run_address>
         <size>0x8</size>
         <input_file_ref idref="fl-f"/>
      </object_component>
      <object_component id="oc-497">
         <name>.bss:_CIOBUF_</name>
         <uninitialized>true</uninitialized>
         <run_address>0x20002c00</run_address>
         <size>0x120</size>
         <input_file_ref idref="fl-100"/>
      </object_component>
      <object_component id="oc-119">
         <name>.common:controlTable</name>
         <uninitialized>true</uninitialized>
         <run_address>0x20002800</run_address>
         <size>0x400</size>
      </object_component>
      <object_component id="oc-d4">
         <name>.common:data_array</name>
         <uninitialized>true</uninitialized>
         <run_address>0x20000000</run_address>
         <size>0x2800</size>
      </object_component>
      <object_component id="oc-cc">
         <name>.common:size</name>
         <uninitialized>true</uninitialized>
         <run_address>0x20002ddc</run_address>
         <size>0x4</size>
      </object_component>
      <object_component id="oc-cf">
         <name>.common:address</name>
         <uninitialized>true</uninitialized>
         <run_address>0x20002dd4</run_address>
         <size>0x4</size>
      </object_component>
      <object_component id="oc-d3">
         <name>.common:dma_done</name>
         <uninitialized>true</uninitialized>
         <run_address>0x20002dd8</run_address>
         <size>0x4</size>
      </object_component>
      <object_component id="oc-461">
         <name>.common:__TI_tmpnams</name>
         <uninitialized>true</uninitialized>
         <run_address>0x20002d20</run_address>
         <size>0xa0</size>
      </object_component>
      <object_component id="oc-472">
         <name>.common:parmbuf</name>
         <uninitialized>true</uninitialized>
         <run_address>0x20002dc8</run_address>
         <size>0x8</size>
      </object_component>
      <object_component id="oc-29">
         <name>.sysmem</name>
         <uninitialized>true</uninitialized>
         <run_address>0x20002de0</run_address>
         <size>0x10</size>
         <input_file_ref idref="fl-e6"/>
      </object_component>
      <object_component id="oc-510">
         <name>.sysmem</name>
         <uninitialized>true</uninitialized>
         <run_address>0x20002de0</run_address>
         <size>0x0</size>
      </object_component>
      <object_component id="oc-2c">
         <name>.stack</name>
         <uninitialized>true</uninitialized>
         <run_address>0x2000fe00</run_address>
         <size>0x4</size>
         <input_file_ref idref="fl-eb"/>
      </object_component>
      <object_component id="oc-50f">
         <name>.stack</name>
         <uninitialized>true</uninitialized>
         <run_address>0x2000fe00</run_address>
         <size>0x0</size>
      </object_component>
      <object_component id="oc-cd">
         <name>.debug_info</name>
         <load_address>0x0</load_address>
         <run_address>0x0</run_address>
         <size>0x707</size>
         <input_file_ref idref="fl-1"/>
      </object_component>
      <object_component id="oc-d1">
         <name>.debug_info</name>
         <load_address>0x707</load_address>
         <run_address>0x707</run_address>
         <size>0xf1</size>
         <input_file_ref idref="fl-1"/>
      </object_component>
      <object_component id="oc-11b">
         <name>.debug_info</name>
         <load_address>0x7f8</load_address>
         <run_address>0x7f8</run_address>
         <size>0xee</size>
         <input_file_ref idref="fl-1"/>
      </object_component>
      <object_component id="oc-a7">
         <name>.debug_info</name>
         <load_address>0x8e6</load_address>
         <run_address>0x8e6</run_address>
         <size>0x3bc</size>
         <input_file_ref idref="fl-1"/>
      </object_component>
      <object_component id="oc-77">
         <name>.debug_info</name>
         <load_address>0xca2</load_address>
         <run_address>0xca2</run_address>
         <size>0x1d1</size>
         <input_file_ref idref="fl-1"/>
      </object_component>
      <object_component id="oc-176">
         <name>.debug_info</name>
         <load_address>0xe73</load_address>
         <run_address>0xe73</run_address>
         <size>0x37e2</size>
         <input_file_ref idref="fl-1"/>
      </object_component>
      <object_component id="oc-d8">
         <name>.debug_info</name>
         <load_address>0x4655</load_address>
         <run_address>0x4655</run_address>
         <size>0x26b</size>
         <input_file_ref idref="fl-1"/>
      </object_component>
      <object_component id="oc-17b">
         <name>.debug_info</name>
         <load_address>0x48c0</load_address>
         <run_address>0x48c0</run_address>
         <size>0x1028</size>
         <input_file_ref idref="fl-1"/>
      </object_component>
      <object_component id="oc-11e">
         <name>.debug_info</name>
         <load_address>0x58e8</load_address>
         <run_address>0x58e8</run_address>
         <size>0x8b</size>
         <input_file_ref idref="fl-1"/>
      </object_component>
      <object_component id="oc-187">
         <name>.debug_info</name>
         <load_address>0x5973</load_address>
         <run_address>0x5973</run_address>
         <size>0x2a4</size>
         <input_file_ref idref="fl-1"/>
      </object_component>
      <object_component id="oc-180">
         <name>.debug_info</name>
         <load_address>0x5c17</load_address>
         <run_address>0x5c17</run_address>
         <size>0xef</size>
         <input_file_ref idref="fl-1"/>
      </object_component>
      <object_component id="oc-123">
         <name>.debug_info</name>
         <load_address>0x5d06</load_address>
         <run_address>0x5d06</run_address>
         <size>0xbb</size>
         <input_file_ref idref="fl-1"/>
      </object_component>
      <object_component id="oc-1ae">
         <name>.debug_info</name>
         <load_address>0x5dc1</load_address>
         <run_address>0x5dc1</run_address>
         <size>0x2c</size>
         <input_file_ref idref="fl-1"/>
      </object_component>
      <object_component id="oc-b9">
         <name>.debug_info</name>
         <load_address>0x5ded</load_address>
         <run_address>0x5ded</run_address>
         <size>0x12b</size>
         <input_file_ref idref="fl-2"/>
      </object_component>
      <object_component id="oc-35">
         <name>.debug_info</name>
         <load_address>0x5f18</load_address>
         <run_address>0x5f18</run_address>
         <size>0x84</size>
         <input_file_ref idref="fl-2"/>
      </object_component>
      <object_component id="oc-7e">
         <name>.debug_info</name>
         <load_address>0x5f9c</load_address>
         <run_address>0x5f9c</run_address>
         <size>0x2cb</size>
         <input_file_ref idref="fl-3"/>
      </object_component>
      <object_component id="oc-27">
         <name>.debug_info</name>
         <load_address>0x6267</load_address>
         <run_address>0x6267</run_address>
         <size>0xf7</size>
         <input_file_ref idref="fl-3"/>
      </object_component>
      <object_component id="oc-6b">
         <name>.debug_info</name>
         <load_address>0x635e</load_address>
         <run_address>0x635e</run_address>
         <size>0x15a</size>
         <input_file_ref idref="fl-3"/>
      </object_component>
      <object_component id="oc-71">
         <name>.debug_info</name>
         <load_address>0x64b8</load_address>
         <run_address>0x64b8</run_address>
         <size>0x142</size>
         <input_file_ref idref="fl-3"/>
      </object_component>
      <object_component id="oc-28d">
         <name>.debug_info</name>
         <load_address>0x65fa</load_address>
         <run_address>0x65fa</run_address>
         <size>0x5b4</size>
         <input_file_ref idref="fl-e"/>
      </object_component>
      <object_component id="oc-c1">
         <name>.debug_info</name>
         <load_address>0x6bae</load_address>
         <run_address>0x6bae</run_address>
         <size>0x1f0</size>
         <input_file_ref idref="fl-e"/>
      </object_component>
      <object_component id="oc-1dc">
         <name>.debug_info</name>
         <load_address>0x6d9e</load_address>
         <run_address>0x6d9e</run_address>
         <size>0x431a</size>
         <input_file_ref idref="fl-e"/>
      </object_component>
      <object_component id="oc-1eb">
         <name>.debug_info</name>
         <load_address>0xb0b8</load_address>
         <run_address>0xb0b8</run_address>
         <size>0x26b</size>
         <input_file_ref idref="fl-e"/>
      </object_component>
      <object_component id="oc-1e1">
         <name>.debug_info</name>
         <load_address>0xb323</load_address>
         <run_address>0xb323</run_address>
         <size>0x1028</size>
         <input_file_ref idref="fl-e"/>
      </object_component>
      <object_component id="oc-1d5">
         <name>.debug_info</name>
         <load_address>0xc34b</load_address>
         <run_address>0xc34b</run_address>
         <size>0x297</size>
         <input_file_ref idref="fl-e"/>
      </object_component>
      <object_component id="oc-16d">
         <name>.debug_info</name>
         <load_address>0xc5e2</load_address>
         <run_address>0xc5e2</run_address>
         <size>0xef</size>
         <input_file_ref idref="fl-e"/>
      </object_component>
      <object_component id="oc-168">
         <name>.debug_info</name>
         <load_address>0xc6d1</load_address>
         <run_address>0xc6d1</run_address>
         <size>0xbb</size>
         <input_file_ref idref="fl-e"/>
      </object_component>
      <object_component id="oc-29d">
         <name>.debug_info</name>
         <load_address>0xc78c</load_address>
         <run_address>0xc78c</run_address>
         <size>0x807</size>
         <input_file_ref idref="fl-f"/>
      </object_component>
      <object_component id="oc-203">
         <name>.debug_info</name>
         <load_address>0xcf93</load_address>
         <run_address>0xcf93</run_address>
         <size>0x140</size>
         <input_file_ref idref="fl-f"/>
      </object_component>
      <object_component id="oc-1f1">
         <name>.debug_info</name>
         <load_address>0xd0d3</load_address>
         <run_address>0xd0d3</run_address>
         <size>0x1d9</size>
         <input_file_ref idref="fl-f"/>
      </object_component>
      <object_component id="oc-18d">
         <name>.debug_info</name>
         <load_address>0xd2ac</load_address>
         <run_address>0xd2ac</run_address>
         <size>0x2a8</size>
         <input_file_ref idref="fl-f"/>
      </object_component>
      <object_component id="oc-297">
         <name>.debug_info</name>
         <load_address>0xd554</load_address>
         <run_address>0xd554</run_address>
         <size>0x1be</size>
         <input_file_ref idref="fl-f"/>
      </object_component>
      <object_component id="oc-1fd">
         <name>.debug_info</name>
         <load_address>0xd712</load_address>
         <run_address>0xd712</run_address>
         <size>0x28f</size>
         <input_file_ref idref="fl-f"/>
      </object_component>
      <object_component id="oc-fa">
         <name>.debug_info</name>
         <load_address>0xd9a1</load_address>
         <run_address>0xd9a1</run_address>
         <size>0x1e9</size>
         <input_file_ref idref="fl-f"/>
      </object_component>
      <object_component id="oc-1f7">
         <name>.debug_info</name>
         <load_address>0xdb8a</load_address>
         <run_address>0xdb8a</run_address>
         <size>0x1d3</size>
         <input_file_ref idref="fl-f"/>
      </object_component>
      <object_component id="oc-34e">
         <name>.debug_info</name>
         <load_address>0xdd5d</load_address>
         <run_address>0xdd5d</run_address>
         <size>0x1b5</size>
         <input_file_ref idref="fl-f"/>
      </object_component>
      <object_component id="oc-173">
         <name>.debug_info</name>
         <load_address>0xdf12</load_address>
         <run_address>0xdf12</run_address>
         <size>0x6f0</size>
         <input_file_ref idref="fl-10"/>
      </object_component>
      <object_component id="oc-c7">
         <name>.debug_info</name>
         <load_address>0xe602</load_address>
         <run_address>0xe602</run_address>
         <size>0x326</size>
         <input_file_ref idref="fl-10"/>
      </object_component>
      <object_component id="oc-1e6">
         <name>.debug_info</name>
         <load_address>0xe928</load_address>
         <run_address>0xe928</run_address>
         <size>0x8a</size>
         <input_file_ref idref="fl-10"/>
      </object_component>
      <object_component id="oc-34a">
         <name>.debug_info</name>
         <load_address>0xe9b2</load_address>
         <run_address>0xe9b2</run_address>
         <size>0x5c9</size>
         <input_file_ref idref="fl-12"/>
      </object_component>
      <object_component id="oc-291">
         <name>.debug_info</name>
         <load_address>0xef7b</load_address>
         <run_address>0xef7b</run_address>
         <size>0x298</size>
         <input_file_ref idref="fl-12"/>
      </object_component>
      <object_component id="oc-1ad">
         <name>.debug_info</name>
         <load_address>0xf213</load_address>
         <run_address>0xf213</run_address>
         <size>0x3e5</size>
         <input_file_ref idref="fl-c9"/>
      </object_component>
      <object_component id="oc-1a7">
         <name>.debug_info</name>
         <load_address>0xf5f8</load_address>
         <run_address>0xf5f8</run_address>
         <size>0x157</size>
         <input_file_ref idref="fl-c9"/>
      </object_component>
      <object_component id="oc-1a1">
         <name>.debug_info</name>
         <load_address>0xf74f</load_address>
         <run_address>0xf74f</run_address>
         <size>0x166</size>
         <input_file_ref idref="fl-c9"/>
      </object_component>
      <object_component id="oc-105">
         <name>.debug_info</name>
         <load_address>0xf8b5</load_address>
         <run_address>0xf8b5</run_address>
         <size>0x1ac</size>
         <input_file_ref idref="fl-c9"/>
      </object_component>
      <object_component id="oc-271">
         <name>.debug_info</name>
         <load_address>0xfa61</load_address>
         <run_address>0xfa61</run_address>
         <size>0xb2</size>
         <input_file_ref idref="fl-c9"/>
      </object_component>
      <object_component id="oc-248">
         <name>.debug_info</name>
         <load_address>0xfb13</load_address>
         <run_address>0xfb13</run_address>
         <size>0x590</size>
         <input_file_ref idref="fl-ca"/>
      </object_component>
      <object_component id="oc-216">
         <name>.debug_info</name>
         <load_address>0x100a3</load_address>
         <run_address>0x100a3</run_address>
         <size>0x21e</size>
         <input_file_ref idref="fl-ca"/>
      </object_component>
      <object_component id="oc-2d1">
         <name>.debug_info</name>
         <load_address>0x102c1</load_address>
         <run_address>0x102c1</run_address>
         <size>0x1b3</size>
         <input_file_ref idref="fl-ca"/>
      </object_component>
      <object_component id="oc-2d7">
         <name>.debug_info</name>
         <load_address>0x10474</load_address>
         <run_address>0x10474</run_address>
         <size>0x21b</size>
         <input_file_ref idref="fl-ca"/>
      </object_component>
      <object_component id="oc-221">
         <name>.debug_info</name>
         <load_address>0x1068f</load_address>
         <run_address>0x1068f</run_address>
         <size>0x3c0</size>
         <input_file_ref idref="fl-ca"/>
      </object_component>
      <object_component id="oc-2de">
         <name>.debug_info</name>
         <load_address>0x10a4f</load_address>
         <run_address>0x10a4f</run_address>
         <size>0x30a</size>
         <input_file_ref idref="fl-ca"/>
      </object_component>
      <object_component id="oc-2e4">
         <name>.debug_info</name>
         <load_address>0x10d59</load_address>
         <run_address>0x10d59</run_address>
         <size>0x215</size>
         <input_file_ref idref="fl-ca"/>
      </object_component>
      <object_component id="oc-227">
         <name>.debug_info</name>
         <load_address>0x10f6e</load_address>
         <run_address>0x10f6e</run_address>
         <size>0x215</size>
         <input_file_ref idref="fl-ca"/>
      </object_component>
      <object_component id="oc-22d">
         <name>.debug_info</name>
         <load_address>0x11183</load_address>
         <run_address>0x11183</run_address>
         <size>0x304</size>
         <input_file_ref idref="fl-ca"/>
      </object_component>
      <object_component id="oc-233">
         <name>.debug_info</name>
         <load_address>0x11487</load_address>
         <run_address>0x11487</run_address>
         <size>0x4b5</size>
         <input_file_ref idref="fl-ca"/>
      </object_component>
      <object_component id="oc-198">
         <name>.debug_info</name>
         <load_address>0x1193c</load_address>
         <run_address>0x1193c</run_address>
         <size>0x5f4</size>
         <input_file_ref idref="fl-ca"/>
      </object_component>
      <object_component id="oc-249">
         <name>.debug_info</name>
         <load_address>0x11f30</load_address>
         <run_address>0x11f30</run_address>
         <size>0x86</size>
         <input_file_ref idref="fl-ca"/>
      </object_component>
      <object_component id="oc-310">
         <name>.debug_info</name>
         <load_address>0x11fb6</load_address>
         <run_address>0x11fb6</run_address>
         <size>0x39</size>
         <input_file_ref idref="fl-ca"/>
      </object_component>
      <object_component id="oc-389">
         <name>.debug_info</name>
         <load_address>0x11fef</load_address>
         <run_address>0x11fef</run_address>
         <size>0xb6</size>
         <input_file_ref idref="fl-ca"/>
      </object_component>
      <object_component id="oc-315">
         <name>.debug_info</name>
         <load_address>0x120a5</load_address>
         <run_address>0x120a5</run_address>
         <size>0x46</size>
         <input_file_ref idref="fl-ca"/>
      </object_component>
      <object_component id="oc-24e">
         <name>.debug_info</name>
         <load_address>0x120eb</load_address>
         <run_address>0x120eb</run_address>
         <size>0x46</size>
         <input_file_ref idref="fl-ca"/>
      </object_component>
      <object_component id="oc-30b">
         <name>.debug_info</name>
         <load_address>0x12131</load_address>
         <run_address>0x12131</run_address>
         <size>0x2c</size>
         <input_file_ref idref="fl-ca"/>
      </object_component>
      <object_component id="oc-33a">
         <name>.debug_info</name>
         <load_address>0x1215d</load_address>
         <run_address>0x1215d</run_address>
         <size>0x383</size>
         <input_file_ref idref="fl-cb"/>
      </object_component>
      <object_component id="oc-269">
         <name>.debug_info</name>
         <load_address>0x124e0</load_address>
         <run_address>0x124e0</run_address>
         <size>0x1ea</size>
         <input_file_ref idref="fl-cb"/>
      </object_component>
      <object_component id="oc-338">
         <name>.debug_info</name>
         <load_address>0x126ca</load_address>
         <run_address>0x126ca</run_address>
         <size>0x3fc</size>
         <input_file_ref idref="fl-cc"/>
      </object_component>
      <object_component id="oc-262">
         <name>.debug_info</name>
         <load_address>0x12ac6</load_address>
         <run_address>0x12ac6</run_address>
         <size>0x2e2</size>
         <input_file_ref idref="fl-cc"/>
      </object_component>
      <object_component id="oc-f0">
         <name>.debug_info</name>
         <load_address>0x12da8</load_address>
         <run_address>0x12da8</run_address>
         <size>0x2c</size>
         <input_file_ref idref="fl-cc"/>
      </object_component>
      <object_component id="oc-39b">
         <name>.debug_info</name>
         <load_address>0x12dd4</load_address>
         <run_address>0x12dd4</run_address>
         <size>0x300</size>
         <input_file_ref idref="fl-cd"/>
      </object_component>
      <object_component id="oc-320">
         <name>.debug_info</name>
         <load_address>0x130d4</load_address>
         <run_address>0x130d4</run_address>
         <size>0x19c</size>
         <input_file_ref idref="fl-cd"/>
      </object_component>
      <object_component id="oc-3d8">
         <name>.debug_info</name>
         <load_address>0x13270</load_address>
         <run_address>0x13270</run_address>
         <size>0xbf</size>
         <input_file_ref idref="fl-cd"/>
      </object_component>
      <object_component id="oc-3d7">
         <name>.debug_info</name>
         <load_address>0x1332f</load_address>
         <run_address>0x1332f</run_address>
         <size>0x374</size>
         <input_file_ref idref="fl-ce"/>
      </object_component>
      <object_component id="oc-395">
         <name>.debug_info</name>
         <load_address>0x136a3</load_address>
         <run_address>0x136a3</run_address>
         <size>0x20b</size>
         <input_file_ref idref="fl-ce"/>
      </object_component>
      <object_component id="oc-2c9">
         <name>.debug_info</name>
         <load_address>0x138ae</load_address>
         <run_address>0x138ae</run_address>
         <size>0x14c</size>
         <input_file_ref idref="fl-cf"/>
      </object_component>
      <object_component id="oc-21a">
         <name>.debug_info</name>
         <load_address>0x139fa</load_address>
         <run_address>0x139fa</run_address>
         <size>0x128</size>
         <input_file_ref idref="fl-d0"/>
      </object_component>
      <object_component id="oc-2b5">
         <name>.debug_info</name>
         <load_address>0x13b22</load_address>
         <run_address>0x13b22</run_address>
         <size>0x12a</size>
         <input_file_ref idref="fl-d0"/>
      </object_component>
      <object_component id="oc-10b">
         <name>.debug_info</name>
         <load_address>0x13c4c</load_address>
         <run_address>0x13c4c</run_address>
         <size>0x13a</size>
         <input_file_ref idref="fl-d1"/>
      </object_component>
      <object_component id="oc-2af">
         <name>.debug_info</name>
         <load_address>0x13d86</load_address>
         <run_address>0x13d86</run_address>
         <size>0x13a</size>
         <input_file_ref idref="fl-d2"/>
      </object_component>
      <object_component id="oc-2ba">
         <name>.debug_info</name>
         <load_address>0x13ec0</load_address>
         <run_address>0x13ec0</run_address>
         <size>0x12e</size>
         <input_file_ref idref="fl-d3"/>
      </object_component>
      <object_component id="oc-110">
         <name>.debug_info</name>
         <load_address>0x13fee</load_address>
         <run_address>0x13fee</run_address>
         <size>0x139</size>
         <input_file_ref idref="fl-d4"/>
      </object_component>
      <object_component id="oc-115">
         <name>.debug_info</name>
         <load_address>0x14127</load_address>
         <run_address>0x14127</run_address>
         <size>0x12c</size>
         <input_file_ref idref="fl-d5"/>
      </object_component>
      <object_component id="oc-2c4">
         <name>.debug_info</name>
         <load_address>0x14253</load_address>
         <run_address>0x14253</run_address>
         <size>0x12c</size>
         <input_file_ref idref="fl-d6"/>
      </object_component>
      <object_component id="oc-3b">
         <name>.debug_info</name>
         <load_address>0x1437f</load_address>
         <run_address>0x1437f</run_address>
         <size>0x119</size>
         <input_file_ref idref="fl-d7"/>
      </object_component>
      <object_component id="oc-100">
         <name>.debug_info</name>
         <load_address>0x14498</load_address>
         <run_address>0x14498</run_address>
         <size>0x12e</size>
         <input_file_ref idref="fl-d8"/>
      </object_component>
      <object_component id="oc-2a8">
         <name>.debug_info</name>
         <load_address>0x145c6</load_address>
         <run_address>0x145c6</run_address>
         <size>0x134</size>
         <input_file_ref idref="fl-d9"/>
      </object_component>
      <object_component id="oc-9b">
         <name>.debug_info</name>
         <load_address>0x146fa</load_address>
         <run_address>0x146fa</run_address>
         <size>0x147</size>
         <input_file_ref idref="fl-da"/>
      </object_component>
      <object_component id="oc-99">
         <name>.debug_info</name>
         <load_address>0x14841</load_address>
         <run_address>0x14841</run_address>
         <size>0x2d4</size>
         <input_file_ref idref="fl-db"/>
      </object_component>
      <object_component id="oc-4d">
         <name>.debug_info</name>
         <load_address>0x14b15</load_address>
         <run_address>0x14b15</run_address>
         <size>0x1b5</size>
         <input_file_ref idref="fl-db"/>
      </object_component>
      <object_component id="oc-94">
         <name>.debug_info</name>
         <load_address>0x14cca</load_address>
         <run_address>0x14cca</run_address>
         <size>0x46</size>
         <input_file_ref idref="fl-db"/>
      </object_component>
      <object_component id="oc-45">
         <name>.debug_info</name>
         <load_address>0x14d10</load_address>
         <run_address>0x14d10</run_address>
         <size>0x2a8</size>
         <input_file_ref idref="fl-dc"/>
      </object_component>
      <object_component id="oc-1e">
         <name>.debug_info</name>
         <load_address>0x14fb8</load_address>
         <run_address>0x14fb8</run_address>
         <size>0x1ea</size>
         <input_file_ref idref="fl-dc"/>
      </object_component>
      <object_component id="oc-40">
         <name>.debug_info</name>
         <load_address>0x151a2</load_address>
         <run_address>0x151a2</run_address>
         <size>0x46</size>
         <input_file_ref idref="fl-dc"/>
      </object_component>
      <object_component id="oc-8c">
         <name>.debug_info</name>
         <load_address>0x151e8</load_address>
         <run_address>0x151e8</run_address>
         <size>0x2c</size>
         <input_file_ref idref="fl-dc"/>
      </object_component>
      <object_component id="oc-8a">
         <name>.debug_info</name>
         <load_address>0x15214</load_address>
         <run_address>0x15214</run_address>
         <size>0x29e</size>
         <input_file_ref idref="fl-dd"/>
      </object_component>
      <object_component id="oc-18">
         <name>.debug_info</name>
         <load_address>0x154b2</load_address>
         <run_address>0x154b2</run_address>
         <size>0x250</size>
         <input_file_ref idref="fl-dd"/>
      </object_component>
      <object_component id="oc-30">
         <name>.debug_info</name>
         <load_address>0x15702</load_address>
         <run_address>0x15702</run_address>
         <size>0x60</size>
         <input_file_ref idref="fl-dd"/>
      </object_component>
      <object_component id="oc-e9">
         <name>.debug_info</name>
         <load_address>0x15762</load_address>
         <run_address>0x15762</run_address>
         <size>0x46</size>
         <input_file_ref idref="fl-dd"/>
      </object_component>
      <object_component id="oc-85">
         <name>.debug_info</name>
         <load_address>0x157a8</load_address>
         <run_address>0x157a8</run_address>
         <size>0x39</size>
         <input_file_ref idref="fl-dd"/>
      </object_component>
      <object_component id="oc-1bd">
         <name>.debug_info</name>
         <load_address>0x157e1</load_address>
         <run_address>0x157e1</run_address>
         <size>0x3ad</size>
         <input_file_ref idref="fl-de"/>
      </object_component>
      <object_component id="oc-1ba">
         <name>.debug_info</name>
         <load_address>0x15b8e</load_address>
         <run_address>0x15b8e</run_address>
         <size>0x190</size>
         <input_file_ref idref="fl-de"/>
      </object_component>
      <object_component id="oc-129">
         <name>.debug_info</name>
         <load_address>0x15d1e</load_address>
         <run_address>0x15d1e</run_address>
         <size>0x122</size>
         <input_file_ref idref="fl-de"/>
      </object_component>
      <object_component id="oc-12f">
         <name>.debug_info</name>
         <load_address>0x15e40</load_address>
         <run_address>0x15e40</run_address>
         <size>0x184</size>
         <input_file_ref idref="fl-de"/>
      </object_component>
      <object_component id="oc-25b">
         <name>.debug_info</name>
         <load_address>0x15fc4</load_address>
         <run_address>0x15fc4</run_address>
         <size>0x2c9</size>
         <input_file_ref idref="fl-df"/>
      </object_component>
      <object_component id="oc-19b">
         <name>.debug_info</name>
         <load_address>0x1628d</load_address>
         <run_address>0x1628d</run_address>
         <size>0x11e</size>
         <input_file_ref idref="fl-df"/>
      </object_component>
      <object_component id="oc-254">
         <name>.debug_info</name>
         <load_address>0x163ab</load_address>
         <run_address>0x163ab</run_address>
         <size>0x12e</size>
         <input_file_ref idref="fl-df"/>
      </object_component>
      <object_component id="oc-364">
         <name>.debug_info</name>
         <load_address>0x164d9</load_address>
         <run_address>0x164d9</run_address>
         <size>0x29c</size>
         <input_file_ref idref="fl-e0"/>
      </object_component>
      <object_component id="oc-2be">
         <name>.debug_info</name>
         <load_address>0x16775</load_address>
         <run_address>0x16775</run_address>
         <size>0x1da</size>
         <input_file_ref idref="fl-e0"/>
      </object_component>
      <object_component id="oc-2a6">
         <name>.debug_info</name>
         <load_address>0x1694f</load_address>
         <run_address>0x1694f</run_address>
         <size>0x2b9</size>
         <input_file_ref idref="fl-e1"/>
      </object_component>
      <object_component id="oc-20d">
         <name>.debug_info</name>
         <load_address>0x16c08</load_address>
         <run_address>0x16c08</run_address>
         <size>0x17c</size>
         <input_file_ref idref="fl-e1"/>
      </object_component>
      <object_component id="oc-357">
         <name>.debug_info</name>
         <load_address>0x16d84</load_address>
         <run_address>0x16d84</run_address>
         <size>0xf9</size>
         <input_file_ref idref="fl-e2"/>
      </object_component>
      <object_component id="oc-2a3">
         <name>.debug_info</name>
         <load_address>0x16e7d</load_address>
         <run_address>0x16e7d</run_address>
         <size>0x105</size>
         <input_file_ref idref="fl-e2"/>
      </object_component>
      <object_component id="oc-25f">
         <name>.debug_info</name>
         <load_address>0x16f82</load_address>
         <run_address>0x16f82</run_address>
         <size>0x144</size>
         <input_file_ref idref="fl-e3"/>
      </object_component>
      <object_component id="oc-19e">
         <name>.debug_info</name>
         <load_address>0x170c6</load_address>
         <run_address>0x170c6</run_address>
         <size>0x102</size>
[...]
         <value>0x3029</value>
         <object_component_ref idref="oc-10f"/>
      </symbol>
      <symbol id="sm-445">
         <name>__aeabi_f2d</name>
         <value>0x311d</value>
         <object_component_ref idref="oc-114"/>
      </symbol>
      <symbol id="sm-44f">
         <name>__aeabi_i2d</name>
         <value>0x3289</value>
         <object_component_ref idref="oc-2c3"/>
      </symbol>
      <symbol id="sm-46a">
         <name>memcpy</name>
         <value>0x2237</value>
         <object_component_ref idref="oc-3a"/>
      </symbol>
      <symbol id="sm-46b">
         <name>__aeabi_memcpy</name>
         <value>0x2237</value>
         <object_component_ref idref="oc-3a"/>
      </symbol>
      <symbol id="sm-46c">
         <name>__aeabi_memcpy8</name>
         <value>0x2237</value>
         <object_component_ref idref="oc-3a"/>
      </symbol>
      <symbol id="sm-46d">
         <name>__aeabi_memcpy4</name>
         <value>0x2237</value>
         <object_component_ref idref="oc-3a"/>
      </symbol>
      <symbol id="sm-477">
         <name>__aeabi_ui2d</name>
         <value>0x33a5</value>
         <object_component_ref idref="oc-ff"/>
      </symbol>
      <symbol id="sm-484">
         <name>__aeabi_uldivmod</name>
         <value>0x22d3</value>
         <object_component_ref idref="oc-2a7"/>
      </symbol>
      <symbol id="sm-493">
         <name>__aeabi_memset</name>
         <value>0x2613</value>
         <object_component_ref idref="oc-9a"/>
      </symbol>
      <symbol id="sm-494">
         <name>memset</name>
         <value>0x2619</value>
         <object_component_ref idref="oc-9a"/>
      </symbol>
      <symbol id="sm-495">
         <name>__aeabi_memset8</name>
         <value>0x2613</value>
         <object_component_ref idref="oc-9a"/>
      </symbol>
      <symbol id="sm-496">
         <name>__aeabi_memset4</name>
         <value>0x2613</value>
         <object_component_ref idref="oc-9a"/>
      </symbol>
      <symbol id="sm-497">
         <name>__aeabi_memclr8</name>
         <value>0x2611</value>
         <object_component_ref idref="oc-9a"/>
      </symbol>
      <symbol id="sm-498">
         <name>__aeabi_memclr4</name>
         <value>0x2611</value>
         <object_component_ref idref="oc-9a"/>
      </symbol>
      <symbol id="sm-499">
         <name>__aeabi_memclr</name>
         <value>0x2611</value>
         <object_component_ref idref="oc-9a"/>
      </symbol>
      <symbol id="sm-4ab">
         <name>__TI_zero_init</name>
         <value>0x3499</value>
         <object_component_ref idref="oc-4c"/>
      </symbol>
      <symbol id="sm-4c2">
         <name>__TI_decompress_none</name>
         <value>0x347f</value>
         <object_component_ref idref="oc-1d"/>
      </symbol>
      <symbol id="sm-4e5">
         <name>__TI_decompress_lzss</name>
         <value>0x292d</value>
         <object_component_ref idref="oc-17"/>
      </symbol>
      <symbol id="sm-50b">
         <name>C$$EXIT</name>
         <value>0x34c1</value>
         <object_component_ref idref="oc-128"/>
      </symbol>
      <symbol id="sm-50c">
         <name>abort</name>
         <value>0x34c1</value>
         <object_component_ref idref="oc-128"/>
      </symbol>
      <symbol id="sm-50d">
         <name>__TI_dtors_ptr</name>
         <value>0x200037cc</value>
         <object_component_ref idref="oc-1b9"/>
      </symbol>
      <symbol id="sm-50e">
         <name>__TI_cleanup_ptr</name>
         <value>0x200037c8</value>
         <object_component_ref idref="oc-1b9"/>
      </symbol>
      <symbol id="sm-50f">
         <name>__TI_enable_exit_profile_output</name>
         <value>0x200037d0</value>
         <object_component_ref idref="oc-1b9"/>
      </symbol>
      <symbol id="sm-510">
         <name>exit</name>
         <value>0x2e89</value>
         <object_component_ref idref="oc-12e"/>
      </symbol>
      <symbol id="sm-525">
         <name>_nop</name>
         <value>0x144b</value>
         <object_component_ref idref="oc-253"/>
      </symbol>
      <symbol id="sm-526">
         <name>_lock</name>
         <value>0x200037d4</value>
         <object_component_ref idref="oc-19a"/>
      </symbol>
      <symbol id="sm-527">
         <name>_unlock</name>
         <value>0x200037d8</value>
         <object_component_ref idref="oc-19a"/>
      </symbol>
      <symbol id="sm-536">
         <name>__TI_ltoa</name>
         <value>0x2d4b</value>
         <object_component_ref idref="oc-2bd"/>
      </symbol>
      <symbol id="sm-54c">
         <name>atoi</name>
         <value>0x2e3d</value>
         <object_component_ref idref="oc-20c"/>
      </symbol>
      <symbol id="sm-557">
         <name>_ctypes_</name>
         <value>0x34c4</value>
         <object_component_ref idref="oc-2a2"/>
      </symbol>
      <symbol id="sm-56c">
         <name>__TI_tmpnams</name>
         <value>0x20002d20</value>
      </symbol>
      <symbol id="sm-56d">
         <name>__aeabi_stdout</name>
         <value>0x200037c0</value>
         <object_component_ref idref="oc-413"/>
      </symbol>
      <symbol id="sm-56e">
         <name>__aeabi_stderr</name>
         <value>0x200037c4</value>
         <object_component_ref idref="oc-413"/>
      </symbol>
      <symbol id="sm-56f">
         <name>__aeabi_stdin</name>
         <value>0x200037bc</value>
         <object_component_ref idref="oc-413"/>
      </symbol>
      <symbol id="sm-570">
         <name>_ftable</name>
         <value>0x200035e0</value>
         <object_component_ref idref="oc-19d"/>
      </symbol>
      <symbol id="sm-571">
         <name>__TI_ft_end</name>
         <value>0x200037b8</value>
         <object_component_ref idref="oc-413"/>
      </symbol>
      <symbol id="sm-581">
         <name>memccpy</name>
         <value>0x33e1</value>
         <object_component_ref idref="oc-235"/>
      </symbol>
      <symbol id="sm-591">
         <name>memchr</name>
         <value>0x3385</value>
         <object_component_ref idref="oc-325"/>
      </symbol>
      <symbol id="sm-61a">
         <name>_sys_memory</name>
         <value>0x20002de0</value>
         <object_component_ref idref="oc-29"/>
      </symbol>
      <symbol id="sm-61b">
         <name>free</name>
         <value>0x1ef1</value>
         <object_component_ref idref="oc-3c4"/>
      </symbol>
      <symbol id="sm-61c">
         <name>memalign</name>
         <value>0x1b0d</value>
         <object_component_ref idref="oc-406"/>
      </symbol>
      <symbol id="sm-61d">
         <name>malloc</name>
         <value>0x34ad</value>
         <object_component_ref idref="oc-3ca"/>
      </symbol>
      <symbol id="sm-61e">
         <name>aligned_alloc</name>
         <value>0x1b0d</value>
         <object_component_ref idref="oc-406"/>
      </symbol>
      <symbol id="sm-62e">
         <name>strchr</name>
         <value>0x342f</value>
         <object_component_ref idref="oc-2f4"/>
      </symbol>
      <symbol id="sm-63c">
         <name>strlen</name>
         <value>0x3459</value>
         <object_component_ref idref="oc-206"/>
      </symbol>
      <symbol id="sm-656">
         <name>write</name>
         <value>0x335d</value>
         <object_component_ref idref="oc-331"/>
      </symbol>
      <symbol id="sm-667">
         <name>_stream</name>
         <value>0x20003748</value>
         <object_component_ref idref="oc-3a0"/>
      </symbol>
      <symbol id="sm-668">
         <name>_device</name>
         <value>0x200036d0</value>
         <object_component_ref idref="oc-3e3"/>
      </symbol>
      <symbol id="sm-67b">
         <name>__stack</name>
         <value>0x2000fe00</value>
         <object_component_ref idref="oc-2c"/>
      </symbol>
      <symbol id="sm-67c">
         <name>_c_int00_noargs</name>
         <value>0x31f5</value>
         <object_component_ref idref="oc-58"/>
      </symbol>
      <symbol id="sm-692">
         <name>__aeabi_errno_addr</name>
         <value>0x34a5</value>
         <object_component_ref idref="oc-241"/>
      </symbol>
      <symbol id="sm-693">
         <name>errno</name>
         <value>0x200037e4</value>
         <object_component_ref idref="oc-304"/>
      </symbol>
      <symbol id="sm-6b3">
         <name>frexpl</name>
         <value>0x29fd</value>
         <object_component_ref idref="oc-2e8"/>
      </symbol>
      <symbol id="sm-6b4">
         <name>frexp</name>
         <value>0x29fd</value>
         <object_component_ref idref="oc-2e8"/>
      </symbol>
      <symbol id="sm-6d1">
         <name>scalbn</name>
         <value>0x18f9</value>
         <object_component_ref idref="oc-2ee"/>
      </symbol>
      <symbol id="sm-6d2">
         <name>scalbnl</name>
         <value>0x18f9</value>
         <object_component_ref idref="oc-2ee"/>
      </symbol>
      <symbol id="sm-6d3">
         <name>ldexpl</name>
         <value>0x18f9</value>
         <object_component_ref idref="oc-2ee"/>
      </symbol>
      <symbol id="sm-6d4">
         <name>ldexp</name>
         <value>0x18f9</value>
         <object_component_ref idref="oc-2ee"/>
      </symbol>
      <symbol id="sm-6ed">
         <name>wcslen</name>
         <value>0x346d</value>
         <object_component_ref idref="oc-23b"/>
      </symbol>
      <symbol id="sm-6f7">
         <name>copysign</name>
         <value>0x33fd</value>
         <object_component_ref idref="oc-372"/>
      </symbol>
      <symbol id="sm-6f8">
         <name>copysignl</name>
         <value>0x33fd</value>
         <object_component_ref idref="oc-372"/>
      </symbol>
      <symbol id="sm-708">
         <name>__TI_doflush</name>
         <value>0x2df1</value>
         <object_component_ref idref="oc-32b"/>
      </symbol>
      <symbol id="sm-718">
         <name>__TI_cleanup</name>
         <value>0x318d</value>
         <object_component_ref idref="oc-3d0"/>
      </symbol>
      <symbol id="sm-72a">
         <name>fseek</name>
         <value>0x2a61</value>
         <object_component_ref idref="oc-38e"/>
      </symbol>
      <symbol id="sm-734">
         <name>__aeabi_idiv0</name>
         <value>0x16bf</value>
         <object_component_ref idref="oc-35a"/>
      </symbol>
      <symbol id="sm-735">
         <name>__aeabi_ldiv0</name>
         <value>0x16bf</value>
         <object_component_ref idref="oc-35a"/>
      </symbol>
      <symbol id="sm-75d">
         <name>__TI_auto_init_nobinit_nopinit</name>
         <value>0x2fa1</value>
         <object_component_ref idref="oc-134"/>
      </symbol>
      <symbol id="sm-767">
         <name>_system_pre_init</name>
         <value>0x34bd</value>
         <object_component_ref idref="oc-a0"/>
      </symbol>
      <symbol id="sm-77a">
         <name>HOSTclose</name>
         <value>0x2f19</value>
         <object_component_ref idref="oc-41f"/>
      </symbol>
      <symbol id="sm-78b">
         <name>HOSTlseek</name>
         <value>0x28c5</value>
         <object_component_ref idref="oc-431"/>
      </symbol>
      <symbol id="sm-79d">
         <name>parmbuf</name>
         <value>0x20002dc8</value>
      </symbol>
      <symbol id="sm-79e">
         <name>HOSTopen</name>
         <value>0x2b89</value>
         <object_component_ref idref="oc-419"/>
      </symbol>
      <symbol id="sm-7af">
         <name>HOSTread</name>
         <value>0x2c45</value>
         <object_component_ref idref="oc-425"/>
      </symbol>
      <symbol id="sm-7c0">
         <name>HOSTrename</name>
         <value>0x2859</value>
         <object_component_ref idref="oc-43d"/>
      </symbol>
      <symbol id="sm-7d1">
         <name>HOSTunlink</name>
         <value>0x2f5d</value>
         <object_component_ref idref="oc-437"/>
      </symbol>
      <symbol id="sm-7e2">
         <name>HOSTwrite</name>
         <value>0x2c9d</value>
         <object_component_ref idref="oc-42b"/>
      </symbol>
      <symbol id="sm-806">
         <name>__TI_readmsg</name>
         <value>0x31c1</value>
         <object_component_ref idref="oc-46c"/>
      </symbol>
      <symbol id="sm-807">
         <name>C$$IO$$</name>
         <value>0x3113</value>
         <object_component_ref idref="oc-466"/>
      </symbol>
      <symbol id="sm-808">
         <name>__CIOBUF_</name>
         <value>0x20002c00</value>
         <object_component_ref idref="oc-497"/>
      </symbol>
      <symbol id="sm-809">
         <name>__TI_writemsg</name>
         <value>0x30e5</value>
         <object_component_ref idref="oc-466"/>
      </symbol>
      <symbol id="sm-81a">
         <name>lseek</name>
         <value>0x3335</value>
         <object_component_ref idref="oc-3bc"/>
      </symbol>
      <symbol id="sm-82f">
         <name>__TI_closefile</name>
         <value>0x2705</value>
         <object_component_ref idref="oc-40d"/>
      </symbol>
      <symbol id="sm-852">
         <name>finddevice</name>
         <value>0x3259</value>
         <object_component_ref idref="oc-4b5"/>
      </symbol>
      <symbol id="sm-853">
         <name>getdevice</name>
         <value>0x2fe5</value>
         <object_component_ref idref="oc-48d"/>
      </symbol>
      <symbol id="sm-862">
         <name>strcmp</name>
         <value>0x3417</value>
         <object_component_ref idref="oc-4cc"/>
      </symbol>
      <symbol id="sm-870">
         <name>strcpy</name>
         <value>0x3445</value>
         <object_component_ref idref="oc-480"/>
      </symbol>
      <symbol id="sm-880">
         <name>strncpy</name>
         <value>0x3155</value>
         <object_component_ref idref="oc-4af"/>
      </symbol>
      <symbol id="sm-895">
         <name>close</name>
         <value>0x2be9</value>
         <object_component_ref idref="oc-455"/>
      </symbol>
      <symbol id="sm-8a5">
         <name>unlink</name>
         <value>0x32b9</value>
         <object_component_ref idref="oc-45b"/>
      </symbol>
      <symbol id="sm-8a6">
         <name>__TI_static_base__</name>
         <value>0x0</value>
      </symbol>
      <symbol id="sm-8a9">
         <name>__mpu_init</name>
         <value>0x0</value>
      </symbol>
      <symbol id="sm-8aa">
         <name>_system_post_cinit</name>
         <value>0x0</value>
      </symbol>
      <symbol id="sm-8ab">
         <name>NMI_Handler</name>
         <value>0xb33</value>
      </symbol>
      <symbol id="sm-8ac">
         <name>HardFault_Handler</name>
         <value>0xb33</value>
      </symbol>
      <symbol id="sm-8ad">
         <name>MemManage_Handler</name>
         <value>0xb33</value>
      </symbol>
      <symbol id="sm-8ae">
         <name>BusFault_Handler</name>
         <value>0xb33</value>
      </symbol>
      <symbol id="sm-8af">
         <name>UsageFault_Handler</name>
         <value>0xb33</value>
      </symbol>
      <symbol id="sm-8b0">
         <name>SVC_Handler</name>
         <value>0xb33</value>
      </symbol>
      <symbol id="sm-8b1">
         <name>DebugMon_Handler</name>
         <value>0xb33</value>
      </symbol>
      <symbol id="sm-8b2">
         <name>PendSV_Handler</name>
         <value>0xb33</value>
      </symbol>
      <symbol id="sm-8b3">
         <name>SysTick_Handler</name>
         <value>0xb33</value>
      </symbol>
      <symbol id="sm-8b4">
         <name>PSS_IRQHandler</name>
         <value>0xb33</value>
      </symbol>
      <symbol id="sm-8b5">
         <name>CS_IRQHandler</name>
         <value>0xb33</value>
      </symbol>
      <symbol id="sm-8b6">
         <name>PCM_IRQHandler</name>
         <value>0xb33</value>
      </symbol>
      <symbol id="sm-8b7">
         <name>WDT_A_IRQHandler</name>
         <value>0xb33</value>
      </symbol>
      <symbol id="sm-8b8">
         <name>FPU_IRQHandler</name>
         <value>0xb33</value>
      </symbol>
      <symbol id="sm-8b9">
         <name>FLCTL_IRQHandler</name>
         <value>0xb33</value>
      </symbol>
      <symbol id="sm-8ba">
         <name>COMP_E0_IRQHandler</name>
         <value>0xb33</value>
      </symbol>
      <symbol id="sm-8bb">
         <name>COMP_E1_IRQHandler</name>
         <value>0xb33</value>
      </symbol>
      <symbol id="sm-8bc">
         <name>TA0_0_IRQHandler</name>
         <value>0xb33</value>
      </symbol>
      <symbol id="sm-8bd">
         <name>TA0_N_IRQHandler</name>
         <value>0xb33</value>
      </symbol>
      <symbol id="sm-8be">
         <name>TA1_0_IRQHandler</name>
         <value>0xb33</value>
      </symbol>
      <symbol id="sm-8bf">
         <name>TA1_N_IRQHandler</name>
         <value>0xb33</value>
      </symbol>
      <symbol id="sm-8c0">
         <name>TA2_0_IRQHandler</name>
         <value>0xb33</value>
      </symbol>
      <symbol id="sm-8c1">
         <name>TA2_N_IRQHandler</name>
         <value>0xb33</value>
      </symbol>
      <symbol id="sm-8c2">
         <name>TA3_0_IRQHandler</name>
         <value>0xb33</value>
      </symbol>
      <symbol id="sm-8c3">
         <name>TA3_N_IRQHandler</name>
         <value>0xb33</value>
      </symbol>
      <symbol id="sm-8c4">
         <name>EUSCIA0_IRQHandler</name>
         <value>0xb33</value>
      </symbol>
      <symbol id="sm-8c5">
         <name>EUSCIA1_IRQHandler</name>
         <value>0xb33</value>
      </symbol>
      <symbol id="sm-8c6">
         <name>EUSCIA2_IRQHandler</name>
         <value>0xb33</value>
      </symbol>
      <symbol id="sm-8c7">
         <name>EUSCIA3_IRQHandler</name>
         <value>0xb33</value>
      </symbol>
      <symbol id="sm-8c8">
         <name>EUSCIB0_IRQHandler</name>
         <value>0xb33</value>
      </symbol>
      <symbol id="sm-8c9">
         <name>EUSCIB1_IRQHandler</name>
         <value>0xb33</value>
      </symbol>
      <symbol id="sm-8ca">
         <name>EUSCIB2_IRQHandler</name>
         <value>0xb33</value>
      </symbol>
      <symbol id="sm-8cb">
         <name>EUSCIB3_IRQHandler</name>
         <value>0xb33</value>
      </symbol>
      <symbol id="sm-8cc">
         <name>ADC14_IRQHandler</name>
         <value>0xb33</value>
      </symbol>
      <symbol id="sm-8cd">
         <name>T32_INT1_IRQHandler</name>
         <value>0xb33</value>
      </symbol>
      <symbol id="sm-8ce">
         <name>T32_INT2_IRQHandler</name>
         <value>0xb33</value>
      </symbol>
      <symbol id="sm-8cf">
         <name>T32_INTC_IRQHandler</name>
         <value>0xb33</value>
      </symbol>
      <symbol id="sm-8d0">
         <name>AES256_IRQHandler</name>
         <value>0xb33</value>
      </symbol>
      <symbol id="sm-8d1">
         <name>RTC_C_IRQHandler</name>
         <value>0xb33</value>
      </symbol>
      <symbol id="sm-8d2">
         <name>DMA_ERR_IRQHandler</name>
         <value>0xb33</value>
      </symbol>
      <symbol id="sm-8d3">
         <name>DMA_INT3_IRQHandler</name>
         <value>0xb33</value>
      </symbol>
      <symbol id="sm-8d4">
         <name>DMA_INT2_IRQHandler</name>
         <value>0xb33</value>
      </symbol>
      <symbol id="sm-8d5">
         <name>DMA_INT1_IRQHandler</name>
         <value>0x20b1</value>
      </symbol>
      <symbol id="sm-8d6">
         <name>DMA_INT0_IRQHandler</name>
         <value>0xb33</value>
      </symbol>
      <symbol id="sm-8d7">
         <name>PORT1_IRQHandler</name>
         <value>0xb33</value>
      </symbol>
      <symbol id="sm-8d8">
         <name>PORT2_IRQHandler</name>
         <value>0xb33</value>
      </symbol>
      <symbol id="sm-8d9">
         <name>PORT3_IRQHandler</name>
         <value>0xb33</value>
      </symbol>
      <symbol id="sm-8da">
         <name>PORT4_IRQHandler</name>
         <value>0xb33</value>
      </symbol>
      <symbol id="sm-8db">
         <name>PORT5_IRQHandler</name>
         <value>0xb33</value>
      </symbol>
      <symbol id="sm-8dc">
         <name>PORT6_IRQHandler</name>
         <value>0xb33</value>
      </symbol>
      <symbol id="sm-8dd">
         <name>remove</name>
         <value>0x32b9</value>
      </symbol>
   </symbol_table>
   <title>Link successful</title>
</link_info>
