******************************************************************************
                  TI ARM Linker Unix v20.2.2                   
******************************************************************************
>> Linked Thu Sep 24 14:19:01 2020

OUTPUT FILE NAME:   <Lab3Ex5.out>
ENTRY POINT SYMBOL: "_c_int00_noargs"  address: 000031f5


MEMORY CONFIGURATION

         name            origin    length      used     unused   attr    fill
----------------------  --------  ---------  --------  --------  ----  --------
  MAIN                  00000000   00040000  0000366d  0003c993  R  X
  INFO                  00200000   00004000  00000000  00004000  R  X
  SRAM_CODE             01000000   00010000  000039e8  0000c618  RW X
  SRAM_DATA             20000000   00010000  000039e8  0000c618  RW  


SEGMENT ALLOCATION MAP

run origin  load origin   length   init length attrs members
----------  ----------- ---------- ----------- ----- -------
00000000    00000000    00003670   00003670    r-x
  00000000    00000000    000000e4   000000e4    r-- .intvecs
  000000e4    000000e4    000033e0   000033e0    r-x .text
  000034c4    000034c4    00000101   00000101    r-- .const
  000035c8    000035c8    000000a8   000000a8    r-- .cinit
20000000    20000000    000037e8   00000000    rw-
  20000000    20000000    00002de0   00000000    rw- .bss
  20002de0    20002de0    00000800   00000000    rw- .sysmem
  200035e0    200035e0    00000208   00000000    rw- .data
2000fe00    2000fe00    00000200   00000000    rw-
  2000fe00    2000fe00    00000200   00000000    rw- .stack


SECTION ALLOCATION MAP

 output                                  attributes/
section   page    origin      length       input sections
--------  ----  ----------  ----------   ----------------
.intvecs   0    00000000    000000e4     
                  00000000    000000e4     startup_msp432p401r_ccs.obj (.intvecs:retain)

.text      0    000000e4    000033e0     
                  000000e4    00000a4e     rtsv7M4_T_le_v4SPD16_eabi.lib : _printfi.c.obj (.text:__TI_printfi)
                  00000b32    00000002     startup_msp432p401r_ccs.obj (.text:Default_Handler)
                  00000b34    00000320     dma_crc32_transfer_calculation.obj (.text:main)
                  00000e54    00000270     rtsv7M4_T_le_v4SPD16_eabi.lib : _printfi.c.obj (.text:_pconv_a)
                  000010c4    000001d0                                   : _printfi.c.obj (.text:_pconv_g)
                  00001294    000001b6                                   : fd_add_t2.asm.obj (.text)
                  0000144a    00000002                                   : _lock.c.obj (.text:_nop)
                  0000144c    0000013c                                   : _printfi.c.obj (.text:_pconv_e)
                  00001588    00000136                                   : fd_div_t2.asm.obj (.text)
                  000016be    00000002                                   : div0.asm.obj (.text)
                  000016c0    00000124                                   : _printfi.c.obj (.text:fcvt)
                  000017e4    00000114                                   : fputs.c.obj (.text:fputs)
                  000018f8    00000110                                   : s_scalbn.c.obj (.text:scalbn)
                  00001a08    00000104     msp432p4xx_driverlib.lib : cs.o (.text:_CSComputeCLKFrequency)
                  00001b0c    00000100     rtsv7M4_T_le_v4SPD16_eabi.lib : memory.c.obj (.text:aligned_alloc)
                  00001c0c    000000fc                                   : fd_mul_t2.asm.obj (.text)
                  00001d08    000000f8     msp432p4xx_driverlib.lib : cs.o (.text:CS_getDCOFrequency)
                  00001e00    000000f0                              : dma.o (.text:DMA_setChannelTransfer)
                  00001ef0    000000e4     rtsv7M4_T_le_v4SPD16_eabi.lib : memory.c.obj (.text:free)
                  00001fd4    000000dc                                   : setvbuf.c.obj (.text:setvbuf)
                  000020b0    000000d4     dma_crc32_transfer_calculation.obj (.text:DMA_INT1_IRQHandler)
                  00002184    000000b1     rtsv7M4_T_le_v4SPD16_eabi.lib : _printfi.c.obj (.text:_ltostr)
                  00002235    00000001     --HOLE-- [fill = 0]
                  00002236    0000009c                                   : memcpy_t2.asm.obj (.text)
                  000022d2    00000096                                   : ull_div_t2.asm.obj (.text)
                  00002368    00000094     msp432p4xx_driverlib.lib : sysctl_a.o (.text:SysCtl_A_getTLVInfo)
                  000023fc    0000008c     rtsv7M4_T_le_v4SPD16_eabi.lib : fputc.c.obj (.text:fputc)
                  00002488    00000086                                   : fd_cmp_t2.asm.obj (.text:__aeabi_cdcmple)
                  0000250e    00000086                                   : fd_cmp_t2.asm.obj (.text:__aeabi_cdrcmple)
                  00002594    0000007c     msp432p4xx_driverlib.lib : cs.o (.text:_CSGetDOCFrequency)
                  00002610    0000007a     rtsv7M4_T_le_v4SPD16_eabi.lib : memset_t2.asm.obj (.text)
                  0000268a    00000002     --HOLE-- [fill = 0]
                  0000268c    00000078     system_msp432p401r.obj (.text:SystemInit)
                  00002704    00000074     rtsv7M4_T_le_v4SPD16_eabi.lib : fclose.c.obj (.text:__TI_closefile)
                  00002778    00000070                                   : memory.c.obj (.text:split)
                  000027e8    0000006e                                   : _printfi.c.obj (.text:_mcpy)
                  00002856    00000002     --HOLE-- [fill = 0]
                  00002858    0000006c                                   : hostrename.c.obj (.text:HOSTrename)
                  000028c4    00000068                                   : hostlseek.c.obj (.text:HOSTlseek)
                  0000292c    00000068                                   : copy_decompress_lzss.c.obj (.text:decompress:lzss:__TI_decompress_lzss)
                  00002994    00000068                                   : printf.c.obj (.text:printf)
                  000029fc    00000064                                   : s_frexp.c.obj (.text:frexp)
                  00002a60    00000064                                   : fseek.c.obj (.text:fseek)
                  00002ac4    00000062     msp432p4xx_driverlib.lib : cs.o (.text:_CSGetDividerValue)
                  00002b26    00000062     rtsv7M4_T_le_v4SPD16_eabi.lib : _io_perm.c.obj (.text:__TI_wrt_ok)
                  00002b88    00000060                                   : hostopen.c.obj (.text:HOSTopen)
                  00002be8    0000005c                                   : close.c.obj (.text:close)
                  00002c44    00000058                                   : hostread.c.obj (.text:HOSTread)
                  00002c9c    00000058                                   : hostwrite.c.obj (.text:HOSTwrite)
                  00002cf4    00000056                                   : _printfi.c.obj (.text:_pconv_f)
                  00002d4a    00000054                                   : _ltoa.c.obj (.text:__TI_ltoa)
                  00002d9e    00000052                                   : _printfi.c.obj (.text:_ecpy)
                  00002df0    0000004c                                   : fflush.c.obj (.text:__TI_doflush)
                  00002e3c    0000004c                                   : atoi.c.obj (.text:atoi)
                  00002e88    00000048                                   : exit.c.obj (.text:exit)
                  00002ed0    00000048                                   : fd_toi_t2.asm.obj (.text)
                  00002f18    00000044                                   : hostclose.c.obj (.text:HOSTclose)
                  00002f5c    00000044                                   : hostunlink.c.obj (.text:HOSTunlink)
                  00002fa0    00000044                                   : autoinit.c.obj (.text:__TI_auto_init_nobinit_nopinit:__TI_auto_init_nobinit_nopinit)
                  00002fe4    00000044                                   : getdevice.c.obj (.text:getdevice)
                  00003028    00000044                                   : fd_tou_t2.asm.obj (.text)
                  0000306c    0000003e                                   : _printfi.c.obj (.text:_fcpy)
                  000030aa    00000002     --HOLE-- [fill = 0]
                  000030ac    00000038     msp432p4xx_driverlib.lib : crc32.o (.text:CRC32_getResult)
                  000030e4    00000038     rtsv7M4_T_le_v4SPD16_eabi.lib : trgmsg.c.obj (.text:__TI_writemsg)
                  0000311c    00000038                                   : fs_tod_t2.asm.obj (.text)
                  00003154    00000036                                   : strncpy.c.obj (.text:strncpy)
                  0000318a    00000002     --HOLE-- [fill = 0]
                  0000318c    00000034                                   : fopen.c.obj (.text:__TI_cleanup)
                  000031c0    00000034                                   : trgmsg.c.obj (.text:__TI_readmsg)
                  000031f4    00000034                                   : boot_cortex_m.c.obj (.text:_c_int00_noargs:_c_int00_noargs)
                  00003228    00000030     msp432p4xx_driverlib.lib : cs.o (.text:CS_clearInterruptFlag)
                  00003258    00000030     rtsv7M4_T_le_v4SPD16_eabi.lib : getdevice.c.obj (.text:finddevice)
                  00003288    0000002e                                   : i_tofd_t2.asm.obj (.text)
                  000032b6    00000002     --HOLE-- [fill = 0]
                  000032b8    0000002c                                   : unlink.c.obj (.text:unlink)
                  000032e4    00000028     msp432p4xx_driverlib.lib : cs.o (.text:CS_getMCLK)
                  0000330c    00000028     rtsv7M4_T_le_v4SPD16_eabi.lib : memory.c.obj (.text:free_list_insert)
                  00003334    00000028                                   : lseek.c.obj (.text:lseek)
                  0000335c    00000028                                   : write.c.obj (.text:write)
                  00003384    00000020                                   : memchr.c.obj (.text:memchr)
                  000033a4    00000020                                   : u_tofd_t2.asm.obj (.text)
                  000033c4    0000001c                                   : memory.c.obj (.text:free_list_remove)
                  000033e0    0000001c                                   : memccpy.c.obj (.text:memccpy)
                  000033fc    0000001a                                   : s_copysign.c.obj (.text:copysign)
                  00003416    00000018                                   : strcmp.c.obj (.text:strcmp)
                  0000342e    00000016                                   : strchr.c.obj (.text:strchr)
                  00003444    00000014                                   : strcpy.c.obj (.text:strcpy)
                  00003458    00000014                                   : strlen.c.obj (.text:strlen)
                  0000346c    00000012                                   : wcslen.c.obj (.text:wcslen)
                  0000347e    0000000e                                   : copy_decompress_none.c.obj (.text:decompress:none:__TI_decompress_none)
                  0000348c    0000000c     startup_msp432p401r_ccs.obj (.text:Reset_Handler)
                  00003498    0000000c     rtsv7M4_T_le_v4SPD16_eabi.lib : copy_zero_init.c.obj (.text:decompress:ZI:__TI_zero_init)
                  000034a4    00000008                                   : errno.c.obj (.text:__aeabi_errno_addr)
                  000034ac    00000008                                   : memory.c.obj (.text:malloc)
                  000034b4    00000004                                   : printf.c.obj (.text:_outc)
                  000034b8    00000004                                   : printf.c.obj (.text:_outs)
                  000034bc    00000004                                   : pre_init.c.obj (.text:_system_pre_init)
                  000034c0    00000004                                   : exit.c.obj (.text:abort:abort)

.const     0    000034c4    00000101     
                  000034c4    00000101     rtsv7M4_T_le_v4SPD16_eabi.lib : ctype.c.obj (.const:.string:_ctypes_)

.cinit     0    000035c8    000000a8     
                  000035c8    00000084     (.cinit..data.load) [load image, compression = lzss]
                  0000364c    0000000c     (__TI_handler_table)
                  00003658    00000008     (.cinit..bss.load) [load image, compression = zero_init]
                  00003660    00000010     (__TI_cinit_table)

.init_array 
*          0    00000000    00000000     UNINITIALIZED

.binit     0    00000000    00000000     

.bss       0    20000000    00002de0     UNINITIALIZED
                  20000000    00002800     (.common:data_array)
                  20002800    00000400     (.common:controlTable)
                  20002c00    00000120     rtsv7M4_T_le_v4SPD16_eabi.lib : trgmsg.c.obj (.bss:_CIOBUF_)
                  20002d20    000000a0     (.common:__TI_tmpnams)
                  20002dc0    00000008     msp432p4xx_driverlib.lib : cs.o (.bss)
                  20002dc8    00000008     (.common:parmbuf)
                  20002dd0    00000004     dma_crc32_transfer_calculation.obj (.bss)
                  20002dd4    00000004     (.common:address)
                  20002dd8    00000004     (.common:dma_done)
                  20002ddc    00000004     (.common:size)

.sysmem    0    20002de0    00000800     UNINITIALIZED
                  20002de0    00000010     rtsv7M4_T_le_v4SPD16_eabi.lib : memory.c.obj (.sysmem)
                  20002df0    000007f0     --HOLE--

.data      0    200035e0    00000208     UNINITIALIZED
                  200035e0    000000f0     rtsv7M4_T_le_v4SPD16_eabi.lib : defs.c.obj (.data:_ftable)
                  200036d0    00000078                                   : host_device.c.obj (.data:_device)
                  20003748    00000050                                   : host_device.c.obj (.data:_stream)
                  20003798    00000020     dma_crc32_transfer_calculation.obj (.data:size_array)
                  200037b8    00000010     rtsv7M4_T_le_v4SPD16_eabi.lib : defs.c.obj (.data)
                  200037c8    0000000c                                   : exit.c.obj (.data:$O1$$)
                  200037d4    00000008                                   : _lock.c.obj (.data:$O1$$)
                  200037dc    00000008                                   : memory.c.obj (.data:$O1$$)
                  200037e4    00000004                                   : errno.c.obj (.data)

.stack     0    2000fe00    00000200     UNINITIALIZED
                  2000fe00    00000004     rtsv7M4_T_le_v4SPD16_eabi.lib : boot_cortex_m.c.obj (.stack)
                  2000fe04    000001fc     --HOLE--

__llvm_prf_cnts 
*          0    20000000    00000000     UNINITIALIZED

MODULE SUMMARY

       Module                               code    ro data   rw data
       ------                               ----    -------   -------
    ./
       dma_crc32_transfer_calculation.obj   1012    0         22624  
       system_msp432p401r.obj               120     0         0      
    +--+------------------------------------+-------+---------+---------+
       Total:                               1132    0         22624  
                                                                     
    ./ccs/
       startup_msp432p401r_ccs.obj          14      228       0      
    +--+------------------------------------+-------+---------+---------+
       Total:                               14      228       0      
                                                                     
    /Applications/ti/ccs1010/ccs/tools/compiler/ti-cgt-arm_20.2.2.LTS/lib/rtsv7M4_T_le_v4SPD16_eabi.lib
       _printfi.c.obj                       4851    0         0      
       defs.c.obj                           0       0         832    
       memory.c.obj                         672     0         16     
       trgmsg.c.obj                         108     0         576    
       fd_add_t2.asm.obj                    438     0         0      
       host_device.c.obj                    0       0         400    
       fd_div_t2.asm.obj                    310     0         0      
       fputs.c.obj                          276     0         0      
       s_scalbn.c.obj                       272     0         0      
       fd_cmp_t2.asm.obj                    268     0         0      
       ctype.c.obj                          0       257       0      
       fd_mul_t2.asm.obj                    252     0         0      
       setvbuf.c.obj                        220     0         0      
       memcpy_t2.asm.obj                    156     0         0      
       ull_div_t2.asm.obj                   150     0         0      
       fputc.c.obj                          140     0         0      
       memset_t2.asm.obj                    122     0         0      
       fclose.c.obj                         116     0         0      
       getdevice.c.obj                      116     0         0      
       hostopen.c.obj                       96      0         16     
       printf.c.obj                         112     0         0      
       hostrename.c.obj                     108     0         0      
       copy_decompress_lzss.c.obj           104     0         0      
       hostlseek.c.obj                      104     0         0      
       exit.c.obj                           76      0         24     
       fseek.c.obj                          100     0         0      
       s_frexp.c.obj                        100     0         0      
       _io_perm.c.obj                       98      0         0      
       close.c.obj                          92      0         0      
       hostread.c.obj                       88      0         0      
       hostwrite.c.obj                      88      0         0      
       _ltoa.c.obj                          84      0         0      
       atoi.c.obj                           76      0         0      
       fflush.c.obj                         76      0         0      
       fd_toi_t2.asm.obj                    72      0         0      
       autoinit.c.obj                       68      0         0      
       fd_tou_t2.asm.obj                    68      0         0      
       hostclose.c.obj                      68      0         0      
       hostunlink.c.obj                     68      0         0      
       fs_tod_t2.asm.obj                    56      0         0      
       strncpy.c.obj                        54      0         0      
       boot_cortex_m.c.obj                  52      0         0      
       fopen.c.obj                          52      0         0      
       i_tofd_t2.asm.obj                    46      0         0      
       unlink.c.obj                         44      0         0      
       lseek.c.obj                          40      0         0      
       write.c.obj                          40      0         0      
       memchr.c.obj                         32      0         0      
       u_tofd_t2.asm.obj                    32      0         0      
       memccpy.c.obj                        28      0         0      
       s_copysign.c.obj                     26      0         0      
       strcmp.c.obj                         24      0         0      
       strchr.c.obj                         22      0         0      
       strcpy.c.obj                         20      0         0      
       strlen.c.obj                         20      0         0      
       _lock.c.obj                          2       0         16     
       wcslen.c.obj                         18      0         0      
       errno.c.obj                          8       0         8      
       copy_decompress_none.c.obj           14      0         0      
       copy_zero_init.c.obj                 12      0         0      
       pre_init.c.obj                       4       0         0      
       div0.asm.obj                         2       0         0      
    +--+------------------------------------+-------+---------+---------+
       Total:                               10861   257       1888   
                                                                     
    /Users/phatle/ti/simplelink_msp432p4_sdk_3_40_01_02/source/ti/devices/msp432p4xx/driverlib/ccs/msp432p4xx_driverlib.lib
       cs.o                                 818     0         16     
       dma.o                                240     0         0      
       sysctl_a.o                           148     0         0      
       crc32.o                              56      0         0      
    +--+------------------------------------+-------+---------+---------+
       Total:                               1262    0         16     
                                                                     
       Heap:                                0       0         4096   
       Stack:                               0       0         1024   
       Linker Generated:                    0       168       0      
    +--+------------------------------------+-------+---------+---------+
       Grand Total:                         13269   653       29648  


LINKER GENERATED COPY TABLES

__TI_cinit_table @ 00003660 records: 2, size/record: 8, table size: 16
	.data: load addr=000035c8, load size=00000084 bytes, run addr=200035e0, run size=00000208 bytes, compression=lzss
	.bss: load addr=00003658, load size=00000008 bytes, run addr=20000000, run size=00002de0 bytes, compression=zero_init


LINKER GENERATED HANDLER TABLE

__TI_handler_table @ 0000364c records: 3, size/record: 4, table size: 12
	index: 0, handler: __TI_decompress_lzss
	index: 1, handler: __TI_decompress_none
	index: 2, handler: __TI_zero_init


GLOBAL SYMBOLS: SORTED ALPHABETICALLY BY Name 

address   name                           
-------   ----                           
00000b33  ADC14_IRQHandler               
00000b33  AES256_IRQHandler              
00000b33  BusFault_Handler               
000034c1  C$$EXIT                        
00003113  C$$IO$$                        
00000b33  COMP_E0_IRQHandler             
00000b33  COMP_E1_IRQHandler             
000030ad  CRC32_getResult                
00000b33  CS_IRQHandler                  
00003229  CS_clearInterruptFlag          
00001d09  CS_getDCOFrequency             
000032e5  CS_getMCLK                     
00000b33  DMA_ERR_IRQHandler             
00000b33  DMA_INT0_IRQHandler            
000020b1  DMA_INT1_IRQHandler            
000020b1  DMA_INT1_IRQHandler            
00000b33  DMA_INT2_IRQHandler            
00000b33  DMA_INT3_IRQHandler            
00001e01  DMA_setChannelTransfer         
00000b33  DebugMon_Handler               
00000b33  Default_Handler                
00000b33  EUSCIA0_IRQHandler             
00000b33  EUSCIA1_IRQHandler             
00000b33  EUSCIA2_IRQHandler             
00000b33  EUSCIA3_IRQHandler             
00000b33  EUSCIB0_IRQHandler             
00000b33  EUSCIB1_IRQHandler             
00000b33  EUSCIB2_IRQHandler             
00000b33  EUSCIB3_IRQHandler             
00000b33  FLCTL_IRQHandler               
00000b33  FPU_IRQHandler                 
00002f19  HOSTclose                      
000028c5  HOSTlseek                      
00002b89  HOSTopen                       
00002c45  HOSTread                       
00002859  HOSTrename                     
00002f5d  HOSTunlink                     
00002c9d  HOSTwrite                      
00000b33  HardFault_Handler              
00000b33  MemManage_Handler              
00000b33  NMI_Handler                    
00000b33  PCM_IRQHandler                 
00000b33  PORT1_IRQHandler               
00000b33  PORT2_IRQHandler               
00000b33  PORT3_IRQHandler               
00000b33  PORT4_IRQHandler               
00000b33  PORT5_IRQHandler               
00000b33  PORT6_IRQHandler               
00000b33  PSS_IRQHandler                 
00000b33  PendSV_Handler                 
00000b33  RTC_C_IRQHandler               
0000348d  Reset_Handler                  
00000b33  SVC_Handler                    
00002369  SysCtl_A_getTLVInfo            
00000b33  SysTick_Handler                
0000268d  SystemInit                     
00000b33  T32_INT1_IRQHandler            
00000b33  T32_INT2_IRQHandler            
00000b33  T32_INTC_IRQHandler            
00000b33  TA0_0_IRQHandler               
00000b33  TA0_N_IRQHandler               
00000b33  TA1_0_IRQHandler               
00000b33  TA1_N_IRQHandler               
00000b33  TA2_0_IRQHandler               
00000b33  TA2_N_IRQHandler               
00000b33  TA3_0_IRQHandler               
00000b33  TA3_N_IRQHandler               
00000b33  UsageFault_Handler             
4000480c  WDTCTL_SYM                     
00000b33  WDT_A_IRQHandler               
20002c00  __CIOBUF_                      
20010000  __STACK_END                    
00000200  __STACK_SIZE                   
00000800  __SYSMEM_SIZE                  
00003660  __TI_CINIT_Base                
00003670  __TI_CINIT_Limit               
0000364c  __TI_Handler_Table_Base        
00003658  __TI_Handler_Table_Limit       
00002fa1  __TI_auto_init_nobinit_nopinit 
0000318d  __TI_cleanup                   
200037c8  __TI_cleanup_ptr               
00002705  __TI_closefile                 
0000292d  __TI_decompress_lzss           
0000347f  __TI_decompress_none           
00002df1  __TI_doflush                   
200037cc  __TI_dtors_ptr                 
200037d0  __TI_enable_exit_profile_output
200037b8  __TI_ft_end                    
00002d4b  __TI_ltoa                      
ffffffff  __TI_pprof_out_hndl            
000000e5  __TI_printfi                   
ffffffff  __TI_prof_data_size            
ffffffff  __TI_prof_data_start           
000031c1  __TI_readmsg                   
00000000  __TI_static_base__             
20002d20  __TI_tmpnams                   
000030e5  __TI_writemsg                  
00002b27  __TI_wrt_ok                    
00003499  __TI_zero_init                 
00002489  __aeabi_cdcmpeq                
00002489  __aeabi_cdcmple                
0000250f  __aeabi_cdrcmple               
00002ed1  __aeabi_d2iz                   
00003029  __aeabi_d2uiz                  
0000129f  __aeabi_dadd                   
00001589  __aeabi_ddiv                   
00001c0d  __aeabi_dmul                   
00001295  __aeabi_dsub                   
000034a5  __aeabi_errno_addr             
0000311d  __aeabi_f2d                    
00003289  __aeabi_i2d                    
000016bf  __aeabi_idiv0                  
000016bf  __aeabi_ldiv0                  
00002611  __aeabi_memclr                 
00002611  __aeabi_memclr4                
00002611  __aeabi_memclr8                
00002237  __aeabi_memcpy                 
00002237  __aeabi_memcpy4                
00002237  __aeabi_memcpy8                
00002613  __aeabi_memset                 
00002613  __aeabi_memset4                
00002613  __aeabi_memset8                
200037c4  __aeabi_stderr                 
200037bc  __aeabi_stdin                  
200037c0  __aeabi_stdout                 
000033a5  __aeabi_ui2d                   
000022d3  __aeabi_uldivmod               
ffffffff  __binit__                      
ffffffff  __c_args__                     
UNDEFED   __mpu_init                     
2000fe00  __stack                        
20000000  __start___llvm_prf_cnts        
20000000  __stop___llvm_prf_cnts         
000031f5  _c_int00_noargs                
000034c4  _ctypes_                       
200036d0  _device                        
200035e0  _ftable                        
200037d4  _lock                          
0000144b  _nop                           
20003748  _stream                        
20002de0  _sys_memory                    
UNDEFED   _system_post_cinit             
000034bd  _system_pre_init               
200037d8  _unlock                        
000034c1  abort                          
20002dd4  address                        
00001b0d  aligned_alloc                  
00002e3d  atoi                           
ffffffff  binit                          
00002be9  close                          
20002800  controlTable                   
000033fd  copysign                       
000033fd  copysignl                      
20000000  data_array                     
20002dd8  dma_done                       
200037e4  errno                          
00002e89  exit                           
00003259  finddevice                     
000023fd  fputc                          
000017e5  fputs                          
00001ef1  free                           
000029fd  frexp                          
000029fd  frexpl                         
00002a61  fseek                          
00002fe5  getdevice                      
00000000  interruptVectors               
000018f9  ldexp                          
000018f9  ldexpl                         
00003335  lseek                          
00000b35  main                           
000034ad  malloc                         
00001b0d  memalign                       
000033e1  memccpy                        
00003385  memchr                         
00002237  memcpy                         
00002619  memset                         
20002dc8  parmbuf                        
00002995  printf                         
000023fd  putc                           
000032b9  remove                         
000018f9  scalbn                         
000018f9  scalbnl                        
00001fd5  setvbuf                        
20002ddc  size                           
20003798  size_array                     
0000342f  strchr                         
00003417  strcmp                         
00003445  strcpy                         
00003459  strlen                         
00003155  strncpy                        
000032b9  unlink                         
0000346d  wcslen                         
0000335d  write                          


GLOBAL SYMBOLS: SORTED BY Symbol Address 

address   name                           
-------   ----                           
00000000  __TI_static_base__             
00000000  interruptVectors               
000000e5  __TI_printfi                   
00000200  __STACK_SIZE                   
00000800  __SYSMEM_SIZE                  
00000b33  ADC14_IRQHandler               
00000b33  AES256_IRQHandler              
00000b33  BusFault_Handler               
00000b33  COMP_E0_IRQHandler             
00000b33  COMP_E1_IRQHandler             
00000b33  CS_IRQHandler                  
00000b33  DMA_ERR_IRQHandler             
00000b33  DMA_INT0_IRQHandler            
00000b33  DMA_INT2_IRQHandler            
00000b33  DMA_INT3_IRQHandler            
00000b33  DebugMon_Handler               
00000b33  Default_Handler                
00000b33  EUSCIA0_IRQHandler             
00000b33  EUSCIA1_IRQHandler             
00000b33  EUSCIA2_IRQHandler             
00000b33  EUSCIA3_IRQHandler             
00000b33  EUSCIB0_IRQHandler             
00000b33  EUSCIB1_IRQHandler             
00000b33  EUSCIB2_IRQHandler             
00000b33  EUSCIB3_IRQHandler             
00000b33  FLCTL_IRQHandler               
00000b33  FPU_IRQHandler                 
00000b33  HardFault_Handler              
00000b33  MemManage_Handler              
00000b33  NMI_Handler                    
00000b33  PCM_IRQHandler                 
00000b33  PORT1_IRQHandler               
00000b33  PORT2_IRQHandler               
00000b33  PORT3_IRQHandler               
00000b33  PORT4_IRQHandler               
00000b33  PORT5_IRQHandler               
00000b33  PORT6_IRQHandler               
00000b33  PSS_IRQHandler                 
00000b33  PendSV_Handler                 
00000b33  RTC_C_IRQHandler               
00000b33  SVC_Handler                    
00000b33  SysTick_Handler                
00000b33  T32_INT1_IRQHandler            
00000b33  T32_INT2_IRQHandler            
00000b33  T32_INTC_IRQHandler            
00000b33  TA0_0_IRQHandler               
00000b33  TA0_N_IRQHandler               
00000b33  TA1_0_IRQHandler               
00000b33  TA1_N_IRQHandler               
00000b33  TA2_0_IRQHandler               
00000b33  TA2_N_IRQHandler               
00000b33  TA3_0_IRQHandler               
00000b33  TA3_N_IRQHandler               
00000b33  UsageFault_Handler             
00000b33  WDT_A_IRQHandler               
00000b35  main                           
00001295  __aeabi_dsub                   
0000129f  __aeabi_dadd                   
0000144b  _nop                           
00001589  __aeabi_ddiv                   
000016bf  __aeabi_idiv0                  
000016bf  __aeabi_ldiv0                  
000017e5  fputs                          
000018f9  ldexp                          
000018f9  ldexpl                         
000018f9  scalbn                         
000018f9  scalbnl                        
00001b0d  aligned_alloc                  
00001b0d  memalign                       
00001c0d  __aeabi_dmul                   
00001d09  CS_getDCOFrequency             
00001e01  DMA_setChannelTransfer         
00001ef1  free                           
00001fd5  setvbuf                        
000020b1  DMA_INT1_IRQHandler            
000020b1  DMA_INT1_IRQHandler            
00002237  __aeabi_memcpy                 
00002237  __aeabi_memcpy4                
00002237  __aeabi_memcpy8                
00002237  memcpy                         
000022d3  __aeabi_uldivmod               
00002369  SysCtl_A_getTLVInfo            
000023fd  fputc                          
000023fd  putc                           
00002489  __aeabi_cdcmpeq                
00002489  __aeabi_cdcmple                
0000250f  __aeabi_cdrcmple               
00002611  __aeabi_memclr                 
00002611  __aeabi_memclr4                
00002611  __aeabi_memclr8                
00002613  __aeabi_memset                 
00002613  __aeabi_memset4                
00002613  __aeabi_memset8                
00002619  memset                         
0000268d  SystemInit                     
00002705  __TI_closefile                 
00002859  HOSTrename                     
000028c5  HOSTlseek                      
0000292d  __TI_decompress_lzss           
00002995  printf                         
000029fd  frexp                          
000029fd  frexpl                         
00002a61  fseek                          
00002b27  __TI_wrt_ok                    
00002b89  HOSTopen                       
00002be9  close                          
00002c45  HOSTread                       
00002c9d  HOSTwrite                      
00002d4b  __TI_ltoa                      
00002df1  __TI_doflush                   
00002e3d  atoi                           
00002e89  exit                           
00002ed1  __aeabi_d2iz                   
00002f19  HOSTclose                      
00002f5d  HOSTunlink                     
00002fa1  __TI_auto_init_nobinit_nopinit 
00002fe5  getdevice                      
00003029  __aeabi_d2uiz                  
000030ad  CRC32_getResult                
000030e5  __TI_writemsg                  
00003113  C$$IO$$                        
0000311d  __aeabi_f2d                    
00003155  strncpy                        
0000318d  __TI_cleanup                   
000031c1  __TI_readmsg                   
000031f5  _c_int00_noargs                
00003229  CS_clearInterruptFlag          
00003259  finddevice                     
00003289  __aeabi_i2d                    
000032b9  remove                         
000032b9  unlink                         
000032e5  CS_getMCLK                     
00003335  lseek                          
0000335d  write                          
00003385  memchr                         
000033a5  __aeabi_ui2d                   
000033e1  memccpy                        
000033fd  copysign                       
000033fd  copysignl                      
00003417  strcmp                         
0000342f  strchr                         
00003445  strcpy                         
00003459  strlen                         
0000346d  wcslen                         
0000347f  __TI_decompress_none           
0000348d  Reset_Handler                  
00003499  __TI_zero_init                 
000034a5  __aeabi_errno_addr             
000034ad  malloc                         
000034bd  _system_pre_init               
000034c1  C$$EXIT                        
000034c1  abort                          
000034c4  _ctypes_                       
0000364c  __TI_Handler_Table_Base        
00003658  __TI_Handler_Table_Limit       
00003660  __TI_CINIT_Base                
00003670  __TI_CINIT_Limit               
20000000  __start___llvm_prf_cnts        
20000000  __stop___llvm_prf_cnts         
20000000  data_array                     
20002800  controlTable                   
20002c00  __CIOBUF_                      
20002d20  __TI_tmpnams                   
20002dc8  parmbuf                        
20002dd4  address                        
20002dd8  dma_done                       
20002ddc  size                           
20002de0  _sys_memory                    
200035e0  _ftable                        
200036d0  _device                        
20003748  _stream                        
20003798  size_array                     
200037b8  __TI_ft_end                    
200037bc  __aeabi_stdin                  
200037c0  __aeabi_stdout                 
200037c4  __aeabi_stderr                 
200037c8  __TI_cleanup_ptr               
200037cc  __TI_dtors_ptr                 
200037d0  __TI_enable_exit_profile_output
200037d4  _lock                          
200037d8  _unlock                        
200037e4  errno                          
2000fe00  __stack                        
20010000  __STACK_END                    
4000480c  WDTCTL_SYM                     
ffffffff  __TI_pprof_out_hndl            
ffffffff  __TI_prof_data_size            
ffffffff  __TI_prof_data_start           
ffffffff  __binit__                      
ffffffff  __c_args__                     
ffffffff  binit                          
UNDEFED   __mpu_init                     
UNDEFED   _system_post_cinit             

[193 symbols]
