******************************************************************************
                  TI ARM Linker Unix v20.2.2                   
******************************************************************************
>> Linked Tue Nov  3 12:05:02 2020

OUTPUT FILE NAME:   <Lab6Ex1.1.out>
ENTRY POINT SYMBOL: "_c_int00_noargs"  address: 00000441


MEMORY CONFIGURATION

         name            origin    length      used     unused   attr    fill
----------------------  --------  ---------  --------  --------  ----  --------
  MAIN                  00000000   00040000  000004b4  0003fb4c  R  X
  INFO                  00200000   00004000  00000000  00004000  R  X
  SRAM_CODE             01000000   00010000  00000a05  0000f5fb  RW X
  SRAM_DATA             20000000   00010000  00000a05  0000f5fb  RW  


SEGMENT ALLOCATION MAP

run origin  load origin   length   init length attrs members
----------  ----------- ---------- ----------- ----- -------
00000000    00000000    000004b4   000004b4    r-x
  00000000    00000000    000000e4   000000e4    r-- .intvecs
  000000e4    000000e4    000003bc   000003bc    r-x .text
  000004a0    000004a0    00000014   00000014    r-- .cinit
20000000    20000000    00000805   00000000    rw-
  20000000    20000000    00000805   00000000    rw- .bss
2000fe00    2000fe00    00000200   00000000    rw-
  2000fe00    2000fe00    00000200   00000000    rw- .stack


SECTION ALLOCATION MAP

 output                                  attributes/
section   page    origin      length       input sections
--------  ----  ----------  ----------   ----------------
.intvecs   0    00000000    000000e4     
                  00000000    000000e4     startup_msp432p401r_ccs.obj (.intvecs:retain)

.text      0    000000e4    000003bc     
                  000000e4    000000fc     main.obj (.text:main)
                  000001e0    000000f0     msp432p4xx_driverlib.lib : dma.o (.text:DMA_setChannelTransfer)
                  000002d0    0000007a     rtsv7M4_T_le_v4SPD16_eabi.lib : memset_t2.asm.obj (.text)
                  0000034a    00000002     startup_msp432p401r_ccs.obj (.text:Default_Handler)
                  0000034c    00000078     system_msp432p401r.obj (.text:SystemInit)
                  000003c4    00000044     rtsv7M4_T_le_v4SPD16_eabi.lib : autoinit.c.obj (.text:__TI_auto_init_nobinit_nopinit:__TI_auto_init_nobinit_nopinit)
                  00000408    00000038     msp432p4xx_driverlib.lib : crc32.o (.text:CRC32_getResultReversed)
                  00000440    00000034     rtsv7M4_T_le_v4SPD16_eabi.lib : boot_cortex_m.c.obj (.text:_c_int00_noargs:_c_int00_noargs)
                  00000474    0000000c     main.obj (.text:DMA_INT1_IRQHandler)
                  00000480    0000000c     startup_msp432p401r_ccs.obj (.text:Reset_Handler)
                  0000048c    0000000c     rtsv7M4_T_le_v4SPD16_eabi.lib : copy_zero_init.c.obj (.text:decompress:ZI:__TI_zero_init)
                  00000498    00000004                                   : pre_init.c.obj (.text:_system_pre_init)
                  0000049c    00000004                                   : exit.c.obj (.text:abort:abort)

.cinit     0    000004a0    00000014     
                  000004a0    00000008     (.cinit..bss.load) [load image, compression = zero_init]
                  000004a8    00000004     (__TI_handler_table)
                  000004ac    00000008     (__TI_cinit_table)

.init_array 
*          0    00000000    00000000     UNINITIALIZED

.binit     0    00000000    00000000     

.bss       0    20000000    00000805     UNINITIALIZED
                  20000000    00000400     (.common:controlTable)
                  20000400    00000400     (.common:myData)
                  20000800    00000004     (.common:dmaCalculatedCRC)
                  20000804    00000001     (.common:dma_done)

.stack     0    2000fe00    00000200     UNINITIALIZED
                  2000fe00    00000004     rtsv7M4_T_le_v4SPD16_eabi.lib : boot_cortex_m.c.obj (.stack)
                  2000fe04    000001fc     --HOLE--

__llvm_prf_cnts 
*          0    20000000    00000000     UNINITIALIZED

MODULE SUMMARY

       Module                        code   ro data   rw data
       ------                        ----   -------   -------
    ./
       main.obj                      264    0         4106   
       system_msp432p401r.obj        120    0         0      
    +--+-----------------------------+------+---------+---------+
       Total:                        384    0         4106   
                                                             
    ./ccs/
       startup_msp432p401r_ccs.obj   14     228       0      
    +--+-----------------------------+------+---------+---------+
       Total:                        14     228       0      
                                                             
    /Applications/ti/ccs1010/ccs/tools/compiler/ti-cgt-arm_20.2.2.LTS/lib/rtsv7M4_T_le_v4SPD16_eabi.lib
       memset_t2.asm.obj             122    0         0      
       autoinit.c.obj                68     0         0      
       boot_cortex_m.c.obj           52     0         0      
       copy_zero_init.c.obj          12     0         0      
       exit.c.obj                    4      0         0      
       pre_init.c.obj                4      0         0      
    +--+-----------------------------+------+---------+---------+
       Total:                        262    0         0      
                                                             
    /Users/phatle/ti/simplelink_msp432p4_sdk_3_40_01_02/source/ti/devices/msp432p4xx/driverlib/ccs/msp432p4xx_driverlib.lib
       dma.o                         240    0         0      
       crc32.o                       56     0         0      
    +--+-----------------------------+------+---------+---------+
       Total:                        296    0         0      
                                                             
       Stack:                        0      0         1024   
       Linker Generated:             0      20        0      
    +--+-----------------------------+------+---------+---------+
       Grand Total:                  956    248       5130   


LINKER GENERATED COPY TABLES

__TI_cinit_table @ 000004ac records: 1, size/record: 8, table size: 8
	.bss: load addr=000004a0, load size=00000008 bytes, run addr=20000000, run size=00000805 bytes, compression=zero_init


LINKER GENERATED HANDLER TABLE

__TI_handler_table @ 000004a8 records: 1, size/record: 4, table size: 4
	index: 0, handler: __TI_zero_init


GLOBAL SYMBOLS: SORTED ALPHABETICALLY BY Name 

address   name                          
-------   ----                          
0000034b  ADC14_IRQHandler              
0000034b  AES256_IRQHandler             
0000034b  BusFault_Handler              
0000049d  C$$EXIT                       
0000034b  COMP_E0_IRQHandler            
0000034b  COMP_E1_IRQHandler            
00000409  CRC32_getResultReversed       
0000034b  CS_IRQHandler                 
0000034b  DMA_ERR_IRQHandler            
0000034b  DMA_INT0_IRQHandler           
00000475  DMA_INT1_IRQHandler           
00000475  DMA_INT1_IRQHandler           
0000034b  DMA_INT2_IRQHandler           
0000034b  DMA_INT3_IRQHandler           
000001e1  DMA_setChannelTransfer        
0000034b  DebugMon_Handler              
0000034b  Default_Handler               
0000034b  EUSCIA0_IRQHandler            
0000034b  EUSCIA1_IRQHandler            
0000034b  EUSCIA2_IRQHandler            
0000034b  EUSCIA3_IRQHandler            
0000034b  EUSCIB0_IRQHandler            
0000034b  EUSCIB1_IRQHandler            
0000034b  EUSCIB2_IRQHandler            
0000034b  EUSCIB3_IRQHandler            
0000034b  FLCTL_IRQHandler              
0000034b  FPU_IRQHandler                
0000034b  HardFault_Handler             
0000034b  MemManage_Handler             
0000034b  NMI_Handler                   
0000034b  PCM_IRQHandler                
0000034b  PORT1_IRQHandler              
0000034b  PORT2_IRQHandler              
0000034b  PORT3_IRQHandler              
0000034b  PORT4_IRQHandler              
0000034b  PORT5_IRQHandler              
0000034b  PORT6_IRQHandler              
0000034b  PSS_IRQHandler                
0000034b  PendSV_Handler                
0000034b  RTC_C_IRQHandler              
00000481  Reset_Handler                 
0000034b  SVC_Handler                   
0000034b  SysTick_Handler               
0000034d  SystemInit                    
0000034b  T32_INT1_IRQHandler           
0000034b  T32_INT2_IRQHandler           
0000034b  T32_INTC_IRQHandler           
0000034b  TA0_0_IRQHandler              
0000034b  TA0_N_IRQHandler              
0000034b  TA1_0_IRQHandler              
0000034b  TA1_N_IRQHandler              
0000034b  TA2_0_IRQHandler              
0000034b  TA2_N_IRQHandler              
0000034b  TA3_0_IRQHandler              
0000034b  TA3_N_IRQHandler              
0000034b  UsageFault_Handler            
4000480c  WDTCTL_SYM                    
0000034b  WDT_A_IRQHandler              
20010000  __STACK_END                   
00000200  __STACK_SIZE                  
000004ac  __TI_CINIT_Base               
000004b4  __TI_CINIT_Limit              
000004a8  __TI_Handler_Table_Base       
000004ac  __TI_Handler_Table_Limit      
000003c5  __TI_auto_init_nobinit_nopinit
ffffffff  __TI_pprof_out_hndl           
ffffffff  __TI_prof_data_size           
ffffffff  __TI_prof_data_start          
00000000  __TI_static_base__            
0000048d  __TI_zero_init                
000002d1  __aeabi_memclr                
000002d1  __aeabi_memclr4               
000002d1  __aeabi_memclr8               
000002d3  __aeabi_memset                
000002d3  __aeabi_memset4               
000002d3  __aeabi_memset8               
ffffffff  __binit__                     
ffffffff  __c_args__                    
UNDEFED   __mpu_init                    
2000fe00  __stack                       
20000000  __start___llvm_prf_cnts       
20000000  __stop___llvm_prf_cnts        
00000441  _c_int00_noargs               
UNDEFED   _system_post_cinit            
00000499  _system_pre_init              
0000049d  abort                         
ffffffff  binit                         
20000000  controlTable                  
20000800  dmaCalculatedCRC              
20000804  dma_done                      
00000000  interruptVectors              
000000e5  main                          
000002d9  memset                        
20000400  myData                        


GLOBAL SYMBOLS: SORTED BY Symbol Address 

address   name                          
-------   ----                          
00000000  __TI_static_base__            
00000000  interruptVectors              
000000e5  main                          
000001e1  DMA_setChannelTransfer        
00000200  __STACK_SIZE                  
000002d1  __aeabi_memclr                
000002d1  __aeabi_memclr4               
000002d1  __aeabi_memclr8               
000002d3  __aeabi_memset                
000002d3  __aeabi_memset4               
000002d3  __aeabi_memset8               
000002d9  memset                        
0000034b  ADC14_IRQHandler              
0000034b  AES256_IRQHandler             
0000034b  BusFault_Handler              
0000034b  COMP_E0_IRQHandler            
0000034b  COMP_E1_IRQHandler            
0000034b  CS_IRQHandler                 
0000034b  DMA_ERR_IRQHandler            
0000034b  DMA_INT0_IRQHandler           
0000034b  DMA_INT2_IRQHandler           
0000034b  DMA_INT3_IRQHandler           
0000034b  DebugMon_Handler              
0000034b  Default_Handler               
0000034b  EUSCIA0_IRQHandler            
0000034b  EUSCIA1_IRQHandler            
0000034b  EUSCIA2_IRQHandler            
0000034b  EUSCIA3_IRQHandler            
0000034b  EUSCIB0_IRQHandler            
0000034b  EUSCIB1_IRQHandler            
0000034b  EUSCIB2_IRQHandler            
0000034b  EUSCIB3_IRQHandler            
0000034b  FLCTL_IRQHandler              
0000034b  FPU_IRQHandler                
0000034b  HardFault_Handler             
0000034b  MemManage_Handler             
0000034b  NMI_Handler                   
0000034b  PCM_IRQHandler                
0000034b  PORT1_IRQHandler              
0000034b  PORT2_IRQHandler              
0000034b  PORT3_IRQHandler              
0000034b  PORT4_IRQHandler              
0000034b  PORT5_IRQHandler              
0000034b  PORT6_IRQHandler              
0000034b  PSS_IRQHandler                
0000034b  PendSV_Handler                
0000034b  RTC_C_IRQHandler              
0000034b  SVC_Handler                   
0000034b  SysTick_Handler               
0000034b  T32_INT1_IRQHandler           
0000034b  T32_INT2_IRQHandler           
0000034b  T32_INTC_IRQHandler           
0000034b  TA0_0_IRQHandler              
0000034b  TA0_N_IRQHandler              
0000034b  TA1_0_IRQHandler              
0000034b  TA1_N_IRQHandler              
0000034b  TA2_0_IRQHandler              
0000034b  TA2_N_IRQHandler              
0000034b  TA3_0_IRQHandler              
0000034b  TA3_N_IRQHandler              
0000034b  UsageFault_Handler            
0000034b  WDT_A_IRQHandler              
0000034d  SystemInit                    
000003c5  __TI_auto_init_nobinit_nopinit
00000409  CRC32_getResultReversed       
00000441  _c_int00_noargs               
00000475  DMA_INT1_IRQHandler           
00000475  DMA_INT1_IRQHandler           
00000481  Reset_Handler                 
0000048d  __TI_zero_init                
00000499  _system_pre_init              
0000049d  C$$EXIT                       
0000049d  abort                         
000004a8  __TI_Handler_Table_Base       
000004ac  __TI_CINIT_Base               
000004ac  __TI_Handler_Table_Limit      
000004b4  __TI_CINIT_Limit              
20000000  __start___llvm_prf_cnts       
20000000  __stop___llvm_prf_cnts        
20000000  controlTable                  
20000400  myData                        
20000800  dmaCalculatedCRC              
20000804  dma_done                      
2000fe00  __stack                       
20010000  __STACK_END                   
4000480c  WDTCTL_SYM                    
ffffffff  __TI_pprof_out_hndl           
ffffffff  __TI_prof_data_size           
ffffffff  __TI_prof_data_start          
ffffffff  __binit__                     
ffffffff  __c_args__                    
ffffffff  binit                         
UNDEFED   __mpu_init                    
UNDEFED   _system_post_cinit            

[94 symbols]
