******************************************************************************
                  TI ARM Linker Unix v20.2.2                   
******************************************************************************
>> Linked Sun Oct 11 17:07:45 2020

OUTPUT FILE NAME:   <Lab4Ex2.1.out>
ENTRY POINT SYMBOL: "_c_int00_noargs"  address: 00002e2d


MEMORY CONFIGURATION

         name            origin    length      used     unused   attr    fill
----------------------  --------  ---------  --------  --------  ----  --------
  MAIN                  00000000   00040000  0000328d  0003cd73  R  X
  INFO                  00200000   00004000  00000000  00004000  R  X
  SRAM_CODE             01000000   00010000  00000dec  0000f214  RW X
  SRAM_DATA             20000000   00010000  00000dec  0000f214  RW  


SEGMENT ALLOCATION MAP

run origin  load origin   length   init length attrs members
----------  ----------- ---------- ----------- ----- -------
00000000    00000000    00003290   00003290    r-x
  00000000    00000000    000000e4   000000e4    r-- .intvecs
  000000e4    000000e4    00003008   00003008    r-x .text
  000030ec    000030ec    00000101   00000101    r-- .const
  000031f0    000031f0    000000a0   000000a0    r-- .cinit
20000000    20000000    00000bec   00000000    rw-
  20000000    20000000    00000800   00000000    rw- .sysmem
  20000800    20000800    00000200   00000000    rw- .data
  20000a00    20000a00    000001ec   00000000    rw- .bss
2000fe00    2000fe00    00000200   00000000    rw-
  2000fe00    2000fe00    00000200   00000000    rw- .stack


SECTION ALLOCATION MAP

 output                                  attributes/
section   page    origin      length       input sections
--------  ----  ----------  ----------   ----------------
.intvecs   0    00000000    000000e4     
                  00000000    000000e4     startup_msp432p401r_ccs.obj (.intvecs:retain)

.text      0    000000e4    00003008     
                  000000e4    00000a4e     rtsv7M4_T_le_v4SPD16_eabi.lib : _printfi.c.obj (.text:__TI_printfi)
                  00000b32    00000002     startup_msp432p401r_ccs.obj (.text:Default_Handler)
                  00000b34    00000270     rtsv7M4_T_le_v4SPD16_eabi.lib : _printfi.c.obj (.text:_pconv_a)
                  00000da4    000001d0                                   : _printfi.c.obj (.text:_pconv_g)
                  00000f74    000001b6                                   : fd_add_t2.asm.obj (.text)
                  0000112a    00000002                                   : _lock.c.obj (.text:_nop)
                  0000112c    00000150     main.obj (.text:main)
                  0000127c    0000013c     rtsv7M4_T_le_v4SPD16_eabi.lib : _printfi.c.obj (.text:_pconv_e)
                  000013b8    00000136                                   : fd_div_t2.asm.obj (.text)
                  000014ee    00000002                                   : div0.asm.obj (.text)
                  000014f0    00000124                                   : _printfi.c.obj (.text:fcvt)
                  00001614    00000114                                   : fputs.c.obj (.text:fputs)
                  00001728    00000110                                   : s_scalbn.c.obj (.text:scalbn)
                  00001838    00000104     msp432p4xx_driverlib.lib : cs.o (.text:_CSComputeCLKFrequency)
                  0000193c    00000100     rtsv7M4_T_le_v4SPD16_eabi.lib : memory.c.obj (.text:aligned_alloc)
                  00001a3c    000000fc                                   : fd_mul_t2.asm.obj (.text)
                  00001b38    000000f8     msp432p4xx_driverlib.lib : cs.o (.text:CS_getDCOFrequency)
                  00001c30    000000e4     rtsv7M4_T_le_v4SPD16_eabi.lib : memory.c.obj (.text:free)
                  00001d14    000000dc                                   : setvbuf.c.obj (.text:setvbuf)
                  00001df0    000000b1                                   : _printfi.c.obj (.text:_ltostr)
                  00001ea1    00000001     --HOLE-- [fill = 0]
                  00001ea2    0000009c                                   : memcpy_t2.asm.obj (.text)
                  00001f3e    00000096                                   : ull_div_t2.asm.obj (.text)
                  00001fd4    00000094     msp432p4xx_driverlib.lib : sysctl_a.o (.text:SysCtl_A_getTLVInfo)
                  00002068    0000008c     rtsv7M4_T_le_v4SPD16_eabi.lib : fputc.c.obj (.text:fputc)
                  000020f4    00000086                                   : fd_cmp_t2.asm.obj (.text:__aeabi_cdcmple)
                  0000217a    00000086                                   : fd_cmp_t2.asm.obj (.text:__aeabi_cdrcmple)
                  00002200    00000080     main.obj (.text:delay_ms)
                  00002280    0000007c     msp432p4xx_driverlib.lib : cs.o (.text:_CSGetDOCFrequency)
                  000022fc    0000007a     rtsv7M4_T_le_v4SPD16_eabi.lib : memset_t2.asm.obj (.text)
                  00002376    00000002     --HOLE-- [fill = 0]
                  00002378    00000078     system_msp432p401r.obj (.text:SystemInit)
                  000023f0    00000074     rtsv7M4_T_le_v4SPD16_eabi.lib : fclose.c.obj (.text:__TI_closefile)
                  00002464    00000070                                   : memory.c.obj (.text:split)
                  000024d4    0000006e                                   : _printfi.c.obj (.text:_mcpy)
                  00002542    00000002     --HOLE-- [fill = 0]
                  00002544    0000006c                                   : hostrename.c.obj (.text:HOSTrename)
                  000025b0    00000068                                   : hostlseek.c.obj (.text:HOSTlseek)
                  00002618    00000068                                   : copy_decompress_lzss.c.obj (.text:decompress:lzss:__TI_decompress_lzss)
                  00002680    00000068                                   : printf.c.obj (.text:printf)
                  000026e8    00000064                                   : s_frexp.c.obj (.text:frexp)
                  0000274c    00000064                                   : fseek.c.obj (.text:fseek)
                  000027b0    00000062     msp432p4xx_driverlib.lib : cs.o (.text:_CSGetDividerValue)
                  00002812    00000062     rtsv7M4_T_le_v4SPD16_eabi.lib : _io_perm.c.obj (.text:__TI_wrt_ok)
                  00002874    00000060                                   : hostopen.c.obj (.text:HOSTopen)
                  000028d4    0000005c                                   : close.c.obj (.text:close)
                  00002930    00000058                                   : hostread.c.obj (.text:HOSTread)
                  00002988    00000058                                   : hostwrite.c.obj (.text:HOSTwrite)
                  000029e0    00000056                                   : _printfi.c.obj (.text:_pconv_f)
                  00002a36    00000054                                   : _ltoa.c.obj (.text:__TI_ltoa)
                  00002a8a    00000052                                   : _printfi.c.obj (.text:_ecpy)
                  00002adc    0000004c                                   : fflush.c.obj (.text:__TI_doflush)
                  00002b28    0000004c                                   : atoi.c.obj (.text:atoi)
                  00002b74    00000048                                   : exit.c.obj (.text:exit)
                  00002bbc    00000048                                   : fd_toi_t2.asm.obj (.text)
                  00002c04    00000044                                   : hostclose.c.obj (.text:HOSTclose)
                  00002c48    00000044                                   : hostunlink.c.obj (.text:HOSTunlink)
                  00002c8c    00000044                                   : autoinit.c.obj (.text:__TI_auto_init_nobinit_nopinit:__TI_auto_init_nobinit_nopinit)
                  00002cd0    00000044                                   : getdevice.c.obj (.text:getdevice)
                  00002d14    0000003e                                   : _printfi.c.obj (.text:_fcpy)
                  00002d52    00000002     --HOLE-- [fill = 0]
                  00002d54    00000038                                   : trgmsg.c.obj (.text:__TI_writemsg)
                  00002d8c    00000036                                   : strncpy.c.obj (.text:strncpy)
                  00002dc2    00000002     --HOLE-- [fill = 0]
                  00002dc4    00000034                                   : fopen.c.obj (.text:__TI_cleanup)
                  00002df8    00000034                                   : trgmsg.c.obj (.text:__TI_readmsg)
                  00002e2c    00000034                                   : boot_cortex_m.c.obj (.text:_c_int00_noargs:_c_int00_noargs)
                  00002e60    00000030     msp432p4xx_driverlib.lib : cs.o (.text:CS_clearInterruptFlag)
                  00002e90    00000030     rtsv7M4_T_le_v4SPD16_eabi.lib : getdevice.c.obj (.text:finddevice)
                  00002ec0    0000002e                                   : i_tofd_t2.asm.obj (.text)
                  00002eee    00000002     --HOLE-- [fill = 0]
                  00002ef0    0000002c                                   : unlink.c.obj (.text:unlink)
                  00002f1c    00000028     msp432p4xx_driverlib.lib : cs.o (.text:CS_getMCLK)
                  00002f44    00000028     rtsv7M4_T_le_v4SPD16_eabi.lib : memory.c.obj (.text:free_list_insert)
                  00002f6c    00000028                                   : lseek.c.obj (.text:lseek)
                  00002f94    00000028                                   : write.c.obj (.text:write)
                  00002fbc    00000020                                   : memchr.c.obj (.text:memchr)
                  00002fdc    0000001c                                   : copy_zero_init.c.obj (.text:decompress:ZI:__TI_zero_init_nomemset:__TI_zero_init_nomemset)
                  00002ff8    0000001c                                   : memory.c.obj (.text:free_list_remove)
                  00003014    0000001c                                   : memccpy.c.obj (.text:memccpy)
                  00003030    0000001a                                   : s_copysign.c.obj (.text:copysign)
                  0000304a    00000018                                   : strcmp.c.obj (.text:strcmp)
                  00003062    00000016                                   : strchr.c.obj (.text:strchr)
                  00003078    00000014                                   : strcpy.c.obj (.text:strcpy)
                  0000308c    00000014                                   : strlen.c.obj (.text:strlen)
                  000030a0    00000012                                   : wcslen.c.obj (.text:wcslen)
                  000030b2    0000000e                                   : copy_decompress_none.c.obj (.text:decompress:none:__TI_decompress_none)
                  000030c0    0000000c     startup_msp432p401r_ccs.obj (.text:Reset_Handler)
                  000030cc    00000008     rtsv7M4_T_le_v4SPD16_eabi.lib : errno.c.obj (.text:__aeabi_errno_addr)
                  000030d4    00000008                                   : memory.c.obj (.text:malloc)
                  000030dc    00000004                                   : printf.c.obj (.text:_outc)
                  000030e0    00000004                                   : printf.c.obj (.text:_outs)
                  000030e4    00000004                                   : pre_init.c.obj (.text:_system_pre_init)
                  000030e8    00000004                                   : exit.c.obj (.text:abort:abort)

.const     0    000030ec    00000101     
                  000030ec    00000101     rtsv7M4_T_le_v4SPD16_eabi.lib : ctype.c.obj (.const:.string:_ctypes_)

.cinit     0    000031f0    000000a0     
                  000031f0    00000079     (.cinit..data.load) [load image, compression = lzss]
                  00003269    00000003     --HOLE-- [fill = 0]
                  0000326c    0000000c     (__TI_handler_table)
                  00003278    00000008     (.cinit..bss.load) [load image, compression = zero_init]
                  00003280    00000010     (__TI_cinit_table)

.init_array 
*          0    00000000    00000000     UNINITIALIZED

.binit     0    00000000    00000000     

.sysmem    0    20000000    00000800     UNINITIALIZED
                  20000000    00000010     rtsv7M4_T_le_v4SPD16_eabi.lib : memory.c.obj (.sysmem)
                  20000010    000007f0     --HOLE--

.data      0    20000800    00000200     UNINITIALIZED
                  20000800    000000f0     rtsv7M4_T_le_v4SPD16_eabi.lib : defs.c.obj (.data:_ftable)
                  200008f0    00000078                                   : host_device.c.obj (.data:_device)
                  20000968    00000050                                   : host_device.c.obj (.data:_stream)
                  200009b8    00000018     main.obj (.data:timeArray)
                  200009d0    00000010     rtsv7M4_T_le_v4SPD16_eabi.lib : defs.c.obj (.data)
                  200009e0    0000000c                                   : exit.c.obj (.data:$O1$$)
                  200009ec    00000008                                   : _lock.c.obj (.data:$O1$$)
                  200009f4    00000008                                   : memory.c.obj (.data:$O1$$)
                  200009fc    00000004                                   : errno.c.obj (.data)

.bss       0    20000a00    000001ec     UNINITIALIZED
                  20000a00    00000120     rtsv7M4_T_le_v4SPD16_eabi.lib : trgmsg.c.obj (.bss:_CIOBUF_)
                  20000b20    000000a0     (.common:__TI_tmpnams)
                  20000bc0    00000008     msp432p4xx_driverlib.lib : cs.o (.bss)
                  20000bc8    00000008     (.common:parmbuf)
                  20000bd0    00000004     (.common:count_us)
                  20000bd4    00000004     (.common:current)
                  20000bd8    00000004     (.common:duration)
                  20000bdc    00000004     (.common:i)
                  20000be0    00000004     (.common:initial)
                  20000be4    00000004     (.common:t0)
                  20000be8    00000004     (.common:t1)

.stack     0    2000fe00    00000200     UNINITIALIZED
                  2000fe00    00000004     rtsv7M4_T_le_v4SPD16_eabi.lib : boot_cortex_m.c.obj (.stack)
                  2000fe04    000001fc     --HOLE--

__llvm_prf_cnts 
*          0    20000000    00000000     UNINITIALIZED

MODULE SUMMARY

       Module                        code    ro data   rw data
       ------                        ----    -------   -------
    ./
       main.obj                      464     0         104    
       system_msp432p401r.obj        120     0         0      
    +--+-----------------------------+-------+---------+---------+
       Total:                        584     0         104    
                                                              
    ./ccs/
       startup_msp432p401r_ccs.obj   14      228       0      
    +--+-----------------------------+-------+---------+---------+
       Total:                        14      228       0      
                                                              
    /Applications/ti/ccs1010/ccs/tools/compiler/ti-cgt-arm_20.2.2.LTS/lib/rtsv7M4_T_le_v4SPD16_eabi.lib
       _printfi.c.obj                4851    0         0      
       defs.c.obj                    0       0         832    
       memory.c.obj                  672     0         16     
       trgmsg.c.obj                  108     0         576    
       fd_add_t2.asm.obj             438     0         0      
       host_device.c.obj             0       0         400    
       fd_div_t2.asm.obj             310     0         0      
       fputs.c.obj                   276     0         0      
       s_scalbn.c.obj                272     0         0      
       fd_cmp_t2.asm.obj             268     0         0      
       ctype.c.obj                   0       257       0      
       fd_mul_t2.asm.obj             252     0         0      
       setvbuf.c.obj                 220     0         0      
       memcpy_t2.asm.obj             156     0         0      
       ull_div_t2.asm.obj            150     0         0      
       fputc.c.obj                   140     0         0      
       memset_t2.asm.obj             122     0         0      
       fclose.c.obj                  116     0         0      
       getdevice.c.obj               116     0         0      
       hostopen.c.obj                96      0         16     
       printf.c.obj                  112     0         0      
       hostrename.c.obj              108     0         0      
       copy_decompress_lzss.c.obj    104     0         0      
       hostlseek.c.obj               104     0         0      
       exit.c.obj                    76      0         24     
       fseek.c.obj                   100     0         0      
       s_frexp.c.obj                 100     0         0      
       _io_perm.c.obj                98      0         0      
       close.c.obj                   92      0         0      
       hostread.c.obj                88      0         0      
       hostwrite.c.obj               88      0         0      
       _ltoa.c.obj                   84      0         0      
       atoi.c.obj                    76      0         0      
       fflush.c.obj                  76      0         0      
       fd_toi_t2.asm.obj             72      0         0      
       autoinit.c.obj                68      0         0      
       hostclose.c.obj               68      0         0      
       hostunlink.c.obj              68      0         0      
       strncpy.c.obj                 54      0         0      
       boot_cortex_m.c.obj           52      0         0      
       fopen.c.obj                   52      0         0      
       i_tofd_t2.asm.obj             46      0         0      
       unlink.c.obj                  44      0         0      
       lseek.c.obj                   40      0         0      
       write.c.obj                   40      0         0      
       memchr.c.obj                  32      0         0      
       copy_zero_init.c.obj          28      0         0      
       memccpy.c.obj                 28      0         0      
       s_copysign.c.obj              26      0         0      
       strcmp.c.obj                  24      0         0      
       strchr.c.obj                  22      0         0      
       strcpy.c.obj                  20      0         0      
       strlen.c.obj                  20      0         0      
       _lock.c.obj                   2       0         16     
       wcslen.c.obj                  18      0         0      
       errno.c.obj                   8       0         8      
       copy_decompress_none.c.obj    14      0         0      
       pre_init.c.obj                4       0         0      
       div0.asm.obj                  2       0         0      
    +--+-----------------------------+-------+---------+---------+
       Total:                        10721   257       1888   
                                                              
    /Users/phatle/ti/simplelink_msp432p4_sdk_3_40_01_02/source/ti/devices/msp432p4xx/driverlib/ccs/msp432p4xx_driverlib.lib
       cs.o                          818     0         16     
       sysctl_a.o                    148     0         0      
    +--+-----------------------------+-------+---------+---------+
       Total:                        966     0         16     
                                                              
       Heap:                         0       0         4096   
       Stack:                        0       0         1024   
       Linker Generated:             0       157       0      
    +--+-----------------------------+-------+---------+---------+
       Grand Total:                  12285   642       7128   


LINKER GENERATED COPY TABLES

__TI_cinit_table @ 00003280 records: 2, size/record: 8, table size: 16
	.data: load addr=000031f0, load size=00000079 bytes, run addr=20000800, run size=00000200 bytes, compression=lzss
	.bss: load addr=00003278, load size=00000008 bytes, run addr=20000a00, run size=000001ec bytes, compression=zero_init


LINKER GENERATED HANDLER TABLE

__TI_handler_table @ 0000326c records: 3, size/record: 4, table size: 12
	index: 0, handler: __TI_decompress_lzss
	index: 1, handler: __TI_decompress_none
	index: 2, handler: __TI_zero_init


GLOBAL SYMBOLS: SORTED ALPHABETICALLY BY Name 

address   name                           
-------   ----                           
00000b33  ADC14_IRQHandler               
00000b33  AES256_IRQHandler              
00000b33  BusFault_Handler               
000030e9  C$$EXIT                        
00002d83  C$$IO$$                        
00000b33  COMP_E0_IRQHandler             
00000b33  COMP_E1_IRQHandler             
00000b33  CS_IRQHandler                  
00002e61  CS_clearInterruptFlag          
00001b39  CS_getDCOFrequency             
00002f1d  CS_getMCLK                     
00000b33  DMA_ERR_IRQHandler             
00000b33  DMA_INT0_IRQHandler            
00000b33  DMA_INT1_IRQHandler            
00000b33  DMA_INT2_IRQHandler            
00000b33  DMA_INT3_IRQHandler            
00000b33  DebugMon_Handler               
00000b33  Default_Handler                
00000b33  EUSCIA0_IRQHandler             
00000b33  EUSCIA1_IRQHandler             
00000b33  EUSCIA2_IRQHandler             
00000b33  EUSCIA3_IRQHandler             
00000b33  EUSCIB0_IRQHandler             
00000b33  EUSCIB1_IRQHandler             
00000b33  EUSCIB2_IRQHandler             
00000b33  EUSCIB3_IRQHandler             
00000b33  FLCTL_IRQHandler               
00000b33  FPU_IRQHandler                 
00002c05  HOSTclose                      
000025b1  HOSTlseek                      
00002875  HOSTopen                       
00002931  HOSTread                       
00002545  HOSTrename                     
00002c49  HOSTunlink                     
00002989  HOSTwrite                      
00000b33  HardFault_Handler              
00000b33  MemManage_Handler              
00000b33  NMI_Handler                    
00000b33  PCM_IRQHandler                 
00000b33  PORT1_IRQHandler               
00000b33  PORT2_IRQHandler               
00000b33  PORT3_IRQHandler               
00000b33  PORT4_IRQHandler               
00000b33  PORT5_IRQHandler               
00000b33  PORT6_IRQHandler               
00000b33  PSS_IRQHandler                 
00000b33  PendSV_Handler                 
00000b33  RTC_C_IRQHandler               
000030c1  Reset_Handler                  
00000b33  SVC_Handler                    
00001fd5  SysCtl_A_getTLVInfo            
00000b33  SysTick_Handler                
00002379  SystemInit                     
00000b33  T32_INT1_IRQHandler            
00000b33  T32_INT2_IRQHandler            
00000b33  T32_INTC_IRQHandler            
00000b33  TA0_0_IRQHandler               
00000b33  TA0_N_IRQHandler               
00000b33  TA1_0_IRQHandler               
00000b33  TA1_N_IRQHandler               
00000b33  TA2_0_IRQHandler               
00000b33  TA2_N_IRQHandler               
00000b33  TA3_0_IRQHandler               
00000b33  TA3_N_IRQHandler               
00000b33  UsageFault_Handler             
4000480c  WDTCTL_SYM                     
00000b33  WDT_A_IRQHandler               
20000a00  __CIOBUF_                      
20010000  __STACK_END                    
00000200  __STACK_SIZE                   
00000800  __SYSMEM_SIZE                  
00003280  __TI_CINIT_Base                
00003290  __TI_CINIT_Limit               
0000326c  __TI_Handler_Table_Base        
00003278  __TI_Handler_Table_Limit       
00002c8d  __TI_auto_init_nobinit_nopinit 
00002dc5  __TI_cleanup                   
200009e0  __TI_cleanup_ptr               
000023f1  __TI_closefile                 
00002619  __TI_decompress_lzss           
000030b3  __TI_decompress_none           
00002add  __TI_doflush                   
200009e4  __TI_dtors_ptr                 
200009e8  __TI_enable_exit_profile_output
200009d0  __TI_ft_end                    
00002a37  __TI_ltoa                      
ffffffff  __TI_pprof_out_hndl            
000000e5  __TI_printfi                   
ffffffff  __TI_prof_data_size            
ffffffff  __TI_prof_data_start           
00002df9  __TI_readmsg                   
00000000  __TI_static_base__             
20000b20  __TI_tmpnams                   
00002d55  __TI_writemsg                  
00002813  __TI_wrt_ok                    
00002fdd  __TI_zero_init_nomemset        
000020f5  __aeabi_cdcmpeq                
000020f5  __aeabi_cdcmple                
0000217b  __aeabi_cdrcmple               
00002bbd  __aeabi_d2iz                   
00000f7f  __aeabi_dadd                   
000013b9  __aeabi_ddiv                   
00001a3d  __aeabi_dmul                   
00000f75  __aeabi_dsub                   
000030cd  __aeabi_errno_addr             
00002ec1  __aeabi_i2d                    
000014ef  __aeabi_idiv0                  
000014ef  __aeabi_ldiv0                  
000022fd  __aeabi_memclr                 
000022fd  __aeabi_memclr4                
000022fd  __aeabi_memclr8                
00001ea3  __aeabi_memcpy                 
00001ea3  __aeabi_memcpy4                
00001ea3  __aeabi_memcpy8                
000022ff  __aeabi_memset                 
000022ff  __aeabi_memset4                
000022ff  __aeabi_memset8                
200009dc  __aeabi_stderr                 
200009d4  __aeabi_stdin                  
200009d8  __aeabi_stdout                 
00001f3f  __aeabi_uldivmod               
ffffffff  __binit__                      
ffffffff  __c_args__                     
UNDEFED   __mpu_init                     
2000fe00  __stack                        
20000000  __start___llvm_prf_cnts        
20000000  __stop___llvm_prf_cnts         
00002e2d  _c_int00_noargs                
000030ec  _ctypes_                       
200008f0  _device                        
20000800  _ftable                        
200009ec  _lock                          
0000112b  _nop                           
20000968  _stream                        
20000000  _sys_memory                    
UNDEFED   _system_post_cinit             
000030e5  _system_pre_init               
200009f0  _unlock                        
000030e9  abort                          
0000193d  aligned_alloc                  
00002b29  atoi                           
ffffffff  binit                          
000028d5  close                          
00003031  copysign                       
00003031  copysignl                      
20000bd0  count_us                       
20000bd4  current                        
00002201  delay_ms                       
20000bd8  duration                       
200009fc  errno                          
00002b75  exit                           
00002e91  finddevice                     
00002069  fputc                          
00001615  fputs                          
00001c31  free                           
000026e9  frexp                          
000026e9  frexpl                         
0000274d  fseek                          
00002cd1  getdevice                      
20000bdc  i                              
20000be0  initial                        
00000000  interruptVectors               
00001729  ldexp                          
00001729  ldexpl                         
00002f6d  lseek                          
0000112d  main                           
000030d5  malloc                         
0000193d  memalign                       
00003015  memccpy                        
00002fbd  memchr                         
00001ea3  memcpy                         
00002305  memset                         
20000bc8  parmbuf                        
00002681  printf                         
00002069  putc                           
00002ef1  remove                         
00001729  scalbn                         
00001729  scalbnl                        
00001d15  setvbuf                        
00003063  strchr                         
0000304b  strcmp                         
00003079  strcpy                         
0000308d  strlen                         
00002d8d  strncpy                        
20000be4  t0                             
20000be8  t1                             
200009b8  timeArray                      
00002ef1  unlink                         
000030a1  wcslen                         
00002f95  write                          


GLOBAL SYMBOLS: SORTED BY Symbol Address 

address   name                           
-------   ----                           
00000000  __TI_static_base__             
00000000  interruptVectors               
000000e5  __TI_printfi                   
00000200  __STACK_SIZE                   
00000800  __SYSMEM_SIZE                  
00000b33  ADC14_IRQHandler               
00000b33  AES256_IRQHandler              
00000b33  BusFault_Handler               
00000b33  COMP_E0_IRQHandler             
00000b33  COMP_E1_IRQHandler             
00000b33  CS_IRQHandler                  
00000b33  DMA_ERR_IRQHandler             
00000b33  DMA_INT0_IRQHandler            
00000b33  DMA_INT1_IRQHandler            
00000b33  DMA_INT2_IRQHandler            
00000b33  DMA_INT3_IRQHandler            
00000b33  DebugMon_Handler               
00000b33  Default_Handler                
00000b33  EUSCIA0_IRQHandler             
00000b33  EUSCIA1_IRQHandler             
00000b33  EUSCIA2_IRQHandler             
00000b33  EUSCIA3_IRQHandler             
00000b33  EUSCIB0_IRQHandler             
00000b33  EUSCIB1_IRQHandler             
00000b33  EUSCIB2_IRQHandler             
00000b33  EUSCIB3_IRQHandler             
00000b33  FLCTL_IRQHandler               
00000b33  FPU_IRQHandler                 
00000b33  HardFault_Handler              
00000b33  MemManage_Handler              
00000b33  NMI_Handler                    
00000b33  PCM_IRQHandler                 
00000b33  PORT1_IRQHandler               
00000b33  PORT2_IRQHandler               
00000b33  PORT3_IRQHandler               
00000b33  PORT4_IRQHandler               
00000b33  PORT5_IRQHandler               
00000b33  PORT6_IRQHandler               
00000b33  PSS_IRQHandler                 
00000b33  PendSV_Handler                 
00000b33  RTC_C_IRQHandler               
00000b33  SVC_Handler                    
00000b33  SysTick_Handler                
00000b33  T32_INT1_IRQHandler            
00000b33  T32_INT2_IRQHandler            
00000b33  T32_INTC_IRQHandler            
00000b33  TA0_0_IRQHandler               
00000b33  TA0_N_IRQHandler               
00000b33  TA1_0_IRQHandler               
00000b33  TA1_N_IRQHandler               
00000b33  TA2_0_IRQHandler               
00000b33  TA2_N_IRQHandler               
00000b33  TA3_0_IRQHandler               
00000b33  TA3_N_IRQHandler               
00000b33  UsageFault_Handler             
00000b33  WDT_A_IRQHandler               
00000f75  __aeabi_dsub                   
00000f7f  __aeabi_dadd                   
0000112b  _nop                           
0000112d  main                           
000013b9  __aeabi_ddiv                   
000014ef  __aeabi_idiv0                  
000014ef  __aeabi_ldiv0                  
00001615  fputs                          
00001729  ldexp                          
00001729  ldexpl                         
00001729  scalbn                         
00001729  scalbnl                        
0000193d  aligned_alloc                  
0000193d  memalign                       
00001a3d  __aeabi_dmul                   
00001b39  CS_getDCOFrequency             
00001c31  free                           
00001d15  setvbuf                        
00001ea3  __aeabi_memcpy                 
00001ea3  __aeabi_memcpy4                
00001ea3  __aeabi_memcpy8                
00001ea3  memcpy                         
00001f3f  __aeabi_uldivmod               
00001fd5  SysCtl_A_getTLVInfo            
00002069  fputc                          
00002069  putc                           
000020f5  __aeabi_cdcmpeq                
000020f5  __aeabi_cdcmple                
0000217b  __aeabi_cdrcmple               
00002201  delay_ms                       
000022fd  __aeabi_memclr                 
000022fd  __aeabi_memclr4                
000022fd  __aeabi_memclr8                
000022ff  __aeabi_memset                 
000022ff  __aeabi_memset4                
000022ff  __aeabi_memset8                
00002305  memset                         
00002379  SystemInit                     
000023f1  __TI_closefile                 
00002545  HOSTrename                     
000025b1  HOSTlseek                      
00002619  __TI_decompress_lzss           
00002681  printf                         
000026e9  frexp                          
000026e9  frexpl                         
0000274d  fseek                          
00002813  __TI_wrt_ok                    
00002875  HOSTopen                       
000028d5  close                          
00002931  HOSTread                       
00002989  HOSTwrite                      
00002a37  __TI_ltoa                      
00002add  __TI_doflush                   
00002b29  atoi                           
00002b75  exit                           
00002bbd  __aeabi_d2iz                   
00002c05  HOSTclose                      
00002c49  HOSTunlink                     
00002c8d  __TI_auto_init_nobinit_nopinit 
00002cd1  getdevice                      
00002d55  __TI_writemsg                  
00002d83  C$$IO$$                        
00002d8d  strncpy                        
00002dc5  __TI_cleanup                   
00002df9  __TI_readmsg                   
00002e2d  _c_int00_noargs                
00002e61  CS_clearInterruptFlag          
00002e91  finddevice                     
00002ec1  __aeabi_i2d                    
00002ef1  remove                         
00002ef1  unlink                         
00002f1d  CS_getMCLK                     
00002f6d  lseek                          
00002f95  write                          
00002fbd  memchr                         
00002fdd  __TI_zero_init_nomemset        
00003015  memccpy                        
00003031  copysign                       
00003031  copysignl                      
0000304b  strcmp                         
00003063  strchr                         
00003079  strcpy                         
0000308d  strlen                         
000030a1  wcslen                         
000030b3  __TI_decompress_none           
000030c1  Reset_Handler                  
000030cd  __aeabi_errno_addr             
000030d5  malloc                         
000030e5  _system_pre_init               
000030e9  C$$EXIT                        
000030e9  abort                          
000030ec  _ctypes_                       
0000326c  __TI_Handler_Table_Base        
00003278  __TI_Handler_Table_Limit       
00003280  __TI_CINIT_Base                
00003290  __TI_CINIT_Limit               
20000000  __start___llvm_prf_cnts        
20000000  __stop___llvm_prf_cnts         
20000000  _sys_memory                    
20000800  _ftable                        
200008f0  _device                        
20000968  _stream                        
200009b8  timeArray                      
200009d0  __TI_ft_end                    
200009d4  __aeabi_stdin                  
200009d8  __aeabi_stdout                 
200009dc  __aeabi_stderr                 
200009e0  __TI_cleanup_ptr               
200009e4  __TI_dtors_ptr                 
200009e8  __TI_enable_exit_profile_output
200009ec  _lock                          
200009f0  _unlock                        
200009fc  errno                          
20000a00  __CIOBUF_                      
20000b20  __TI_tmpnams                   
20000bc8  parmbuf                        
20000bd0  count_us                       
20000bd4  current                        
20000bd8  duration                       
20000bdc  i                              
20000be0  initial                        
20000be4  t0                             
20000be8  t1                             
2000fe00  __stack                        
20010000  __STACK_END                    
4000480c  WDTCTL_SYM                     
ffffffff  __TI_pprof_out_hndl            
ffffffff  __TI_prof_data_size            
ffffffff  __TI_prof_data_start           
ffffffff  __binit__                      
ffffffff  __c_args__                     
ffffffff  binit                          
UNDEFED   __mpu_init                     
UNDEFED   _system_post_cinit             

[190 symbols]
