******************************************************************************
                  TI ARM Linker Unix v20.2.2                   
******************************************************************************
>> Linked Sun Oct 25 17:08:00 2020

OUTPUT FILE NAME:   <Lab5Ex3.out>
ENTRY POINT SYMBOL: "_c_int00_noargs"  address: 00002edd


MEMORY CONFIGURATION

         name            origin    length      used     unused   attr    fill
----------------------  --------  ---------  --------  --------  ----  --------
  MAIN                  00000000   00040000  000033c8  0003cc38  R  X
  INFO                  00200000   00004000  00000000  00004000  R  X
  SRAM_CODE             01000000   00010000  00000db8  0000f248  RW X
  SRAM_DATA             20000000   00010000  00000db8  0000f248  RW  


SEGMENT ALLOCATION MAP

run origin  load origin   length   init length attrs members
----------  ----------- ---------- ----------- ----- -------
00000000    00000000    000033c8   000033c8    r-x
  00000000    00000000    000000e4   000000e4    r-- .intvecs
  000000e4    000000e4    00003120   00003120    r-x .text
  00003204    00003204    00000134   00000134    r-- .const
  00003338    00003338    00000090   00000090    r-- .cinit
20000000    20000000    00000bb8   00000000    rw-
  20000000    20000000    00000800   00000000    rw- .sysmem
  20000800    20000800    000001e8   00000000    rw- .data
  200009e8    200009e8    000001d0   00000000    rw- .bss
2000fe00    2000fe00    00000200   00000000    rw-
  2000fe00    2000fe00    00000200   00000000    rw- .stack


SECTION ALLOCATION MAP

 output                                  attributes/
section   page    origin      length       input sections
--------  ----  ----------  ----------   ----------------
.intvecs   0    00000000    000000e4     
                  00000000    000000e4     startup_msp432p401r_ccs.obj (.intvecs:retain)

.text      0    000000e4    00003120     
                  000000e4    00000a4e     rtsv7M4_T_le_v4SPD16_eabi.lib : _printfi.c.obj (.text:__TI_printfi)
                  00000b32    00000002     startup_msp432p401r_ccs.obj (.text:Default_Handler)
                  00000b34    00000270     rtsv7M4_T_le_v4SPD16_eabi.lib : _printfi.c.obj (.text:_pconv_a)
                  00000da4    00000228     main.obj (.text:main)
                  00000fcc    000001d0     rtsv7M4_T_le_v4SPD16_eabi.lib : _printfi.c.obj (.text:_pconv_g)
                  0000119c    000001b6                                   : fd_add_t2.asm.obj (.text)
                  00001352    00000002                                   : _lock.c.obj (.text:_nop)
                  00001354    0000013c                                   : _printfi.c.obj (.text:_pconv_e)
                  00001490    00000136                                   : fd_div_t2.asm.obj (.text)
                  000015c6    00000002                                   : div0.asm.obj (.text)
                  000015c8    00000124                                   : _printfi.c.obj (.text:fcvt)
                  000016ec    00000114                                   : fputs.c.obj (.text:fputs)
                  00001800    00000110                                   : s_scalbn.c.obj (.text:scalbn)
                  00001910    00000104     msp432p4xx_driverlib.lib : cs.o (.text:_CSComputeCLKFrequency)
                  00001a14    00000100     rtsv7M4_T_le_v4SPD16_eabi.lib : memory.c.obj (.text:aligned_alloc)
                  00001b14    000000fc                                   : fd_mul_t2.asm.obj (.text)
                  00001c10    000000f8     msp432p4xx_driverlib.lib : cs.o (.text:CS_getDCOFrequency)
                  00001d08    000000e4     rtsv7M4_T_le_v4SPD16_eabi.lib : memory.c.obj (.text:free)
                  00001dec    000000dc                                   : setvbuf.c.obj (.text:setvbuf)
                  00001ec8    000000b1                                   : _printfi.c.obj (.text:_ltostr)
                  00001f79    00000001     --HOLE-- [fill = 0]
                  00001f7a    0000009c                                   : memcpy_t2.asm.obj (.text)
                  00002016    00000096                                   : ull_div_t2.asm.obj (.text)
                  000020ac    00000094     msp432p4xx_driverlib.lib : sysctl_a.o (.text:SysCtl_A_getTLVInfo)
                  00002140    0000008c     rtsv7M4_T_le_v4SPD16_eabi.lib : fputc.c.obj (.text:fputc)
                  000021cc    00000086                                   : fd_cmp_t2.asm.obj (.text:__aeabi_cdcmple)
                  00002252    00000086                                   : fd_cmp_t2.asm.obj (.text:__aeabi_cdrcmple)
                  000022d8    0000007c     msp432p4xx_driverlib.lib : cs.o (.text:_CSGetDOCFrequency)
                  00002354    0000007a     rtsv7M4_T_le_v4SPD16_eabi.lib : memset_t2.asm.obj (.text)
                  000023ce    00000002     --HOLE-- [fill = 0]
                  000023d0    00000078     system_msp432p401r.obj (.text:SystemInit)
                  00002448    00000074     rtsv7M4_T_le_v4SPD16_eabi.lib : fclose.c.obj (.text:__TI_closefile)
                  000024bc    00000070                                   : memory.c.obj (.text:split)
                  0000252c    0000006e                                   : _printfi.c.obj (.text:_mcpy)
                  0000259a    00000002     --HOLE-- [fill = 0]
                  0000259c    0000006c                                   : hostrename.c.obj (.text:HOSTrename)
                  00002608    00000068                                   : hostlseek.c.obj (.text:HOSTlseek)
                  00002670    00000068                                   : copy_decompress_lzss.c.obj (.text:decompress:lzss:__TI_decompress_lzss)
                  000026d8    00000068                                   : printf.c.obj (.text:printf)
                  00002740    00000064                                   : s_frexp.c.obj (.text:frexp)
                  000027a4    00000064                                   : fseek.c.obj (.text:fseek)
                  00002808    00000062     msp432p4xx_driverlib.lib : cs.o (.text:_CSGetDividerValue)
                  0000286a    00000062     rtsv7M4_T_le_v4SPD16_eabi.lib : _io_perm.c.obj (.text:__TI_wrt_ok)
                  000028cc    00000060                                   : hostopen.c.obj (.text:HOSTopen)
                  0000292c    0000005c                                   : close.c.obj (.text:close)
                  00002988    00000058                                   : hostread.c.obj (.text:HOSTread)
                  000029e0    00000058                                   : hostwrite.c.obj (.text:HOSTwrite)
                  00002a38    00000056                                   : _printfi.c.obj (.text:_pconv_f)
                  00002a8e    00000054                                   : _ltoa.c.obj (.text:__TI_ltoa)
                  00002ae2    00000002     --HOLE-- [fill = 0]
                  00002ae4    00000054     main.obj (.text:delay_ms)
                  00002b38    00000052     rtsv7M4_T_le_v4SPD16_eabi.lib : _printfi.c.obj (.text:_ecpy)
                  00002b8a    0000004c                                   : fflush.c.obj (.text:__TI_doflush)
                  00002bd6    00000002     --HOLE-- [fill = 0]
                  00002bd8    0000004c                                   : atoi.c.obj (.text:atoi)
                  00002c24    00000048                                   : exit.c.obj (.text:exit)
                  00002c6c    00000048                                   : fd_toi_t2.asm.obj (.text)
                  00002cb4    00000044                                   : hostclose.c.obj (.text:HOSTclose)
                  00002cf8    00000044                                   : hostunlink.c.obj (.text:HOSTunlink)
                  00002d3c    00000044                                   : autoinit.c.obj (.text:__TI_auto_init_nobinit_nopinit:__TI_auto_init_nobinit_nopinit)
                  00002d80    00000044                                   : getdevice.c.obj (.text:getdevice)
                  00002dc4    0000003e                                   : _printfi.c.obj (.text:_fcpy)
                  00002e02    00000002     --HOLE-- [fill = 0]
                  00002e04    00000038                                   : trgmsg.c.obj (.text:__TI_writemsg)
                  00002e3c    00000036                                   : strncpy.c.obj (.text:strncpy)
                  00002e72    00000002     --HOLE-- [fill = 0]
                  00002e74    00000034                                   : fopen.c.obj (.text:__TI_cleanup)
                  00002ea8    00000034                                   : trgmsg.c.obj (.text:__TI_readmsg)
                  00002edc    00000034                                   : boot_cortex_m.c.obj (.text:_c_int00_noargs:_c_int00_noargs)
                  00002f10    00000030     msp432p4xx_driverlib.lib : cs.o (.text:CS_clearInterruptFlag)
                  00002f40    00000030     rtsv7M4_T_le_v4SPD16_eabi.lib : getdevice.c.obj (.text:finddevice)
                  00002f70    0000002e                                   : i_tofd_t2.asm.obj (.text)
                  00002f9e    00000002     --HOLE-- [fill = 0]
                  00002fa0    0000002c                                   : unlink.c.obj (.text:unlink)
                  00002fcc    00000028     msp432p4xx_driverlib.lib : cs.o (.text:CS_getMCLK)
                  00002ff4    00000028                              : gpio.o (.text:GPIO_setOutputHighOnPin)
                  0000301c    00000028                              : gpio.o (.text:GPIO_setOutputLowOnPin)
                  00003044    00000028     rtsv7M4_T_le_v4SPD16_eabi.lib : memory.c.obj (.text:free_list_insert)
                  0000306c    00000028                                   : lseek.c.obj (.text:lseek)
                  00003094    00000028                                   : write.c.obj (.text:write)
                  000030bc    00000020                                   : memchr.c.obj (.text:memchr)
                  000030dc    0000001c                                   : copy_zero_init.c.obj (.text:decompress:ZI:__TI_zero_init_nomemset:__TI_zero_init_nomemset)
                  000030f8    0000001c                                   : memory.c.obj (.text:free_list_remove)
                  00003114    0000001c                                   : memccpy.c.obj (.text:memccpy)
                  00003130    0000001a                                   : s_copysign.c.obj (.text:copysign)
                  0000314a    00000018                                   : ll_mul_t2.asm.obj (.text)
                  00003162    00000018                                   : strcmp.c.obj (.text:strcmp)
                  0000317a    00000016                                   : strchr.c.obj (.text:strchr)
                  00003190    00000014                                   : strcpy.c.obj (.text:strcpy)
                  000031a4    00000014                                   : strlen.c.obj (.text:strlen)
                  000031b8    00000012                                   : wcslen.c.obj (.text:wcslen)
                  000031ca    0000000e                                   : copy_decompress_none.c.obj (.text:decompress:none:__TI_decompress_none)
                  000031d8    0000000c     startup_msp432p401r_ccs.obj (.text:Reset_Handler)
                  000031e4    00000008     rtsv7M4_T_le_v4SPD16_eabi.lib : errno.c.obj (.text:__aeabi_errno_addr)
                  000031ec    00000008                                   : memory.c.obj (.text:malloc)
                  000031f4    00000004                                   : printf.c.obj (.text:_outc)
                  000031f8    00000004                                   : printf.c.obj (.text:_outs)
                  000031fc    00000004                                   : pre_init.c.obj (.text:_system_pre_init)
                  00003200    00000004                                   : exit.c.obj (.text:abort:abort)

.const     0    00003204    00000134     
                  00003204    00000101     rtsv7M4_T_le_v4SPD16_eabi.lib : ctype.c.obj (.const:.string:_ctypes_)
                  00003305    00000003     --HOLE-- [fill = 0]
                  00003308    00000030     msp432p4xx_driverlib.lib : gpio.o (.const:GPIO_PORT_TO_BASE)

.cinit     0    00003338    00000090     
                  00003338    00000067     (.cinit..data.load) [load image, compression = lzss]
                  0000339f    00000001     --HOLE-- [fill = 0]
                  000033a0    0000000c     (__TI_handler_table)
                  000033ac    00000004     --HOLE-- [fill = 0]
                  000033b0    00000008     (.cinit..bss.load) [load image, compression = zero_init]
                  000033b8    00000010     (__TI_cinit_table)

.init_array 
*          0    00000000    00000000     UNINITIALIZED

.binit     0    00000000    00000000     

.sysmem    0    20000000    00000800     UNINITIALIZED
                  20000000    00000010     rtsv7M4_T_le_v4SPD16_eabi.lib : memory.c.obj (.sysmem)
                  20000010    000007f0     --HOLE--

.data      0    20000800    000001e8     UNINITIALIZED
                  20000800    000000f0     rtsv7M4_T_le_v4SPD16_eabi.lib : defs.c.obj (.data:_ftable)
                  200008f0    00000078                                   : host_device.c.obj (.data:_device)
                  20000968    00000050                                   : host_device.c.obj (.data:_stream)
                  200009b8    00000010                                   : defs.c.obj (.data)
                  200009c8    0000000c                                   : exit.c.obj (.data:$O1$$)
                  200009d4    00000008                                   : _lock.c.obj (.data:$O1$$)
                  200009dc    00000008                                   : memory.c.obj (.data:$O1$$)
                  200009e4    00000004                                   : errno.c.obj (.data)

.bss       0    200009e8    000001d0     UNINITIALIZED
                  200009e8    00000120     rtsv7M4_T_le_v4SPD16_eabi.lib : trgmsg.c.obj (.bss:_CIOBUF_)
                  20000b08    000000a0     (.common:__TI_tmpnams)
                  20000ba8    00000008     msp432p4xx_driverlib.lib : cs.o (.bss)
                  20000bb0    00000008     (.common:parmbuf)

.stack     0    2000fe00    00000200     UNINITIALIZED
                  2000fe00    00000004     rtsv7M4_T_le_v4SPD16_eabi.lib : boot_cortex_m.c.obj (.stack)
                  2000fe04    000001fc     --HOLE--

__llvm_prf_cnts 
*          0    20000000    00000000     UNINITIALIZED

MODULE SUMMARY

       Module                        code    ro data   rw data
       ------                        ----    -------   -------
    ./
       main.obj                      636     0         0      
       system_msp432p401r.obj        120     0         0      
    +--+-----------------------------+-------+---------+---------+
       Total:                        756     0         0      
                                                              
    ./ccs/
       startup_msp432p401r_ccs.obj   14      228       0      
    +--+-----------------------------+-------+---------+---------+
       Total:                        14      228       0      
                                                              
    /Applications/ti/ccs1010/ccs/tools/compiler/ti-cgt-arm_20.2.2.LTS/lib/rtsv7M4_T_le_v4SPD16_eabi.lib
       _printfi.c.obj                4851    0         0      
       defs.c.obj                    0       0         832    
       memory.c.obj                  672     0         16     
       trgmsg.c.obj                  108     0         576    
       fd_add_t2.asm.obj             438     0         0      
       host_device.c.obj             0       0         400    
       fd_div_t2.asm.obj             310     0         0      
       fputs.c.obj                   276     0         0      
       s_scalbn.c.obj                272     0         0      
       fd_cmp_t2.asm.obj             268     0         0      
       ctype.c.obj                   0       257       0      
       fd_mul_t2.asm.obj             252     0         0      
       setvbuf.c.obj                 220     0         0      
       memcpy_t2.asm.obj             156     0         0      
       ull_div_t2.asm.obj            150     0         0      
       fputc.c.obj                   140     0         0      
       memset_t2.asm.obj             122     0         0      
       fclose.c.obj                  116     0         0      
       getdevice.c.obj               116     0         0      
       hostopen.c.obj                96      0         16     
       printf.c.obj                  112     0         0      
       hostrename.c.obj              108     0         0      
       copy_decompress_lzss.c.obj    104     0         0      
       hostlseek.c.obj               104     0         0      
       exit.c.obj                    76      0         24     
       fseek.c.obj                   100     0         0      
       s_frexp.c.obj                 100     0         0      
       _io_perm.c.obj                98      0         0      
       close.c.obj                   92      0         0      
       hostread.c.obj                88      0         0      
       hostwrite.c.obj               88      0         0      
       _ltoa.c.obj                   84      0         0      
       atoi.c.obj                    76      0         0      
       fflush.c.obj                  76      0         0      
       fd_toi_t2.asm.obj             72      0         0      
       autoinit.c.obj                68      0         0      
       hostclose.c.obj               68      0         0      
       hostunlink.c.obj              68      0         0      
       strncpy.c.obj                 54      0         0      
       boot_cortex_m.c.obj           52      0         0      
       fopen.c.obj                   52      0         0      
       i_tofd_t2.asm.obj             46      0         0      
       unlink.c.obj                  44      0         0      
       lseek.c.obj                   40      0         0      
       write.c.obj                   40      0         0      
       memchr.c.obj                  32      0         0      
       copy_zero_init.c.obj          28      0         0      
       memccpy.c.obj                 28      0         0      
       s_copysign.c.obj              26      0         0      
       ll_mul_t2.asm.obj             24      0         0      
       strcmp.c.obj                  24      0         0      
       strchr.c.obj                  22      0         0      
       strcpy.c.obj                  20      0         0      
       strlen.c.obj                  20      0         0      
       _lock.c.obj                   2       0         16     
       wcslen.c.obj                  18      0         0      
       errno.c.obj                   8       0         8      
       copy_decompress_none.c.obj    14      0         0      
       pre_init.c.obj                4       0         0      
       div0.asm.obj                  2       0         0      
    +--+-----------------------------+-------+---------+---------+
       Total:                        10745   257       1888   
                                                              
    /Users/phatle/ti/simplelink_msp432p4_sdk_3_40_01_02/source/ti/devices/msp432p4xx/driverlib/ccs/msp432p4xx_driverlib.lib
       cs.o                          818     0         16     
       sysctl_a.o                    148     0         0      
       gpio.o                        80      48        0      
    +--+-----------------------------+-------+---------+---------+
       Total:                        1046    48        16     
                                                              
       Heap:                         0       0         4096   
       Stack:                        0       0         1024   
       Linker Generated:             0       139       0      
    +--+-----------------------------+-------+---------+---------+
       Grand Total:                  12561   672       7024   


LINKER GENERATED COPY TABLES

__TI_cinit_table @ 000033b8 records: 2, size/record: 8, table size: 16
	.data: load addr=00003338, load size=00000067 bytes, run addr=20000800, run size=000001e8 bytes, compression=lzss
	.bss: load addr=000033b0, load size=00000008 bytes, run addr=200009e8, run size=000001d0 bytes, compression=zero_init


LINKER GENERATED HANDLER TABLE

__TI_handler_table @ 000033a0 records: 3, size/record: 4, table size: 12
	index: 0, handler: __TI_decompress_lzss
	index: 1, handler: __TI_decompress_none
	index: 2, handler: __TI_zero_init


GLOBAL SYMBOLS: SORTED ALPHABETICALLY BY Name 

address   name                           
-------   ----                           
00000b33  ADC14_IRQHandler               
00000b33  AES256_IRQHandler              
00000b33  BusFault_Handler               
00003201  C$$EXIT                        
00002e33  C$$IO$$                        
00000b33  COMP_E0_IRQHandler             
00000b33  COMP_E1_IRQHandler             
00000b33  CS_IRQHandler                  
00002f11  CS_clearInterruptFlag          
00001c11  CS_getDCOFrequency             
00002fcd  CS_getMCLK                     
00000b33  DMA_ERR_IRQHandler             
00000b33  DMA_INT0_IRQHandler            
00000b33  DMA_INT1_IRQHandler            
00000b33  DMA_INT2_IRQHandler            
00000b33  DMA_INT3_IRQHandler            
00000b33  DebugMon_Handler               
00000b33  Default_Handler                
00000b33  EUSCIA0_IRQHandler             
00000b33  EUSCIA1_IRQHandler             
00000b33  EUSCIA2_IRQHandler             
00000b33  EUSCIA3_IRQHandler             
00000b33  EUSCIB0_IRQHandler             
00000b33  EUSCIB1_IRQHandler             
00000b33  EUSCIB2_IRQHandler             
00000b33  EUSCIB3_IRQHandler             
00000b33  FLCTL_IRQHandler               
00000b33  FPU_IRQHandler                 
00002ff5  GPIO_setOutputHighOnPin        
0000301d  GPIO_setOutputLowOnPin         
00002cb5  HOSTclose                      
00002609  HOSTlseek                      
000028cd  HOSTopen                       
00002989  HOSTread                       
0000259d  HOSTrename                     
00002cf9  HOSTunlink                     
000029e1  HOSTwrite                      
00000b33  HardFault_Handler              
00000b33  MemManage_Handler              
00000b33  NMI_Handler                    
00000b33  PCM_IRQHandler                 
00000b33  PORT1_IRQHandler               
00000b33  PORT2_IRQHandler               
00000b33  PORT3_IRQHandler               
00000b33  PORT4_IRQHandler               
00000b33  PORT5_IRQHandler               
00000b33  PORT6_IRQHandler               
00000b33  PSS_IRQHandler                 
00000b33  PendSV_Handler                 
00000b33  RTC_C_IRQHandler               
000031d9  Reset_Handler                  
00000b33  SVC_Handler                    
000020ad  SysCtl_A_getTLVInfo            
00000b33  SysTick_Handler                
000023d1  SystemInit                     
00000b33  T32_INT1_IRQHandler            
00000b33  T32_INT2_IRQHandler            
00000b33  T32_INTC_IRQHandler            
00000b33  TA0_0_IRQHandler               
00000b33  TA0_N_IRQHandler               
00000b33  TA1_0_IRQHandler               
00000b33  TA1_N_IRQHandler               
00000b33  TA2_0_IRQHandler               
00000b33  TA2_N_IRQHandler               
00000b33  TA3_0_IRQHandler               
00000b33  TA3_N_IRQHandler               
00000b33  UsageFault_Handler             
4000480c  WDTCTL_SYM                     
00000b33  WDT_A_IRQHandler               
200009e8  __CIOBUF_                      
20010000  __STACK_END                    
00000200  __STACK_SIZE                   
00000800  __SYSMEM_SIZE                  
000033b8  __TI_CINIT_Base                
000033c8  __TI_CINIT_Limit               
000033a0  __TI_Handler_Table_Base        
000033ac  __TI_Handler_Table_Limit       
00002d3d  __TI_auto_init_nobinit_nopinit 
00002e75  __TI_cleanup                   
200009c8  __TI_cleanup_ptr               
00002449  __TI_closefile                 
00002671  __TI_decompress_lzss           
000031cb  __TI_decompress_none           
00002b8b  __TI_doflush                   
200009cc  __TI_dtors_ptr                 
200009d0  __TI_enable_exit_profile_output
200009b8  __TI_ft_end                    
00002a8f  __TI_ltoa                      
ffffffff  __TI_pprof_out_hndl            
000000e5  __TI_printfi                   
ffffffff  __TI_prof_data_size            
ffffffff  __TI_prof_data_start           
00002ea9  __TI_readmsg                   
00000000  __TI_static_base__             
20000b08  __TI_tmpnams                   
00002e05  __TI_writemsg                  
0000286b  __TI_wrt_ok                    
000030dd  __TI_zero_init_nomemset        
000021cd  __aeabi_cdcmpeq                
000021cd  __aeabi_cdcmple                
00002253  __aeabi_cdrcmple               
00002c6d  __aeabi_d2iz                   
000011a7  __aeabi_dadd                   
00001491  __aeabi_ddiv                   
00001b15  __aeabi_dmul                   
0000119d  __aeabi_dsub                   
000031e5  __aeabi_errno_addr             
00002f71  __aeabi_i2d                    
000015c7  __aeabi_idiv0                  
000015c7  __aeabi_ldiv0                  
0000314b  __aeabi_lmul                   
00002355  __aeabi_memclr                 
00002355  __aeabi_memclr4                
00002355  __aeabi_memclr8                
00001f7b  __aeabi_memcpy                 
00001f7b  __aeabi_memcpy4                
00001f7b  __aeabi_memcpy8                
00002357  __aeabi_memset                 
00002357  __aeabi_memset4                
00002357  __aeabi_memset8                
200009c4  __aeabi_stderr                 
200009bc  __aeabi_stdin                  
200009c0  __aeabi_stdout                 
00002017  __aeabi_uldivmod               
ffffffff  __binit__                      
ffffffff  __c_args__                     
UNDEFED   __mpu_init                     
2000fe00  __stack                        
20000000  __start___llvm_prf_cnts        
20000000  __stop___llvm_prf_cnts         
00002edd  _c_int00_noargs                
00003204  _ctypes_                       
200008f0  _device                        
20000800  _ftable                        
200009d4  _lock                          
00001353  _nop                           
20000968  _stream                        
20000000  _sys_memory                    
UNDEFED   _system_post_cinit             
000031fd  _system_pre_init               
200009d8  _unlock                        
00003201  abort                          
00001a15  aligned_alloc                  
00002bd9  atoi                           
ffffffff  binit                          
0000292d  close                          
00003131  copysign                       
00003131  copysignl                      
00002ae5  delay_ms                       
200009e4  errno                          
00002c25  exit                           
00002f41  finddevice                     
00002141  fputc                          
000016ed  fputs                          
00001d09  free                           
00002741  frexp                          
00002741  frexpl                         
000027a5  fseek                          
00002d81  getdevice                      
00000000  interruptVectors               
00001801  ldexp                          
00001801  ldexpl                         
0000306d  lseek                          
00000da5  main                           
000031ed  malloc                         
00001a15  memalign                       
00003115  memccpy                        
000030bd  memchr                         
00001f7b  memcpy                         
0000235d  memset                         
20000bb0  parmbuf                        
000026d9  printf                         
00002141  putc                           
00002fa1  remove                         
00001801  scalbn                         
00001801  scalbnl                        
00001ded  setvbuf                        
0000317b  strchr                         
00003163  strcmp                         
00003191  strcpy                         
000031a5  strlen                         
00002e3d  strncpy                        
00002fa1  unlink                         
000031b9  wcslen                         
00003095  write                          


GLOBAL SYMBOLS: SORTED BY Symbol Address 

address   name                           
-------   ----                           
00000000  __TI_static_base__             
00000000  interruptVectors               
000000e5  __TI_printfi                   
00000200  __STACK_SIZE                   
00000800  __SYSMEM_SIZE                  
00000b33  ADC14_IRQHandler               
00000b33  AES256_IRQHandler              
00000b33  BusFault_Handler               
00000b33  COMP_E0_IRQHandler             
00000b33  COMP_E1_IRQHandler             
00000b33  CS_IRQHandler                  
00000b33  DMA_ERR_IRQHandler             
00000b33  DMA_INT0_IRQHandler            
00000b33  DMA_INT1_IRQHandler            
00000b33  DMA_INT2_IRQHandler            
00000b33  DMA_INT3_IRQHandler            
00000b33  DebugMon_Handler               
00000b33  Default_Handler                
00000b33  EUSCIA0_IRQHandler             
00000b33  EUSCIA1_IRQHandler             
00000b33  EUSCIA2_IRQHandler             
00000b33  EUSCIA3_IRQHandler             
00000b33  EUSCIB0_IRQHandler             
00000b33  EUSCIB1_IRQHandler             
00000b33  EUSCIB2_IRQHandler             
00000b33  EUSCIB3_IRQHandler             
00000b33  FLCTL_IRQHandler               
00000b33  FPU_IRQHandler                 
00000b33  HardFault_Handler              
00000b33  MemManage_Handler              
00000b33  NMI_Handler                    
00000b33  PCM_IRQHandler                 
00000b33  PORT1_IRQHandler               
00000b33  PORT2_IRQHandler               
00000b33  PORT3_IRQHandler               
00000b33  PORT4_IRQHandler               
00000b33  PORT5_IRQHandler               
00000b33  PORT6_IRQHandler               
00000b33  PSS_IRQHandler                 
00000b33  PendSV_Handler                 
00000b33  RTC_C_IRQHandler               
00000b33  SVC_Handler                    
00000b33  SysTick_Handler                
00000b33  T32_INT1_IRQHandler            
00000b33  T32_INT2_IRQHandler            
00000b33  T32_INTC_IRQHandler            
00000b33  TA0_0_IRQHandler               
00000b33  TA0_N_IRQHandler               
00000b33  TA1_0_IRQHandler               
00000b33  TA1_N_IRQHandler               
00000b33  TA2_0_IRQHandler               
00000b33  TA2_N_IRQHandler               
00000b33  TA3_0_IRQHandler               
00000b33  TA3_N_IRQHandler               
00000b33  UsageFault_Handler             
00000b33  WDT_A_IRQHandler               
00000da5  main                           
0000119d  __aeabi_dsub                   
000011a7  __aeabi_dadd                   
00001353  _nop                           
00001491  __aeabi_ddiv                   
000015c7  __aeabi_idiv0                  
000015c7  __aeabi_ldiv0                  
000016ed  fputs                          
00001801  ldexp                          
00001801  ldexpl                         
00001801  scalbn                         
00001801  scalbnl                        
00001a15  aligned_alloc                  
00001a15  memalign                       
00001b15  __aeabi_dmul                   
00001c11  CS_getDCOFrequency             
00001d09  free                           
00001ded  setvbuf                        
00001f7b  __aeabi_memcpy                 
00001f7b  __aeabi_memcpy4                
00001f7b  __aeabi_memcpy8                
00001f7b  memcpy                         
00002017  __aeabi_uldivmod               
000020ad  SysCtl_A_getTLVInfo            
00002141  fputc                          
00002141  putc                           
000021cd  __aeabi_cdcmpeq                
000021cd  __aeabi_cdcmple                
00002253  __aeabi_cdrcmple               
00002355  __aeabi_memclr                 
00002355  __aeabi_memclr4                
00002355  __aeabi_memclr8                
00002357  __aeabi_memset                 
00002357  __aeabi_memset4                
00002357  __aeabi_memset8                
0000235d  memset                         
000023d1  SystemInit                     
00002449  __TI_closefile                 
0000259d  HOSTrename                     
00002609  HOSTlseek                      
00002671  __TI_decompress_lzss           
000026d9  printf                         
00002741  frexp                          
00002741  frexpl                         
000027a5  fseek                          
0000286b  __TI_wrt_ok                    
000028cd  HOSTopen                       
0000292d  close                          
00002989  HOSTread                       
000029e1  HOSTwrite                      
00002a8f  __TI_ltoa                      
00002ae5  delay_ms                       
00002b8b  __TI_doflush                   
00002bd9  atoi                           
00002c25  exit                           
00002c6d  __aeabi_d2iz                   
00002cb5  HOSTclose                      
00002cf9  HOSTunlink                     
00002d3d  __TI_auto_init_nobinit_nopinit 
00002d81  getdevice                      
00002e05  __TI_writemsg                  
00002e33  C$$IO$$                        
00002e3d  strncpy                        
00002e75  __TI_cleanup                   
00002ea9  __TI_readmsg                   
00002edd  _c_int00_noargs                
00002f11  CS_clearInterruptFlag          
00002f41  finddevice                     
00002f71  __aeabi_i2d                    
00002fa1  remove                         
00002fa1  unlink                         
00002fcd  CS_getMCLK                     
00002ff5  GPIO_setOutputHighOnPin        
0000301d  GPIO_setOutputLowOnPin         
0000306d  lseek                          
00003095  write                          
000030bd  memchr                         
000030dd  __TI_zero_init_nomemset        
00003115  memccpy                        
00003131  copysign                       
00003131  copysignl                      
0000314b  __aeabi_lmul                   
00003163  strcmp                         
0000317b  strchr                         
00003191  strcpy                         
000031a5  strlen                         
000031b9  wcslen                         
000031cb  __TI_decompress_none           
000031d9  Reset_Handler                  
000031e5  __aeabi_errno_addr             
000031ed  malloc                         
000031fd  _system_pre_init               
00003201  C$$EXIT                        
00003201  abort                          
00003204  _ctypes_                       
000033a0  __TI_Handler_Table_Base        
000033ac  __TI_Handler_Table_Limit       
000033b8  __TI_CINIT_Base                
000033c8  __TI_CINIT_Limit               
20000000  __start___llvm_prf_cnts        
20000000  __stop___llvm_prf_cnts         
20000000  _sys_memory                    
20000800  _ftable                        
200008f0  _device                        
20000968  _stream                        
200009b8  __TI_ft_end                    
200009bc  __aeabi_stdin                  
200009c0  __aeabi_stdout                 
200009c4  __aeabi_stderr                 
200009c8  __TI_cleanup_ptr               
200009cc  __TI_dtors_ptr                 
200009d0  __TI_enable_exit_profile_output
200009d4  _lock                          
200009d8  _unlock                        
200009e4  errno                          
200009e8  __CIOBUF_                      
20000b08  __TI_tmpnams                   
20000bb0  parmbuf                        
2000fe00  __stack                        
20010000  __STACK_END                    
4000480c  WDTCTL_SYM                     
ffffffff  __TI_pprof_out_hndl            
ffffffff  __TI_prof_data_size            
ffffffff  __TI_prof_data_start           
ffffffff  __binit__                      
ffffffff  __c_args__                     
ffffffff  binit                          
UNDEFED   __mpu_init                     
UNDEFED   _system_post_cinit             

[185 symbols]
