******************************************************************************
                  TI ARM Linker Unix v20.2.2                   
******************************************************************************
>> Linked Sun Oct 11 16:39:07 2020

OUTPUT FILE NAME:   <Lab4Ex1.2.out>
ENTRY POINT SYMBOL: "_c_int00_noargs"  address: 000284b9


MEMORY CONFIGURATION

         name            origin    length      used     unused   attr    fill
----------------------  --------  ---------  --------  --------  ----  --------
  MAIN                  00000000   00040000  000287b6  0001784a  R  X
  INFO                  00200000   00004000  00000000  00004000  R  X
  SRAM_CODE             01000000   00010000  00000dc4  0000f23c  RW X
  SRAM_DATA             20000000   00010000  00000dc4  0000f23c  RW  


SEGMENT ALLOCATION MAP

run origin  load origin   length   init length attrs members
----------  ----------- ---------- ----------- ----- -------
00000000    00000000    000287b8   000287b8    r-x
  00000000    00000000    000000e4   000000e4    r-- .intvecs
  000000e4    000000e4    0002590a   0002590a    r-- .const
  000259f0    000259f0    00002d30   00002d30    r-x .text
  00028720    00028720    00000098   00000098    r-- .cinit
20000000    20000000    00000bc4   00000000    rw-
  20000000    20000000    00000800   00000000    rw- .sysmem
  20000800    20000800    000001f4   00000000    rw- .data
  200009f4    200009f4    000001d0   00000000    rw- .bss
2000fe00    2000fe00    00000200   00000000    rw-
  2000fe00    2000fe00    00000200   00000000    rw- .stack


SECTION ALLOCATION MAP

 output                                  attributes/
section   page    origin      length       input sections
--------  ----  ----------  ----------   ----------------
.intvecs   0    00000000    000000e4     
                  00000000    000000e4     startup_msp432p401r_ccs.obj (.intvecs:retain)

.const     0    000000e4    0002590a     
                  000000e4    00025800     main.obj (.const:.string:string3)
                  000258e4    00000101     rtsv7M4_T_le_v4SPD16_eabi.lib : ctype.c.obj (.const:.string:_ctypes_)
                  000259e5    00000003     --HOLE-- [fill = 0]
                  000259e8    00000006     main.obj (.const:.string)

.text      0    000259f0    00002d30     
                  000259f0    00000a4e     rtsv7M4_T_le_v4SPD16_eabi.lib : _printfi.c.obj (.text:__TI_printfi)
                  0002643e    00000002     startup_msp432p401r_ccs.obj (.text:Default_Handler)
                  00026440    00000270     rtsv7M4_T_le_v4SPD16_eabi.lib : _printfi.c.obj (.text:_pconv_a)
                  000266b0    000001d0                                   : _printfi.c.obj (.text:_pconv_g)
                  00026880    000001b6                                   : fd_add_t2.asm.obj (.text)
                  00026a36    00000002                                   : _lock.c.obj (.text:_nop)
                  00026a38    0000013c                                   : _printfi.c.obj (.text:_pconv_e)
                  00026b74    00000136                                   : fd_div_t2.asm.obj (.text)
                  00026caa    00000002                                   : div0.asm.obj (.text)
                  00026cac    00000130     main.obj (.text:main)
                  00026ddc    00000124     rtsv7M4_T_le_v4SPD16_eabi.lib : _printfi.c.obj (.text:fcvt)
                  00026f00    00000114                                   : fputs.c.obj (.text:fputs)
                  00027014    00000110                                   : s_scalbn.c.obj (.text:scalbn)
                  00027124    00000100                                   : memory.c.obj (.text:aligned_alloc)
                  00027224    000000fc                                   : fd_mul_t2.asm.obj (.text)
                  00027320    000000e4                                   : memory.c.obj (.text:free)
                  00027404    000000dc                                   : setvbuf.c.obj (.text:setvbuf)
                  000274e0    000000b1                                   : _printfi.c.obj (.text:_ltostr)
                  00027591    00000001     --HOLE-- [fill = 0]
                  00027592    0000009c                                   : memcpy_t2.asm.obj (.text)
                  0002762e    00000002     --HOLE-- [fill = 0]
                  00027630    00000098     main.obj (.text:regionConverter)
                  000276c8    00000096     rtsv7M4_T_le_v4SPD16_eabi.lib : ull_div_t2.asm.obj (.text)
                  0002775e    00000002     --HOLE-- [fill = 0]
                  00027760    0000008c                                   : fputc.c.obj (.text:fputc)
                  000277ec    00000086                                   : fd_cmp_t2.asm.obj (.text:__aeabi_cdcmple)
                  00027872    00000086                                   : fd_cmp_t2.asm.obj (.text:__aeabi_cdrcmple)
                  000278f8    0000007a                                   : memset_t2.asm.obj (.text)
                  00027972    00000002     --HOLE-- [fill = 0]
                  00027974    00000078     msp432p4xx_driverlib.lib : flash.o (.text:FlashCtl_isSectorProtected)
                  000279ec    00000078                              : flash.o (.text:FlashCtl_unprotectSector)
                  00027a64    00000078     system_msp432p401r.obj (.text:SystemInit)
                  00027adc    00000074     rtsv7M4_T_le_v4SPD16_eabi.lib : fclose.c.obj (.text:__TI_closefile)
                  00027b50    00000070                                   : memory.c.obj (.text:split)
                  00027bc0    0000006e                                   : _printfi.c.obj (.text:_mcpy)
                  00027c2e    00000002     --HOLE-- [fill = 0]
                  00027c30    0000006c                                   : hostrename.c.obj (.text:HOSTrename)
                  00027c9c    00000068                                   : hostlseek.c.obj (.text:HOSTlseek)
                  00027d04    00000068                                   : copy_decompress_lzss.c.obj (.text:decompress:lzss:__TI_decompress_lzss)
                  00027d6c    00000068                                   : printf.c.obj (.text:printf)
                  00027dd4    00000064                                   : s_frexp.c.obj (.text:frexp)
                  00027e38    00000064                                   : fseek.c.obj (.text:fseek)
                  00027e9c    00000062                                   : _io_perm.c.obj (.text:__TI_wrt_ok)
                  00027efe    00000002     --HOLE-- [fill = 0]
                  00027f00    00000060                                   : hostopen.c.obj (.text:HOSTopen)
                  00027f60    0000005c                                   : close.c.obj (.text:close)
                  00027fbc    00000058                                   : hostread.c.obj (.text:HOSTread)
                  00028014    00000058                                   : hostwrite.c.obj (.text:HOSTwrite)
                  0002806c    00000056                                   : _printfi.c.obj (.text:_pconv_f)
                  000280c2    00000054                                   : _ltoa.c.obj (.text:__TI_ltoa)
                  00028116    00000052                                   : _printfi.c.obj (.text:_ecpy)
                  00028168    0000004c                                   : fflush.c.obj (.text:__TI_doflush)
                  000281b4    0000004c                                   : atoi.c.obj (.text:atoi)
                  00028200    00000048                                   : exit.c.obj (.text:exit)
                  00028248    00000048                                   : fd_toi_t2.asm.obj (.text)
                  00028290    00000044                                   : hostclose.c.obj (.text:HOSTclose)
                  000282d4    00000044                                   : hostunlink.c.obj (.text:HOSTunlink)
                  00028318    00000044                                   : autoinit.c.obj (.text:__TI_auto_init_nobinit_nopinit:__TI_auto_init_nobinit_nopinit)
                  0002835c    00000044                                   : getdevice.c.obj (.text:getdevice)
                  000283a0    0000003e                                   : _printfi.c.obj (.text:_fcpy)
                  000283de    00000002     --HOLE-- [fill = 0]
                  000283e0    00000038                                   : trgmsg.c.obj (.text:__TI_writemsg)
                  00028418    00000036                                   : strncpy.c.obj (.text:strncpy)
                  0002844e    00000002     --HOLE-- [fill = 0]
                  00028450    00000034                                   : fopen.c.obj (.text:__TI_cleanup)
                  00028484    00000034                                   : trgmsg.c.obj (.text:__TI_readmsg)
                  000284b8    00000034                                   : boot_cortex_m.c.obj (.text:_c_int00_noargs:_c_int00_noargs)
                  000284ec    00000030                                   : getdevice.c.obj (.text:finddevice)
                  0002851c    0000002e                                   : i_tofd_t2.asm.obj (.text)
                  0002854a    00000002     --HOLE-- [fill = 0]
                  0002854c    0000002c                                   : unlink.c.obj (.text:unlink)
                  00028578    00000028                                   : memory.c.obj (.text:free_list_insert)
                  000285a0    00000028                                   : lseek.c.obj (.text:lseek)
                  000285c8    00000028                                   : write.c.obj (.text:write)
                  000285f0    00000020                                   : memchr.c.obj (.text:memchr)
                  00028610    0000001c                                   : copy_zero_init.c.obj (.text:decompress:ZI:__TI_zero_init_nomemset:__TI_zero_init_nomemset)
                  0002862c    0000001c                                   : memory.c.obj (.text:free_list_remove)
                  00028648    0000001c                                   : memccpy.c.obj (.text:memccpy)
                  00028664    0000001a                                   : s_copysign.c.obj (.text:copysign)
                  0002867e    00000018                                   : strcmp.c.obj (.text:strcmp)
                  00028696    00000016                                   : strchr.c.obj (.text:strchr)
                  000286ac    00000014                                   : strcpy.c.obj (.text:strcpy)
                  000286c0    00000014                                   : strlen.c.obj (.text:strlen)
                  000286d4    00000012                                   : wcslen.c.obj (.text:wcslen)
                  000286e6    0000000e                                   : copy_decompress_none.c.obj (.text:decompress:none:__TI_decompress_none)
                  000286f4    0000000c     startup_msp432p401r_ccs.obj (.text:Reset_Handler)
                  00028700    00000008     rtsv7M4_T_le_v4SPD16_eabi.lib : errno.c.obj (.text:__aeabi_errno_addr)
                  00028708    00000008                                   : memory.c.obj (.text:malloc)
                  00028710    00000004                                   : printf.c.obj (.text:_outc)
                  00028714    00000004                                   : printf.c.obj (.text:_outs)
                  00028718    00000004                                   : pre_init.c.obj (.text:_system_pre_init)
                  0002871c    00000004                                   : exit.c.obj (.text:abort:abort)

.cinit     0    00028720    00000098     
                  00028720    00000072     (.cinit..data.load) [load image, compression = lzss]
                  00028792    00000002     --HOLE-- [fill = 0]
                  00028794    0000000c     (__TI_handler_table)
                  000287a0    00000008     (.cinit..bss.load) [load image, compression = zero_init]
                  000287a8    00000010     (__TI_cinit_table)

.init_array 
*          0    00000000    00000000     UNINITIALIZED

.binit     0    00000000    00000000     

.sysmem    0    20000000    00000800     UNINITIALIZED
                  20000000    00000010     rtsv7M4_T_le_v4SPD16_eabi.lib : memory.c.obj (.sysmem)
                  20000010    000007f0     --HOLE--

.data      0    20000800    000001f4     UNINITIALIZED
                  20000800    000000f0     rtsv7M4_T_le_v4SPD16_eabi.lib : defs.c.obj (.data:_ftable)
                  200008f0    00000078                                   : host_device.c.obj (.data:_device)
                  20000968    00000050                                   : host_device.c.obj (.data:_stream)
                  200009b8    00000010                                   : defs.c.obj (.data)
                  200009c8    0000000c                                   : exit.c.obj (.data:$O1$$)
                  200009d4    00000008                                   : _lock.c.obj (.data:$O1$$)
                  200009dc    00000008                                   : memory.c.obj (.data:$O1$$)
                  200009e4    00000006     main.obj (.data:string2)
                  200009ea    00000002     --HOLE--
                  200009ec    00000004     main.obj (.data)
                  200009f0    00000004     rtsv7M4_T_le_v4SPD16_eabi.lib : errno.c.obj (.data)

.bss       0    200009f4    000001d0     UNINITIALIZED
                  200009f4    00000120     rtsv7M4_T_le_v4SPD16_eabi.lib : trgmsg.c.obj (.bss:_CIOBUF_)
                  20000b14    000000a0     (.common:__TI_tmpnams)
                  20000bb4    00000008     (.common:parmbuf)
                  20000bbc    00000004     (.common:bank)
                  20000bc0    00000004     (.common:sector)

.stack     0    2000fe00    00000200     UNINITIALIZED
                  2000fe00    00000004     rtsv7M4_T_le_v4SPD16_eabi.lib : boot_cortex_m.c.obj (.stack)
                  2000fe04    000001fc     --HOLE--

__llvm_prf_cnts 
*          0    20000000    00000000     UNINITIALIZED

MODULE SUMMARY

       Module                        code    ro data   rw data
       ------                        ----    -------   -------
    ./
       main.obj                      456     153606    36     
       system_msp432p401r.obj        120     0         0      
    +--+-----------------------------+-------+---------+---------+
       Total:                        576     153606    36     
                                                              
    ./ccs/
       startup_msp432p401r_ccs.obj   14      228       0      
    +--+-----------------------------+-------+---------+---------+
       Total:                        14      228       0      
                                                              
    /Applications/ti/ccs1010/ccs/tools/compiler/ti-cgt-arm_20.2.2.LTS/lib/rtsv7M4_T_le_v4SPD16_eabi.lib
       _printfi.c.obj                4851    0         0      
       defs.c.obj                    0       0         832    
       memory.c.obj                  672     0         16     
       trgmsg.c.obj                  108     0         576    
       fd_add_t2.asm.obj             438     0         0      
       host_device.c.obj             0       0         400    
       fd_div_t2.asm.obj             310     0         0      
       fputs.c.obj                   276     0         0      
       s_scalbn.c.obj                272     0         0      
       fd_cmp_t2.asm.obj             268     0         0      
       ctype.c.obj                   0       257       0      
       fd_mul_t2.asm.obj             252     0         0      
       setvbuf.c.obj                 220     0         0      
       memcpy_t2.asm.obj             156     0         0      
       ull_div_t2.asm.obj            150     0         0      
       fputc.c.obj                   140     0         0      
       memset_t2.asm.obj             122     0         0      
       fclose.c.obj                  116     0         0      
       getdevice.c.obj               116     0         0      
       hostopen.c.obj                96      0         16     
       printf.c.obj                  112     0         0      
       hostrename.c.obj              108     0         0      
       copy_decompress_lzss.c.obj    104     0         0      
       hostlseek.c.obj               104     0         0      
       exit.c.obj                    76      0         24     
       fseek.c.obj                   100     0         0      
       s_frexp.c.obj                 100     0         0      
       _io_perm.c.obj                98      0         0      
       close.c.obj                   92      0         0      
       hostread.c.obj                88      0         0      
       hostwrite.c.obj               88      0         0      
       _ltoa.c.obj                   84      0         0      
       atoi.c.obj                    76      0         0      
       fflush.c.obj                  76      0         0      
       fd_toi_t2.asm.obj             72      0         0      
       autoinit.c.obj                68      0         0      
       hostclose.c.obj               68      0         0      
       hostunlink.c.obj              68      0         0      
       strncpy.c.obj                 54      0         0      
       boot_cortex_m.c.obj           52      0         0      
       fopen.c.obj                   52      0         0      
       i_tofd_t2.asm.obj             46      0         0      
       unlink.c.obj                  44      0         0      
       lseek.c.obj                   40      0         0      
       write.c.obj                   40      0         0      
       memchr.c.obj                  32      0         0      
       copy_zero_init.c.obj          28      0         0      
       memccpy.c.obj                 28      0         0      
       s_copysign.c.obj              26      0         0      
       strcmp.c.obj                  24      0         0      
       strchr.c.obj                  22      0         0      
       strcpy.c.obj                  20      0         0      
       strlen.c.obj                  20      0         0      
       _lock.c.obj                   2       0         16     
       wcslen.c.obj                  18      0         0      
       errno.c.obj                   8       0         8      
       copy_decompress_none.c.obj    14      0         0      
       pre_init.c.obj                4       0         0      
       div0.asm.obj                  2       0         0      
    +--+-----------------------------+-------+---------+---------+
       Total:                        10721   257       1888   
                                                              
    /Users/phatle/ti/simplelink_msp432p4_sdk_3_40_01_02/source/ti/devices/msp432p4xx/driverlib/ccs/msp432p4xx_driverlib.lib
       flash.o                       240     0         0      
    +--+-----------------------------+-------+---------+---------+
       Total:                        240     0         0      
                                                              
       Heap:                         0       0         4096   
       Stack:                        0       0         1024   
       Linker Generated:             0       150       0      
    +--+-----------------------------+-------+---------+---------+
       Grand Total:                  11551   154241    7044   


LINKER GENERATED COPY TABLES

__TI_cinit_table @ 000287a8 records: 2, size/record: 8, table size: 16
	.data: load addr=00028720, load size=00000072 bytes, run addr=20000800, run size=000001f4 bytes, compression=lzss
	.bss: load addr=000287a0, load size=00000008 bytes, run addr=200009f4, run size=000001d0 bytes, compression=zero_init


LINKER GENERATED HANDLER TABLE

__TI_handler_table @ 00028794 records: 3, size/record: 4, table size: 12
	index: 0, handler: __TI_decompress_lzss
	index: 1, handler: __TI_decompress_none
	index: 2, handler: __TI_zero_init


GLOBAL SYMBOLS: SORTED ALPHABETICALLY BY Name 

address   name                           
-------   ----                           
0002643f  ADC14_IRQHandler               
0002643f  AES256_IRQHandler              
0002643f  BusFault_Handler               
0002871d  C$$EXIT                        
0002840f  C$$IO$$                        
0002643f  COMP_E0_IRQHandler             
0002643f  COMP_E1_IRQHandler             
0002643f  CS_IRQHandler                  
0002643f  DMA_ERR_IRQHandler             
0002643f  DMA_INT0_IRQHandler            
0002643f  DMA_INT1_IRQHandler            
0002643f  DMA_INT2_IRQHandler            
0002643f  DMA_INT3_IRQHandler            
0002643f  DebugMon_Handler               
0002643f  Default_Handler                
0002643f  EUSCIA0_IRQHandler             
0002643f  EUSCIA1_IRQHandler             
0002643f  EUSCIA2_IRQHandler             
0002643f  EUSCIA3_IRQHandler             
0002643f  EUSCIB0_IRQHandler             
0002643f  EUSCIB1_IRQHandler             
0002643f  EUSCIB2_IRQHandler             
0002643f  EUSCIB3_IRQHandler             
0002643f  FLCTL_IRQHandler               
0002643f  FPU_IRQHandler                 
00027975  FlashCtl_isSectorProtected     
000279ed  FlashCtl_unprotectSector       
00028291  HOSTclose                      
00027c9d  HOSTlseek                      
00027f01  HOSTopen                       
00027fbd  HOSTread                       
00027c31  HOSTrename                     
000282d5  HOSTunlink                     
00028015  HOSTwrite                      
0002643f  HardFault_Handler              
0002643f  MemManage_Handler              
0002643f  NMI_Handler                    
0002643f  PCM_IRQHandler                 
0002643f  PORT1_IRQHandler               
0002643f  PORT2_IRQHandler               
0002643f  PORT3_IRQHandler               
0002643f  PORT4_IRQHandler               
0002643f  PORT5_IRQHandler               
0002643f  PORT6_IRQHandler               
0002643f  PSS_IRQHandler                 
0002643f  PendSV_Handler                 
0002643f  RTC_C_IRQHandler               
000286f5  Reset_Handler                  
0002643f  SVC_Handler                    
0002643f  SysTick_Handler                
00027a65  SystemInit                     
0002643f  T32_INT1_IRQHandler            
0002643f  T32_INT2_IRQHandler            
0002643f  T32_INTC_IRQHandler            
0002643f  TA0_0_IRQHandler               
0002643f  TA0_N_IRQHandler               
0002643f  TA1_0_IRQHandler               
0002643f  TA1_N_IRQHandler               
0002643f  TA2_0_IRQHandler               
0002643f  TA2_N_IRQHandler               
0002643f  TA3_0_IRQHandler               
0002643f  TA3_N_IRQHandler               
0002643f  UsageFault_Handler             
4000480c  WDTCTL_SYM                     
0002643f  WDT_A_IRQHandler               
200009f4  __CIOBUF_                      
20010000  __STACK_END                    
00000200  __STACK_SIZE                   
00000800  __SYSMEM_SIZE                  
000287a8  __TI_CINIT_Base                
000287b8  __TI_CINIT_Limit               
00028794  __TI_Handler_Table_Base        
000287a0  __TI_Handler_Table_Limit       
00028319  __TI_auto_init_nobinit_nopinit 
00028451  __TI_cleanup                   
200009c8  __TI_cleanup_ptr               
00027add  __TI_closefile                 
00027d05  __TI_decompress_lzss           
000286e7  __TI_decompress_none           
00028169  __TI_doflush                   
200009cc  __TI_dtors_ptr                 
200009d0  __TI_enable_exit_profile_output
200009b8  __TI_ft_end                    
000280c3  __TI_ltoa                      
ffffffff  __TI_pprof_out_hndl            
000259f1  __TI_printfi                   
ffffffff  __TI_prof_data_size            
ffffffff  __TI_prof_data_start           
00028485  __TI_readmsg                   
00000000  __TI_static_base__             
20000b14  __TI_tmpnams                   
000283e1  __TI_writemsg                  
00027e9d  __TI_wrt_ok                    
00028611  __TI_zero_init_nomemset        
000277ed  __aeabi_cdcmpeq                
000277ed  __aeabi_cdcmple                
00027873  __aeabi_cdrcmple               
00028249  __aeabi_d2iz                   
0002688b  __aeabi_dadd                   
00026b75  __aeabi_ddiv                   
00027225  __aeabi_dmul                   
00026881  __aeabi_dsub                   
00028701  __aeabi_errno_addr             
0002851d  __aeabi_i2d                    
00026cab  __aeabi_idiv0                  
00026cab  __aeabi_ldiv0                  
000278f9  __aeabi_memclr                 
000278f9  __aeabi_memclr4                
000278f9  __aeabi_memclr8                
00027593  __aeabi_memcpy                 
00027593  __aeabi_memcpy4                
00027593  __aeabi_memcpy8                
000278fb  __aeabi_memset                 
000278fb  __aeabi_memset4                
000278fb  __aeabi_memset8                
200009c4  __aeabi_stderr                 
200009bc  __aeabi_stdin                  
200009c0  __aeabi_stdout                 
000276c9  __aeabi_uldivmod               
ffffffff  __binit__                      
ffffffff  __c_args__                     
UNDEFED   __mpu_init                     
2000fe00  __stack                        
20000000  __start___llvm_prf_cnts        
20000000  __stop___llvm_prf_cnts         
000284b9  _c_int00_noargs                
000258e4  _ctypes_                       
200008f0  _device                        
20000800  _ftable                        
200009d4  _lock                          
00026a37  _nop                           
20000968  _stream                        
20000000  _sys_memory                    
UNDEFED   _system_post_cinit             
00028719  _system_pre_init               
200009d8  _unlock                        
0002871d  abort                          
00027125  aligned_alloc                  
000281b5  atoi                           
20000bbc  bank                           
ffffffff  binit                          
00027f61  close                          
00028665  copysign                       
00028665  copysignl                      
200009f0  errno                          
00028201  exit                           
000284ed  finddevice                     
00027761  fputc                          
00026f01  fputs                          
00027321  free                           
00027dd5  frexp                          
00027dd5  frexpl                         
00027e39  fseek                          
0002835d  getdevice                      
00000000  interruptVectors               
00027015  ldexp                          
00027015  ldexpl                         
000285a1  lseek                          
00026cad  main                           
00028709  malloc                         
00027125  memalign                       
00028649  memccpy                        
000285f1  memchr                         
00027593  memcpy                         
00027901  memset                         
20000bb4  parmbuf                        
00027d6d  printf                         
00027761  putc                           
00027631  regionConverter                
0002854d  remove                         
00027015  scalbn                         
00027015  scalbnl                        
20000bc0  sector                         
00027405  setvbuf                        
00028697  strchr                         
0002867f  strcmp                         
000286ad  strcpy                         
200009ec  string1                        
200009e4  string2                        
000000e4  string3                        
000286c1  strlen                         
00028419  strncpy                        
0002854d  unlink                         
000286d5  wcslen                         
000285c9  write                          


GLOBAL SYMBOLS: SORTED BY Symbol Address 

address   name                           
-------   ----                           
00000000  __TI_static_base__             
00000000  interruptVectors               
000000e4  string3                        
00000200  __STACK_SIZE                   
00000800  __SYSMEM_SIZE                  
000258e4  _ctypes_                       
000259f1  __TI_printfi                   
0002643f  ADC14_IRQHandler               
0002643f  AES256_IRQHandler              
0002643f  BusFault_Handler               
0002643f  COMP_E0_IRQHandler             
0002643f  COMP_E1_IRQHandler             
0002643f  CS_IRQHandler                  
0002643f  DMA_ERR_IRQHandler             
0002643f  DMA_INT0_IRQHandler            
0002643f  DMA_INT1_IRQHandler            
0002643f  DMA_INT2_IRQHandler            
0002643f  DMA_INT3_IRQHandler            
0002643f  DebugMon_Handler               
0002643f  Default_Handler                
0002643f  EUSCIA0_IRQHandler             
0002643f  EUSCIA1_IRQHandler             
0002643f  EUSCIA2_IRQHandler             
0002643f  EUSCIA3_IRQHandler             
0002643f  EUSCIB0_IRQHandler             
0002643f  EUSCIB1_IRQHandler             
0002643f  EUSCIB2_IRQHandler             
0002643f  EUSCIB3_IRQHandler             
0002643f  FLCTL_IRQHandler               
0002643f  FPU_IRQHandler                 
0002643f  HardFault_Handler              
0002643f  MemManage_Handler              
0002643f  NMI_Handler                    
0002643f  PCM_IRQHandler                 
0002643f  PORT1_IRQHandler               
0002643f  PORT2_IRQHandler               
0002643f  PORT3_IRQHandler               
0002643f  PORT4_IRQHandler               
0002643f  PORT5_IRQHandler               
0002643f  PORT6_IRQHandler               
0002643f  PSS_IRQHandler                 
0002643f  PendSV_Handler                 
0002643f  RTC_C_IRQHandler               
0002643f  SVC_Handler                    
0002643f  SysTick_Handler                
0002643f  T32_INT1_IRQHandler            
0002643f  T32_INT2_IRQHandler            
0002643f  T32_INTC_IRQHandler            
0002643f  TA0_0_IRQHandler               
0002643f  TA0_N_IRQHandler               
0002643f  TA1_0_IRQHandler               
0002643f  TA1_N_IRQHandler               
0002643f  TA2_0_IRQHandler               
0002643f  TA2_N_IRQHandler               
0002643f  TA3_0_IRQHandler               
0002643f  TA3_N_IRQHandler               
0002643f  UsageFault_Handler             
0002643f  WDT_A_IRQHandler               
00026881  __aeabi_dsub                   
0002688b  __aeabi_dadd                   
00026a37  _nop                           
00026b75  __aeabi_ddiv                   
00026cab  __aeabi_idiv0                  
00026cab  __aeabi_ldiv0                  
00026cad  main                           
00026f01  fputs                          
00027015  ldexp                          
00027015  ldexpl                         
00027015  scalbn                         
00027015  scalbnl                        
00027125  aligned_alloc                  
00027125  memalign                       
00027225  __aeabi_dmul                   
00027321  free                           
00027405  setvbuf                        
00027593  __aeabi_memcpy                 
00027593  __aeabi_memcpy4                
00027593  __aeabi_memcpy8                
00027593  memcpy                         
00027631  regionConverter                
000276c9  __aeabi_uldivmod               
00027761  fputc                          
00027761  putc                           
000277ed  __aeabi_cdcmpeq                
000277ed  __aeabi_cdcmple                
00027873  __aeabi_cdrcmple               
000278f9  __aeabi_memclr                 
000278f9  __aeabi_memclr4                
000278f9  __aeabi_memclr8                
000278fb  __aeabi_memset                 
000278fb  __aeabi_memset4                
000278fb  __aeabi_memset8                
00027901  memset                         
00027975  FlashCtl_isSectorProtected     
000279ed  FlashCtl_unprotectSector       
00027a65  SystemInit                     
00027add  __TI_closefile                 
00027c31  HOSTrename                     
00027c9d  HOSTlseek                      
00027d05  __TI_decompress_lzss           
00027d6d  printf                         
00027dd5  frexp                          
00027dd5  frexpl                         
00027e39  fseek                          
00027e9d  __TI_wrt_ok                    
00027f01  HOSTopen                       
00027f61  close                          
00027fbd  HOSTread                       
00028015  HOSTwrite                      
000280c3  __TI_ltoa                      
00028169  __TI_doflush                   
000281b5  atoi                           
00028201  exit                           
00028249  __aeabi_d2iz                   
00028291  HOSTclose                      
000282d5  HOSTunlink                     
00028319  __TI_auto_init_nobinit_nopinit 
0002835d  getdevice                      
000283e1  __TI_writemsg                  
0002840f  C$$IO$$                        
00028419  strncpy                        
00028451  __TI_cleanup                   
00028485  __TI_readmsg                   
000284b9  _c_int00_noargs                
000284ed  finddevice                     
0002851d  __aeabi_i2d                    
0002854d  remove                         
0002854d  unlink                         
000285a1  lseek                          
000285c9  write                          
000285f1  memchr                         
00028611  __TI_zero_init_nomemset        
00028649  memccpy                        
00028665  copysign                       
00028665  copysignl                      
0002867f  strcmp                         
00028697  strchr                         
000286ad  strcpy                         
000286c1  strlen                         
000286d5  wcslen                         
000286e7  __TI_decompress_none           
000286f5  Reset_Handler                  
00028701  __aeabi_errno_addr             
00028709  malloc                         
00028719  _system_pre_init               
0002871d  C$$EXIT                        
0002871d  abort                          
00028794  __TI_Handler_Table_Base        
000287a0  __TI_Handler_Table_Limit       
000287a8  __TI_CINIT_Base                
000287b8  __TI_CINIT_Limit               
20000000  __start___llvm_prf_cnts        
20000000  __stop___llvm_prf_cnts         
20000000  _sys_memory                    
20000800  _ftable                        
200008f0  _device                        
20000968  _stream                        
200009b8  __TI_ft_end                    
200009bc  __aeabi_stdin                  
200009c0  __aeabi_stdout                 
200009c4  __aeabi_stderr                 
200009c8  __TI_cleanup_ptr               
200009cc  __TI_dtors_ptr                 
200009d0  __TI_enable_exit_profile_output
200009d4  _lock                          
200009d8  _unlock                        
200009e4  string2                        
200009ec  string1                        
200009f0  errno                          
200009f4  __CIOBUF_                      
20000b14  __TI_tmpnams                   
20000bb4  parmbuf                        
20000bbc  bank                           
20000bc0  sector                         
2000fe00  __stack                        
20010000  __STACK_END                    
4000480c  WDTCTL_SYM                     
ffffffff  __TI_pprof_out_hndl            
ffffffff  __TI_prof_data_size            
ffffffff  __TI_prof_data_start           
ffffffff  __binit__                      
ffffffff  __c_args__                     
ffffffff  binit                          
UNDEFED   __mpu_init                     
UNDEFED   _system_post_cinit             

[185 symbols]
