******************************************************************************
                  TI ARM Linker Unix v20.2.2                   
******************************************************************************
>> Linked Thu Sep 17 11:35:42 2020

OUTPUT FILE NAME:   <dma_crc32_transfer_calculation_MSP_EXP432P401R_nortos_ccs.out>
ENTRY POINT SYMBOL: "_c_int00_noargs"  address: 00003069


MEMORY CONFIGURATION

         name            origin    length      used     unused   attr    fill
----------------------  --------  ---------  --------  --------  ----  --------
  MAIN                  00000000   00040000  000034d5  0003cb2b  R  X
  INFO                  00200000   00004000  00000000  00004000  R  X
  SRAM_CODE             01000000   00010000  000015c0  0000ea40  RW X
  SRAM_DATA             20000000   00010000  000015c0  0000ea40  RW  


SEGMENT ALLOCATION MAP

run origin  load origin   length   init length attrs members
----------  ----------- ---------- ----------- ----- -------
00000000    00000000    000034d8   000034d8    r-x
  00000000    00000000    000000e4   000000e4    r-- .intvecs
  000000e4    000000e4    00003260   00003260    r-x .text
  00003344    00003344    00000101   00000101    r-- .const
  00003448    00003448    00000090   00000090    r-- .cinit
20000000    20000000    000013c0   00000000    rw-
  20000000    20000000    000009d8   00000000    rw- .bss
  200009d8    200009d8    00000800   00000000    rw- .sysmem
  200011d8    200011d8    000001e8   00000000    rw- .data
2000fe00    2000fe00    00000200   00000000    rw-
  2000fe00    2000fe00    00000200   00000000    rw- .stack


SECTION ALLOCATION MAP

 output                                  attributes/
section   page    origin      length       input sections
--------  ----  ----------  ----------   ----------------
.intvecs   0    00000000    000000e4     
                  00000000    000000e4     startup_msp432p401r_ccs.obj (.intvecs:retain)

.text      0    000000e4    00003260     
                  000000e4    00000a4e     rtsv7M4_T_le_v4SPD16_eabi.lib : _printfi.c.obj (.text:__TI_printfi)
                  00000b32    00000002     startup_msp432p401r_ccs.obj (.text:Default_Handler)
                  00000b34    000002ac     dma_crc32_transfer_calculation.obj (.text:main)
                  00000de0    00000270     rtsv7M4_T_le_v4SPD16_eabi.lib : _printfi.c.obj (.text:_pconv_a)
                  00001050    000001d0                                   : _printfi.c.obj (.text:_pconv_g)
                  00001220    000001b6                                   : fd_add_t2.asm.obj (.text)
                  000013d6    00000002                                   : _lock.c.obj (.text:_nop)
                  000013d8    0000013c                                   : _printfi.c.obj (.text:_pconv_e)
                  00001514    00000136                                   : fd_div_t2.asm.obj (.text)
                  0000164a    00000002                                   : div0.asm.obj (.text)
                  0000164c    00000124                                   : _printfi.c.obj (.text:fcvt)
                  00001770    00000114                                   : fputs.c.obj (.text:fputs)
                  00001884    00000110                                   : s_scalbn.c.obj (.text:scalbn)
                  00001994    00000104     msp432p4xx_driverlib.lib : cs.o (.text:_CSComputeCLKFrequency)
                  00001a98    00000100     rtsv7M4_T_le_v4SPD16_eabi.lib : memory.c.obj (.text:aligned_alloc)
                  00001b98    000000fc                                   : fd_mul_t2.asm.obj (.text)
                  00001c94    000000f8     msp432p4xx_driverlib.lib : cs.o (.text:CS_getDCOFrequency)
                  00001d8c    000000f0                              : dma.o (.text:DMA_setChannelTransfer)
                  00001e7c    000000e4     rtsv7M4_T_le_v4SPD16_eabi.lib : memory.c.obj (.text:free)
                  00001f60    000000dc                                   : setvbuf.c.obj (.text:setvbuf)
                  0000203c    000000b1                                   : _printfi.c.obj (.text:_ltostr)
                  000020ed    00000001     --HOLE-- [fill = 0]
                  000020ee    0000009c                                   : memcpy_t2.asm.obj (.text)
                  0000218a    00000096                                   : ull_div_t2.asm.obj (.text)
                  00002220    00000094     msp432p4xx_driverlib.lib : sysctl_a.o (.text:SysCtl_A_getTLVInfo)
                  000022b4    0000008c     rtsv7M4_T_le_v4SPD16_eabi.lib : fputc.c.obj (.text:fputc)
                  00002340    00000086                                   : fd_cmp_t2.asm.obj (.text:__aeabi_cdcmple)
                  000023c6    00000086                                   : fd_cmp_t2.asm.obj (.text:__aeabi_cdrcmple)
                  0000244c    0000007c     msp432p4xx_driverlib.lib : cs.o (.text:_CSGetDOCFrequency)
                  000024c8    0000007a     rtsv7M4_T_le_v4SPD16_eabi.lib : memset_t2.asm.obj (.text)
                  00002542    00000002     --HOLE-- [fill = 0]
                  00002544    00000078     system_msp432p401r.obj (.text:SystemInit)
                  000025bc    00000074     rtsv7M4_T_le_v4SPD16_eabi.lib : fclose.c.obj (.text:__TI_closefile)
                  00002630    00000070                                   : memory.c.obj (.text:split)
                  000026a0    0000006e                                   : _printfi.c.obj (.text:_mcpy)
                  0000270e    00000002     --HOLE-- [fill = 0]
                  00002710    0000006c                                   : hostrename.c.obj (.text:HOSTrename)
                  0000277c    00000068                                   : hostlseek.c.obj (.text:HOSTlseek)
                  000027e4    00000068                                   : copy_decompress_lzss.c.obj (.text:decompress:lzss:__TI_decompress_lzss)
                  0000284c    00000068                                   : printf.c.obj (.text:printf)
                  000028b4    00000064                                   : s_frexp.c.obj (.text:frexp)
                  00002918    00000064                                   : fseek.c.obj (.text:fseek)
                  0000297c    00000062     msp432p4xx_driverlib.lib : cs.o (.text:_CSGetDividerValue)
                  000029de    00000062     rtsv7M4_T_le_v4SPD16_eabi.lib : _io_perm.c.obj (.text:__TI_wrt_ok)
                  00002a40    00000060                                   : hostopen.c.obj (.text:HOSTopen)
                  00002aa0    0000005c                                   : close.c.obj (.text:close)
                  00002afc    00000058                                   : hostread.c.obj (.text:HOSTread)
                  00002b54    00000058                                   : hostwrite.c.obj (.text:HOSTwrite)
                  00002bac    00000056                                   : _printfi.c.obj (.text:_pconv_f)
                  00002c02    00000054                                   : _ltoa.c.obj (.text:__TI_ltoa)
                  00002c56    00000052                                   : _printfi.c.obj (.text:_ecpy)
                  00002ca8    0000004c                                   : fflush.c.obj (.text:__TI_doflush)
                  00002cf4    0000004c                                   : atoi.c.obj (.text:atoi)
                  00002d40    00000048                                   : exit.c.obj (.text:exit)
                  00002d88    00000048                                   : fd_toi_t2.asm.obj (.text)
                  00002dd0    00000044                                   : hostclose.c.obj (.text:HOSTclose)
                  00002e14    00000044                                   : hostunlink.c.obj (.text:HOSTunlink)
                  00002e58    00000044                                   : autoinit.c.obj (.text:__TI_auto_init_nobinit_nopinit:__TI_auto_init_nobinit_nopinit)
                  00002e9c    00000044                                   : getdevice.c.obj (.text:getdevice)
                  00002ee0    0000003e                                   : _printfi.c.obj (.text:_fcpy)
                  00002f1e    00000002     --HOLE-- [fill = 0]
                  00002f20    00000038     msp432p4xx_driverlib.lib : crc32.o (.text:CRC32_getResult)
                  00002f58    00000038     rtsv7M4_T_le_v4SPD16_eabi.lib : trgmsg.c.obj (.text:__TI_writemsg)
                  00002f90    00000038                                   : fs_tod_t2.asm.obj (.text)
                  00002fc8    00000036                                   : strncpy.c.obj (.text:strncpy)
                  00002ffe    00000002     --HOLE-- [fill = 0]
                  00003000    00000034                                   : fopen.c.obj (.text:__TI_cleanup)
                  00003034    00000034                                   : trgmsg.c.obj (.text:__TI_readmsg)
                  00003068    00000034                                   : boot_cortex_m.c.obj (.text:_c_int00_noargs:_c_int00_noargs)
                  0000309c    00000030     msp432p4xx_driverlib.lib : cs.o (.text:CS_clearInterruptFlag)
                  000030cc    00000030     rtsv7M4_T_le_v4SPD16_eabi.lib : getdevice.c.obj (.text:finddevice)
                  000030fc    0000002e                                   : i_tofd_t2.asm.obj (.text)
                  0000312a    00000002     --HOLE-- [fill = 0]
                  0000312c    0000002c     dma_crc32_transfer_calculation.obj (.text:DMA_INT1_IRQHandler)
                  00003158    0000002c     rtsv7M4_T_le_v4SPD16_eabi.lib : unlink.c.obj (.text:unlink)
                  00003184    00000028     msp432p4xx_driverlib.lib : cs.o (.text:CS_getMCLK)
                  000031ac    00000028     rtsv7M4_T_le_v4SPD16_eabi.lib : memory.c.obj (.text:free_list_insert)
                  000031d4    00000028                                   : lseek.c.obj (.text:lseek)
                  000031fc    00000028                                   : write.c.obj (.text:write)
                  00003224    00000020                                   : memchr.c.obj (.text:memchr)
                  00003244    0000001c                                   : memory.c.obj (.text:free_list_remove)
                  00003260    0000001c                                   : memccpy.c.obj (.text:memccpy)
                  0000327c    0000001a                                   : s_copysign.c.obj (.text:copysign)
                  00003296    00000018                                   : strcmp.c.obj (.text:strcmp)
                  000032ae    00000016                                   : strchr.c.obj (.text:strchr)
                  000032c4    00000014                                   : strcpy.c.obj (.text:strcpy)
                  000032d8    00000014                                   : strlen.c.obj (.text:strlen)
                  000032ec    00000012                                   : wcslen.c.obj (.text:wcslen)
                  000032fe    0000000e                                   : copy_decompress_none.c.obj (.text:decompress:none:__TI_decompress_none)
                  0000330c    0000000c     startup_msp432p401r_ccs.obj (.text:Reset_Handler)
                  00003318    0000000c     rtsv7M4_T_le_v4SPD16_eabi.lib : copy_zero_init.c.obj (.text:decompress:ZI:__TI_zero_init)
                  00003324    00000008                                   : errno.c.obj (.text:__aeabi_errno_addr)
                  0000332c    00000008                                   : memory.c.obj (.text:malloc)
                  00003334    00000004                                   : printf.c.obj (.text:_outc)
                  00003338    00000004                                   : printf.c.obj (.text:_outs)
                  0000333c    00000004                                   : pre_init.c.obj (.text:_system_pre_init)
                  00003340    00000004                                   : exit.c.obj (.text:abort:abort)

.const     0    00003344    00000101     
                  00003344    00000101     rtsv7M4_T_le_v4SPD16_eabi.lib : ctype.c.obj (.const:.string:_ctypes_)

.cinit     0    00003448    00000090     
                  00003448    0000006c     (.cinit..data.load) [load image, compression = lzss]
                  000034b4    0000000c     (__TI_handler_table)
                  000034c0    00000008     (.cinit..bss.load) [load image, compression = zero_init]
                  000034c8    00000010     (__TI_cinit_table)

.init_array 
*          0    00000000    00000000     UNINITIALIZED

.binit     0    00000000    00000000     

.bss       0    20000000    000009d8     UNINITIALIZED
                  20000000    00000400     (.common:controlTable)
                  20000400    00000400     (.common:data_array)
                  20000800    00000120     rtsv7M4_T_le_v4SPD16_eabi.lib : trgmsg.c.obj (.bss:_CIOBUF_)
                  20000920    000000a0     (.common:__TI_tmpnams)
                  200009c0    00000008     msp432p4xx_driverlib.lib : cs.o (.bss)
                  200009c8    00000008     (.common:parmbuf)
                  200009d0    00000004     dma_crc32_transfer_calculation.obj (.bss)
                  200009d4    00000004     (.common:dma_done)

.sysmem    0    200009d8    00000800     UNINITIALIZED
                  200009d8    00000010     rtsv7M4_T_le_v4SPD16_eabi.lib : memory.c.obj (.sysmem)
                  200009e8    000007f0     --HOLE--

.data      0    200011d8    000001e8     UNINITIALIZED
                  200011d8    000000f0     rtsv7M4_T_le_v4SPD16_eabi.lib : defs.c.obj (.data:_ftable)
                  200012c8    00000078                                   : host_device.c.obj (.data:_device)
                  20001340    00000050                                   : host_device.c.obj (.data:_stream)
                  20001390    00000010                                   : defs.c.obj (.data)
                  200013a0    0000000c                                   : exit.c.obj (.data:$O1$$)
                  200013ac    00000008                                   : _lock.c.obj (.data:$O1$$)
                  200013b4    00000008                                   : memory.c.obj (.data:$O1$$)
                  200013bc    00000004                                   : errno.c.obj (.data)

.stack     0    2000fe00    00000200     UNINITIALIZED
                  2000fe00    00000004     rtsv7M4_T_le_v4SPD16_eabi.lib : boot_cortex_m.c.obj (.stack)
                  2000fe04    000001fc     --HOLE--

__llvm_prf_cnts 
*          0    20000000    00000000     UNINITIALIZED

MODULE SUMMARY

       Module                               code    ro data   rw data
       ------                               ----    -------   -------
    ./
       dma_crc32_transfer_calculation.obj   728     0         4112   
       system_msp432p401r.obj               120     0         0      
    +--+------------------------------------+-------+---------+---------+
       Total:                               848     0         4112   
                                                                     
    ./ccs/
       startup_msp432p401r_ccs.obj          14      228       0      
    +--+------------------------------------+-------+---------+---------+
       Total:                               14      228       0      
                                                                     
    /Applications/ti/ccs1010/ccs/tools/compiler/ti-cgt-arm_20.2.2.LTS/lib/rtsv7M4_T_le_v4SPD16_eabi.lib
       _printfi.c.obj                       4851    0         0      
       defs.c.obj                           0       0         832    
       memory.c.obj                         672     0         16     
       trgmsg.c.obj                         108     0         576    
       fd_add_t2.asm.obj                    438     0         0      
       host_device.c.obj                    0       0         400    
       fd_div_t2.asm.obj                    310     0         0      
       fputs.c.obj                          276     0         0      
       s_scalbn.c.obj                       272     0         0      
       fd_cmp_t2.asm.obj                    268     0         0      
       ctype.c.obj                          0       257       0      
       fd_mul_t2.asm.obj                    252     0         0      
       setvbuf.c.obj                        220     0         0      
       memcpy_t2.asm.obj                    156     0         0      
       ull_div_t2.asm.obj                   150     0         0      
       fputc.c.obj                          140     0         0      
       memset_t2.asm.obj                    122     0         0      
       fclose.c.obj                         116     0         0      
       getdevice.c.obj                      116     0         0      
       hostopen.c.obj                       96      0         16     
       printf.c.obj                         112     0         0      
       hostrename.c.obj                     108     0         0      
       copy_decompress_lzss.c.obj           104     0         0      
       hostlseek.c.obj                      104     0         0      
       exit.c.obj                           76      0         24     
       fseek.c.obj                          100     0         0      
       s_frexp.c.obj                        100     0         0      
       _io_perm.c.obj                       98      0         0      
       close.c.obj                          92      0         0      
       hostread.c.obj                       88      0         0      
       hostwrite.c.obj                      88      0         0      
       _ltoa.c.obj                          84      0         0      
       atoi.c.obj                           76      0         0      
       fflush.c.obj                         76      0         0      
       fd_toi_t2.asm.obj                    72      0         0      
       autoinit.c.obj                       68      0         0      
       hostclose.c.obj                      68      0         0      
       hostunlink.c.obj                     68      0         0      
       fs_tod_t2.asm.obj                    56      0         0      
       strncpy.c.obj                        54      0         0      
       boot_cortex_m.c.obj                  52      0         0      
       fopen.c.obj                          52      0         0      
       i_tofd_t2.asm.obj                    46      0         0      
       unlink.c.obj                         44      0         0      
       lseek.c.obj                          40      0         0      
       write.c.obj                          40      0         0      
       memchr.c.obj                         32      0         0      
       memccpy.c.obj                        28      0         0      
       s_copysign.c.obj                     26      0         0      
       strcmp.c.obj                         24      0         0      
       strchr.c.obj                         22      0         0      
       strcpy.c.obj                         20      0         0      
       strlen.c.obj                         20      0         0      
       _lock.c.obj                          2       0         16     
       wcslen.c.obj                         18      0         0      
       errno.c.obj                          8       0         8      
       copy_decompress_none.c.obj           14      0         0      
       copy_zero_init.c.obj                 12      0         0      
       pre_init.c.obj                       4       0         0      
       div0.asm.obj                         2       0         0      
    +--+------------------------------------+-------+---------+---------+
       Total:                               10761   257       1888   
                                                                     
    /Users/phatle/ti/simplelink_msp432p4_sdk_3_40_01_02/source/ti/devices/msp432p4xx/driverlib/ccs/msp432p4xx_driverlib.lib
       cs.o                                 818     0         16     
       dma.o                                240     0         0      
       sysctl_a.o                           148     0         0      
       crc32.o                              56      0         0      
    +--+------------------------------------+-------+---------+---------+
       Total:                               1262    0         16     
                                                                     
       Heap:                                0       0         4096   
       Stack:                               0       0         1024   
       Linker Generated:                    0       144       0      
    +--+------------------------------------+-------+---------+---------+
       Grand Total:                         12885   629       11136  


LINKER GENERATED COPY TABLES

__TI_cinit_table @ 000034c8 records: 2, size/record: 8, table size: 16
	.data: load addr=00003448, load size=0000006c bytes, run addr=200011d8, run size=000001e8 bytes, compression=lzss
	.bss: load addr=000034c0, load size=00000008 bytes, run addr=20000000, run size=000009d8 bytes, compression=zero_init


LINKER GENERATED HANDLER TABLE

__TI_handler_table @ 000034b4 records: 3, size/record: 4, table size: 12
	index: 0, handler: __TI_decompress_lzss
	index: 1, handler: __TI_decompress_none
	index: 2, handler: __TI_zero_init


GLOBAL SYMBOLS: SORTED ALPHABETICALLY BY Name 

address   name                           
-------   ----                           
00000b33  ADC14_IRQHandler               
00000b33  AES256_IRQHandler              
00000b33  BusFault_Handler               
00003341  C$$EXIT                        
00002f87  C$$IO$$                        
00000b33  COMP_E0_IRQHandler             
00000b33  COMP_E1_IRQHandler             
00002f21  CRC32_getResult                
00000b33  CS_IRQHandler                  
0000309d  CS_clearInterruptFlag          
00001c95  CS_getDCOFrequency             
00003185  CS_getMCLK                     
00000b33  DMA_ERR_IRQHandler             
00000b33  DMA_INT0_IRQHandler            
0000312d  DMA_INT1_IRQHandler            
0000312d  DMA_INT1_IRQHandler            
00000b33  DMA_INT2_IRQHandler            
00000b33  DMA_INT3_IRQHandler            
00001d8d  DMA_setChannelTransfer         
00000b33  DebugMon_Handler               
00000b33  Default_Handler                
00000b33  EUSCIA0_IRQHandler             
00000b33  EUSCIA1_IRQHandler             
00000b33  EUSCIA2_IRQHandler             
00000b33  EUSCIA3_IRQHandler             
00000b33  EUSCIB0_IRQHandler             
00000b33  EUSCIB1_IRQHandler             
00000b33  EUSCIB2_IRQHandler             
00000b33  EUSCIB3_IRQHandler             
00000b33  FLCTL_IRQHandler               
00000b33  FPU_IRQHandler                 
00002dd1  HOSTclose                      
0000277d  HOSTlseek                      
00002a41  HOSTopen                       
00002afd  HOSTread                       
00002711  HOSTrename                     
00002e15  HOSTunlink                     
00002b55  HOSTwrite                      
00000b33  HardFault_Handler              
00000b33  MemManage_Handler              
00000b33  NMI_Handler                    
00000b33  PCM_IRQHandler                 
00000b33  PORT1_IRQHandler               
00000b33  PORT2_IRQHandler               
00000b33  PORT3_IRQHandler               
00000b33  PORT4_IRQHandler               
00000b33  PORT5_IRQHandler               
00000b33  PORT6_IRQHandler               
00000b33  PSS_IRQHandler                 
00000b33  PendSV_Handler                 
00000b33  RTC_C_IRQHandler               
0000330d  Reset_Handler                  
00000b33  SVC_Handler                    
00002221  SysCtl_A_getTLVInfo            
00000b33  SysTick_Handler                
00002545  SystemInit                     
00000b33  T32_INT1_IRQHandler            
00000b33  T32_INT2_IRQHandler            
00000b33  T32_INTC_IRQHandler            
00000b33  TA0_0_IRQHandler               
00000b33  TA0_N_IRQHandler               
00000b33  TA1_0_IRQHandler               
00000b33  TA1_N_IRQHandler               
00000b33  TA2_0_IRQHandler               
00000b33  TA2_N_IRQHandler               
00000b33  TA3_0_IRQHandler               
00000b33  TA3_N_IRQHandler               
00000b33  UsageFault_Handler             
4000480c  WDTCTL_SYM                     
00000b33  WDT_A_IRQHandler               
20000800  __CIOBUF_                      
20010000  __STACK_END                    
00000200  __STACK_SIZE                   
00000800  __SYSMEM_SIZE                  
000034c8  __TI_CINIT_Base                
000034d8  __TI_CINIT_Limit               
000034b4  __TI_Handler_Table_Base        
000034c0  __TI_Handler_Table_Limit       
00002e59  __TI_auto_init_nobinit_nopinit 
00003001  __TI_cleanup                   
200013a0  __TI_cleanup_ptr               
000025bd  __TI_closefile                 
000027e5  __TI_decompress_lzss           
000032ff  __TI_decompress_none           
00002ca9  __TI_doflush                   
200013a4  __TI_dtors_ptr                 
200013a8  __TI_enable_exit_profile_output
20001390  __TI_ft_end                    
00002c03  __TI_ltoa                      
ffffffff  __TI_pprof_out_hndl            
000000e5  __TI_printfi                   
ffffffff  __TI_prof_data_size            
ffffffff  __TI_prof_data_start           
00003035  __TI_readmsg                   
00000000  __TI_static_base__             
20000920  __TI_tmpnams                   
00002f59  __TI_writemsg                  
000029df  __TI_wrt_ok                    
00003319  __TI_zero_init                 
00002341  __aeabi_cdcmpeq                
00002341  __aeabi_cdcmple                
000023c7  __aeabi_cdrcmple               
00002d89  __aeabi_d2iz                   
0000122b  __aeabi_dadd                   
00001515  __aeabi_ddiv                   
00001b99  __aeabi_dmul                   
00001221  __aeabi_dsub                   
00003325  __aeabi_errno_addr             
00002f91  __aeabi_f2d                    
000030fd  __aeabi_i2d                    
0000164b  __aeabi_idiv0                  
0000164b  __aeabi_ldiv0                  
000024c9  __aeabi_memclr                 
000024c9  __aeabi_memclr4                
000024c9  __aeabi_memclr8                
000020ef  __aeabi_memcpy                 
000020ef  __aeabi_memcpy4                
000020ef  __aeabi_memcpy8                
000024cb  __aeabi_memset                 
000024cb  __aeabi_memset4                
000024cb  __aeabi_memset8                
2000139c  __aeabi_stderr                 
20001394  __aeabi_stdin                  
20001398  __aeabi_stdout                 
0000218b  __aeabi_uldivmod               
ffffffff  __binit__                      
ffffffff  __c_args__                     
UNDEFED   __mpu_init                     
2000fe00  __stack                        
20000000  __start___llvm_prf_cnts        
20000000  __stop___llvm_prf_cnts         
00003069  _c_int00_noargs                
00003344  _ctypes_                       
200012c8  _device                        
200011d8  _ftable                        
200013ac  _lock                          
000013d7  _nop                           
20001340  _stream                        
200009d8  _sys_memory                    
UNDEFED   _system_post_cinit             
0000333d  _system_pre_init               
200013b0  _unlock                        
00003341  abort                          
00001a99  aligned_alloc                  
00002cf5  atoi                           
ffffffff  binit                          
00002aa1  close                          
20000000  controlTable                   
0000327d  copysign                       
0000327d  copysignl                      
20000400  data_array                     
200009d4  dma_done                       
200013bc  errno                          
00002d41  exit                           
000030cd  finddevice                     
000022b5  fputc                          
00001771  fputs                          
00001e7d  free                           
000028b5  frexp                          
000028b5  frexpl                         
00002919  fseek                          
00002e9d  getdevice                      
00000000  interruptVectors               
00001885  ldexp                          
00001885  ldexpl                         
000031d5  lseek                          
00000b35  main                           
0000332d  malloc                         
00001a99  memalign                       
00003261  memccpy                        
00003225  memchr                         
000020ef  memcpy                         
000024d1  memset                         
200009c8  parmbuf                        
0000284d  printf                         
000022b5  putc                           
00003159  remove                         
00001885  scalbn                         
00001885  scalbnl                        
00001f61  setvbuf                        
000032af  strchr                         
00003297  strcmp                         
000032c5  strcpy                         
000032d9  strlen                         
00002fc9  strncpy                        
00003159  unlink                         
000032ed  wcslen                         
000031fd  write                          


GLOBAL SYMBOLS: SORTED BY Symbol Address 

address   name                           
-------   ----                           
00000000  __TI_static_base__             
00000000  interruptVectors               
000000e5  __TI_printfi                   
00000200  __STACK_SIZE                   
00000800  __SYSMEM_SIZE                  
00000b33  ADC14_IRQHandler               
00000b33  AES256_IRQHandler              
00000b33  BusFault_Handler               
00000b33  COMP_E0_IRQHandler             
00000b33  COMP_E1_IRQHandler             
00000b33  CS_IRQHandler                  
00000b33  DMA_ERR_IRQHandler             
00000b33  DMA_INT0_IRQHandler            
00000b33  DMA_INT2_IRQHandler            
00000b33  DMA_INT3_IRQHandler            
00000b33  DebugMon_Handler               
00000b33  Default_Handler                
00000b33  EUSCIA0_IRQHandler             
00000b33  EUSCIA1_IRQHandler             
00000b33  EUSCIA2_IRQHandler             
00000b33  EUSCIA3_IRQHandler             
00000b33  EUSCIB0_IRQHandler             
00000b33  EUSCIB1_IRQHandler             
00000b33  EUSCIB2_IRQHandler             
00000b33  EUSCIB3_IRQHandler             
00000b33  FLCTL_IRQHandler               
00000b33  FPU_IRQHandler                 
00000b33  HardFault_Handler              
00000b33  MemManage_Handler              
00000b33  NMI_Handler                    
00000b33  PCM_IRQHandler                 
00000b33  PORT1_IRQHandler               
00000b33  PORT2_IRQHandler               
00000b33  PORT3_IRQHandler               
00000b33  PORT4_IRQHandler               
00000b33  PORT5_IRQHandler               
00000b33  PORT6_IRQHandler               
00000b33  PSS_IRQHandler                 
00000b33  PendSV_Handler                 
00000b33  RTC_C_IRQHandler               
00000b33  SVC_Handler                    
00000b33  SysTick_Handler                
00000b33  T32_INT1_IRQHandler            
00000b33  T32_INT2_IRQHandler            
00000b33  T32_INTC_IRQHandler            
00000b33  TA0_0_IRQHandler               
00000b33  TA0_N_IRQHandler               
00000b33  TA1_0_IRQHandler               
00000b33  TA1_N_IRQHandler               
00000b33  TA2_0_IRQHandler               
00000b33  TA2_N_IRQHandler               
00000b33  TA3_0_IRQHandler               
00000b33  TA3_N_IRQHandler               
00000b33  UsageFault_Handler             
00000b33  WDT_A_IRQHandler               
00000b35  main                           
00001221  __aeabi_dsub                   
0000122b  __aeabi_dadd                   
000013d7  _nop                           
00001515  __aeabi_ddiv                   
0000164b  __aeabi_idiv0                  
0000164b  __aeabi_ldiv0                  
00001771  fputs                          
00001885  ldexp                          
00001885  ldexpl                         
00001885  scalbn                         
00001885  scalbnl                        
00001a99  aligned_alloc                  
00001a99  memalign                       
00001b99  __aeabi_dmul                   
00001c95  CS_getDCOFrequency             
00001d8d  DMA_setChannelTransfer         
00001e7d  free                           
00001f61  setvbuf                        
000020ef  __aeabi_memcpy                 
000020ef  __aeabi_memcpy4                
000020ef  __aeabi_memcpy8                
000020ef  memcpy                         
0000218b  __aeabi_uldivmod               
00002221  SysCtl_A_getTLVInfo            
000022b5  fputc                          
000022b5  putc                           
00002341  __aeabi_cdcmpeq                
00002341  __aeabi_cdcmple                
000023c7  __aeabi_cdrcmple               
000024c9  __aeabi_memclr                 
000024c9  __aeabi_memclr4                
000024c9  __aeabi_memclr8                
000024cb  __aeabi_memset                 
000024cb  __aeabi_memset4                
000024cb  __aeabi_memset8                
000024d1  memset                         
00002545  SystemInit                     
000025bd  __TI_closefile                 
00002711  HOSTrename                     
0000277d  HOSTlseek                      
000027e5  __TI_decompress_lzss           
0000284d  printf                         
000028b5  frexp                          
000028b5  frexpl                         
00002919  fseek                          
000029df  __TI_wrt_ok                    
00002a41  HOSTopen                       
00002aa1  close                          
00002afd  HOSTread                       
00002b55  HOSTwrite                      
00002c03  __TI_ltoa                      
00002ca9  __TI_doflush                   
00002cf5  atoi                           
00002d41  exit                           
00002d89  __aeabi_d2iz                   
00002dd1  HOSTclose                      
00002e15  HOSTunlink                     
00002e59  __TI_auto_init_nobinit_nopinit 
00002e9d  getdevice                      
00002f21  CRC32_getResult                
00002f59  __TI_writemsg                  
00002f87  C$$IO$$                        
00002f91  __aeabi_f2d                    
00002fc9  strncpy                        
00003001  __TI_cleanup                   
00003035  __TI_readmsg                   
00003069  _c_int00_noargs                
0000309d  CS_clearInterruptFlag          
000030cd  finddevice                     
000030fd  __aeabi_i2d                    
0000312d  DMA_INT1_IRQHandler            
0000312d  DMA_INT1_IRQHandler            
00003159  remove                         
00003159  unlink                         
00003185  CS_getMCLK                     
000031d5  lseek                          
000031fd  write                          
00003225  memchr                         
00003261  memccpy                        
0000327d  copysign                       
0000327d  copysignl                      
00003297  strcmp                         
000032af  strchr                         
000032c5  strcpy                         
000032d9  strlen                         
000032ed  wcslen                         
000032ff  __TI_decompress_none           
0000330d  Reset_Handler                  
00003319  __TI_zero_init                 
00003325  __aeabi_errno_addr             
0000332d  malloc                         
0000333d  _system_pre_init               
00003341  C$$EXIT                        
00003341  abort                          
00003344  _ctypes_                       
000034b4  __TI_Handler_Table_Base        
000034c0  __TI_Handler_Table_Limit       
000034c8  __TI_CINIT_Base                
000034d8  __TI_CINIT_Limit               
20000000  __start___llvm_prf_cnts        
20000000  __stop___llvm_prf_cnts         
20000000  controlTable                   
20000400  data_array                     
20000800  __CIOBUF_                      
20000920  __TI_tmpnams                   
200009c8  parmbuf                        
200009d4  dma_done                       
200009d8  _sys_memory                    
200011d8  _ftable                        
200012c8  _device                        
20001340  _stream                        
20001390  __TI_ft_end                    
20001394  __aeabi_stdin                  
20001398  __aeabi_stdout                 
2000139c  __aeabi_stderr                 
200013a0  __TI_cleanup_ptr               
200013a4  __TI_dtors_ptr                 
200013a8  __TI_enable_exit_profile_output
200013ac  _lock                          
200013b0  _unlock                        
200013bc  errno                          
2000fe00  __stack                        
20010000  __STACK_END                    
4000480c  WDTCTL_SYM                     
ffffffff  __TI_pprof_out_hndl            
ffffffff  __TI_prof_data_size            
ffffffff  __TI_prof_data_start           
ffffffff  __binit__                      
ffffffff  __c_args__                     
ffffffff  binit                          
UNDEFED   __mpu_init                     
UNDEFED   _system_post_cinit             

[188 symbols]
