******************************************************************************
                  TI ARM Linker Unix v20.2.2                   
******************************************************************************
>> Linked Sat Sep 19 12:18:40 2020

OUTPUT FILE NAME:   <Lab3Ex2.out>
ENTRY POINT SYMBOL: "_c_int00_noargs"  address: 00003051


MEMORY CONFIGURATION

         name            origin    length      used     unused   attr    fill
----------------------  --------  ---------  --------  --------  ----  --------
  MAIN                  00000000   00040000  000034bd  0003cb43  R  X
  INFO                  00200000   00004000  00000000  00004000  R  X
  SRAM_CODE             01000000   00010000  000015c0  0000ea40  RW X
  SRAM_DATA             20000000   00010000  000015c0  0000ea40  RW  


SEGMENT ALLOCATION MAP

run origin  load origin   length   init length attrs members
----------  ----------- ---------- ----------- ----- -------
00000000    00000000    000034c0   000034c0    r-x
  00000000    00000000    000000e4   000000e4    r-- .intvecs
  000000e4    000000e4    00003248   00003248    r-x .text
  0000332c    0000332c    00000101   00000101    r-- .const
  00003430    00003430    00000090   00000090    r-- .cinit
20000000    20000000    000013c0   00000000    rw-
  20000000    20000000    000009d8   00000000    rw- .bss
  200009d8    200009d8    00000800   00000000    rw- .sysmem
  200011d8    200011d8    000001e8   00000000    rw- .data
2000fe00    2000fe00    00000200   00000000    rw-
  2000fe00    2000fe00    00000200   00000000    rw- .stack


SECTION ALLOCATION MAP

 output                                  attributes/
section   page    origin      length       input sections
--------  ----  ----------  ----------   ----------------
.intvecs   0    00000000    000000e4     
                  00000000    000000e4     startup_msp432p401r_ccs.obj (.intvecs:retain)

.text      0    000000e4    00003248     
                  000000e4    00000a4e     rtsv7M4_T_le_v4SPD16_eabi.lib : _printfi.c.obj (.text:__TI_printfi)
                  00000b32    00000002     startup_msp432p401r_ccs.obj (.text:Default_Handler)
                  00000b34    00000294     dma_crc32_transfer_calculation.obj (.text:main)
                  00000dc8    00000270     rtsv7M4_T_le_v4SPD16_eabi.lib : _printfi.c.obj (.text:_pconv_a)
                  00001038    000001d0                                   : _printfi.c.obj (.text:_pconv_g)
                  00001208    000001b6                                   : fd_add_t2.asm.obj (.text)
                  000013be    00000002                                   : _lock.c.obj (.text:_nop)
                  000013c0    0000013c                                   : _printfi.c.obj (.text:_pconv_e)
                  000014fc    00000136                                   : fd_div_t2.asm.obj (.text)
                  00001632    00000002                                   : div0.asm.obj (.text)
                  00001634    00000124                                   : _printfi.c.obj (.text:fcvt)
                  00001758    00000114                                   : fputs.c.obj (.text:fputs)
                  0000186c    00000110                                   : s_scalbn.c.obj (.text:scalbn)
                  0000197c    00000104     msp432p4xx_driverlib.lib : cs.o (.text:_CSComputeCLKFrequency)
                  00001a80    00000100     rtsv7M4_T_le_v4SPD16_eabi.lib : memory.c.obj (.text:aligned_alloc)
                  00001b80    000000fc                                   : fd_mul_t2.asm.obj (.text)
                  00001c7c    000000f8     msp432p4xx_driverlib.lib : cs.o (.text:CS_getDCOFrequency)
                  00001d74    000000f0                              : dma.o (.text:DMA_setChannelTransfer)
                  00001e64    000000e4     rtsv7M4_T_le_v4SPD16_eabi.lib : memory.c.obj (.text:free)
                  00001f48    000000dc                                   : setvbuf.c.obj (.text:setvbuf)
                  00002024    000000b1                                   : _printfi.c.obj (.text:_ltostr)
                  000020d5    00000001     --HOLE-- [fill = 0]
                  000020d6    0000009c                                   : memcpy_t2.asm.obj (.text)
                  00002172    00000096                                   : ull_div_t2.asm.obj (.text)
                  00002208    00000094     msp432p4xx_driverlib.lib : sysctl_a.o (.text:SysCtl_A_getTLVInfo)
                  0000229c    0000008c     rtsv7M4_T_le_v4SPD16_eabi.lib : fputc.c.obj (.text:fputc)
                  00002328    00000086                                   : fd_cmp_t2.asm.obj (.text:__aeabi_cdcmple)
                  000023ae    00000086                                   : fd_cmp_t2.asm.obj (.text:__aeabi_cdrcmple)
                  00002434    0000007c     msp432p4xx_driverlib.lib : cs.o (.text:_CSGetDOCFrequency)
                  000024b0    0000007a     rtsv7M4_T_le_v4SPD16_eabi.lib : memset_t2.asm.obj (.text)
                  0000252a    00000002     --HOLE-- [fill = 0]
                  0000252c    00000078     system_msp432p401r.obj (.text:SystemInit)
                  000025a4    00000074     rtsv7M4_T_le_v4SPD16_eabi.lib : fclose.c.obj (.text:__TI_closefile)
                  00002618    00000070                                   : memory.c.obj (.text:split)
                  00002688    0000006e                                   : _printfi.c.obj (.text:_mcpy)
                  000026f6    00000002     --HOLE-- [fill = 0]
                  000026f8    0000006c                                   : hostrename.c.obj (.text:HOSTrename)
                  00002764    00000068                                   : hostlseek.c.obj (.text:HOSTlseek)
                  000027cc    00000068                                   : copy_decompress_lzss.c.obj (.text:decompress:lzss:__TI_decompress_lzss)
                  00002834    00000068                                   : printf.c.obj (.text:printf)
                  0000289c    00000064                                   : s_frexp.c.obj (.text:frexp)
                  00002900    00000064                                   : fseek.c.obj (.text:fseek)
                  00002964    00000062     msp432p4xx_driverlib.lib : cs.o (.text:_CSGetDividerValue)
                  000029c6    00000062     rtsv7M4_T_le_v4SPD16_eabi.lib : _io_perm.c.obj (.text:__TI_wrt_ok)
                  00002a28    00000060                                   : hostopen.c.obj (.text:HOSTopen)
                  00002a88    0000005c                                   : close.c.obj (.text:close)
                  00002ae4    00000058                                   : hostread.c.obj (.text:HOSTread)
                  00002b3c    00000058                                   : hostwrite.c.obj (.text:HOSTwrite)
                  00002b94    00000056                                   : _printfi.c.obj (.text:_pconv_f)
                  00002bea    00000054                                   : _ltoa.c.obj (.text:__TI_ltoa)
                  00002c3e    00000052                                   : _printfi.c.obj (.text:_ecpy)
                  00002c90    0000004c                                   : fflush.c.obj (.text:__TI_doflush)
                  00002cdc    0000004c                                   : atoi.c.obj (.text:atoi)
                  00002d28    00000048                                   : exit.c.obj (.text:exit)
                  00002d70    00000048                                   : fd_toi_t2.asm.obj (.text)
                  00002db8    00000044                                   : hostclose.c.obj (.text:HOSTclose)
                  00002dfc    00000044                                   : hostunlink.c.obj (.text:HOSTunlink)
                  00002e40    00000044                                   : autoinit.c.obj (.text:__TI_auto_init_nobinit_nopinit:__TI_auto_init_nobinit_nopinit)
                  00002e84    00000044                                   : getdevice.c.obj (.text:getdevice)
                  00002ec8    0000003e                                   : _printfi.c.obj (.text:_fcpy)
                  00002f06    00000002     --HOLE-- [fill = 0]
                  00002f08    00000038     msp432p4xx_driverlib.lib : crc32.o (.text:CRC32_getResult)
                  00002f40    00000038     rtsv7M4_T_le_v4SPD16_eabi.lib : trgmsg.c.obj (.text:__TI_writemsg)
                  00002f78    00000038                                   : fs_tod_t2.asm.obj (.text)
                  00002fb0    00000036                                   : strncpy.c.obj (.text:strncpy)
                  00002fe6    00000002     --HOLE-- [fill = 0]
                  00002fe8    00000034                                   : fopen.c.obj (.text:__TI_cleanup)
                  0000301c    00000034                                   : trgmsg.c.obj (.text:__TI_readmsg)
                  00003050    00000034                                   : boot_cortex_m.c.obj (.text:_c_int00_noargs:_c_int00_noargs)
                  00003084    00000030     msp432p4xx_driverlib.lib : cs.o (.text:CS_clearInterruptFlag)
                  000030b4    00000030     rtsv7M4_T_le_v4SPD16_eabi.lib : getdevice.c.obj (.text:finddevice)
                  000030e4    0000002e                                   : i_tofd_t2.asm.obj (.text)
                  00003112    00000002     --HOLE-- [fill = 0]
                  00003114    0000002c     dma_crc32_transfer_calculation.obj (.text:DMA_INT1_IRQHandler)
                  00003140    0000002c     rtsv7M4_T_le_v4SPD16_eabi.lib : unlink.c.obj (.text:unlink)
                  0000316c    00000028     msp432p4xx_driverlib.lib : cs.o (.text:CS_getMCLK)
                  00003194    00000028     rtsv7M4_T_le_v4SPD16_eabi.lib : memory.c.obj (.text:free_list_insert)
                  000031bc    00000028                                   : lseek.c.obj (.text:lseek)
                  000031e4    00000028                                   : write.c.obj (.text:write)
                  0000320c    00000020                                   : memchr.c.obj (.text:memchr)
                  0000322c    0000001c                                   : memory.c.obj (.text:free_list_remove)
                  00003248    0000001c                                   : memccpy.c.obj (.text:memccpy)
                  00003264    0000001a                                   : s_copysign.c.obj (.text:copysign)
                  0000327e    00000018                                   : strcmp.c.obj (.text:strcmp)
                  00003296    00000016                                   : strchr.c.obj (.text:strchr)
                  000032ac    00000014                                   : strcpy.c.obj (.text:strcpy)
                  000032c0    00000014                                   : strlen.c.obj (.text:strlen)
                  000032d4    00000012                                   : wcslen.c.obj (.text:wcslen)
                  000032e6    0000000e                                   : copy_decompress_none.c.obj (.text:decompress:none:__TI_decompress_none)
                  000032f4    0000000c     startup_msp432p401r_ccs.obj (.text:Reset_Handler)
                  00003300    0000000c     rtsv7M4_T_le_v4SPD16_eabi.lib : copy_zero_init.c.obj (.text:decompress:ZI:__TI_zero_init)
                  0000330c    00000008                                   : errno.c.obj (.text:__aeabi_errno_addr)
                  00003314    00000008                                   : memory.c.obj (.text:malloc)
                  0000331c    00000004                                   : printf.c.obj (.text:_outc)
                  00003320    00000004                                   : printf.c.obj (.text:_outs)
                  00003324    00000004                                   : pre_init.c.obj (.text:_system_pre_init)
                  00003328    00000004                                   : exit.c.obj (.text:abort:abort)

.const     0    0000332c    00000101     
                  0000332c    00000101     rtsv7M4_T_le_v4SPD16_eabi.lib : ctype.c.obj (.const:.string:_ctypes_)

.cinit     0    00003430    00000090     
                  00003430    00000069     (.cinit..data.load) [load image, compression = lzss]
                  00003499    00000003     --HOLE-- [fill = 0]
                  0000349c    0000000c     (__TI_handler_table)
                  000034a8    00000008     (.cinit..bss.load) [load image, compression = zero_init]
                  000034b0    00000010     (__TI_cinit_table)

.init_array 
*          0    00000000    00000000     UNINITIALIZED

.binit     0    00000000    00000000     

.bss       0    20000000    000009d8     UNINITIALIZED
                  20000000    00000400     (.common:controlTable)
                  20000400    00000400     (.common:data_array)
                  20000800    00000120     rtsv7M4_T_le_v4SPD16_eabi.lib : trgmsg.c.obj (.bss:_CIOBUF_)
                  20000920    000000a0     (.common:__TI_tmpnams)
                  200009c0    00000008     msp432p4xx_driverlib.lib : cs.o (.bss)
                  200009c8    00000008     (.common:parmbuf)
                  200009d0    00000004     dma_crc32_transfer_calculation.obj (.bss)
                  200009d4    00000004     (.common:dma_done)

.sysmem    0    200009d8    00000800     UNINITIALIZED
                  200009d8    00000010     rtsv7M4_T_le_v4SPD16_eabi.lib : memory.c.obj (.sysmem)
                  200009e8    000007f0     --HOLE--

.data      0    200011d8    000001e8     UNINITIALIZED
                  200011d8    000000f0     rtsv7M4_T_le_v4SPD16_eabi.lib : defs.c.obj (.data:_ftable)
                  200012c8    00000078                                   : host_device.c.obj (.data:_device)
                  20001340    00000050                                   : host_device.c.obj (.data:_stream)
                  20001390    00000010                                   : defs.c.obj (.data)
                  200013a0    0000000c                                   : exit.c.obj (.data:$O1$$)
                  200013ac    00000008                                   : _lock.c.obj (.data:$O1$$)
                  200013b4    00000008                                   : memory.c.obj (.data:$O1$$)
                  200013bc    00000004                                   : errno.c.obj (.data)

.stack     0    2000fe00    00000200     UNINITIALIZED
                  2000fe00    00000004     rtsv7M4_T_le_v4SPD16_eabi.lib : boot_cortex_m.c.obj (.stack)
                  2000fe04    000001fc     --HOLE--

__llvm_prf_cnts 
*          0    20000000    00000000     UNINITIALIZED

MODULE SUMMARY

       Module                               code    ro data   rw data
       ------                               ----    -------   -------
    ./
       dma_crc32_transfer_calculation.obj   704     0         4112   
       system_msp432p401r.obj               120     0         0      
    +--+------------------------------------+-------+---------+---------+
       Total:                               824     0         4112   
                                                                     
    ./ccs/
       startup_msp432p401r_ccs.obj          14      228       0      
    +--+------------------------------------+-------+---------+---------+
       Total:                               14      228       0      
                                                                     
    /Applications/ti/ccs1010/ccs/tools/compiler/ti-cgt-arm_20.2.2.LTS/lib/rtsv7M4_T_le_v4SPD16_eabi.lib
       _printfi.c.obj                       4851    0         0      
       defs.c.obj                           0       0         832    
       memory.c.obj                         672     0         16     
       trgmsg.c.obj                         108     0         576    
       fd_add_t2.asm.obj                    438     0         0      
       host_device.c.obj                    0       0         400    
       fd_div_t2.asm.obj                    310     0         0      
       fputs.c.obj                          276     0         0      
       s_scalbn.c.obj                       272     0         0      
       fd_cmp_t2.asm.obj                    268     0         0      
       ctype.c.obj                          0       257       0      
       fd_mul_t2.asm.obj                    252     0         0      
       setvbuf.c.obj                        220     0         0      
       memcpy_t2.asm.obj                    156     0         0      
       ull_div_t2.asm.obj                   150     0         0      
       fputc.c.obj                          140     0         0      
       memset_t2.asm.obj                    122     0         0      
       fclose.c.obj                         116     0         0      
       getdevice.c.obj                      116     0         0      
       hostopen.c.obj                       96      0         16     
       printf.c.obj                         112     0         0      
       hostrename.c.obj                     108     0         0      
       copy_decompress_lzss.c.obj           104     0         0      
       hostlseek.c.obj                      104     0         0      
       exit.c.obj                           76      0         24     
       fseek.c.obj                          100     0         0      
       s_frexp.c.obj                        100     0         0      
       _io_perm.c.obj                       98      0         0      
       close.c.obj                          92      0         0      
       hostread.c.obj                       88      0         0      
       hostwrite.c.obj                      88      0         0      
       _ltoa.c.obj                          84      0         0      
       atoi.c.obj                           76      0         0      
       fflush.c.obj                         76      0         0      
       fd_toi_t2.asm.obj                    72      0         0      
       autoinit.c.obj                       68      0         0      
       hostclose.c.obj                      68      0         0      
       hostunlink.c.obj                     68      0         0      
       fs_tod_t2.asm.obj                    56      0         0      
       strncpy.c.obj                        54      0         0      
       boot_cortex_m.c.obj                  52      0         0      
       fopen.c.obj                          52      0         0      
       i_tofd_t2.asm.obj                    46      0         0      
       unlink.c.obj                         44      0         0      
       lseek.c.obj                          40      0         0      
       write.c.obj                          40      0         0      
       memchr.c.obj                         32      0         0      
       memccpy.c.obj                        28      0         0      
       s_copysign.c.obj                     26      0         0      
       strcmp.c.obj                         24      0         0      
       strchr.c.obj                         22      0         0      
       strcpy.c.obj                         20      0         0      
       strlen.c.obj                         20      0         0      
       _lock.c.obj                          2       0         16     
       wcslen.c.obj                         18      0         0      
       errno.c.obj                          8       0         8      
       copy_decompress_none.c.obj           14      0         0      
       copy_zero_init.c.obj                 12      0         0      
       pre_init.c.obj                       4       0         0      
       div0.asm.obj                         2       0         0      
    +--+------------------------------------+-------+---------+---------+
       Total:                               10761   257       1888   
                                                                     
    /Users/phatle/ti/simplelink_msp432p4_sdk_3_40_01_02/source/ti/devices/msp432p4xx/driverlib/ccs/msp432p4xx_driverlib.lib
       cs.o                                 818     0         16     
       dma.o                                240     0         0      
       sysctl_a.o                           148     0         0      
       crc32.o                              56      0         0      
    +--+------------------------------------+-------+---------+---------+
       Total:                               1262    0         16     
                                                                     
       Heap:                                0       0         4096   
       Stack:                               0       0         1024   
       Linker Generated:                    0       141       0      
    +--+------------------------------------+-------+---------+---------+
       Grand Total:                         12861   626       11136  


LINKER GENERATED COPY TABLES

__TI_cinit_table @ 000034b0 records: 2, size/record: 8, table size: 16
	.data: load addr=00003430, load size=00000069 bytes, run addr=200011d8, run size=000001e8 bytes, compression=lzss
	.bss: load addr=000034a8, load size=00000008 bytes, run addr=20000000, run size=000009d8 bytes, compression=zero_init


LINKER GENERATED HANDLER TABLE

__TI_handler_table @ 0000349c records: 3, size/record: 4, table size: 12
	index: 0, handler: __TI_decompress_lzss
	index: 1, handler: __TI_decompress_none
	index: 2, handler: __TI_zero_init


GLOBAL SYMBOLS: SORTED ALPHABETICALLY BY Name 

address   name                           
-------   ----                           
00000b33  ADC14_IRQHandler               
00000b33  AES256_IRQHandler              
00000b33  BusFault_Handler               
00003329  C$$EXIT                        
00002f6f  C$$IO$$                        
00000b33  COMP_E0_IRQHandler             
00000b33  COMP_E1_IRQHandler             
00002f09  CRC32_getResult                
00000b33  CS_IRQHandler                  
00003085  CS_clearInterruptFlag          
00001c7d  CS_getDCOFrequency             
0000316d  CS_getMCLK                     
00000b33  DMA_ERR_IRQHandler             
00000b33  DMA_INT0_IRQHandler            
00003115  DMA_INT1_IRQHandler            
00003115  DMA_INT1_IRQHandler            
00000b33  DMA_INT2_IRQHandler            
00000b33  DMA_INT3_IRQHandler            
00001d75  DMA_setChannelTransfer         
00000b33  DebugMon_Handler               
00000b33  Default_Handler                
00000b33  EUSCIA0_IRQHandler             
00000b33  EUSCIA1_IRQHandler             
00000b33  EUSCIA2_IRQHandler             
00000b33  EUSCIA3_IRQHandler             
00000b33  EUSCIB0_IRQHandler             
00000b33  EUSCIB1_IRQHandler             
00000b33  EUSCIB2_IRQHandler             
00000b33  EUSCIB3_IRQHandler             
00000b33  FLCTL_IRQHandler               
00000b33  FPU_IRQHandler                 
00002db9  HOSTclose                      
00002765  HOSTlseek                      
00002a29  HOSTopen                       
00002ae5  HOSTread                       
000026f9  HOSTrename                     
00002dfd  HOSTunlink                     
00002b3d  HOSTwrite                      
00000b33  HardFault_Handler              
00000b33  MemManage_Handler              
00000b33  NMI_Handler                    
00000b33  PCM_IRQHandler                 
00000b33  PORT1_IRQHandler               
00000b33  PORT2_IRQHandler               
00000b33  PORT3_IRQHandler               
00000b33  PORT4_IRQHandler               
00000b33  PORT5_IRQHandler               
00000b33  PORT6_IRQHandler               
00000b33  PSS_IRQHandler                 
00000b33  PendSV_Handler                 
00000b33  RTC_C_IRQHandler               
000032f5  Reset_Handler                  
00000b33  SVC_Handler                    
00002209  SysCtl_A_getTLVInfo            
00000b33  SysTick_Handler                
0000252d  SystemInit                     
00000b33  T32_INT1_IRQHandler            
00000b33  T32_INT2_IRQHandler            
00000b33  T32_INTC_IRQHandler            
00000b33  TA0_0_IRQHandler               
00000b33  TA0_N_IRQHandler               
00000b33  TA1_0_IRQHandler               
00000b33  TA1_N_IRQHandler               
00000b33  TA2_0_IRQHandler               
00000b33  TA2_N_IRQHandler               
00000b33  TA3_0_IRQHandler               
00000b33  TA3_N_IRQHandler               
00000b33  UsageFault_Handler             
4000480c  WDTCTL_SYM                     
00000b33  WDT_A_IRQHandler               
20000800  __CIOBUF_                      
20010000  __STACK_END                    
00000200  __STACK_SIZE                   
00000800  __SYSMEM_SIZE                  
000034b0  __TI_CINIT_Base                
000034c0  __TI_CINIT_Limit               
0000349c  __TI_Handler_Table_Base        
000034a8  __TI_Handler_Table_Limit       
00002e41  __TI_auto_init_nobinit_nopinit 
00002fe9  __TI_cleanup                   
200013a0  __TI_cleanup_ptr               
000025a5  __TI_closefile                 
000027cd  __TI_decompress_lzss           
000032e7  __TI_decompress_none           
00002c91  __TI_doflush                   
200013a4  __TI_dtors_ptr                 
200013a8  __TI_enable_exit_profile_output
20001390  __TI_ft_end                    
00002beb  __TI_ltoa                      
ffffffff  __TI_pprof_out_hndl            
000000e5  __TI_printfi                   
ffffffff  __TI_prof_data_size            
ffffffff  __TI_prof_data_start           
0000301d  __TI_readmsg                   
00000000  __TI_static_base__             
20000920  __TI_tmpnams                   
00002f41  __TI_writemsg                  
000029c7  __TI_wrt_ok                    
00003301  __TI_zero_init                 
00002329  __aeabi_cdcmpeq                
00002329  __aeabi_cdcmple                
000023af  __aeabi_cdrcmple               
00002d71  __aeabi_d2iz                   
00001213  __aeabi_dadd                   
000014fd  __aeabi_ddiv                   
00001b81  __aeabi_dmul                   
00001209  __aeabi_dsub                   
0000330d  __aeabi_errno_addr             
00002f79  __aeabi_f2d                    
000030e5  __aeabi_i2d                    
00001633  __aeabi_idiv0                  
00001633  __aeabi_ldiv0                  
000024b1  __aeabi_memclr                 
000024b1  __aeabi_memclr4                
000024b1  __aeabi_memclr8                
000020d7  __aeabi_memcpy                 
000020d7  __aeabi_memcpy4                
000020d7  __aeabi_memcpy8                
000024b3  __aeabi_memset                 
000024b3  __aeabi_memset4                
000024b3  __aeabi_memset8                
2000139c  __aeabi_stderr                 
20001394  __aeabi_stdin                  
20001398  __aeabi_stdout                 
00002173  __aeabi_uldivmod               
ffffffff  __binit__                      
ffffffff  __c_args__                     
UNDEFED   __mpu_init                     
2000fe00  __stack                        
20000000  __start___llvm_prf_cnts        
20000000  __stop___llvm_prf_cnts         
00003051  _c_int00_noargs                
0000332c  _ctypes_                       
200012c8  _device                        
200011d8  _ftable                        
200013ac  _lock                          
000013bf  _nop                           
20001340  _stream                        
200009d8  _sys_memory                    
UNDEFED   _system_post_cinit             
00003325  _system_pre_init               
200013b0  _unlock                        
00003329  abort                          
00001a81  aligned_alloc                  
00002cdd  atoi                           
ffffffff  binit                          
00002a89  close                          
20000000  controlTable                   
00003265  copysign                       
00003265  copysignl                      
20000400  data_array                     
200009d4  dma_done                       
200013bc  errno                          
00002d29  exit                           
000030b5  finddevice                     
0000229d  fputc                          
00001759  fputs                          
00001e65  free                           
0000289d  frexp                          
0000289d  frexpl                         
00002901  fseek                          
00002e85  getdevice                      
00000000  interruptVectors               
0000186d  ldexp                          
0000186d  ldexpl                         
000031bd  lseek                          
00000b35  main                           
00003315  malloc                         
00001a81  memalign                       
00003249  memccpy                        
0000320d  memchr                         
000020d7  memcpy                         
000024b9  memset                         
200009c8  parmbuf                        
00002835  printf                         
0000229d  putc                           
00003141  remove                         
0000186d  scalbn                         
0000186d  scalbnl                        
00001f49  setvbuf                        
00003297  strchr                         
0000327f  strcmp                         
000032ad  strcpy                         
000032c1  strlen                         
00002fb1  strncpy                        
00003141  unlink                         
000032d5  wcslen                         
000031e5  write                          


GLOBAL SYMBOLS: SORTED BY Symbol Address 

address   name                           
-------   ----                           
00000000  __TI_static_base__             
00000000  interruptVectors               
000000e5  __TI_printfi                   
00000200  __STACK_SIZE                   
00000800  __SYSMEM_SIZE                  
00000b33  ADC14_IRQHandler               
00000b33  AES256_IRQHandler              
00000b33  BusFault_Handler               
00000b33  COMP_E0_IRQHandler             
00000b33  COMP_E1_IRQHandler             
00000b33  CS_IRQHandler                  
00000b33  DMA_ERR_IRQHandler             
00000b33  DMA_INT0_IRQHandler            
00000b33  DMA_INT2_IRQHandler            
00000b33  DMA_INT3_IRQHandler            
00000b33  DebugMon_Handler               
00000b33  Default_Handler                
00000b33  EUSCIA0_IRQHandler             
00000b33  EUSCIA1_IRQHandler             
00000b33  EUSCIA2_IRQHandler             
00000b33  EUSCIA3_IRQHandler             
00000b33  EUSCIB0_IRQHandler             
00000b33  EUSCIB1_IRQHandler             
00000b33  EUSCIB2_IRQHandler             
00000b33  EUSCIB3_IRQHandler             
00000b33  FLCTL_IRQHandler               
00000b33  FPU_IRQHandler                 
00000b33  HardFault_Handler              
00000b33  MemManage_Handler              
00000b33  NMI_Handler                    
00000b33  PCM_IRQHandler                 
00000b33  PORT1_IRQHandler               
00000b33  PORT2_IRQHandler               
00000b33  PORT3_IRQHandler               
00000b33  PORT4_IRQHandler               
00000b33  PORT5_IRQHandler               
00000b33  PORT6_IRQHandler               
00000b33  PSS_IRQHandler                 
00000b33  PendSV_Handler                 
00000b33  RTC_C_IRQHandler               
00000b33  SVC_Handler                    
00000b33  SysTick_Handler                
00000b33  T32_INT1_IRQHandler            
00000b33  T32_INT2_IRQHandler            
00000b33  T32_INTC_IRQHandler            
00000b33  TA0_0_IRQHandler               
00000b33  TA0_N_IRQHandler               
00000b33  TA1_0_IRQHandler               
00000b33  TA1_N_IRQHandler               
00000b33  TA2_0_IRQHandler               
00000b33  TA2_N_IRQHandler               
00000b33  TA3_0_IRQHandler               
00000b33  TA3_N_IRQHandler               
00000b33  UsageFault_Handler             
00000b33  WDT_A_IRQHandler               
00000b35  main                           
00001209  __aeabi_dsub                   
00001213  __aeabi_dadd                   
000013bf  _nop                           
000014fd  __aeabi_ddiv                   
00001633  __aeabi_idiv0                  
00001633  __aeabi_ldiv0                  
00001759  fputs                          
0000186d  ldexp                          
0000186d  ldexpl                         
0000186d  scalbn                         
0000186d  scalbnl                        
00001a81  aligned_alloc                  
00001a81  memalign                       
00001b81  __aeabi_dmul                   
00001c7d  CS_getDCOFrequency             
00001d75  DMA_setChannelTransfer         
00001e65  free                           
00001f49  setvbuf                        
000020d7  __aeabi_memcpy                 
000020d7  __aeabi_memcpy4                
000020d7  __aeabi_memcpy8                
000020d7  memcpy                         
00002173  __aeabi_uldivmod               
00002209  SysCtl_A_getTLVInfo            
0000229d  fputc                          
0000229d  putc                           
00002329  __aeabi_cdcmpeq                
00002329  __aeabi_cdcmple                
000023af  __aeabi_cdrcmple               
000024b1  __aeabi_memclr                 
000024b1  __aeabi_memclr4                
000024b1  __aeabi_memclr8                
000024b3  __aeabi_memset                 
000024b3  __aeabi_memset4                
000024b3  __aeabi_memset8                
000024b9  memset                         
0000252d  SystemInit                     
000025a5  __TI_closefile                 
000026f9  HOSTrename                     
00002765  HOSTlseek                      
000027cd  __TI_decompress_lzss           
00002835  printf                         
0000289d  frexp                          
0000289d  frexpl                         
00002901  fseek                          
000029c7  __TI_wrt_ok                    
00002a29  HOSTopen                       
00002a89  close                          
00002ae5  HOSTread                       
00002b3d  HOSTwrite                      
00002beb  __TI_ltoa                      
00002c91  __TI_doflush                   
00002cdd  atoi                           
00002d29  exit                           
00002d71  __aeabi_d2iz                   
00002db9  HOSTclose                      
00002dfd  HOSTunlink                     
00002e41  __TI_auto_init_nobinit_nopinit 
00002e85  getdevice                      
00002f09  CRC32_getResult                
00002f41  __TI_writemsg                  
00002f6f  C$$IO$$                        
00002f79  __aeabi_f2d                    
00002fb1  strncpy                        
00002fe9  __TI_cleanup                   
0000301d  __TI_readmsg                   
00003051  _c_int00_noargs                
00003085  CS_clearInterruptFlag          
000030b5  finddevice                     
000030e5  __aeabi_i2d                    
00003115  DMA_INT1_IRQHandler            
00003115  DMA_INT1_IRQHandler            
00003141  remove                         
00003141  unlink                         
0000316d  CS_getMCLK                     
000031bd  lseek                          
000031e5  write                          
0000320d  memchr                         
00003249  memccpy                        
00003265  copysign                       
00003265  copysignl                      
0000327f  strcmp                         
00003297  strchr                         
000032ad  strcpy                         
000032c1  strlen                         
000032d5  wcslen                         
000032e7  __TI_decompress_none           
000032f5  Reset_Handler                  
00003301  __TI_zero_init                 
0000330d  __aeabi_errno_addr             
00003315  malloc                         
00003325  _system_pre_init               
00003329  C$$EXIT                        
00003329  abort                          
0000332c  _ctypes_                       
0000349c  __TI_Handler_Table_Base        
000034a8  __TI_Handler_Table_Limit       
000034b0  __TI_CINIT_Base                
000034c0  __TI_CINIT_Limit               
20000000  __start___llvm_prf_cnts        
20000000  __stop___llvm_prf_cnts         
20000000  controlTable                   
20000400  data_array                     
20000800  __CIOBUF_                      
20000920  __TI_tmpnams                   
200009c8  parmbuf                        
200009d4  dma_done                       
200009d8  _sys_memory                    
200011d8  _ftable                        
200012c8  _device                        
20001340  _stream                        
20001390  __TI_ft_end                    
20001394  __aeabi_stdin                  
20001398  __aeabi_stdout                 
2000139c  __aeabi_stderr                 
200013a0  __TI_cleanup_ptr               
200013a4  __TI_dtors_ptr                 
200013a8  __TI_enable_exit_profile_output
200013ac  _lock                          
200013b0  _unlock                        
200013bc  errno                          
2000fe00  __stack                        
20010000  __STACK_END                    
4000480c  WDTCTL_SYM                     
ffffffff  __TI_pprof_out_hndl            
ffffffff  __TI_prof_data_size            
ffffffff  __TI_prof_data_start           
ffffffff  __binit__                      
ffffffff  __c_args__                     
ffffffff  binit                          
UNDEFED   __mpu_init                     
UNDEFED   _system_post_cinit             

[188 symbols]
