******************************************************************************
                  TI ARM Linker Unix v20.2.2                   
******************************************************************************
>> Linked Thu Nov 19 15:10:47 2020

OUTPUT FILE NAME:   <Lab7_Ex2.1.out>
ENTRY POINT SYMBOL: "_c_int00"  address: 00003b01


MEMORY CONFIGURATION

         name            origin    length      used     unused   attr    fill
----------------------  --------  ---------  --------  --------  ----  --------
  MAIN                  00000000   00040000  00004d12  0003b2ee  R  X
  INFO                  00200000   00004000  00000000  00004000  R  X
  SRAM_CODE             01000000   00010000  00009a7d  00006583  RW X
  SRAM_DATA             20000000   00010000  00009a7d  00006583  RW  


SEGMENT ALLOCATION MAP

run origin  load origin   length   init length attrs members
----------  ----------- ---------- ----------- ----- -------
00000000    00000000    00004d18   00004d18    r-x
  00000000    00000000    00004a00   00004a00    r-x .text
  00004a00    00004a00    0000025a   0000025a    r-- .const
  00004c60    00004c60    000000b8   000000b8    r-- .cinit
20000000    20000000    00008000   00000000    r--
  20000000    20000000    00008000   00000000    r-- .priheap
20008000    20008000    00001680   00000000    rw-
  20008000    20008000    00001314   00000000    rw- .bss
  20009314    20009314    00000359   00000000    rw- .data
  20009670    20009670    00000010   00000000    rw- .sysmem
2000fc00    2000fc00    00000400   00000000    rw-
  2000fc00    2000fc00    00000400   00000000    rw- .stack


SECTION ALLOCATION MAP

 output                                  attributes/
section   page    origin      length       input sections
--------  ----  ----------  ----------   ----------------
.text      0    00000000    00004a00     
                  00000000    00000a4e     rtsv7M4_T_le_v4SPD16_eabi.lib : _printfi.c.obj (.text:__TI_printfi)
                  00000a4e    00000002     ti_drivers_config.obj (.text:Board_initHook)
                  00000a50    000002f8     drivers_msp432p401x.aem4f : PowerMSP432.oem4f (.text:Power_sleep)
                  00000d48    000002d0                               : UARTMSP432.oem4f (.text:UARTMSP432_open)
                  00001018    00000288                               : PowerMSP432.oem4f (.text:initPerfControl)
                  000012a0    00000270     rtsv7M4_T_le_v4SPD16_eabi.lib : _printfi.c.obj (.text:_pconv_a)
                  00001510    000001d0                                   : _printfi.c.obj (.text:_pconv_g)
                  000016e0    000001b6                                   : fd_add_t2.asm.obj (.text)
                  00001896    00000002     dpl_msp432p401x.aem4f : PowerMSP432_tirtos.oem4f (.text:PowerMSP432_initPolicy)
                  00001898    0000013c     rtsv7M4_T_le_v4SPD16_eabi.lib : _printfi.c.obj (.text:_pconv_e)
                  000019d4    00000136                                   : fd_div_t2.asm.obj (.text)
                  00001b0a    00000002     drivers_msp432p401x.aem4f : UARTMSP432.oem4f (.text:UARTMSP432_init)
                  00001b0c    00000124     rtsv7M4_T_le_v4SPD16_eabi.lib : _printfi.c.obj (.text:fcvt)
                  00001c30    0000011c     msp432p4xx_driverlib.lib : uart.o (.text:UART_initModule)
                  00001d4c    00000114     rtsv7M4_T_le_v4SPD16_eabi.lib : fputs.c.obj (.text:fputs)
                  00001e60    00000110                                   : s_scalbn.c.obj (.text:scalbn)
                  00001f70    00000100                                   : memory.c.obj (.text:aligned_alloc)
                  00002070    000000fc                                   : fd_mul_t2.asm.obj (.text)
                  0000216c    000000e4     msp432p4xx_driverlib.lib : cs.o (.text:CS_startHFXTWithTimeout)
                  00002250    000000e4     rtsv7M4_T_le_v4SPD16_eabi.lib : memory.c.obj (.text:free)
                  00002334    000000e0     msp432p4xx_driverlib.lib : cs.o (.text:CS_startLFXTWithTimeout)
                  00002414    000000dc     drivers_msp432p401x.aem4f : UARTMSP432.oem4f (.text:UARTMSP432_readPolling)
                  000024f0    000000dc     msp432p4xx_driverlib.lib : cs.o (.text:_CSGetHFXTFrequency)
                  000025cc    000000dc     rtsv7M4_T_le_v4SPD16_eabi.lib : setvbuf.c.obj (.text:setvbuf)
                  000026a8    000000ca     drivers_msp432p401x.aem4f : UARTMSP432.oem4f (.text:UARTMSP432_hwiIntFxn)
                  00002772    00000002     rtsv7M4_T_le_v4SPD16_eabi.lib : _lock.c.obj (.text:_nop)
                  00002774    000000b8     drivers_msp432p401x.aem4f : UARTMSP432.oem4f (.text:initHw)
                  0000282c    000000b8                               : UARTMSP432.oem4f (.text:readTaskCallback)
                  000028e4    000000b4                               : UARTMSP432.oem4f (.text:UARTMSP432_control)
                  00002998    000000b4                               : UARTMSP432.oem4f (.text:UARTMSP432_writePolling)
                  00002a4c    000000b1     rtsv7M4_T_le_v4SPD16_eabi.lib : _printfi.c.obj (.text:_ltostr)
                  00002afd    00000001     --HOLE-- [fill = 0]
                  00002afe    000000a8     drivers_msp432p401x.aem4f : UARTMSP432.oem4f (.text:UARTMSP432_write)
                  00002ba6    000000a8                               : UARTMSP432.oem4f (.text:readTaskBlocking)
                  00002c4e    00000002     rtsv7M4_T_le_v4SPD16_eabi.lib : div0.asm.obj (.text)
                  00002c50    000000a0     auto_init.aem4f : auto_init.oem4f (.text)
                  00002cf0    000000a0     drivers_msp432p401x.aem4f : UARTMSP432.oem4f (.text:readIsrTextCallback)
                  00002d90    0000009c                               : PowerMSP432.oem4f (.text:Power_init)
                  00002e2c    0000009c     rtsv7M4_T_le_v4SPD16_eabi.lib : memcpy_t2.asm.obj (.text)
                  00002ec8    0000009a     hello.obj (.text:task1)
                  00002f62    00000096     rtsv7M4_T_le_v4SPD16_eabi.lib : ull_div_t2.asm.obj (.text)
                  00002ff8    00000092     drivers_msp432p401x.aem4f : UARTMSP432.oem4f (.text:UARTMSP432_close)
                  0000308a    00000092                               : UARTMSP432.oem4f (.text:writeData)
                  0000311c    0000008c     rtsv7M4_T_le_v4SPD16_eabi.lib : fputc.c.obj (.text:fputc)
                  000031a8    0000008c     drivers_msp432p401x.aem4f : UARTMSP432.oem4f (.text:readIsrTextBlocking)
                  00003234    00000086     rtsv7M4_T_le_v4SPD16_eabi.lib : fd_cmp_t2.asm.obj (.text:__aeabi_cdcmple)
                  000032ba    00000086                                   : fd_cmp_t2.asm.obj (.text:__aeabi_cdrcmple)
                  00003340    00000084     drivers_msp432p401x.aem4f : PowerMSP432.oem4f (.text:restartHFXT)
                  000033c4    0000007a     rtsv7M4_T_le_v4SPD16_eabi.lib : memset_t2.asm.obj (.text)
                  0000343e    00000002     --HOLE-- [fill = 0]
                  00003440    00000074                                   : fclose.c.obj (.text:__TI_closefile)
                  000034b4    00000070     drivers_msp432p401x.aem4f : UARTMSP432.oem4f (.text:UARTMSP432_writeCancel)
                  00003524    00000070     rtsv7M4_T_le_v4SPD16_eabi.lib : memory.c.obj (.text:split)
                  00003594    0000006e                                   : _printfi.c.obj (.text:_mcpy)
                  00003602    00000002     --HOLE-- [fill = 0]
                  00003604    0000006c                                   : hostrename.c.obj (.text:HOSTrename)
                  00003670    00000068                                   : hostlseek.c.obj (.text:HOSTlseek)
                  000036d8    00000068     drivers_msp432p401x.aem4f : PowerMSP432.oem4f (.text:PowerMSP432_getFreqs)
                  00003740    00000068     rtsv7M4_T_le_v4SPD16_eabi.lib : copy_decompress_lzss.c.obj (.text:decompress:lzss:__TI_decompress_lzss)
                  000037a8    00000068                                   : printf.c.obj (.text:printf)
                  00003810    00000064                                   : s_frexp.c.obj (.text:frexp)
                  00003874    00000064                                   : fseek.c.obj (.text:fseek)
                  000038d8    00000062                                   : _io_perm.c.obj (.text:__TI_wrt_ok)
                  0000393a    00000002     --HOLE-- [fill = 0]
                  0000393c    00000060                                   : hostopen.c.obj (.text:HOSTopen)
                  0000399c    0000005c                                   : close.c.obj (.text:close)
                  000039f8    00000058     msp432p4xx_driverlib.lib : gpio.o (.text:GPIO_setAsInputPinWithPullUpResistor)
                  00003a50    00000058     rtsv7M4_T_le_v4SPD16_eabi.lib : hostread.c.obj (.text:HOSTread)
                  00003aa8    00000058                                   : hostwrite.c.obj (.text:HOSTwrite)
                  00003b00    00000058     boot.aem4f : boot.oem4f (.text)
                  00003b58    00000058     hello.obj (.text:main)
                  00003bb0    00000058     drivers_msp432p401x.aem4f : UARTMSP432.oem4f (.text:readIsrBinaryBlocking)
                  00003c08    00000056     rtsv7M4_T_le_v4SPD16_eabi.lib : _printfi.c.obj (.text:_pconv_f)
                  00003c5e    00000054                                   : _ltoa.c.obj (.text:__TI_ltoa)
                  00003cb2    00000052                                   : _printfi.c.obj (.text:_ecpy)
                  00003d04    00000050     dpl_msp432p401x.aem4f : ClockP_tirtos.oem4f (.text:ClockP_create)
                  00003d54    0000004c                           : PowerMSP432_tirtos.oem4f (.text:PowerMSP432_sleepPolicy)
                  00003da0    0000004c     rtsv7M4_T_le_v4SPD16_eabi.lib : fflush.c.obj (.text:__TI_doflush)
                  00003dec    0000004c                                   : atoi.c.obj (.text:atoi)
                  00003e38    0000004c                                   : cpy_tbl.c.obj (.text:copy_in)
                  00003e84    0000004c     drivers_msp432p401x.aem4f : UARTMSP432.oem4f (.text:readIsrBinaryCallback)
                  00003ed0    00000048                               : PowerMSP432.oem4f (.text:Power_releaseConstraint)
                  00003f18    00000048     rtsv7M4_T_le_v4SPD16_eabi.lib : fd_toi_t2.asm.obj (.text)
                  00003f60    00000046     drivers_msp432p401x.aem4f : RingBuf.oem4f (.text:RingBuf_put)
                  00003fa6    00000002     --HOLE-- [fill = 0]
                  00003fa8    00000044     rtsv7M4_T_le_v4SPD16_eabi.lib : hostclose.c.obj (.text:HOSTclose)
                  00003fec    00000044                                   : hostunlink.c.obj (.text:HOSTunlink)
                  00004030    00000044     drivers_msp432p401x.aem4f : UART.oem4f (.text:UART_init)
                  00004074    00000044     rtsv7M4_T_le_v4SPD16_eabi.lib : getdevice.c.obj (.text:getdevice)
                  000040b8    00000040     dpl_msp432p401x.aem4f : HwiP_tirtos.oem4f (.text:HwiP_create)
                  000040f8    00000040     drivers_msp432p401x.aem4f : RingBuf.oem4f (.text:RingBuf_get)
                  00004138    00000040                               : UARTMSP432.oem4f (.text:UARTMSP432_read)
                  00004178    00000040                               : UART.oem4f (.text:UART_open)
                  000041b8    00000040                               : UARTMSP432.oem4f (.text:perfChangeNotifyFxn)
                  000041f8    00000040     rtsv7M4_T_le_v4SPD16_eabi.lib : sprintf.c.obj (.text:sprintf)
                  00004238    0000003e                                   : _printfi.c.obj (.text:_fcpy)
                  00004276    00000002     --HOLE-- [fill = 0]
                  00004278    0000003c     dpl_msp432p401x.aem4f : SemaphoreP_tirtos.oem4f (.text:SemaphoreP_create)
                  000042b4    00000038     drivers_msp432p401x.aem4f : PowerMSP432.oem4f (.text:Power_setConstraint)
                  000042ec    00000038     rtsv7M4_T_le_v4SPD16_eabi.lib : trgmsg.c.obj (.text:__TI_writemsg)
                  00004324    00000038     drivers_msp432p401x.aem4f : PowerMSP432.oem4f (.text:notify)
                  0000435c    00000036                               : UARTMSP432.oem4f (.text:UARTMSP432_readCancel)
                  00004392    00000036     rtsv7M4_T_le_v4SPD16_eabi.lib : strncpy.c.obj (.text:strncpy)
                  000043c8    00000034                                   : fopen.c.obj (.text:__TI_cleanup)
                  000043fc    00000034                                   : trgmsg.c.obj (.text:__TI_readmsg)
                  00004430    00000030     msp432p4xx_driverlib.lib : gpio.o (.text:GPIO_getInputPinValue)
                  00004460    00000030     rtsv7M4_T_le_v4SPD16_eabi.lib : getdevice.c.obj (.text:finddevice)
                  00004490    00000030     drivers_msp432p401x.aem4f : UARTMSP432.oem4f (.text:mapPin)
                  000044c0    0000002e     rtsv7M4_T_le_v4SPD16_eabi.lib : i_tofd_t2.asm.obj (.text)
                  000044ee    0000002c     dpl_msp432p401x.aem4f : PowerMSP432_tirtos.oem4f (.text:PowerMSP432_updateFreqs)
                  0000451a    00000002     --HOLE-- [fill = 0]
                  0000451c    0000002c     rtsv7M4_T_le_v4SPD16_eabi.lib : unlink.c.obj (.text:unlink)
                  00004548    00000028     drivers_msp432p401x.aem4f : PowerMSP432.oem4f (.text:Power_registerNotify)
                  00004570    00000028                               : PowerMSP432.oem4f (.text:disableFaultCounter)
                  00004598    00000028                               : PowerMSP432.oem4f (.text:disableHFXT)
                  000045c0    00000028                               : UARTMSP432.oem4f (.text:findBaudDividerIndex)
                  000045e8    00000028     rtsv7M4_T_le_v4SPD16_eabi.lib : memory.c.obj (.text:free_list_insert)
                  00004610    00000028                                   : lseek.c.obj (.text:lseek)
                  00004638    00000028                                   : write.c.obj (.text:write)
                  00004660    00000026     drivers_msp432p401x.aem4f : List.oem4f (.text:List_put)
                  00004686    00000026                               : List.oem4f (.text:List_remove)
                  000046ac    00000020     msp432p4xx_driverlib.lib : cs.o (.text:CS_setExternalClockSourceFrequency)
                  000046cc    00000020     drivers_msp432p401x.aem4f : PowerMSP432.oem4f (.text:Power_unregisterNotify)
                  000046ec    00000020                               : RingBuf.oem4f (.text:RingBuf_peek)
                  0000470c    00000020     rtsv7M4_T_le_v4SPD16_eabi.lib : memchr.c.obj (.text:memchr)
                  0000472c    0000001c                                   : memory.c.obj (.text:free_list_remove)
                  00004748    0000001c                                   : memccpy.c.obj (.text:memccpy)
                  00004764    0000001a                                   : s_copysign.c.obj (.text:copysign)
                  0000477e    00000002     --HOLE-- [fill = 0]
                  00004780    00000018     msp432p4xx_driverlib.lib : sysctl_a.o (.text:SysCtl_A_disableNMISource)
                  00004798    00000018                              : sysctl_a.o (.text:SysCtl_A_enableNMISource)
                  000047b0    00000018     drivers_msp432p401x.aem4f : UART.oem4f (.text:UART_Params_init)
                  000047c8    00000018     rtsv7M4_T_le_v4SPD16_eabi.lib : args_main.c.obj (.text:_args_main)
                  000047e0    00000018                                   : sprintf.c.obj (.text:_outs)
                  000047f8    00000018                                   : strcmp.c.obj (.text:strcmp)
                  00004810    00000018     hello.obj (.text:task2)
                  00004828    00000016     rtsv7M4_T_le_v4SPD16_eabi.lib : strchr.c.obj (.text:strchr)
                  0000483e    00000016     hello.obj (.text:ti_sysbios_knl_Task_Params_init)
                  00004854    00000014     drivers_msp432p401x.aem4f : UARTMSP432.oem4f (.text:clearTXCPTIFG)
                  00004868    00000014     rtsv7M4_T_le_v4SPD16_eabi.lib : strcpy.c.obj (.text:strcpy)
                  0000487c    00000014                                   : strlen.c.obj (.text:strlen)
                  00004890    00000012     drivers_msp432p401x.aem4f : RingBuf.oem4f (.text:RingBuf_construct)
                  000048a2    00000012     dpl_msp432p401x.aem4f : SemaphoreP_tirtos.oem4f (.text:SemaphoreP_pend)
                  000048b4    00000012     rtsv7M4_T_le_v4SPD16_eabi.lib : wcslen.c.obj (.text:wcslen)
                  000048c6    00000010     dpl_msp432p401x.aem4f : HwiP_tirtos.oem4f (.text:HwiP_Params_init)
                  000048d6    00000002     --HOLE-- [fill = 0]
                  000048d8    00000010     drivers_msp432p401x.aem4f : PowerMSP432.oem4f (.text:PowerMSP432_getNumPerfLevels)
                  000048e8    00000010     msp432p4xx_driverlib.lib : sysctl_a.o (.text:SysCtl_A_getNMISourceStatus)
                  000048f8    00000010                              : sysctl.o (.text:SysCtl_getNMISourceStatus)
                  00004908    00000010     drivers_msp432p401x.aem4f : UARTMSP432.oem4f (.text:readBlockingTimeout)
                  00004918    0000000e     rtsv7M4_T_le_v4SPD16_eabi.lib : copy_decompress_none.c.obj (.text:decompress:none:__TI_decompress_none)
                  00004926    0000000c     ti_drivers_config.obj (.text:Board_init)
                  00004932    0000000c     msp432p4xx_driverlib.lib : cpu.o (.text:CPU_cpsid)
                  0000493e    0000000c                              : cpu.o (.text:CPU_cpsie)
                  0000494a    0000000c     dpl_msp432p401x.aem4f : ClockP_tirtos.oem4f (.text:ClockP_delete)
                  00004956    0000000c                           : HwiP_tirtos.oem4f (.text:HwiP_delete)
                  00004962    00000002     --HOLE-- [fill = 0]
                  00004964    0000000c     drivers_msp432p401x.aem4f : PowerMSP432.oem4f (.text:Power_getConstraintMask)
                  00004970    0000000c                               : PowerMSP432.oem4f (.text:Power_getPerformanceLevel)
                  0000497c    0000000c     dpl_msp432p401x.aem4f : SemaphoreP_tirtos.oem4f (.text:SemaphoreP_delete)
                  00004988    0000000c     rtsv7M4_T_le_v4SPD16_eabi.lib : copy_zero_init.c.obj (.text:decompress:ZI:__TI_zero_init)
                  00004994    0000000a     dpl_msp432p401x.aem4f : ClockP_tirtos.oem4f (.text:ClockP_Params_init)
                  0000499e    0000000a     drivers_msp432p401x.aem4f : UART.oem4f (.text:UART_write)
                  000049a8    0000000a     rtsv7M4_T_le_v4SPD16_eabi.lib : sprintf.c.obj (.text:_outc)
                  000049b2    00000008     dpl_msp432p401x.aem4f : SemaphoreP_tirtos.oem4f (.text:SemaphoreP_Params_init)
                  000049ba    00000002     --HOLE-- [fill = 0]
                  000049bc    00000008     rtsv7M4_T_le_v4SPD16_eabi.lib : errno.c.obj (.text:__aeabi_errno_addr)
                  000049c4    00000008                                   : memory.c.obj (.text:malloc)
                  000049cc    00000008     drivers_msp432p401x.aem4f : UARTMSP432.oem4f (.text:readSemCallback)
                  000049d4    00000008                               : UARTMSP432.oem4f (.text:txcptEnabledStatus)
                  000049dc    00000008                               : UARTMSP432.oem4f (.text:writeSemCallback)
                  000049e4    00000004     dpl_msp432p401x.aem4f : ClockP_tirtos.oem4f (.text:ClockP_setTimeout)
                  000049e8    00000004                           : ClockP_tirtos.oem4f (.text:ClockP_start)
                  000049ec    00000004                           : ClockP_tirtos.oem4f (.text:ClockP_stop)
                  000049f0    00000004                           : HwiP_tirtos.oem4f (.text:HwiP_disable)
                  000049f4    00000004                           : SemaphoreP_tirtos.oem4f (.text:SemaphoreP_post)
                  000049f8    00000004     rtsv7M4_T_le_v4SPD16_eabi.lib : printf.c.obj (.text:_outc)
                  000049fc    00000004                                   : printf.c.obj (.text:_outs)

.const     0    00004a00    0000025a     
                  00004a00    00000101     rtsv7M4_T_le_v4SPD16_eabi.lib : ctype.c.obj (.const:.string:_ctypes_)
                  00004b01    00000001     ti_drivers_config.obj (.const)
                  00004b02    00000002     --HOLE-- [fill = 0]
                  00004b04    00000040     ti_drivers_config.obj (.const:uartMSP432Baudrates)
                  00004b44    00000038     ti_drivers_config.obj (.const:PowerMSP432_config)
                  00004b7c    00000030     msp432p4xx_driverlib.lib : gpio.o (.const:GPIO_PORT_TO_BASE)
                  00004bac    0000002c     ti_drivers_config.obj (.const:uartMSP432HWAttrs)
                  00004bd8    00000028     drivers_msp432p401x.aem4f : UARTMSP432.oem4f (.const:UARTMSP432_fxnTable)
                  00004c00    00000024                               : UART.oem4f (.const:UART_defaultParams)
                  00004c24    00000020                               : UARTMSP432.oem4f (.const:staticFxnTable)
                  00004c44    0000000c     ti_drivers_config.obj (.const:UART_config)
                  00004c50    00000005     drivers_msp432p401x.aem4f : UARTMSP432.oem4f (.const:.string:parityTypes)
                  00004c55    00000001     --HOLE-- [fill = 0]
                  00004c56    00000004                               : UARTMSP432.oem4f (.const:stopBits)

.cinit     0    00004c60    000000b8     
                  00004c60    00000094     (.cinit..data.load) [load image, compression = lzss]
                  00004cf4    0000000c     (__TI_handler_table)
                  00004d00    00000008     (.cinit..bss.load) [load image, compression = zero_init]
                  00004d08    00000010     (__TI_cinit_table)

.init_array 
*          0    00000000    00000000     UNINITIALIZED

.priheap   0    20000000    00008000     UNINITIALIZED
                  20000000    00008000     --HOLE--

.bss       0    20008000    00001314     UNINITIALIZED
                  20008000    00000800     (.common:task1Stack)
                  20008800    00000800     (.common:task2Stack)
                  20009000    00000120     rtsv7M4_T_le_v4SPD16_eabi.lib : trgmsg.c.obj (.bss:_CIOBUF_)
                  20009120    000000a0     (.common:__TI_tmpnams)
                  200091c0    00000080     (.common:uartMSP432Objects)
                  20009240    00000050     (.common:task1Struct)
                  20009290    00000050     (.common:task2Struct)
                  200092e0    00000020     ti_drivers_config.obj (.bss:uartMSP432RingBuffer0)
                  20009300    00000008     msp432p4xx_driverlib.lib : cs.o (.bss)
                  20009308    00000008     (.common:parmbuf)
                  20009310    00000004     (.common:ClockP_tickPeriod)

.data      0    20009314    00000359     UNINITIALIZED
                  20009314    00000140     drivers_msp432p401x.aem4f : PowerMSP432.oem4f (.data:PowerMSP432_perfLevels)
                  20009454    000000f0     rtsv7M4_T_le_v4SPD16_eabi.lib : defs.c.obj (.data:_ftable)
                  20009544    00000078                                   : host_device.c.obj (.data:_device)
                  200095bc    00000050                                   : host_device.c.obj (.data:_stream)
                  2000960c    0000002c     drivers_msp432p401x.aem4f : PowerMSP432.oem4f (.data:PowerMSP432_module)
                  20009638    00000010     rtsv7M4_T_le_v4SPD16_eabi.lib : defs.c.obj (.data)
                  20009648    0000000c                                   : exit.c.obj (.data:$O1$$)
                  20009654    00000008                                   : _lock.c.obj (.data:$O1$$)
                  2000965c    00000008                                   : memory.c.obj (.data:$O1$$)
                  20009664    00000004                                   : errno.c.obj (.data)
                  20009668    00000004                                   : stkdepth_vars.c.obj (.data)
                  2000966c    00000001     drivers_msp432p401x.aem4f : UART.oem4f (.data)

.sysmem    0    20009670    00000010     UNINITIALIZED
                  20009670    00000010     rtsv7M4_T_le_v4SPD16_eabi.lib : memory.c.obj (.sysmem)

.stack     0    2000fc00    00000400     UNINITIALIZED
                  2000fc00    00000400     --HOLE--

.bootVecs 
*          0    00000000    00000008     DSECT
                  00000000    00000008     boot.aem4f : boot.oem4f (.bootVecs)

xdc.meta   0    00000000    00000000     COPY SECTION

__llvm_prf_cnts 
*          0    20000000    00000000     UNINITIALIZED

.binit     0    00000000    00000000     

MODULE SUMMARY

       Module                       code    ro data   rw data
       ------                       ----    -------   -------
    ./
       hello.obj                    288     0         8512   
    +--+----------------------------+-------+---------+---------+
       Total:                       288     0         8512   
                                                             
    ./syscfg/
       ti_drivers_config.obj        14      177       320    
    +--+----------------------------+-------+---------+---------+
       Total:                       14      177       320    
                                                             
    /Applications/ti/ccs1010/ccs/tools/compiler/ti-cgt-arm_20.2.2.LTS/lib/rtsv7M4_T_le_v4SPD16_eabi.lib
       _printfi.c.obj               4851    0         0      
       defs.c.obj                   0       0         832    
       memory.c.obj                 672     0         16     
       trgmsg.c.obj                 108     0         576    
       fd_add_t2.asm.obj            438     0         0      
       host_device.c.obj            0       0         400    
       fd_div_t2.asm.obj            310     0         0      
       fputs.c.obj                  276     0         0      
       s_scalbn.c.obj               272     0         0      
       fd_cmp_t2.asm.obj            268     0         0      
       ctype.c.obj                  0       257       0      
       fd_mul_t2.asm.obj            252     0         0      
       setvbuf.c.obj                220     0         0      
       memcpy_t2.asm.obj            156     0         0      
       ull_div_t2.asm.obj           150     0         0      
       fputc.c.obj                  140     0         0      
       memset_t2.asm.obj            122     0         0      
       fclose.c.obj                 116     0         0      
       getdevice.c.obj              116     0         0      
       hostopen.c.obj               96      0         16     
       printf.c.obj                 112     0         0      
       hostrename.c.obj             108     0         0      
       copy_decompress_lzss.c.obj   104     0         0      
       hostlseek.c.obj              104     0         0      
       fseek.c.obj                  100     0         0      
       s_frexp.c.obj                100     0         0      
       _io_perm.c.obj               98      0         0      
       sprintf.c.obj                98      0         0      
       close.c.obj                  92      0         0      
       hostread.c.obj               88      0         0      
       hostwrite.c.obj              88      0         0      
       _ltoa.c.obj                  84      0         0      
       atoi.c.obj                   76      0         0      
       cpy_tbl.c.obj                76      0         0      
       fflush.c.obj                 76      0         0      
       fd_toi_t2.asm.obj            72      0         0      
       hostclose.c.obj              68      0         0      
       hostunlink.c.obj             68      0         0      
       strncpy.c.obj                54      0         0      
       fopen.c.obj                  52      0         0      
       i_tofd_t2.asm.obj            46      0         0      
       unlink.c.obj                 44      0         0      
       lseek.c.obj                  40      0         0      
       write.c.obj                  40      0         0      
       memchr.c.obj                 32      0         0      
       memccpy.c.obj                28      0         0      
       s_copysign.c.obj             26      0         0      
       args_main.c.obj              24      0         0      
       exit.c.obj                   0       0         24     
       strcmp.c.obj                 24      0         0      
       strchr.c.obj                 22      0         0      
       strcpy.c.obj                 20      0         0      
       strlen.c.obj                 20      0         0      
       _lock.c.obj                  2       0         16     
       wcslen.c.obj                 18      0         0      
       errno.c.obj                  8       0         8      
       copy_decompress_none.c.obj   14      0         0      
       copy_zero_init.c.obj         12      0         0      
       stkdepth_vars.c.obj          0       0         8      
       div0.asm.obj                 2       0         0      
    +--+----------------------------+-------+---------+---------+
       Total:                       10703   257       1896   
                                                             
    /Users/phatle/ti/simplelink_msp432p4_sdk_3_40_01_02/kernel/tirtos/packages/ti/dpl/lib/dpl_msp432p401x.aem4f
       ClockP_tirtos.oem4f          114     0         8      
       PowerMSP432_tirtos.oem4f     122     0         0      
       SemaphoreP_tirtos.oem4f      102     0         0      
       HwiP_tirtos.oem4f            96      0         0      
    +--+----------------------------+-------+---------+---------+
       Total:                       434     0         8      
                                                             
    /Users/phatle/ti/simplelink_msp432p4_sdk_3_40_01_02/kernel/tirtos/packages/ti/targets/arm/rtsarm/lib/auto_init.aem4f
       auto_init.oem4f              160     0         0      
    +--+----------------------------+-------+---------+---------+
       Total:                       160     0         0      
                                                             
    /Users/phatle/ti/simplelink_msp432p4_sdk_3_40_01_02/kernel/tirtos/packages/ti/targets/arm/rtsarm/lib/boot.aem4f
       boot.oem4f                   88      0         0      
    +--+----------------------------+-------+---------+---------+
       Total:                       88      0         0      
                                                             
    /Users/phatle/ti/simplelink_msp432p4_sdk_3_40_01_02/source/ti/devices/msp432p4xx/driverlib/ccs/msp432p4xx_driverlib.lib
       cs.o                         704     0         16     
       uart.o                       284     0         0      
       gpio.o                       136     48        0      
       sysctl_a.o                   64      0         0      
       cpu.o                        24      0         0      
       sysctl.o                     16      0         0      
    +--+----------------------------+-------+---------+---------+
       Total:                       1228    48        16     
                                                             
    /Users/phatle/ti/simplelink_msp432p4_sdk_3_40_01_02/source/ti/drivers/lib/drivers_msp432p401x.aem4f
       UARTMSP432.oem4f             3406    81        0      
       PowerMSP432.oem4f            2176    0         728    
       UART.oem4f                   166     36        2      
       RingBuf.oem4f                184     0         0      
       List.oem4f                   76      0         0      
    +--+----------------------------+-------+---------+---------+
       Total:                       6008    117       730    
                                                             
       Heap:                        0       0         32     
       Stack:                       0       0         2048   
       Linker Generated:            0       184       0      
    +--+----------------------------+-------+---------+---------+
       Grand Total:                 18923   783       13562  


LINKER GENERATED COPY TABLES

__TI_cinit_table @ 00004d08 records: 2, size/record: 8, table size: 16
	.data: load addr=00004c60, load size=00000094 bytes, run addr=20009314, run size=00000359 bytes, compression=lzss
	.bss: load addr=00004d00, load size=00000008 bytes, run addr=20008000, run size=00001314 bytes, compression=zero_init


LINKER GENERATED HANDLER TABLE

__TI_handler_table @ 00004cf4 records: 3, size/record: 4, table size: 12
	index: 0, handler: __TI_decompress_lzss
	index: 1, handler: __TI_decompress_none
	index: 2, handler: __TI_zero_init


GLOBAL SYMBOLS: SORTED ALPHABETICALLY BY Name 

address   name                                                   
-------   ----                                                   
00004927  Board_init                                             
00000a4f  Board_initHook                                         
0000431b  C$$IO$$                                                
00004933  CPU_cpsid                                              
0000493f  CPU_cpsie                                              
000046ad  CS_setExternalClockSourceFrequency                     
0000216d  CS_startHFXTWithTimeout                                
00002335  CS_startLFXTWithTimeout                                
00004995  ClockP_Params_init                                     
00003d05  ClockP_create                                          
0000494b  ClockP_delete                                          
000049e5  ClockP_setTimeout                                      
000049e9  ClockP_start                                           
000049ed  ClockP_stop                                            
20009310  ClockP_tickPeriod                                      
00004431  GPIO_getInputPinValue                                  
000039f9  GPIO_setAsInputPinWithPullUpResistor                   
00008000  HEAPSIZE                                               
00003fa9  HOSTclose                                              
00003671  HOSTlseek                                              
0000393d  HOSTopen                                               
00003a51  HOSTread                                               
00003605  HOSTrename                                             
00003fed  HOSTunlink                                             
00003aa9  HOSTwrite                                              
000048c7  HwiP_Params_init                                       
000040b9  HwiP_create                                            
00004957  HwiP_delete                                            
000049f1  HwiP_disable                                           
00000000  HwiP_restore                                           
00004661  List_put                                               
00004687  List_remove                                            
00004b44  PowerMSP432_config                                     
000036d9  PowerMSP432_getFreqs                                   
000048d9  PowerMSP432_getNumPerfLevels                           
00001897  PowerMSP432_initPolicy                                 
2000960c  PowerMSP432_module                                     
20009314  PowerMSP432_perfLevels                                 
00003d55  PowerMSP432_sleepPolicy                                
000044ef  PowerMSP432_updateFreqs                                
00004965  Power_getConstraintMask                                
00004971  Power_getPerformanceLevel                              
00002d91  Power_init                                             
00004549  Power_registerNotify                                   
00003ed1  Power_releaseConstraint                                
000042b5  Power_setConstraint                                    
00000a51  Power_sleep                                            
000046cd  Power_unregisterNotify                                 
00004891  RingBuf_construct                                      
000040f9  RingBuf_get                                            
000046ed  RingBuf_peek                                           
00003f61  RingBuf_put                                            
UNDEFED   SHT$$INIT_ARRAY$$Base                                  
UNDEFED   SHT$$INIT_ARRAY$$Limit                                 
000049b3  SemaphoreP_Params_init                                 
00004279  SemaphoreP_create                                      
0000497d  SemaphoreP_delete                                      
000048a3  SemaphoreP_pend                                        
000049f5  SemaphoreP_post                                        
00004781  SysCtl_A_disableNMISource                              
00004799  SysCtl_A_enableNMISource                               
000048e9  SysCtl_A_getNMISourceStatus                            
000048f9  SysCtl_getNMISourceStatus                              
00002ff9  UARTMSP432_close                                       
000028e5  UARTMSP432_control                                     
00004bd8  UARTMSP432_fxnTable                                    
000026a9  UARTMSP432_hwiIntFxn                                   
00001b0b  UARTMSP432_init                                        
00000d49  UARTMSP432_open                                        
00004139  UARTMSP432_read                                        
0000435d  UARTMSP432_readCancel                                  
00002415  UARTMSP432_readPolling                                 
00002aff  UARTMSP432_write                                       
000034b5  UARTMSP432_writeCancel                                 
00002999  UARTMSP432_writePolling                                
000047b1  UART_Params_init                                       
00004c44  UART_config                                            
00004b01  UART_count                                             
00004c00  UART_defaultParams                                     
00004031  UART_init                                              
00001c31  UART_initModule                                        
00004179  UART_open                                              
0000499f  UART_write                                             
4000480c  WDTCTL_SYM                                             
20009000  __CIOBUF_                                              
20010000  __STACK_END                                            
00000400  __STACK_SIZE                                           
00000010  __SYSMEM_SIZE                                          
00004d08  __TI_CINIT_Base                                        
00004d18  __TI_CINIT_Limit                                       
00004cf4  __TI_Handler_Table_Base                                
00004d00  __TI_Handler_Table_Limit                               
00002c51  __TI_auto_init                                         
000043c9  __TI_cleanup                                           
20009648  __TI_cleanup_ptr                                       
00003441  __TI_closefile                                         
00003741  __TI_decompress_lzss                                   
00004919  __TI_decompress_none                                   
00003da1  __TI_doflush                                           
2000964c  __TI_dtors_ptr                                         
20009650  __TI_enable_exit_profile_output                        
20009638  __TI_ft_end                                            
00003c5f  __TI_ltoa                                              
ffffffff  __TI_pprof_out_hndl                                    
00000001  __TI_printfi                                           
ffffffff  __TI_prof_data_size                                    
ffffffff  __TI_prof_data_start                                   
000043fd  __TI_readmsg                                           
00000000  __TI_static_base__                                     
20009120  __TI_tmpnams                                           
000042ed  __TI_writemsg                                          
000038d9  __TI_wrt_ok                                            
00004989  __TI_zero_init                                         
00003235  __aeabi_cdcmpeq                                        
00003235  __aeabi_cdcmple                                        
000032bb  __aeabi_cdrcmple                                       
00003f19  __aeabi_d2iz                                           
000016eb  __aeabi_dadd                                           
000019d5  __aeabi_ddiv                                           
00002071  __aeabi_dmul                                           
000016e1  __aeabi_dsub                                           
000049bd  __aeabi_errno_addr                                     
000044c1  __aeabi_i2d                                            
00002c4f  __aeabi_idiv0                                          
00002c4f  __aeabi_ldiv0                                          
000033c5  __aeabi_memclr                                         
000033c5  __aeabi_memclr4                                        
000033c5  __aeabi_memclr8                                        
00002e2d  __aeabi_memcpy                                         
00002e2d  __aeabi_memcpy4                                        
00002e2d  __aeabi_memcpy8                                        
000033c7  __aeabi_memset                                         
000033c7  __aeabi_memset4                                        
000033c7  __aeabi_memset8                                        
20009644  __aeabi_stderr                                         
2000963c  __aeabi_stdin                                          
20009640  __aeabi_stdout                                         
00002f63  __aeabi_uldivmod                                       
ffffffff  __binit__                                              
ffffffff  __c_args__                                             
20008000  __primary_heap_end__                                   
20000000  __primary_heap_start__                                 
2000fc00  __stack                                                
20000000  __start___llvm_prf_cnts                                
20000000  __stop___llvm_prf_cnts                                 
000047c9  _args_main                                             
00003b01  _c_int00                                               
00004a00  _ctypes_                                               
20009544  _device                                                
20009454  _ftable                                                
20009654  _lock                                                  
00002773  _nop                                                   
200095bc  _stream                                                
20009670  _sys_memory                                            
20009658  _unlock                                                
00001f71  aligned_alloc                                          
00003ded  atoi                                                   
ffffffff  binit                                                  
0000399d  close                                                  
00003e39  copy_in                                                
00004765  copysign                                               
00004765  copysignl                                              
20009664  errno                                                  
00004461  finddevice                                             
0000311d  fputc                                                  
00001d4d  fputs                                                  
00002251  free                                                   
00003811  frexp                                                  
00003811  frexpl                                                 
00003875  fseek                                                  
00004075  getdevice                                              
00001e61  ldexp                                                  
00001e61  ldexpl                                                 
00004611  lseek                                                  
00003b59  main                                                   
20009668  main_func_sp                                           
000049c5  malloc                                                 
00001f71  memalign                                               
00004749  memccpy                                                
0000470d  memchr                                                 
00002e2d  memcpy                                                 
000033cd  memset                                                 
20009308  parmbuf                                                
000037a9  printf                                                 
0000311d  putc                                                   
0000451d  remove                                                 
00001e61  scalbn                                                 
00001e61  scalbnl                                                
000025cd  setvbuf                                                
000041f9  sprintf                                                
00004829  strchr                                                 
000047f9  strcmp                                                 
00004869  strcpy                                                 
0000487d  strlen                                                 
00004393  strncpy                                                
00002ec9  task1                                                  
20008000  task1Stack                                             
20009240  task1Struct                                            
00004811  task2                                                  
20008800  task2Stack                                             
20009290  task2Struct                                            
UNDEFED   ti_sysbios_BIOS_setCpuFreq__E                          
UNDEFED   ti_sysbios_BIOS_start__E                               
UNDEFED   ti_sysbios_family_arm_m3_Hwi_Params__init__S           
UNDEFED   ti_sysbios_family_arm_m3_Hwi_create                    
UNDEFED   ti_sysbios_family_arm_m3_Hwi_delete                    
UNDEFED   ti_sysbios_family_arm_m3_Hwi_disableFxn__E             
e000e000  ti_sysbios_family_arm_m3_Hwi_nvic                      
UNDEFED   ti_sysbios_family_arm_m3_Hwi_restoreFxn__E             
UNDEFED   ti_sysbios_family_arm_m3_Hwi_swiDisable__C             
UNDEFED   ti_sysbios_family_arm_m3_Hwi_swiRestore__C             
UNDEFED   ti_sysbios_family_arm_msp432_ClockFreqs_setFrequency__E
UNDEFED   ti_sysbios_knl_Clock_Params__init__S                   
UNDEFED   ti_sysbios_knl_Clock_create                            
UNDEFED   ti_sysbios_knl_Clock_delete                            
UNDEFED   ti_sysbios_knl_Clock_setTimeout__E                     
UNDEFED   ti_sysbios_knl_Clock_start__E                          
UNDEFED   ti_sysbios_knl_Clock_stop__E                           
UNDEFED   ti_sysbios_knl_Clock_tickPeriod__C                     
UNDEFED   ti_sysbios_knl_Semaphore_Params__init__S               
UNDEFED   ti_sysbios_knl_Semaphore_create                        
UNDEFED   ti_sysbios_knl_Semaphore_delete                        
UNDEFED   ti_sysbios_knl_Semaphore_pend__E                       
UNDEFED   ti_sysbios_knl_Semaphore_post__E                       
UNDEFED   ti_sysbios_knl_Task_Params__init__S                    
UNDEFED   ti_sysbios_knl_Task_construct                          
UNDEFED   ti_sysbios_knl_Task_disable__E                         
UNDEFED   ti_sysbios_knl_Task_restore__E                         
UNDEFED   ti_sysbios_knl_Task_sleep__E                           
200091c0  uartMSP432Objects                                      
0000451d  unlink                                                 
000048b5  wcslen                                                 
00004639  write                                                  
00000001  xdc_rov_runtime_Mon__checksum                          
00000001  xdc_rov_runtime_Mon__write                             
UNDEFED   xdc_runtime_Error_IgnoreBlock                          
00000001  xdc_runtime_Startup__EXECFXN__C                        
00000001  xdc_runtime_Startup__RESETFXN__C                       
UNDEFED   xdc_runtime_Startup_exec__E                            
UNDEFED   xdc_runtime_Startup_reset__I                           
UNDEFED   xdc_runtime_System_exit__E                             


GLOBAL SYMBOLS: SORTED BY Symbol Address 

address   name                                                   
-------   ----                                                   
00000000  HwiP_restore                                           
00000000  __TI_static_base__                                     
00000001  __TI_printfi                                           
00000001  xdc_rov_runtime_Mon__checksum                          
00000001  xdc_rov_runtime_Mon__write                             
00000001  xdc_runtime_Startup__EXECFXN__C                        
00000001  xdc_runtime_Startup__RESETFXN__C                       
00000010  __SYSMEM_SIZE                                          
00000400  __STACK_SIZE                                           
00000a4f  Board_initHook                                         
00000a51  Power_sleep                                            
00000d49  UARTMSP432_open                                        
000016e1  __aeabi_dsub                                           
000016eb  __aeabi_dadd                                           
00001897  PowerMSP432_initPolicy                                 
000019d5  __aeabi_ddiv                                           
00001b0b  UARTMSP432_init                                        
00001c31  UART_initModule                                        
00001d4d  fputs                                                  
00001e61  ldexp                                                  
00001e61  ldexpl                                                 
00001e61  scalbn                                                 
00001e61  scalbnl                                                
00001f71  aligned_alloc                                          
00001f71  memalign                                               
00002071  __aeabi_dmul                                           
0000216d  CS_startHFXTWithTimeout                                
00002251  free                                                   
00002335  CS_startLFXTWithTimeout                                
00002415  UARTMSP432_readPolling                                 
000025cd  setvbuf                                                
000026a9  UARTMSP432_hwiIntFxn                                   
00002773  _nop                                                   
000028e5  UARTMSP432_control                                     
00002999  UARTMSP432_writePolling                                
00002aff  UARTMSP432_write                                       
00002c4f  __aeabi_idiv0                                          
00002c4f  __aeabi_ldiv0                                          
00002c51  __TI_auto_init                                         
00002d91  Power_init                                             
00002e2d  __aeabi_memcpy                                         
00002e2d  __aeabi_memcpy4                                        
00002e2d  __aeabi_memcpy8                                        
00002e2d  memcpy                                                 
00002ec9  task1                                                  
00002f63  __aeabi_uldivmod                                       
00002ff9  UARTMSP432_close                                       
0000311d  fputc                                                  
0000311d  putc                                                   
00003235  __aeabi_cdcmpeq                                        
00003235  __aeabi_cdcmple                                        
000032bb  __aeabi_cdrcmple                                       
000033c5  __aeabi_memclr                                         
000033c5  __aeabi_memclr4                                        
000033c5  __aeabi_memclr8                                        
000033c7  __aeabi_memset                                         
000033c7  __aeabi_memset4                                        
000033c7  __aeabi_memset8                                        
000033cd  memset                                                 
00003441  __TI_closefile                                         
000034b5  UARTMSP432_writeCancel                                 
00003605  HOSTrename                                             
00003671  HOSTlseek                                              
000036d9  PowerMSP432_getFreqs                                   
00003741  __TI_decompress_lzss                                   
000037a9  printf                                                 
00003811  frexp                                                  
00003811  frexpl                                                 
00003875  fseek                                                  
000038d9  __TI_wrt_ok                                            
0000393d  HOSTopen                                               
0000399d  close                                                  
000039f9  GPIO_setAsInputPinWithPullUpResistor                   
00003a51  HOSTread                                               
00003aa9  HOSTwrite                                              
00003b01  _c_int00                                               
00003b59  main                                                   
00003c5f  __TI_ltoa                                              
00003d05  ClockP_create                                          
00003d55  PowerMSP432_sleepPolicy                                
00003da1  __TI_doflush                                           
00003ded  atoi                                                   
00003e39  copy_in                                                
00003ed1  Power_releaseConstraint                                
00003f19  __aeabi_d2iz                                           
00003f61  RingBuf_put                                            
00003fa9  HOSTclose                                              
00003fed  HOSTunlink                                             
00004031  UART_init                                              
00004075  getdevice                                              
000040b9  HwiP_create                                            
000040f9  RingBuf_get                                            
00004139  UARTMSP432_read                                        
00004179  UART_open                                              
000041f9  sprintf                                                
00004279  SemaphoreP_create                                      
000042b5  Power_setConstraint                                    
000042ed  __TI_writemsg                                          
0000431b  C$$IO$$                                                
0000435d  UARTMSP432_readCancel                                  
00004393  strncpy                                                
000043c9  __TI_cleanup                                           
000043fd  __TI_readmsg                                           
00004431  GPIO_getInputPinValue                                  
00004461  finddevice                                             
000044c1  __aeabi_i2d                                            
000044ef  PowerMSP432_updateFreqs                                
0000451d  remove                                                 
0000451d  unlink                                                 
00004549  Power_registerNotify                                   
00004611  lseek                                                  
00004639  write                                                  
00004661  List_put                                               
00004687  List_remove                                            
000046ad  CS_setExternalClockSourceFrequency                     
000046cd  Power_unregisterNotify                                 
000046ed  RingBuf_peek                                           
0000470d  memchr                                                 
00004749  memccpy                                                
00004765  copysign                                               
00004765  copysignl                                              
00004781  SysCtl_A_disableNMISource                              
00004799  SysCtl_A_enableNMISource                               
000047b1  UART_Params_init                                       
000047c9  _args_main                                             
000047f9  strcmp                                                 
00004811  task2                                                  
00004829  strchr                                                 
00004869  strcpy                                                 
0000487d  strlen                                                 
00004891  RingBuf_construct                                      
000048a3  SemaphoreP_pend                                        
000048b5  wcslen                                                 
000048c7  HwiP_Params_init                                       
000048d9  PowerMSP432_getNumPerfLevels                           
000048e9  SysCtl_A_getNMISourceStatus                            
000048f9  SysCtl_getNMISourceStatus                              
00004919  __TI_decompress_none                                   
00004927  Board_init                                             
00004933  CPU_cpsid                                              
0000493f  CPU_cpsie                                              
0000494b  ClockP_delete                                          
00004957  HwiP_delete                                            
00004965  Power_getConstraintMask                                
00004971  Power_getPerformanceLevel                              
0000497d  SemaphoreP_delete                                      
00004989  __TI_zero_init                                         
00004995  ClockP_Params_init                                     
0000499f  UART_write                                             
000049b3  SemaphoreP_Params_init                                 
000049bd  __aeabi_errno_addr                                     
000049c5  malloc                                                 
000049e5  ClockP_setTimeout                                      
000049e9  ClockP_start                                           
000049ed  ClockP_stop                                            
000049f1  HwiP_disable                                           
000049f5  SemaphoreP_post                                        
00004a00  _ctypes_                                               
00004b01  UART_count                                             
00004b44  PowerMSP432_config                                     
00004bd8  UARTMSP432_fxnTable                                    
00004c00  UART_defaultParams                                     
00004c44  UART_config                                            
00004cf4  __TI_Handler_Table_Base                                
00004d00  __TI_Handler_Table_Limit                               
00004d08  __TI_CINIT_Base                                        
00004d18  __TI_CINIT_Limit                                       
00008000  HEAPSIZE                                               
20000000  __primary_heap_start__                                 
20000000  __start___llvm_prf_cnts                                
20000000  __stop___llvm_prf_cnts                                 
20008000  __primary_heap_end__                                   
20008000  task1Stack                                             
20008800  task2Stack                                             
20009000  __CIOBUF_                                              
20009120  __TI_tmpnams                                           
200091c0  uartMSP432Objects                                      
20009240  task1Struct                                            
20009290  task2Struct                                            
20009308  parmbuf                                                
20009310  ClockP_tickPeriod                                      
20009314  PowerMSP432_perfLevels                                 
20009454  _ftable                                                
20009544  _device                                                
200095bc  _stream                                                
2000960c  PowerMSP432_module                                     
20009638  __TI_ft_end                                            
2000963c  __aeabi_stdin                                          
20009640  __aeabi_stdout                                         
20009644  __aeabi_stderr                                         
20009648  __TI_cleanup_ptr                                       
2000964c  __TI_dtors_ptr                                         
20009650  __TI_enable_exit_profile_output                        
20009654  _lock                                                  
20009658  _unlock                                                
20009664  errno                                                  
20009668  main_func_sp                                           
20009670  _sys_memory                                            
2000fc00  __stack                                                
20010000  __STACK_END                                            
4000480c  WDTCTL_SYM                                             
e000e000  ti_sysbios_family_arm_m3_Hwi_nvic                      
ffffffff  __TI_pprof_out_hndl                                    
ffffffff  __TI_prof_data_size                                    
ffffffff  __TI_prof_data_start                                   
ffffffff  __binit__                                              
ffffffff  __c_args__                                             
ffffffff  binit                                                  
UNDEFED   SHT$$INIT_ARRAY$$Base                                  
UNDEFED   SHT$$INIT_ARRAY$$Limit                                 
UNDEFED   ti_sysbios_BIOS_setCpuFreq__E                          
UNDEFED   ti_sysbios_BIOS_start__E                               
UNDEFED   ti_sysbios_family_arm_m3_Hwi_Params__init__S           
UNDEFED   ti_sysbios_family_arm_m3_Hwi_create                    
UNDEFED   ti_sysbios_family_arm_m3_Hwi_delete                    
UNDEFED   ti_sysbios_family_arm_m3_Hwi_disableFxn__E             
UNDEFED   ti_sysbios_family_arm_m3_Hwi_restoreFxn__E             
UNDEFED   ti_sysbios_family_arm_m3_Hwi_swiDisable__C             
UNDEFED   ti_sysbios_family_arm_m3_Hwi_swiRestore__C             
UNDEFED   ti_sysbios_family_arm_msp432_ClockFreqs_setFrequency__E
UNDEFED   ti_sysbios_knl_Clock_Params__init__S                   
UNDEFED   ti_sysbios_knl_Clock_create                            
UNDEFED   ti_sysbios_knl_Clock_delete                            
UNDEFED   ti_sysbios_knl_Clock_setTimeout__E                     
UNDEFED   ti_sysbios_knl_Clock_start__E                          
UNDEFED   ti_sysbios_knl_Clock_stop__E                           
UNDEFED   ti_sysbios_knl_Clock_tickPeriod__C                     
UNDEFED   ti_sysbios_knl_Semaphore_Params__init__S               
UNDEFED   ti_sysbios_knl_Semaphore_create                        
UNDEFED   ti_sysbios_knl_Semaphore_delete                        
UNDEFED   ti_sysbios_knl_Semaphore_pend__E                       
UNDEFED   ti_sysbios_knl_Semaphore_post__E                       
UNDEFED   ti_sysbios_knl_Task_Params__init__S                    
UNDEFED   ti_sysbios_knl_Task_construct                          
UNDEFED   ti_sysbios_knl_Task_disable__E                         
UNDEFED   ti_sysbios_knl_Task_restore__E                         
UNDEFED   ti_sysbios_knl_Task_sleep__E                           
UNDEFED   xdc_runtime_Error_IgnoreBlock                          
UNDEFED   xdc_runtime_Startup_exec__E                            
UNDEFED   xdc_runtime_Startup_reset__I                           
UNDEFED   xdc_runtime_System_exit__E                             

[241 symbols]
