******************************************************************************
                  TI ARM Linker Unix v20.2.2                   
******************************************************************************
>> Linked Mon Nov 16 23:39:45 2020

OUTPUT FILE NAME:   <Lab7_Ex2.out>
ENTRY POINT SYMBOL: "_c_int00"  address: 00006559


MEMORY CONFIGURATION

         name            origin    length      used     unused   attr    fill
----------------------  --------  ---------  --------  --------  ----  --------
  MAIN                  00000000   00040000  0000b0a9  00034f57  R  X
  INFO                  00200000   00004000  00000000  00004000  R  X
  SRAM_CODE             01000000   00010000  0000a4dd  00005b23  RW X
  SRAM_DATA             20000000   00010000  0000a4dd  00005b23  RW  


SEGMENT ALLOCATION MAP

run origin  load origin   length   init length attrs members
----------  ----------- ---------- ----------- ----- -------
00000000    00000000    0000b0b0   0000b0b0    r-x
  00000000    00000000    0000003c   0000003c    r-- .resetVecs
  00000040    00000040    00008e32   00008e32    r-x .text
  00008e74    00008e74    00001fbb   00001fbb    r-- .const
  0000ae30    0000ae30    00000280   00000280    r-- .cinit
20000140    20000140    00008000   00000000    r--
  20000140    20000140    00008000   00000000    r-- .priheap
20008140    20008140    00001f9d   00000000    rw-
  20008140    20008140    00001854   00000000    rw- .bss
  20009994    20009994    00000749   00000000    rw- .data
2000fc00    2000fc00    00000400   00000000    rw-
  2000fc00    2000fc00    00000400   00000000    rw- .stack


SECTION ALLOCATION MAP

 output                                  attributes/
section   page    origin      length       input sections
--------  ----  ----------  ----------   ----------------
.text      0    00000040    00008e32     
                  00000040    00000a4e     rtsv7M4_T_le_v4SPD16_eabi.lib : _printfi.c.obj (.text:__TI_printfi)
                  00000a8e    00000002     ti_drivers_config.obj (.text:Board_initHook)
                  00000a90    00000430     sysbios.aem4f : BIOS.obj (.text:ti_sysbios_family_arm_m3_Hwi_excDumpRegs__I)
                  00000ec0    00000340     ti.targets.arm.rtsarm.aem4f : System.oem4f (.text:xdc_runtime_System_doPrint__I)
                  00001200    000002f8     drivers_msp432p401x.aem4f : PowerMSP432.oem4f (.text:Power_sleep)
                  000014f8    000002d0                               : UARTMSP432.oem4f (.text:UARTMSP432_open)
                  000017c8    0000028a     msp432p4xx_driverlib.lib : pcm.o (.text:__PCM_setPowerStateAdvanced)
                  00001a52    00000002     dpl_msp432p401x.aem4f : PowerMSP432_tirtos.oem4f (.text:PowerMSP432_initPolicy)
                  00001a54    00000288     drivers_msp432p401x.aem4f : PowerMSP432.oem4f (.text:initPerfControl)
                  00001cdc    00000270     rtsv7M4_T_le_v4SPD16_eabi.lib : _printfi.c.obj (.text:_pconv_a)
                  00001f4c    000001d0                                   : _printfi.c.obj (.text:_pconv_g)
                  0000211c    000001b6                                   : fd_add_t2.asm.obj (.text)
                  000022d2    00000006     ti.targets.arm.rtsarm.aem4f : System.oem4f (.text:xdc_runtime_System_Module_startup__E)
                  000022d8    00000174     sysbios.aem4f : BIOS.obj (.text:ti_sysbios_family_arm_m3_Hwi_excBusFault__I)
                  0000244c    00000004     msp432p4xx_driverlib.lib : cpu.o (.text:CPU_wfi)
                  00002450    00000164     sysbios.aem4f : BIOS.obj (.text:ti_sysbios_family_arm_m3_Hwi_excUsageFault__I)
                  000025b4    0000015c     msp432p4xx_driverlib.lib : pcm.o (.text:__PCM_setPowerModeAdvanced)
                  00002710    00000148     sysbios.aem4f : BIOS.obj (.text:ti_sysbios_family_arm_m3_Hwi_excMemFault__I)
                  00002858    0000013c     rtsv7M4_T_le_v4SPD16_eabi.lib : _printfi.c.obj (.text:_pconv_e)
                  00002994    00000004     dpl_msp432p401x.aem4f : ClockP_tirtos.oem4f (.text:ClockP_setTimeout)
                  00002998    00000138     sysbios.aem4f : BIOS.obj (.text:ti_sysbios_knl_Semaphore_pend__E)
                  00002ad0    00000136     rtsv7M4_T_le_v4SPD16_eabi.lib : fd_div_t2.asm.obj (.text)
                  00002c06    00000002     drivers_msp432p401x.aem4f : UARTMSP432.oem4f (.text:UARTMSP432_init)
                  00002c08    00000124     rtsv7M4_T_le_v4SPD16_eabi.lib : _printfi.c.obj (.text:fcvt)
                  00002d2c    0000011c     msp432p4xx_driverlib.lib : uart.o (.text:UART_initModule)
                  00002e48    00000114     rtsv7M4_T_le_v4SPD16_eabi.lib : fputs.c.obj (.text:fputs)
                  00002f5c    00000110                                   : s_scalbn.c.obj (.text:scalbn)
                  0000306c    00000108     msp432p4xx_driverlib.lib : pcm.o (.text:__PCM_setCoreVoltageLevelAdvanced)
                  00003174    00000004     dpl_msp432p401x.aem4f : ClockP_tirtos.oem4f (.text:ClockP_start)
                  00003178    00000108     sysbios.aem4f : BIOS.obj (.text:ti_sysbios_family_arm_m3_Hwi_excFillContext__I)
                  00003280    00000108                   : BIOS.obj (.text:ti_sysbios_family_arm_m3_Hwi_excHandlerMax__I)
                  00003388    00000106     hello_pem4f.oem4f (.text:xdc_runtime_System_printfExtend__I)
                  0000348e    000000fc     rtsv7M4_T_le_v4SPD16_eabi.lib : fd_mul_t2.asm.obj (.text)
                  0000358a    00000002                                   : _lock.c.obj (.text:_nop)
                  0000358c    000000fc     ti.targets.arm.rtsarm.aem4f : Startup.oem4f (.text:xdc_runtime_Startup_startMods__I)
                  00003688    000000f0     sysbios.aem4f : m3_Hwi_asm.obj (.text:ti_sysbios_family_arm_m3_Hwi_dispatch__I)
                  00003778    000000e8     ti.targets.arm.rtsarm.aem4f : Core-mem.oem4f (.text:xdc_runtime_Core_createObject__I)
                  00003860    000000e8                                 : Error.oem4f (.text:xdc_runtime_Error_policyDefault__E)
                  00003948    000000e4     msp432p4xx_driverlib.lib : cs.o (.text:CS_startHFXTWithTimeout)
                  00003a2c    000000e0                              : cs.o (.text:CS_startLFXTWithTimeout)
                  00003b0c    000000dc     drivers_msp432p401x.aem4f : UARTMSP432.oem4f (.text:UARTMSP432_readPolling)
                  00003be8    000000dc     msp432p4xx_driverlib.lib : cs.o (.text:_CSGetHFXTFrequency)
                  00003cc4    000000dc     rtsv7M4_T_le_v4SPD16_eabi.lib : setvbuf.c.obj (.text:setvbuf)
                  00003da0    000000cc     ti.targets.arm.rtsarm.aem4f : Core-smem.oem4f (.text:xdc_runtime_Core_constructObject__I)
                  00003e6c    000000ca     drivers_msp432p401x.aem4f : UARTMSP432.oem4f (.text:UARTMSP432_hwiIntFxn)
                  00003f36    00000002     rtsv7M4_T_le_v4SPD16_eabi.lib : div0.asm.obj (.text)
                  00003f38    000000c8     sysbios.aem4f : BIOS.obj (.text:ti_sysbios_family_arm_msp432_init_Boot_setupCS)
                  00004000    000000c8                   : BIOS.obj (.text:ti_sysbios_knl_Task_sleep__E)
                  000040c8    000000c0                   : BIOS.obj (.text:ti_sysbios_knl_Task_Instance_init__E)
                  00004188    000000bd     hello.obj (.text:task1)
                  00004245    00000001     --HOLE-- [fill = 0]
                  00004246    00000002     hello_pem4f.oem4f (.text:ti_sysbios_BIOS_nullFunc__I)
                  00004248    000000bc     sysbios.aem4f : BIOS.obj (.text:ti_sysbios_family_arm_m3_Hwi_excDebugMon__I)
                  00004304    00000004     dpl_msp432p401x.aem4f : ClockP_tirtos.oem4f (.text:ClockP_stop)
                  00004308    000000bc     sysbios.aem4f : BIOS.obj (.text:ti_sysbios_family_arm_m3_Hwi_excHardFault__I)
                  000043c4    00000004     dpl_msp432p401x.aem4f : HwiP_tirtos.oem4f (.text:HwiP_disable)
                  000043c8    000000bc     sysbios.aem4f : BIOS.obj (.text:ti_sysbios_knl_Task_Instance_finalize__E)
                  00004484    000000b8     drivers_msp432p401x.aem4f : UARTMSP432.oem4f (.text:initHw)
                  0000453c    000000b8                               : UARTMSP432.oem4f (.text:readTaskCallback)
                  000045f4    000000b4                               : UARTMSP432.oem4f (.text:UARTMSP432_control)
                  000046a8    000000b4                               : UARTMSP432.oem4f (.text:UARTMSP432_writePolling)
                  0000475c    00000004     dpl_msp432p401x.aem4f : SemaphoreP_tirtos.oem4f (.text:SemaphoreP_post)
                  00004760    000000b4     sysbios.aem4f : BIOS.obj (.text:ti_sysbios_knl_Task_checkStacks__E)
                  00004814    000000b1     rtsv7M4_T_le_v4SPD16_eabi.lib : _printfi.c.obj (.text:_ltostr)
                  000048c5    00000003     --HOLE-- [fill = 0]
                  000048c8    000000ac     sysbios.aem4f : BIOS.obj (.text:ti_sysbios_family_arm_m3_Hwi_Instance_init__E)
                  00004974    000000a8     drivers_msp432p401x.aem4f : UARTMSP432.oem4f (.text:UARTMSP432_write)
                  00004a1c    000000a8                               : UARTMSP432.oem4f (.text:readTaskBlocking)
                  00004ac4    00000004     rtsv7M4_T_le_v4SPD16_eabi.lib : printf.c.obj (.text:_outc)
                  00004ac8    000000a8     sysbios.aem4f : BIOS.obj (.text:ti_sysbios_family_arm_msp432_Timer_periodicStub__E)
                  00004b70    000000a2     ti.targets.arm.rtsarm.aem4f : Text.oem4f (.text:xdc_runtime_Text_putSite__E)
                  00004c12    00000002     --HOLE-- [fill = 0]
                  00004c14    000000a0     auto_init.aem4f : auto_init.oem4f (.text)
                  00004cb4    000000a0     drivers_msp432p401x.aem4f : UARTMSP432.oem4f (.text:readIsrTextCallback)
                  00004d54    0000009c                               : PowerMSP432.oem4f (.text:Power_init)
                  00004df0    0000009c     rtsv7M4_T_le_v4SPD16_eabi.lib : memcpy_t2.asm.obj (.text)
                  00004e8c    00000096                                   : ull_div_t2.asm.obj (.text)
                  00004f22    00000004                                   : printf.c.obj (.text:_outs)
                  00004f26    00000002     --HOLE-- [fill = 0]
                  00004f28    00000094     sysbios.aem4f : BIOS.obj (.text:ti_sysbios_family_arm_m3_Hwi_initNVIC__E)
                  00004fbc    00000092     drivers_msp432p401x.aem4f : UARTMSP432.oem4f (.text:UARTMSP432_close)
                  0000504e    00000092                               : UARTMSP432.oem4f (.text:writeData)
                  000050e0    0000008c     rtsv7M4_T_le_v4SPD16_eabi.lib : fputc.c.obj (.text:fputc)
                  0000516c    0000008c     drivers_msp432p401x.aem4f : UARTMSP432.oem4f (.text:readIsrTextBlocking)
                  000051f8    0000008c     sysbios.aem4f : m3_TaskSupport_asm.obj (.text:ti_sysbios_family_arm_m3_TaskSupport_buildTaskStack)
                  00005284    00000004     rtsv7M4_T_le_v4SPD16_eabi.lib : exit.c.obj (.text:abort:abort)
                  00005288    0000008c     sysbios.aem4f : BIOS.obj (.text:ti_sysbios_knl_Task_postInit__I)
                  00005314    00000086     rtsv7M4_T_le_v4SPD16_eabi.lib : fd_cmp_t2.asm.obj (.text:__aeabi_cdcmple)
                  0000539a    00000086                                   : fd_cmp_t2.asm.obj (.text:__aeabi_cdrcmple)
                  00005420    00000084     msp432p4xx_driverlib.lib : pcm.o (.text:PCM_gotoLPM3)
                  000054a4    00000084     drivers_msp432p401x.aem4f : PowerMSP432.oem4f (.text:restartHFXT)
                  00005528    00000084     sysbios.aem4f : BIOS.obj (.text:ti_sysbios_family_arm_m3_Hwi_postInit__I)
                  000055ac    00000004     hello_pem4f.oem4f (.text:ti_sysbios_BIOS_RtsGateProxy_enter__E)
                  000055b0    00000084     sysbios.aem4f : BIOS.obj (.text:ti_sysbios_heaps_HeapMem_free__E)
                  00005634    00000004     hello_pem4f.oem4f (.text:ti_sysbios_BIOS_RtsGateProxy_leave__E)
                  00005638    00000080     sysbios.aem4f : BIOS.obj (.text:ti_sysbios_knl_Clock_workFunc__E)
                  000056b8    0000007a     rtsv7M4_T_le_v4SPD16_eabi.lib : memset_t2.asm.obj (.text)
                  00005732    00000004     hello_pem4f.oem4f (.text:ti_sysbios_family_arm_m3_Hwi_delete)
                  00005736    00000002     --HOLE-- [fill = 0]
                  00005738    0000007a     sysbios.aem4f : BIOS.obj (.text:ti_sysbios_heaps_HeapMem_allocUnprotected__E)
                  000057b2    00000004     hello_pem4f.oem4f (.text:ti_sysbios_family_arm_m3_TaskSupport_Module__startupDone__S)
                  000057b6    00000002     --HOLE-- [fill = 0]
                  000057b8    00000078     sysbios.aem4f : BIOS.obj (.text:ti_sysbios_heaps_HeapMem_initPrimary__I)
                  00005830    00000074     rtsv7M4_T_le_v4SPD16_eabi.lib : fclose.c.obj (.text:__TI_closefile)
                  000058a4    00000074     ti.targets.arm.rtsarm.aem4f : Error.oem4f (.text:xdc_runtime_Error_print__E)
                  00005918    00000074                                 : Text.oem4f (.text:xdc_runtime_Text_putMod__E)
                  0000598c    00000070     drivers_msp432p401x.aem4f : UARTMSP432.oem4f (.text:UARTMSP432_writeCancel)
                  000059fc    00000004     hello_pem4f.oem4f (.text:ti_sysbios_heaps_HeapMem_Module_GateProxy_enter__E)
                  00005a00    00000070     sysbios.aem4f : BIOS.obj (.text:ti_sysbios_knl_Task_exit__E)
                  00005a70    00000070     ti.targets.arm.rtsarm.aem4f : Memory.oem4f (.text:xdc_runtime_Memory_alloc__E)
                  00005ae0    0000006e     rtsv7M4_T_le_v4SPD16_eabi.lib : _printfi.c.obj (.text:_mcpy)
                  00005b4e    00000002     --HOLE-- [fill = 0]
                  00005b50    0000006d     ti.targets.arm.rtsarm.aem4f : System.oem4f (.text:xdc_runtime_System_formatNum__I)
                  00005bbd    00000003     --HOLE-- [fill = 0]
                  00005bc0    0000006c     rtsv7M4_T_le_v4SPD16_eabi.lib : hostrename.c.obj (.text:HOSTrename)
                  00005c2c    00000004     hello_pem4f.oem4f (.text:ti_sysbios_heaps_HeapMem_Module_GateProxy_leave__E)
                  00005c30    0000006c     sysbios.aem4f : BIOS.obj (.text:ti_sysbios_knl_Swi_restoreHwi__E)
                  00005c9c    00000068     rtsv7M4_T_le_v4SPD16_eabi.lib : hostlseek.c.obj (.text:HOSTlseek)
                  00005d04    00000068     drivers_msp432p401x.aem4f : PowerMSP432.oem4f (.text:PowerMSP432_getFreqs)
                  00005d6c    00000068     rtsv7M4_T_le_v4SPD16_eabi.lib : copy_decompress_lzss.c.obj (.text:decompress:lzss:__TI_decompress_lzss)
                  00005dd4    00000068                                   : printf.c.obj (.text:printf)
                  00005e3c    00000066     ti.targets.arm.rtsarm.aem4f : Core-mem.oem4f (.text:xdc_runtime_Core_deleteObject__I)
                  00005ea2    00000002     --HOLE-- [fill = 0]
                  00005ea4    00000064     rtsv7M4_T_le_v4SPD16_eabi.lib : s_frexp.c.obj (.text:frexp)
                  00005f08    00000064                                   : fseek.c.obj (.text:fseek)
                  00005f6c    00000004     hello_pem4f.oem4f (.text:ti_sysbios_knl_Clock_TimerProxy_getMaxTicks__E)
                  00005f70    00000064     sysbios.aem4f : BIOS.obj (.text:ti_sysbios_family_arm_m3_Hwi_dispatchC__I)
                  00005fd4    00000062     rtsv7M4_T_le_v4SPD16_eabi.lib : _io_perm.c.obj (.text:__TI_wrt_ok)
                  00006036    00000002     --HOLE-- [fill = 0]
                  00006038    00000060                                   : hostopen.c.obj (.text:HOSTopen)
                  00006098    00000060     sysbios.aem4f : BIOS.obj (.text:ti_sysbios_knl_Semaphore_post__E)
                  000060f8    00000060                   : BIOS.obj (.text:ti_sysbios_knl_Task_schedule__I)
                  00006158    0000005f     ti.targets.arm.rtsarm.aem4f : Text.oem4f (.text:xdc_runtime_Text_putLab__E)
                  000061b7    00000001     --HOLE-- [fill = 0]
                  000061b8    0000005e     msp432p4xx_driverlib.lib : pcm.o (.text:PCM_getCoreVoltageLevel)
                  00006216    00000002     --HOLE-- [fill = 0]
                  00006218    0000005c     rtsv7M4_T_le_v4SPD16_eabi.lib : close.c.obj (.text:close)
                  00006274    00000004     hello_pem4f.oem4f (.text:ti_sysbios_knl_Clock_delete)
                  00006278    0000005c     sysbios.aem4f : BIOS.obj (.text:ti_sysbios_knl_Swi_run__I)
                  000062d4    00000004     hello_pem4f.oem4f (.text:ti_sysbios_knl_Semaphore_delete)
                  000062d8    0000005c     sysbios.aem4f : BIOS.obj (.text:ti_sysbios_knl_Swi_schedule__I)
                  00006334    00000004     ti.targets.arm.rtsarm.aem4f : Error.oem4f (.text:xdc_runtime_Error_getSite__E)
                  00006338    0000005c     sysbios.aem4f : BIOS.obj (.text:ti_sysbios_knl_Task_Module_startup__E)
                  00006394    00000004     hello_pem4f.oem4f (.text:xdc_runtime_System_Module_GateProxy_enter__E)
                  00006398    0000005c     sysbios.aem4f : BIOS.obj (.text:ti_sysbios_knl_Task_startCore__E)
                  000063f4    0000005a     msp432p4xx_driverlib.lib : pcm.o (.text:PCM_getPowerMode)
                  0000644e    00000002     --HOLE-- [fill = 0]
                  00006450    00000058                              : gpio.o (.text:GPIO_setAsInputPinWithPullUpResistor)
                  000064a8    00000058     rtsv7M4_T_le_v4SPD16_eabi.lib : hostread.c.obj (.text:HOSTread)
                  00006500    00000058                                   : hostwrite.c.obj (.text:HOSTwrite)
                  00006558    00000058     boot.aem4f : boot.oem4f (.text)
                  000065b0    00000058     hello.obj (.text:main)
                  00006608    00000058     drivers_msp432p401x.aem4f : UARTMSP432.oem4f (.text:readIsrBinaryBlocking)
                  00006660    00000058     sysbios.aem4f : m3_Hwi_asm_switch.obj (.text:ti_sysbios_family_arm_m3_Hwi_initStacks__E)
                  000066b8    00000058                   : BIOS.obj (.text:ti_sysbios_heaps_HeapMem_alloc__E)
                  00006710    00000056     rtsv7M4_T_le_v4SPD16_eabi.lib : _printfi.c.obj (.text:_pconv_f)
                  00006766    00000002     --HOLE-- [fill = 0]
                  00006768    00000054     msp432p4xx_driverlib.lib : pcm.o (.text:PCM_shutdownDevice)
                  000067bc    00000054     rtsv7M4_T_le_v4SPD16_eabi.lib : _ltoa.c.obj (.text:__TI_ltoa)
                  00006810    00000054     hello_pem4f.oem4f (.text:ti_sysbios_family_arm_m3_Hwi_create)
                  00006864    00000004     hello_pem4f.oem4f (.text:xdc_runtime_System_Module_GateProxy_leave__E)
                  00006868    00000054     sysbios.aem4f : BIOS.obj (.text:ti_sysbios_family_arm_msp432_Timer_initDevice__I)
                  000068bc    00000052     rtsv7M4_T_le_v4SPD16_eabi.lib : _printfi.c.obj (.text:_ecpy)
                  0000690e    00000002     --HOLE-- [fill = 0]
                  00006910    00000050     dpl_msp432p401x.aem4f : ClockP_tirtos.oem4f (.text:ClockP_create)
                  00006960    00000050     sysbios.aem4f : BIOS.obj (.text:ti_sysbios_family_arm_m3_Hwi_Module_startup__E)
                  000069b0    00000050     ti.targets.arm.rtsarm.aem4f : Startup.oem4f (.text:xdc_runtime_Startup_exec__E)
                  00006a00    00000050                                 : Text.oem4f (.text:xdc_runtime_Text_visitRope2__I)
                  00006a50    0000004c     dpl_msp432p401x.aem4f : PowerMSP432_tirtos.oem4f (.text:PowerMSP432_sleepPolicy)
                  00006a9c    0000004c     rtsv7M4_T_le_v4SPD16_eabi.lib : fflush.c.obj (.text:__TI_doflush)
                  00006ae8    0000004c                                   : atoi.c.obj (.text:atoi)
                  00006b34    0000004c                                   : cpy_tbl.c.obj (.text:copy_in)
                  00006b80    0000004c     drivers_msp432p401x.aem4f : UARTMSP432.oem4f (.text:readIsrBinaryCallback)
                  00006bcc    00000004     ti.targets.arm.rtsarm.aem4f : System.oem4f (.text:xdc_runtime_System_aprintf_va__F)
                  00006bd0    0000004c     sysbios.aem4f : BIOS.obj (.text:ti_sysbios_family_arm_msp432_Timer_start__E)
                  00006c1c    00000004     ti.targets.arm.rtsarm.aem4f : System.oem4f (.text:xdc_runtime_System_printf_va__F)
                  00006c20    0000004c     sysbios.aem4f : BIOS.obj (.text:ti_sysbios_heaps_HeapMem_getStats__E)
                  00006c6c    00000004     --HOLE-- [fill = 0]
                  00006c70    0000004c                   : BIOS.obj (.text:ti_sysbios_knl_Swi_runLoop__I)
                  00006cbc    00000004     --HOLE-- [fill = 0]
                  00006cc0    0000004c                   : BIOS.obj (.text:ti_sysbios_knl_Task_allBlockedFunction__I)
                  00006d0c    0000004c     hello_pem4f.oem4f (.text:ti_sysbios_knl_Task_construct)
                  00006d58    0000004c     ti.targets.arm.rtsarm.aem4f : Assert.oem4f (.text:xdc_runtime_Assert_raise__I)
                  00006da4    00000048     drivers_msp432p401x.aem4f : PowerMSP432.oem4f (.text:Power_releaseConstraint)
                  00006dec    00000048     rtsv7M4_T_le_v4SPD16_eabi.lib : exit.c.obj (.text:exit)
                  00006e34    00000048                                   : fd_toi_t2.asm.obj (.text)
                  00006e7c    00000004     --HOLE-- [fill = 0]
                  00006e80    00000048     sysbios.aem4f : BIOS.obj (.text:ti_sysbios_family_arm_m3_Hwi_disableInterrupt__E)
                  00006ec8    00000048                   : BIOS.obj (.text:ti_sysbios_family_arm_m3_Hwi_enableInterrupt__E)
                  00006f10    00000048                   : BIOS.obj (.text:ti_sysbios_family_arm_m3_Hwi_excReserved__I)
                  00006f58    00000048     ti.targets.arm.rtsarm.aem4f : Core-params.oem4f (.text:xdc_runtime_Core_assignParams__I)
                  00006fa0    00000046     drivers_msp432p401x.aem4f : RingBuf.oem4f (.text:RingBuf_put)
                  00006fe6    00000002     --HOLE-- [fill = 0]
                  00006fe8    00000044     rtsv7M4_T_le_v4SPD16_eabi.lib : hostclose.c.obj (.text:HOSTclose)
                  0000702c    00000044                                   : hostunlink.c.obj (.text:HOSTunlink)
                  00007070    00000044     drivers_msp432p401x.aem4f : UART.oem4f (.text:UART_init)
                  000070b4    00000044     rtsv7M4_T_le_v4SPD16_eabi.lib : getdevice.c.obj (.text:getdevice)
                  000070f8    00000044     sysbios.aem4f : BIOS.obj (.text:ti_sysbios_family_arm_m3_Hwi_getStackInfo__E)
                  0000713c    00000004     --HOLE-- [fill = 0]
                  00007140    00000044                   : BIOS.obj (.text:ti_sysbios_knl_Swi_post__E)
                  00007184    00000044     ti.targets.arm.rtsarm.aem4f : Error.oem4f (.text:xdc_runtime_Error_setX__E)
                  000071c8    00000044                                 : SysMin.oem4f (.text:xdc_runtime_SysMin_flush__E)
                  0000720c    00000044                                 : Text.oem4f (.text:xdc_runtime_Text_xprintf__I)
                  00007250    00000040     dpl_msp432p401x.aem4f : HwiP_tirtos.oem4f (.text:HwiP_create)
                  00007290    00000040     drivers_msp432p401x.aem4f : RingBuf.oem4f (.text:RingBuf_get)
                  000072d0    00000040                               : UARTMSP432.oem4f (.text:UARTMSP432_read)
                  00007310    00000040                               : UART.oem4f (.text:UART_open)
                  00007350    00000040                               : UARTMSP432.oem4f (.text:perfChangeNotifyFxn)
                  00007390    00000040     rtsv7M4_T_le_v4SPD16_eabi.lib : u_divt2.asm.obj (.text)
                  000073d0    00000040                                   : sprintf.c.obj (.text:sprintf)
                  00007410    00000040     sysbios.aem4f : BIOS.obj (.text:ti_sysbios_family_arm_msp432_Timer_Module_startup__E)
                  00007450    00000040                   : BIOS.obj (.text:ti_sysbios_family_arm_msp432_Timer_startup__E)
                  00007490    00000040                   : BIOS.obj (.text:ti_sysbios_heaps_HeapMem_Instance_init__E)
                  000074d0    0000003e     rtsv7M4_T_le_v4SPD16_eabi.lib : _printfi.c.obj (.text:_fcpy)
                  0000750e    00000002     --HOLE-- [fill = 0]
                  00007510    0000003c     dpl_msp432p401x.aem4f : SemaphoreP_tirtos.oem4f (.text:SemaphoreP_create)
                  0000754c    00000004     --HOLE-- [fill = 0]
                  00007550    0000003c     sysbios.aem4f : BIOS.obj (.text:ti_sysbios_family_arm_m3_Hwi_Instance_finalize__E)
                  0000758c    00000004     --HOLE-- [fill = 0]
                  00007590    0000003c                   : BIOS.obj (.text:ti_sysbios_family_arm_m3_Hwi_excSvCall__I)
                  000075cc    00000004     --HOLE-- [fill = 0]
                  000075d0    0000003c                   : BIOS.obj (.text:ti_sysbios_knl_Clock_Instance_init__E)
                  0000760c    0000003c     hello_pem4f.oem4f (.text:ti_sysbios_knl_Clock_create)
                  00007648    0000003c     sysbios.aem4f : BIOS.obj (.text:ti_sysbios_knl_Swi_restore__E)
                  00007684    00000038     drivers_msp432p401x.aem4f : PowerMSP432.oem4f (.text:Power_setConstraint)
                  000076bc    00000038     rtsv7M4_T_le_v4SPD16_eabi.lib : trgmsg.c.obj (.text:__TI_writemsg)
                  000076f4    00000038     drivers_msp432p401x.aem4f : PowerMSP432.oem4f (.text:notify)
                  0000772c    00000004     --HOLE-- [fill = 0]
                  00007730    00000038     sysbios.aem4f : BIOS.obj (.text:ti_sysbios_family_arm_m3_Hwi_excNoIsr__I)
                  00007768    00000038     ti.targets.arm.rtsarm.aem4f : System.oem4f (.text:xdc_runtime_System_atexit__E)
                  000077a0    00000036     drivers_msp432p401x.aem4f : UARTMSP432.oem4f (.text:UARTMSP432_readCancel)
                  000077d6    00000036     rtsv7M4_T_le_v4SPD16_eabi.lib : strncpy.c.obj (.text:strncpy)
                  0000780c    00000034                                   : fopen.c.obj (.text:__TI_cleanup)
                  00007840    00000034                                   : trgmsg.c.obj (.text:__TI_readmsg)
                  00007874    00000004     --HOLE-- [fill = 0]
                  00007878    00000034     sysbios.aem4f : BIOS.obj (.text:ti_sysbios_family_arm_m3_Hwi_excNmi__I)
                  000078ac    00000004     --HOLE-- [fill = 0]
                  000078b0    00000034                   : BIOS.obj (.text:ti_sysbios_family_arm_msp432_init_Boot_configureClocksHigh)
                  000078e4    00000004     --HOLE-- [fill = 0]
                  000078e8    00000034                   : BIOS.obj (.text:ti_sysbios_hal_Hwi_checkStack)
                  0000791c    00000034     hello_pem4f.oem4f (.text:ti_sysbios_knl_Semaphore_create)
                  00007950    00000034     ti.targets.arm.rtsarm.aem4f : SysMin.oem4f (.text:xdc_runtime_SysMin_abort__E)
                  00007984    00000034                                 : SysMin.oem4f (.text:xdc_runtime_SysMin_putch__E)
                  000079b8    00000032     sysbios.aem4f : BIOS.obj (.text:ti_sysbios_hal_Hwi_initStack)
                  000079ea    00000002     --HOLE-- [fill = 0]
                  000079ec    00000030     msp432p4xx_driverlib.lib : gpio.o (.text:GPIO_getInputPinValue)
                  00007a1c    00000030     rtsv7M4_T_le_v4SPD16_eabi.lib : getdevice.c.obj (.text:finddevice)
                  00007a4c    00000030     drivers_msp432p401x.aem4f : UARTMSP432.oem4f (.text:mapPin)
                  00007a7c    00000030     hello_pem4f.oem4f (.text:ti_sysbios_BIOS_atExitFunc__I)
                  00007aac    00000030     hello_pem4f.oem4f (.text:ti_sysbios_BIOS_startFunc__I)
                  00007adc    00000004     --HOLE-- [fill = 0]
                  00007ae0    00000030     sysbios.aem4f : BIOS.obj (.text:ti_sysbios_family_arm_m3_TaskSupport_start__E)
                  00007b10    00000030                   : BIOS.obj (.text:ti_sysbios_family_arm_msp432_Timer_setPeriod__E)
                  00007b40    00000030     hello_pem4f.oem4f (.text:ti_sysbios_gates_GateHwi_Object__create__S)
                  00007b70    00000030     hello_pem4f.oem4f (.text:ti_sysbios_gates_GateMutex_Object__create__S)
                  00007ba0    00000030     sysbios.aem4f : BIOS.obj (.text:ti_sysbios_gates_GateMutex_enter__E)
                  00007bd0    00000030     hello_pem4f.oem4f (.text:ti_sysbios_heaps_HeapMem_Object__create__S)
                  00007c00    00000030     hello_pem4f.oem4f (.text:ti_sysbios_knl_Semaphore_construct)
                  00007c30    00000030     sysbios.aem4f : BIOS.obj (.text:ti_sysbios_knl_Semaphore_pendTimeout__I)
                  00007c60    00000030                   : BIOS.obj (.text:ti_sysbios_knl_Task_processVitalTaskFlag__I)
                  00007c90    00000030                   : BIOS.obj (.text:ti_sysbios_knl_Task_restore__E)
                  00007cc0    00000030                   : BIOS.obj (.text:ti_sysbios_knl_Task_unblockI__E)
                  00007cf0    00000030     hello_pem4f.oem4f (.text:xdc_runtime_Error_policyLog__I)
                  00007d20    00000030     ti.targets.arm.rtsarm.aem4f : System.oem4f (.text:xdc_runtime_System_processAtExit__E)
                  00007d50    0000002f                                 : Text.oem4f (.text:xdc_runtime_Text_printVisFxn__I)
                  00007d7f    00000001     --HOLE-- [fill = 0]
                  00007d80    0000002e     rtsv7M4_T_le_v4SPD16_eabi.lib : i_tofd_t2.asm.obj (.text)
                  00007dae    0000002e     hello_pem4f.oem4f (.text:ti_sysbios_rts_MemAlloc_alloc)
                  00007ddc    0000002c     dpl_msp432p401x.aem4f : PowerMSP432_tirtos.oem4f (.text:PowerMSP432_updateFreqs)
                  00007e08    0000002c     msp432p4xx_driverlib.lib : rtc_c.o (.text:RTC_C_holdClock)
                  00007e34    0000002c     hello_pem4f.oem4f (.text:ti_sysbios_family_arm_m3_Hwi_Handle__label__S)
                  00007e60    0000002c     hello_pem4f.oem4f (.text:ti_sysbios_gates_GateHwi_Handle__label__S)
                  00007e8c    0000002c     hello_pem4f.oem4f (.text:ti_sysbios_gates_GateMutex_Handle__label__S)
                  00007eb8    0000002c     hello_pem4f.oem4f (.text:ti_sysbios_heaps_HeapMem_Handle__label__S)
                  00007ee4    0000002c     hello_pem4f.oem4f (.text:ti_sysbios_knl_Clock_doTick__I)
                  00007f10    0000002c     hello_pem4f.oem4f (.text:ti_sysbios_knl_Queue_construct)
                  00007f3c    0000002c     hello_pem4f.oem4f (.text:ti_sysbios_knl_Swi_Handle__label__S)
                  00007f68    0000002c     hello_pem4f.oem4f (.text:ti_sysbios_knl_Task_Handle__label__S)
                  00007f94    0000002c     rtsv7M4_T_le_v4SPD16_eabi.lib : unlink.c.obj (.text:unlink)
                  00007fc0    0000002c     ti.targets.arm.rtsarm.aem4f : System.oem4f (.text:xdc_runtime_System_putchar__I)
                  00007fec    00000028     msp432p4xx_driverlib.lib : pcm.o (.text:PCM_gotoLPM0)
                  00008014    00000028     drivers_msp432p401x.aem4f : PowerMSP432.oem4f (.text:Power_registerNotify)
                  0000803c    00000028                               : PowerMSP432.oem4f (.text:disableFaultCounter)
                  00008064    00000028                               : PowerMSP432.oem4f (.text:disableHFXT)
                  0000808c    00000028                               : UARTMSP432.oem4f (.text:findBaudDividerIndex)
                  000080b4    00000028     rtsv7M4_T_le_v4SPD16_eabi.lib : lseek.c.obj (.text:lseek)
                  000080dc    00000028     sysbios.aem4f : m3_Hwi_asm.obj (.text:ti_sysbios_family_arm_m3_Hwi_excHandlerAsm__I)
                  00008104    00000004     --HOLE-- [fill = 0]
                  00008108    00000028                   : BIOS.obj (.text:ti_sysbios_knl_Clock_addI__E)
                  00008130    00000028                   : BIOS.obj (.text:ti_sysbios_knl_Swi_Module_startup__E)
                  00008158    00000028     rtsv7M4_T_le_v4SPD16_eabi.lib : write.c.obj (.text:write)
                  00008180    00000028     ti.targets.arm.rtsarm.aem4f : System.oem4f (.text:xdc_runtime_System_avprintf__E)
                  000081a8    00000026     drivers_msp432p401x.aem4f : List.oem4f (.text:List_put)
                  000081ce    00000026                               : List.oem4f (.text:List_remove)
                  000081f4    00000026     sysbios.aem4f : m3_Hwi_asm.obj (.text:ti_sysbios_family_arm_m3_Hwi_pendSV__I)
                  0000821a    00000026     ti.targets.arm.rtsarm.aem4f : System.oem4f (.text:xdc_runtime_System_vprintf__E)
                  00008240    00000024     msp432p4xx_driverlib.lib : wdt_a.o (.text:WDT_A_holdTimer)
                  00008264    00000024     hello_pem4f.oem4f (.text:ti_sysbios_BIOS_errorRaiseHook__I)
                  00008288    00000024     hello_pem4f.oem4f (.text:ti_sysbios_BIOS_registerRTSLock__I)
                  000082ac    00000024     hello_pem4f.oem4f (.text:ti_sysbios_BIOS_removeRTSLock__I)
                  000082d0    00000024     sysbios.aem4f : BIOS.obj (.text:ti_sysbios_family_arm_msp432_ClockFreqs_setFrequency__E)
                  000082f4    00000004     --HOLE-- [fill = 0]
                  000082f8    00000024                   : BIOS.obj (.text:ti_sysbios_family_arm_msp432_Timer_postInit__I)
                  0000831c    00000024     hello_pem4f.oem4f (.text:ti_sysbios_gates_GateMutex_Object__delete__S)
                  00008340    00000024     sysbios.aem4f : BIOS.obj (.text:ti_sysbios_knl_Clock_Module_startup__E)
                  00008364    00000024     hello_pem4f.oem4f (.text:ti_sysbios_knl_Clock_Object__delete__S)
                  00008388    00000024     sysbios.aem4f : BIOS.obj (.text:ti_sysbios_knl_Clock_start__E)
                  000083ac    00000004     --HOLE-- [fill = 0]
                  000083b0    00000024                   : BIOS.obj (.text:ti_sysbios_knl_Semaphore_Instance_init__E)
                  000083d4    00000024     hello_pem4f.oem4f (.text:ti_sysbios_knl_Semaphore_Object__delete__S)
                  000083f8    00000024     sysbios.aem4f : BIOS.obj (.text:ti_sysbios_knl_Task_restoreHwi__E)
                  0000841c    00000022     hello_pem4f.oem4f (.text:xdc_runtime_SysMin_output__I)
                  0000843e    00000002     --HOLE-- [fill = 0]
                  00008440    00000020     msp432p4xx_driverlib.lib : cs.o (.text:CS_setExternalClockSourceFrequency)
                  00008460    00000020     drivers_msp432p401x.aem4f : PowerMSP432.oem4f (.text:Power_unregisterNotify)
                  00008480    00000020                               : RingBuf.oem4f (.text:RingBuf_peek)
                  000084a0    00000020     rtsv7M4_T_le_v4SPD16_eabi.lib : memchr.c.obj (.text:memchr)
                  000084c0    00000020     hello_pem4f.oem4f (.text:ti_sysbios_BIOS_rtsLock__I)
                  000084e0    00000020     hello_pem4f.oem4f (.text:ti_sysbios_family_arm_m3_Hwi_Object__delete__S)
                  00008500    00000020     hello_pem4f.oem4f (.text:ti_sysbios_gates_GateHwi_Object__delete__S)
                  00008520    00000020     hello_pem4f.oem4f (.text:ti_sysbios_heaps_HeapMem_Object__delete__S)
                  00008540    00000020     sysbios.aem4f : BIOS.obj (.text:ti_sysbios_knl_Idle_run__E)
                  00008560    00000020     hello_pem4f.oem4f (.text:ti_sysbios_knl_Semaphore_destruct)
                  00008580    00000020     ti.targets.arm.rtsarm.aem4f : SysMin.oem4f (.text:xdc_runtime_SysMin_Module_startup__E)
                  000085a0    0000001e     sysbios.aem4f : m3_Hwi_asm_switch.obj (.text:ti_sysbios_family_xxx_Hwi_switchAndRunFunc)
                  000085be    0000001c     rtsv7M4_T_le_v4SPD16_eabi.lib : memccpy.c.obj (.text:memccpy)
                  000085da    00000006     --HOLE-- [fill = 0]
                  000085e0    0000001c     sysbios.aem4f : BIOS.obj (.text:ti_sysbios_family_arm_m3_Hwi_excHandler__I)
                  000085fc    00000004     --HOLE-- [fill = 0]
                  00008600    0000001c                   : BIOS.obj (.text:ti_sysbios_gates_GateMutex_Instance_init__E)
                  0000861c    00000004     --HOLE-- [fill = 0]
                  00008620    0000001c                   : BIOS.obj (.text:ti_sysbios_knl_Clock_Instance_finalize__E)
                  0000863c    0000001c     hello_pem4f.oem4f (.text:ti_sysbios_knl_Queue_destruct)
                  00008658    0000001c     sysbios.aem4f : BIOS.obj (.text:ti_sysbios_knl_Queue_put__E)
                  00008674    00000004     --HOLE-- [fill = 0]
                  00008678    0000001c                   : BIOS.obj (.text:ti_sysbios_knl_Task_enter__I)
                  00008694    0000001c     ti.targets.arm.rtsarm.aem4f : Error.oem4f (.text:xdc_runtime_Error_check__E)
                  000086b0    0000001c                                 : Error.oem4f (.text:xdc_runtime_Error_raiseX__E)
                  000086cc    0000001c                                 : Memory.oem4f (.text:xdc_runtime_Memory_valloc__E)
                  000086e8    0000001c                                 : Registry.oem4f (.text:xdc_runtime_Registry_findById__E)
                  00008704    0000001c                                 : SysMin.oem4f (.text:xdc_runtime_SysMin_exit__E)
                  00008720    0000001c                                 : System.oem4f (.text:xdc_runtime_System_abort__E)
                  0000873c    0000001c                                 : Text.oem4f (.text:xdc_runtime_Text_ropeText__E)
                  00008758    0000001a     rtsv7M4_T_le_v4SPD16_eabi.lib : s_copysign.c.obj (.text:copysign)
                  00008772    0000001a     hello_pem4f.oem4f (.text:free)
                  0000878c    0000001a     hello_pem4f.oem4f (.text:xdc_runtime_System_aprintf__E)
                  000087a6    0000001a     hello_pem4f.oem4f (.text:xdc_runtime_System_printf__E)
                  000087c0    00000018     hello_pem4f.oem4f (.text:.bootCodeSection:ti_sysbios_family_arm_msp432_init_Boot_init__I)
                  000087d8    00000018     msp432p4xx_driverlib.lib : sysctl_a.o (.text:SysCtl_A_disableNMISource)
                  000087f0    00000018                              : sysctl_a.o (.text:SysCtl_A_enableNMISource)
                  00008808    00000018     drivers_msp432p401x.aem4f : UART.oem4f (.text:UART_Params_init)
                  00008820    00000018     rtsv7M4_T_le_v4SPD16_eabi.lib : args_main.c.obj (.text:_args_main)
                  00008838    00000018                                   : sprintf.c.obj (.text:_outs)
                  00008850    00000018                                   : strcmp.c.obj (.text:strcmp)
                  00008868    00000018     hello.obj (.text:task2)
                  00008880    00000018     hello_pem4f.oem4f (.text:ti_sysbios_BIOS_rtsUnlock__I)
                  00008898    00000018     hello_pem4f.oem4f (.text:ti_sysbios_family_arm_m3_Hwi_Module__startupDone__F)
                  000088b0    00000018     sysbios.aem4f : m3_TaskSupport_asm.obj (.text:ti_sysbios_family_arm_m3_TaskSupport_swap__E)
                  000088c8    00000018     hello_pem4f.oem4f (.text:ti_sysbios_family_arm_msp432_Timer_Module__startupDone__F)
                  000088e0    00000018     sysbios.aem4f : BIOS.obj (.text:ti_sysbios_gates_GateMutex_leave__E)
                  000088f8    00000018                   : BIOS.obj (.text:ti_sysbios_knl_Task_sleepTimeout__I)
                  00008910    00000018     ti.targets.arm.rtsarm.aem4f : Error.oem4f (.text:xdc_runtime_Error_init__E)
                  00008928    00000018                                 : System.oem4f (.text:xdc_runtime_System_exit__E)
                  00008940    00000016     rtsv7M4_T_le_v4SPD16_eabi.lib : strchr.c.obj (.text:strchr)
                  00008956    00000016     hello_pem4f.oem4f (.text:ti_sysbios_BIOS_exitFunc__I)
                  0000896c    00000016     hello.obj (.text:ti_sysbios_knl_Task_Params_init)
                  00008982    00000006     --HOLE-- [fill = 0]
                  00008988    00000016     sysbios.aem4f : BIOS.obj (.text:ti_sysbios_knl_Task_unblock__E)
                  0000899e    00000002     --HOLE-- [fill = 0]
                  000089a0    00000014     msp432p4xx_driverlib.lib : pcm.o (.text:PCM_getPowerState)
                  000089b4    00000014     drivers_msp432p401x.aem4f : PowerMSP432.oem4f (.text:Power_idleFunc)
                  000089c8    00000014                               : UARTMSP432.oem4f (.text:clearTXCPTIFG)
                  000089dc    00000014     rtsv7M4_T_le_v4SPD16_eabi.lib : strcpy.c.obj (.text:strcpy)
                  000089f0    00000014                                   : strlen.c.obj (.text:strlen)
                  00008a04    00000014     hello_pem4f.oem4f (.text:ti_sysbios_family_arm_m3_Hwi_Object__get__S)
                  00008a18    00000014     sysbios.aem4f : BIOS.obj (.text:ti_sysbios_family_arm_m3_Hwi_switchFromBootStack__E)
                  00008a2c    00000014     hello_pem4f.oem4f (.text:ti_sysbios_heaps_HeapMem_Object__get__S)
                  00008a40    00000014     hello_pem4f.oem4f (.text:ti_sysbios_knl_Swi_Object__get__S)
                  00008a54    00000012     drivers_msp432p401x.aem4f : RingBuf.oem4f (.text:RingBuf_construct)
                  00008a66    00000012     dpl_msp432p401x.aem4f : SemaphoreP_tirtos.oem4f (.text:SemaphoreP_pend)
                  00008a78    00000012     sysbios.aem4f : BIOS.obj (.text:ti_sysbios_hal_Hwi_Module_startup__E)
                  00008a8a    00000012     rtsv7M4_T_le_v4SPD16_eabi.lib : wcslen.c.obj (.text:wcslen)
                  00008a9c    00000012     hello_pem4f.oem4f (.text:xdc_runtime_Startup_exec__I)
                  00008aae    00000010     dpl_msp432p401x.aem4f : HwiP_tirtos.oem4f (.text:HwiP_Params_init)
                  00008abe    00000010     msp432p4xx_driverlib.lib : pcm.o (.text:PCM_gotoLPM4)
                  00008ace    00000010                              : pcm.o (.text:PCM_setPowerMode)
                  00008ade    00000010                              : pcm.o (.text:PCM_setPowerState)
                  00008aee    00000002     --HOLE-- [fill = 0]
                  00008af0    00000010     drivers_msp432p401x.aem4f : PowerMSP432.oem4f (.text:PowerMSP432_getNumPerfLevels)
                  00008b00    00000010     msp432p4xx_driverlib.lib : sysctl_a.o (.text:SysCtl_A_getNMISourceStatus)
                  00008b10    00000010                              : sysctl.o (.text:SysCtl_getNMISourceStatus)
                  00008b20    00000010     drivers_msp432p401x.aem4f : UARTMSP432.oem4f (.text:readBlockingTimeout)
                  00008b30    00000010     sysbios.aem4f : BIOS.obj (.text:ti_sysbios_BIOS_exit__E)
                  00008b40    00000010                   : BIOS.obj (.text:ti_sysbios_BIOS_setCpuFreq__E)
                  00008b50    00000010                   : BIOS.obj (.text:ti_sysbios_BIOS_setThreadType__E)
                  00008b60    00000010                   : BIOS.obj (.text:ti_sysbios_BIOS_start__E)
                  00008b70    00000010                   : m3_TaskSupport_asm.obj (.text:ti_sysbios_family_arm_m3_TaskSupport_glue)
                  00008b80    00000010                   : BIOS.obj (.text:ti_sysbios_family_arm_msp432_init_Boot_disableWatchdog)
                  00008b90    00000010                   : BIOS.obj (.text:ti_sysbios_gates_GateMutex_Instance_finalize__E)
                  00008ba0    00000010                   : BIOS.obj (.text:ti_sysbios_knl_Semaphore_Instance_finalize__E)
                  00008bb0    00000010                   : BIOS.obj (.text:ti_sysbios_knl_Swi_disable__E)
                  00008bc0    00000010     hello_pem4f.oem4f (.text:ti_sysbios_knl_Task_Object__get__S)
                  00008bd0    00000010     sysbios.aem4f : BIOS.obj (.text:ti_sysbios_knl_Task_disable__E)
                  00008be0    00000010     ti.targets.arm.rtsarm.aem4f : Gate.oem4f (.text:xdc_runtime_Gate_leaveSystem__E)
                  00008bf0    00000010                                 : Memory.oem4f (.text:xdc_runtime_Memory_free__E)
                  00008c00    00000010                                 : SysMin.oem4f (.text:xdc_runtime_SysMin_ready__E)
                  00008c10    00000010                                 : System.oem4f (.text:xdc_runtime_System_vsnprintf__E)
                  00008c20    00000010     hello_pem4f.oem4f (.text:xdc_runtime_Text_visitRope__I)
                  00008c30    0000000e     rtsv7M4_T_le_v4SPD16_eabi.lib : copy_decompress_none.c.obj (.text:decompress:none:__TI_decompress_none)
                  00008c3e    00000002     --HOLE-- [fill = 0]
                  00008c40    0000000e     sysbios.aem4f : BIOS.obj (.text:ti_sysbios_knl_Idle_loop__E)
                  00008c4e    00000002     --HOLE-- [fill = 0]
                  00008c50    0000000e                   : BIOS.obj (.text:ti_sysbios_knl_Queue_empty__E)
                  00008c5e    0000000c     ti_drivers_config.obj (.text:Board_init)
                  00008c6a    0000000c     msp432p4xx_driverlib.lib : cpu.o (.text:CPU_cpsid)
                  00008c76    0000000c                              : cpu.o (.text:CPU_cpsie)
                  00008c82    0000000c     dpl_msp432p401x.aem4f : ClockP_tirtos.oem4f (.text:ClockP_delete)
                  00008c8e    0000000c                           : HwiP_tirtos.oem4f (.text:HwiP_delete)
                  00008c9a    00000002     --HOLE-- [fill = 0]
                  00008c9c    0000000c     drivers_msp432p401x.aem4f : PowerMSP432.oem4f (.text:Power_getConstraintMask)
                  00008ca8    0000000c                               : PowerMSP432.oem4f (.text:Power_getPerformanceLevel)
                  00008cb4    0000000c     dpl_msp432p401x.aem4f : SemaphoreP_tirtos.oem4f (.text:SemaphoreP_delete)
                  00008cc0    0000000c     rtsv7M4_T_le_v4SPD16_eabi.lib : _lock.c.obj (.text:_register_lock)
                  00008ccc    0000000c                                   : _lock.c.obj (.text:_register_unlock)
                  00008cd8    0000000c                                   : copy_zero_init.c.obj (.text:decompress:ZI:__TI_zero_init)
                  00008ce4    0000000c     hello_pem4f.oem4f (.text:ti_sysbios_family_arm_m3_Hwi_Params__init__S)
                  00008cf0    0000000c     sysbios.aem4f : BIOS.obj (.text:ti_sysbios_family_arm_m3_Hwi_disableFxn__E)
                  00008cfc    00000004     --HOLE-- [fill = 0]
                  00008d00    0000000c                   : BIOS.obj (.text:ti_sysbios_family_arm_m3_TaskSupport_checkStack__E)
                  00008d0c    00000004     --HOLE-- [fill = 0]
                  00008d10    0000000c                   : BIOS.obj (.text:ti_sysbios_family_arm_m3_TaskSupport_getStackAlignment__E)
                  00008d1c    00000004     --HOLE-- [fill = 0]
                  00008d20    0000000c                   : BIOS.obj (.text:ti_sysbios_family_arm_msp432_Timer_getMaxTicks__E)
                  00008d2c    00000004     --HOLE-- [fill = 0]
                  00008d30    0000000c                   : BIOS.obj (.text:ti_sysbios_gates_GateHwi_enter__E)
                  00008d3c    0000000c     hello_pem4f.oem4f (.text:ti_sysbios_knl_Clock_Params__init__S)
                  00008d48    0000000c     hello_pem4f.oem4f (.text:ti_sysbios_knl_Queue_Object__get__S)
                  00008d54    0000000c     hello_pem4f.oem4f (.text:ti_sysbios_knl_Semaphore_Params__init__S)
                  00008d60    0000000c     hello_pem4f.oem4f (.text:ti_sysbios_knl_Task_Params__init__S)
                  00008d6c    0000000c     ti.targets.arm.rtsarm.aem4f : Gate.oem4f (.text:xdc_runtime_Gate_enterSystem__E)
                  00008d78    0000000c                                 : Memory.oem4f (.text:xdc_runtime_Memory_calloc__E)
                  00008d84    0000000c                                 : Memory.oem4f (.text:xdc_runtime_Memory_getMaxDefaultTypeAlign__E)
                  00008d90    0000000c                                 : Startup.oem4f (.text:xdc_runtime_Startup_rtsDone__E)
                  00008d9c    0000000a     dpl_msp432p401x.aem4f : ClockP_tirtos.oem4f (.text:ClockP_Params_init)
                  00008da6    0000000a     drivers_msp432p401x.aem4f : UART.oem4f (.text:UART_write)
                  00008db0    0000000a     rtsv7M4_T_le_v4SPD16_eabi.lib : sprintf.c.obj (.text:_outc)
                  00008dba    0000000a     hello_pem4f.oem4f (.text:xdc_runtime_IHeap_alloc)
                  00008dc4    0000000a     hello_pem4f.oem4f (.text:xdc_runtime_IHeap_free)
                  00008dce    00000008     dpl_msp432p401x.aem4f : SemaphoreP_tirtos.oem4f (.text:SemaphoreP_Params_init)
                  00008dd6    00000002     --HOLE-- [fill = 0]
                  00008dd8    00000008     rtsv7M4_T_le_v4SPD16_eabi.lib : errno.c.obj (.text:__aeabi_errno_addr)
                  00008de0    00000008     drivers_msp432p401x.aem4f : UARTMSP432.oem4f (.text:readSemCallback)
                  00008de8    00000008     sysbios.aem4f : BIOS.obj (.text:ti_sysbios_family_arm_m3_Hwi_doSwiRestore__I)
                  00008df0    00000008                   : BIOS.obj (.text:ti_sysbios_family_arm_m3_Hwi_startup__E)
                  00008df8    00000008     drivers_msp432p401x.aem4f : UARTMSP432.oem4f (.text:txcptEnabledStatus)
                  00008e00    00000008                               : UARTMSP432.oem4f (.text:writeSemCallback)
                  00008e08    00000006     sysbios.aem4f : BIOS.obj (.text:ti_sysbios_family_arm_m3_Hwi_doTaskRestore__I)
                  00008e0e    00000002     --HOLE-- [fill = 0]
                  00008e10    00000006                   : BIOS.obj (.text:ti_sysbios_family_arm_m3_Hwi_restoreFxn__E)
                  00008e16    00000002     --HOLE-- [fill = 0]
                  00008e18    00000006                   : BIOS.obj (.text:ti_sysbios_gates_GateHwi_leave__E)
                  00008e1e    00000002     --HOLE-- [fill = 0]
                  00008e20    00000006                   : BIOS.obj (.text:ti_sysbios_heaps_HeapMem_isBlocking__E)
                  00008e26    00000002     --HOLE-- [fill = 0]
                  00008e28    00000006                   : BIOS.obj (.text:ti_sysbios_knl_Clock_stop__E)
                  00008e2e    00000002     --HOLE-- [fill = 0]
                  00008e30    00000006                   : BIOS.obj (.text:ti_sysbios_knl_Queue_Instance_init__E)
                  00008e36    00000002     --HOLE-- [fill = 0]
                  00008e38    00000006                   : BIOS.obj (.text:ti_sysbios_knl_Swi_startup__E)
                  00008e3e    00000002     --HOLE-- [fill = 0]
                  00008e40    00000004                   : BIOS.obj (.text:ti_sysbios_gates_GateHwi_query__E)
                  00008e44    00000004     --HOLE-- [fill = 0]
                  00008e48    00000004                   : BIOS.obj (.text:ti_sysbios_gates_GateMutex_query__E)
                  00008e4c    00000004     --HOLE-- [fill = 0]
                  00008e50    00000004                   : BIOS.obj (.text:ti_sysbios_knl_Clock_setTimeout__E)
                  00008e54    00000004     --HOLE-- [fill = 0]
                  00008e58    00000004                   : BIOS.obj (.text:ti_sysbios_knl_Task_startup__E)
                  00008e5c    00000004     --HOLE-- [fill = 0]
                  00008e60    00000002                   : BIOS.obj (.text:ti_sysbios_BIOS_linkedWithIncorrectBootLibrary__E)
                  00008e62    00000006     --HOLE-- [fill = 0]
                  00008e68    00000002                   : BIOS.obj (.text:ti_sysbios_gates_GateHwi_Instance_init__E)
                  00008e6a    00000006     --HOLE-- [fill = 0]
                  00008e70    00000002                   : BIOS.obj (.text:ti_sysbios_knl_Clock_logTick__E)

.const     0    00008e74    00001fbb     
                  00008e74    00001887     hello_pem4f.oem4f (.const:xdc_runtime_Text_charTab__A)
                  0000a6fb    00000101     rtsv7M4_T_le_v4SPD16_eabi.lib : ctype.c.obj (.const:.string:_ctypes_)
                  0000a7fc    000000b4     hello_pem4f.oem4f (.const:xdc_runtime_Text_nodeTab__A)
                  0000a8b0    00000040     ti_drivers_config.obj (.const:uartMSP432Baudrates)
                  0000a8f0    0000003c     hello_pem4f.oem4f (.const:ti_sysbios_knl_Task_Object__PARAMS__C)
                  0000a92c    00000038     ti_drivers_config.obj (.const:PowerMSP432_config)
                  0000a964    00000030     msp432p4xx_driverlib.lib : gpio.o (.const:GPIO_PORT_TO_BASE)
                  0000a994    00000030     hello_pem4f.oem4f (.const:ti_sysbios_family_arm_m3_Hwi_Object__PARAMS__C)
                  0000a9c4    0000002c     ti_drivers_config.obj (.const:uartMSP432HWAttrs)
                  0000a9f0    00000028     drivers_msp432p401x.aem4f : UARTMSP432.oem4f (.const:UARTMSP432_fxnTable)
                  0000aa18    00000028     hello_pem4f.oem4f (.const:ti_sysbios_heaps_HeapMem_Module__FXNS__C)
                  0000aa40    00000024     drivers_msp432p401x.aem4f : UART.oem4f (.const:UART_defaultParams)
                  0000aa64    00000024     hello_pem4f.oem4f (.const:ti_sysbios_gates_GateHwi_Module__FXNS__C)
                  0000aa88    00000024     hello_pem4f.oem4f (.const:ti_sysbios_gates_GateMutex_Module__FXNS__C)
                  0000aaac    00000024     hello_pem4f.oem4f (.const:ti_sysbios_heaps_HeapMem_Object__PARAMS__C)
                  0000aad0    00000024     hello_pem4f.oem4f (.const:ti_sysbios_knl_Clock_Object__PARAMS__C)
                  0000aaf4    00000024     hello_pem4f.oem4f (.const:ti_sysbios_knl_Semaphore_Object__PARAMS__C)
                  0000ab18    00000020     drivers_msp432p401x.aem4f : UARTMSP432.oem4f (.const:staticFxnTable)
                  0000ab38    00000020     hello_pem4f.oem4f (.const:ti_sysbios_family_arm_m3_Hwi_Object__DESC__C)
                  0000ab58    00000020     hello_pem4f.oem4f (.const:ti_sysbios_gates_GateHwi_Object__DESC__C)
                  0000ab78    00000020     hello_pem4f.oem4f (.const:ti_sysbios_gates_GateMutex_Object__DESC__C)
                  0000ab98    00000020     hello_pem4f.oem4f (.const:ti_sysbios_heaps_HeapMem_Object__DESC__C)
                  0000abb8    00000020     hello_pem4f.oem4f (.const:ti_sysbios_knl_Clock_Object__DESC__C)
                  0000abd8    00000020     hello_pem4f.oem4f (.const:ti_sysbios_knl_Queue_Object__DESC__C)
                  0000abf8    00000020     hello_pem4f.oem4f (.const:ti_sysbios_knl_Semaphore_Object__DESC__C)
                  0000ac18    00000020     hello_pem4f.oem4f (.const:ti_sysbios_knl_Task_Object__DESC__C)
                  0000ac38    00000020     hello_pem4f.oem4f (.const:xdc_runtime_Startup_sfxnTab__A)
                  0000ac58    00000018     hello_pem4f.oem4f (.const:ti_sysbios_gates_GateHwi_Object__PARAMS__C)
                  0000ac70    00000018     hello_pem4f.oem4f (.const:ti_sysbios_gates_GateMutex_Object__PARAMS__C)
                  0000ac88    00000018     hello_pem4f.oem4f (.const:ti_sysbios_knl_Queue_Object__PARAMS__C)
                  0000aca0    00000010     hello_pem4f.oem4f (.const:xdc_runtime_Startup_sfxnRts__A)
                  0000acb0    0000000c     ti_drivers_config.obj (.const:UART_config)
                  0000acbc    0000000c     hello_pem4f.oem4f (.const:xdc_runtime_Startup_firstFxns__A)
                  0000acc8    00000008     hello_pem4f.oem4f (.const:ti_sysbios_family_arm_m3_Hwi_excHookFuncs__A)
                  0000acd0    00000008     hello_pem4f.oem4f (.const:ti_sysbios_knl_Idle_funcList__A)
                  0000acd8    00000008     hello_pem4f.oem4f (.const:ti_sysbios_knl_Idle_funcList__C)
                  0000ace0    00000008     hello_pem4f.oem4f (.const:xdc_runtime_Startup_firstFxns__C)
                  0000ace8    00000008     hello_pem4f.oem4f (.const:xdc_runtime_Startup_lastFxns__C)
                  0000acf0    00000005     drivers_msp432p401x.aem4f : UARTMSP432.oem4f (.const:.string:parityTypes)
                  0000acf5    00000001     ti_drivers_config.obj (.const)
                  0000acf6    00000004     drivers_msp432p401x.aem4f : UARTMSP432.oem4f (.const:stopBits)
                  0000acfa    00000002     hello_pem4f.oem4f (.const:ti_sysbios_family_arm_m3_Hwi_Module__id__C)
                  0000acfc    00000004     hello_pem4f.oem4f (.const:ti_sysbios_family_arm_m3_Hwi_E_NMI__C)
                  0000ad00    00000004     hello_pem4f.oem4f (.const:ti_sysbios_family_arm_m3_Hwi_E_alreadyDefined__C)
                  0000ad04    00000004     hello_pem4f.oem4f (.const:ti_sysbios_family_arm_m3_Hwi_E_badIntNum__C)
                  0000ad08    00000004     hello_pem4f.oem4f (.const:ti_sysbios_family_arm_m3_Hwi_E_busFault__C)
                  0000ad0c    00000004     hello_pem4f.oem4f (.const:ti_sysbios_family_arm_m3_Hwi_E_debugMon__C)
                  0000ad10    00000004     hello_pem4f.oem4f (.const:ti_sysbios_family_arm_m3_Hwi_E_hardFault__C)
                  0000ad14    00000004     hello_pem4f.oem4f (.const:ti_sysbios_family_arm_m3_Hwi_E_memFault__C)
                  0000ad18    00000004     hello_pem4f.oem4f (.const:ti_sysbios_family_arm_m3_Hwi_E_noIsr__C)
                  0000ad1c    00000004     hello_pem4f.oem4f (.const:ti_sysbios_family_arm_m3_Hwi_E_reserved__C)
                  0000ad20    00000004     hello_pem4f.oem4f (.const:ti_sysbios_family_arm_m3_Hwi_E_svCall__C)
                  0000ad24    00000004     hello_pem4f.oem4f (.const:ti_sysbios_family_arm_m3_Hwi_E_usageFault__C)
                  0000ad28    00000004     hello_pem4f.oem4f (.const:ti_sysbios_family_arm_m3_Hwi_NUM_INTERRUPTS__C)
                  0000ad2c    00000004     hello_pem4f.oem4f (.const:ti_sysbios_family_arm_m3_Hwi_Object__count__C)
                  0000ad30    00000004     hello_pem4f.oem4f (.const:ti_sysbios_family_arm_m3_Hwi_ccr__C)
                  0000ad34    00000004     hello_pem4f.oem4f (.const:ti_sysbios_family_arm_m3_Hwi_excHandlerFunc__C)
                  0000ad38    00000004     hello_pem4f.oem4f (.const:ti_sysbios_family_arm_m3_Hwi_excHookFuncs__C)
                  0000ad3c    00000004     hello_pem4f.oem4f (.const:ti_sysbios_family_arm_m3_Hwi_nullIsrFunc__C)
                  0000ad40    00000004     hello_pem4f.oem4f (.const:ti_sysbios_family_arm_m3_Hwi_priGroup__C)
                  0000ad44    00000004     hello_pem4f.oem4f (.const:ti_sysbios_family_arm_m3_Hwi_swiDisable__C)
                  0000ad48    00000004     hello_pem4f.oem4f (.const:ti_sysbios_family_arm_m3_Hwi_swiRestore__C)
                  0000ad4c    00000004     hello_pem4f.oem4f (.const:ti_sysbios_family_arm_m3_TaskSupport_stackAlignment__C)
                  0000ad50    00000004     hello_pem4f.oem4f (.const:ti_sysbios_family_arm_msp432_Timer_numTimerDevices__C)
                  0000ad54    00000004     hello_pem4f.oem4f (.const:ti_sysbios_family_arm_msp432_Timer_startupNeeded__C)
                  0000ad58    00000004     hello_pem4f.oem4f (.const:ti_sysbios_gates_GateMutex_Instance_State_sem__O)
                  0000ad5c    00000004     hello_pem4f.oem4f (.const:ti_sysbios_hal_Hwi_E_stackOverflow__C)
                  0000ad60    00000004     hello_pem4f.oem4f (.const:ti_sysbios_heaps_HeapMem_E_memory__C)
                  0000ad64    00000004     hello_pem4f.oem4f (.const:ti_sysbios_heaps_HeapMem_Module__gateObj__C)
                  0000ad68    00000004     hello_pem4f.oem4f (.const:ti_sysbios_heaps_HeapMem_Object__count__C)
                  0000ad6c    00000004     hello_pem4f.oem4f (.const:ti_sysbios_heaps_HeapMem_primaryHeapBaseAddr__C)
                  0000ad70    00000004     hello_pem4f.oem4f (.const:ti_sysbios_heaps_HeapMem_primaryHeapEndAddr__C)
                  0000ad74    00000004     hello_pem4f.oem4f (.const:ti_sysbios_heaps_HeapMem_reqAlign__C)
                  0000ad78    00000004     hello_pem4f.oem4f (.const:ti_sysbios_knl_Clock_Module_State_clockQ__O)
                  0000ad7c    00000004     hello_pem4f.oem4f (.const:ti_sysbios_knl_Clock_tickPeriod__C)
                  0000ad80    00000004     hello_pem4f.oem4f (.const:ti_sysbios_knl_Semaphore_Instance_State_pendQ__O)
                  0000ad84    00000004     hello_pem4f.oem4f (.const:ti_sysbios_knl_Swi_Object__count__C)
                  0000ad88    00000004     hello_pem4f.oem4f (.const:ti_sysbios_knl_Task_E_spOutOfBounds__C)
                  0000ad8c    00000004     hello_pem4f.oem4f (.const:ti_sysbios_knl_Task_E_stackOverflow__C)
                  0000ad90    00000004     hello_pem4f.oem4f (.const:ti_sysbios_knl_Task_Module_State_inactiveQ__O)
                  0000ad94    00000004     hello_pem4f.oem4f (.const:ti_sysbios_knl_Task_Object__count__C)
                  0000ad98    00000004     hello_pem4f.oem4f (.const:ti_sysbios_knl_Task_allBlockedFunc__C)
                  0000ad9c    00000004     hello_pem4f.oem4f (.const:ti_sysbios_knl_Task_defaultStackHeap__C)
                  0000ada0    00000004     hello_pem4f.oem4f (.const:ti_sysbios_knl_Task_defaultStackSize__C)
                  0000ada4    00000004     hello_pem4f.oem4f (.const:ti_sysbios_knl_Task_numConstructedTasks__C)
                  0000ada8    00000004     hello_pem4f.oem4f (.const:xdc_runtime_Assert_E_assertFailed__C)
                  0000adac    00000004     hello_pem4f.oem4f (.const:xdc_runtime_Core_A_initializedParams__C)
                  0000adb0    00000004     hello_pem4f.oem4f (.const:xdc_runtime_Core_Module__diagsEnabled__C)
                  0000adb4    00000004     hello_pem4f.oem4f (.const:xdc_runtime_Core_Module__diagsIncluded__C)
                  0000adb8    00000004     hello_pem4f.oem4f (.const:xdc_runtime_Core_Module__diagsMask__C)
                  0000adbc    00000004     hello_pem4f.oem4f (.const:xdc_runtime_Error_E_memory__C)
                  0000adc0    00000004     hello_pem4f.oem4f (.const:xdc_runtime_Error_policyFxn__C)
                  0000adc4    00000004     hello_pem4f.oem4f (.const:xdc_runtime_Error_raiseHook__C)
                  0000adc8    00000004     hello_pem4f.oem4f (.const:xdc_runtime_IGateProvider_Interface__BASE__C)
                  0000adcc    00000004     hello_pem4f.oem4f (.const:xdc_runtime_IHeap_Interface__BASE__C)
                  0000add0    00000004     hello_pem4f.oem4f (.const:xdc_runtime_IModule_Interface__BASE__C)
                  0000add4    00000004     hello_pem4f.oem4f (.const:xdc_runtime_Memory_defaultHeapInstance__C)
                  0000add8    00000004     hello_pem4f.oem4f (.const:xdc_runtime_Startup_execImpl__C)
                  0000addc    00000004     hello_pem4f.oem4f (.const:xdc_runtime_Startup_maxPasses__C)
                  0000ade0    00000004     hello_pem4f.oem4f (.const:xdc_runtime_Startup_sfxnRts__C)
                  0000ade4    00000004     hello_pem4f.oem4f (.const:xdc_runtime_Startup_sfxnTab__C)
                  0000ade8    00000004     hello_pem4f.oem4f (.const:xdc_runtime_SysMin_bufSize__C)
                  0000adec    00000004     hello_pem4f.oem4f (.const:xdc_runtime_SysMin_outputFunc__C)
                  0000adf0    00000004     hello_pem4f.oem4f (.const:xdc_runtime_System_Module__gateObj__C)
                  0000adf4    00000004     hello_pem4f.oem4f (.const:xdc_runtime_System_abortFxn__C)
                  0000adf8    00000004     hello_pem4f.oem4f (.const:xdc_runtime_System_exitFxn__C)
                  0000adfc    00000004     hello_pem4f.oem4f (.const:xdc_runtime_System_extendFxn__C)
                  0000ae00    00000004     hello_pem4f.oem4f (.const:xdc_runtime_System_maxAtexitHandlers__C)
                  0000ae04    00000004     hello_pem4f.oem4f (.const:xdc_runtime_Text_charTab__C)
                  0000ae08    00000004     hello_pem4f.oem4f (.const:xdc_runtime_Text_nodeTab__C)
                  0000ae0c    00000004     hello_pem4f.oem4f (.const:xdc_runtime_Text_visitRopeFxn__C)
                  0000ae10    00000002     hello_pem4f.oem4f (.const:ti_sysbios_family_arm_msp432_init_Boot_bypassHFXT__C)
                  0000ae12    00000002     hello_pem4f.oem4f (.const:ti_sysbios_family_arm_msp432_init_Boot_bypassLFXT__C)
                  0000ae14    00000002     hello_pem4f.oem4f (.const:ti_sysbios_family_arm_msp432_init_Boot_enableHFXT__C)
                  0000ae16    00000002     hello_pem4f.oem4f (.const:ti_sysbios_family_arm_msp432_init_Boot_enableLFXT__C)
                  0000ae18    00000002     hello_pem4f.oem4f (.const:ti_sysbios_hal_Hwi_Module__id__C)
                  0000ae1a    00000002     hello_pem4f.oem4f (.const:ti_sysbios_heaps_HeapMem_Module__id__C)
                  0000ae1c    00000002     hello_pem4f.oem4f (.const:ti_sysbios_knl_Task_Module__id__C)
                  0000ae1e    00000002     hello_pem4f.oem4f (.const:xdc_runtime_Core_Module__id__C)
                  0000ae20    00000002     hello_pem4f.oem4f (.const:xdc_runtime_Error_Module__loggerDefined__C)
                  0000ae22    00000002     hello_pem4f.oem4f (.const:xdc_runtime_Error_maxDepth__C)
                  0000ae24    00000002     hello_pem4f.oem4f (.const:xdc_runtime_Memory_Module__id__C)
                  0000ae26    00000002     hello_pem4f.oem4f (.const:xdc_runtime_SysMin_flushAtExit__C)
                  0000ae28    00000002     hello_pem4f.oem4f (.const:xdc_runtime_Text_isLoaded__C)
                  0000ae2a    00000002     hello_pem4f.oem4f (.const:xdc_runtime_Text_registryModsLastId__C)
                  0000ae2c    00000002     hello_pem4f.oem4f (.const:xdc_runtime_Text_unnamedModsLastId__C)
                  0000ae2e    00000001     hello_pem4f.oem4f (.const:xdc_runtime_Error_policy__C)

.cinit     0    0000ae30    00000280     
                  0000ae30    00000256     (.cinit..data.load) [load image, compression = lzss]
                  0000b086    00000002     --HOLE-- [fill = 0]
                  0000b088    0000000c     (__TI_handler_table)
                  0000b094    00000004     --HOLE-- [fill = 0]
                  0000b098    00000008     (.cinit..bss.load) [load image, compression = zero_init]
                  0000b0a0    00000010     (__TI_cinit_table)

.init_array 
*          0    00000000    00000000     UNINITIALIZED

.bss       0    20008140    00001854     UNINITIALIZED
                  20008140    00000800     (.common:task1Stack)
                  20008940    00000800     (.common:task2Stack)
                  20009140    00000200     hello_pem4f.oem4f (.bss:taskStackSection)
                  20009340    00000200     (.common:xdc_runtime_SysMin_Module_State_0_outbuf__A)
                  20009540    00000140     (.common:ti_sysbios_family_arm_m3_Hwi_dispatchTable)
                  20009680    00000120     rtsv7M4_T_le_v4SPD16_eabi.lib : trgmsg.c.obj (.bss:_CIOBUF_)
                  200097a0    000000a0     (.common:__TI_tmpnams)
                  20009840    00000080     (.common:uartMSP432Objects)
                  200098c0    00000050     (.common:task1Struct)
                  20009910    00000050     (.common:task2Struct)
                  20009960    00000020     ti_drivers_config.obj (.bss:uartMSP432RingBuffer0)
                  20009980    00000008     msp432p4xx_driverlib.lib : cs.o (.bss)
                  20009988    00000008     (.common:parmbuf)
                  20009990    00000004     (.common:ClockP_tickPeriod)

.data      0    20009994    00000749     UNINITIALIZED
                  20009994    00000140     drivers_msp432p401x.aem4f : PowerMSP432.oem4f (.data:PowerMSP432_perfLevels)
                  20009ad4    000000f0     rtsv7M4_T_le_v4SPD16_eabi.lib : defs.c.obj (.data:_ftable)
                  20009bc4    00000080     hello_pem4f.oem4f (.data:ti_sysbios_knl_Swi_Module_State_0_readyQ__A)
                  20009c44    00000080     hello_pem4f.oem4f (.data:ti_sysbios_knl_Task_Module_State_0_readyQ__A)
                  20009cc4    00000078     rtsv7M4_T_le_v4SPD16_eabi.lib : host_device.c.obj (.data:_device)
                  20009d3c    00000050                                   : host_device.c.obj (.data:_stream)
                  20009d8c    0000004c     hello_pem4f.oem4f (.data:ti_sysbios_knl_Task_Object__table__V)
                  20009dd8    00000044     hello_pem4f.oem4f (.data:ti_sysbios_family_arm_msp432_Timer_Object__table__V)
                  20009e1c    00000044     hello_pem4f.oem4f (.data:ti_sysbios_knl_Task_Module__state__V)
                  20009e60    00000038     hello_pem4f.oem4f (.data:ti_sysbios_gates_GateMutex_Object__table__V)
                  20009e98    00000034     hello_pem4f.oem4f (.data:ti_sysbios_family_arm_m3_Hwi_Module__state__V)
                  20009ecc    00000030     hello_pem4f.oem4f (.data:ti_sysbios_knl_Swi_Object__table__V)
                  20009efc    0000002c     drivers_msp432p401x.aem4f : PowerMSP432.oem4f (.data:PowerMSP432_module)
                  20009f28    0000002c     hello_pem4f.oem4f (.data:ti_sysbios_knl_Clock_Module__state__V)
                  20009f54    00000024     hello_pem4f.oem4f (.data:ti_sysbios_BIOS_Module__state__V)
                  20009f78    00000020     hello_pem4f.oem4f (.data:ti_sysbios_family_arm_msp432_Timer_Module_State_0_device__A)
                  20009f98    00000020     hello_pem4f.oem4f (.data:xdc_runtime_Error_IgnoreBlock)
                  20009fb8    0000001c     hello_pem4f.oem4f (.data:ti_sysbios_knl_Swi_Module__state__V)
                  20009fd4    00000018     hello_pem4f.oem4f (.data:ti_sysbios_family_arm_m3_Hwi_Object__table__V)
                  20009fec    00000018     hello_pem4f.oem4f (.data:ti_sysbios_heaps_HeapMem_Object__table__V)
                  2000a004    00000010     rtsv7M4_T_le_v4SPD16_eabi.lib : defs.c.obj (.data)
                  2000a014    00000010     hello_pem4f.oem4f (.data:ti_sysbios_family_arm_msp432_Timer_Module_State_0_handles__A)
                  2000a024    0000000c     rtsv7M4_T_le_v4SPD16_eabi.lib : exit.c.obj (.data:$O1$$)
                  2000a030    0000000c     hello_pem4f.oem4f (.data:ti_sysbios_family_arm_msp432_ClockFreqs_Module__state__V)
                  2000a03c    0000000c     hello_pem4f.oem4f (.data:ti_sysbios_family_arm_msp432_Timer_Module__state__V)
                  2000a048    0000000c     hello_pem4f.oem4f (.data:xdc_runtime_SysMin_Module__state__V)
                  2000a054    00000008     rtsv7M4_T_le_v4SPD16_eabi.lib : _lock.c.obj (.data:$O1$$)
                  2000a05c    00000008     hello_pem4f.oem4f (.data:ti_sysbios_family_arm_m3_Hwi_Module__root__V)
                  2000a064    00000008     hello_pem4f.oem4f (.data:ti_sysbios_gates_GateHwi_Module__root__V)
                  2000a06c    00000008     hello_pem4f.oem4f (.data:ti_sysbios_gates_GateMutex_Module__root__V)
                  2000a074    00000008     hello_pem4f.oem4f (.data:ti_sysbios_heaps_HeapMem_Module__root__V)
                  2000a07c    00000008     hello_pem4f.oem4f (.data:ti_sysbios_knl_Clock_Module__root__V)
                  2000a084    00000008     hello_pem4f.oem4f (.data:ti_sysbios_knl_Queue_Module__root__V)
                  2000a08c    00000008     hello_pem4f.oem4f (.data:ti_sysbios_knl_Semaphore_Module__root__V)
                  2000a094    00000008     hello_pem4f.oem4f (.data:ti_sysbios_knl_Task_Module__root__V)
                  2000a09c    00000008     hello_pem4f.oem4f (.data:xdc_runtime_Registry_Module__state__V)
                  2000a0a4    00000008     hello_pem4f.oem4f (.data:xdc_runtime_Startup_Module__state__V)
                  2000a0ac    00000008     hello_pem4f.oem4f (.data:xdc_runtime_System_Module_State_0_atexitHandlers__A)
                  2000a0b4    00000008     hello_pem4f.oem4f (.data:xdc_runtime_System_Module__state__V)
                  2000a0bc    00000004     rtsv7M4_T_le_v4SPD16_eabi.lib : errno.c.obj (.data)
                  2000a0c0    00000004                                   : stkdepth_vars.c.obj (.data)
                  2000a0c4    00000004     hello_pem4f.oem4f (.data:ti_sysbios_family_arm_m3_Hwi_Module_State_0_excContext__A)
                  2000a0c8    00000004     hello_pem4f.oem4f (.data:ti_sysbios_family_arm_m3_Hwi_Module_State_0_excStack__A)
                  2000a0cc    00000004     hello_pem4f.oem4f (.data:ti_sysbios_gates_GateHwi_Object__table__V)
                  2000a0d0    00000004     hello_pem4f.oem4f (.data:ti_sysbios_knl_Task_Module_State_0_idleTask__A)
                  2000a0d4    00000004     hello_pem4f.oem4f (.data:xdc_runtime_Memory_Module__state__V)
                  2000a0d8    00000002     hello_pem4f.oem4f (.data:ti_sysbios_family_arm_m3_Hwi_Module_State_0_excActive__A)
                  2000a0da    00000002     hello_pem4f.oem4f (.data:xdc_runtime_Error_Module__state__V)
                  2000a0dc    00000001     drivers_msp432p401x.aem4f : UART.oem4f (.data)

.priheap   0    20000140    00008000     UNINITIALIZED
                  20000140    00008000     --HOLE--

.stack     0    2000fc00    00000400     UNINITIALIZED
                  2000fc00    00000400     --HOLE--

.bootVecs 
*          0    00000000    00000008     DSECT
                  00000000    00000008     boot.aem4f : boot.oem4f (.bootVecs)

.resetVecs 
*          0    00000000    0000003c     
                  00000000    0000003c     hello_pem4f.oem4f (.resetVecs)

.vecs      0    20000000    00000140     NOLOAD SECTION
                  20000000    00000140     hello_pem4f.oem4f (.vecs)

xdc.meta   0    00000000    000000df     COPY SECTION
                  00000000    000000df     hello_pem4f.oem4f (xdc.meta)

__llvm_prf_cnts 
*          0    20000000    00000000     UNINITIALIZED

.binit     0    00000000    00000000     

MODULE SUMMARY

       Module                       code    ro data   rw data
       ------                       ----    -------   -------
    ./
       hello.obj                    323     0         8512   
    +--+----------------------------+-------+---------+---------+
       Total:                       323     0         8512   
                                                             
    ./syscfg/
       ti_drivers_config.obj        14      177       320    
    +--+----------------------------+-------+---------+---------+
       Total:                       14      177       320    
                                                             
    /Users/phatle/CMPE146LabProjects/Lab7_Ex2/Debug/configPkg/package/cfg/
       hello_pem4f.oem4f            2138    7584      5360   
    +--+----------------------------+-------+---------+---------+
       Total:                       2138    7584      5360   
                                                             
    /Applications/ti/ccs1010/ccs/tools/compiler/ti-cgt-arm_20.2.2.LTS/lib/rtsv7M4_T_le_v4SPD16_eabi.lib
       _printfi.c.obj               4851    0         0      
       defs.c.obj                   0       0         832    
       trgmsg.c.obj                 108     0         576    
       fd_add_t2.asm.obj            438     0         0      
       host_device.c.obj            0       0         400    
       fd_div_t2.asm.obj            310     0         0      
       fputs.c.obj                  276     0         0      
       s_scalbn.c.obj               272     0         0      
       fd_cmp_t2.asm.obj            268     0         0      
       ctype.c.obj                  0       257       0      
       fd_mul_t2.asm.obj            252     0         0      
       setvbuf.c.obj                220     0         0      
       memcpy_t2.asm.obj            156     0         0      
       ull_div_t2.asm.obj           150     0         0      
       fputc.c.obj                  140     0         0      
       memset_t2.asm.obj            122     0         0      
       fclose.c.obj                 116     0         0      
       getdevice.c.obj              116     0         0      
       hostopen.c.obj               96      0         16     
       printf.c.obj                 112     0         0      
       hostrename.c.obj             108     0         0      
       copy_decompress_lzss.c.obj   104     0         0      
       hostlseek.c.obj              104     0         0      
       exit.c.obj                   76      0         24     
       fseek.c.obj                  100     0         0      
       s_frexp.c.obj                100     0         0      
       _io_perm.c.obj               98      0         0      
       sprintf.c.obj                98      0         0      
       close.c.obj                  92      0         0      
       hostread.c.obj               88      0         0      
       hostwrite.c.obj              88      0         0      
       _ltoa.c.obj                  84      0         0      
       atoi.c.obj                   76      0         0      
       cpy_tbl.c.obj                76      0         0      
       fflush.c.obj                 76      0         0      
       fd_toi_t2.asm.obj            72      0         0      
       hostclose.c.obj              68      0         0      
       hostunlink.c.obj             68      0         0      
       u_divt2.asm.obj              64      0         0      
       strncpy.c.obj                54      0         0      
       fopen.c.obj                  52      0         0      
       i_tofd_t2.asm.obj            46      0         0      
       unlink.c.obj                 44      0         0      
       _lock.c.obj                  26      0         16     
       lseek.c.obj                  40      0         0      
       write.c.obj                  40      0         0      
       memchr.c.obj                 32      0         0      
       memccpy.c.obj                28      0         0      
       s_copysign.c.obj             26      0         0      
       args_main.c.obj              24      0         0      
       strcmp.c.obj                 24      0         0      
       strchr.c.obj                 22      0         0      
       strcpy.c.obj                 20      0         0      
       strlen.c.obj                 20      0         0      
       wcslen.c.obj                 18      0         0      
       errno.c.obj                  8       0         8      
       copy_decompress_none.c.obj   14      0         0      
       copy_zero_init.c.obj         12      0         0      
       stkdepth_vars.c.obj          0       0         8      
       div0.asm.obj                 2       0         0      
    +--+----------------------------+-------+---------+---------+
       Total:                       10195   257       1880   
                                                             
    /Users/phatle/CMPE146LabProjects/Lab7_Ex2/src/sysbios/sysbios.aem4f
       BIOS.obj                     9272    0         0      
       m3_Hwi_asm.obj               318     0         0      
       m3_TaskSupport_asm.obj       180     0         0      
       m3_Hwi_asm_switch.obj        118     0         0      
[...]
00008c77  CPU_cpsie                                                       
00008c83  ClockP_delete                                                   
00008c8f  HwiP_delete                                                     
00008c9d  Power_getConstraintMask                                         
00008ca9  Power_getPerformanceLevel                                       
00008cb5  SemaphoreP_delete                                               
00008cc1  _register_lock                                                  
00008ccd  _register_unlock                                                
00008cd9  __TI_zero_init                                                  
00008ce5  ti_sysbios_family_arm_m3_Hwi_Params__init__S                    
00008ce5  ti_sysbios_hal_Hwi_HwiProxy_Params__init__S                     
00008cf1  ti_sysbios_family_arm_m3_Hwi_disableFxn__E                      
00008cf1  ti_sysbios_hal_Hwi_HwiProxy_disable__E                          
00008d01  ti_sysbios_family_arm_m3_TaskSupport_checkStack__E              
00008d01  ti_sysbios_knl_Task_SupportProxy_checkStack__E                  
00008d11  ti_sysbios_family_arm_m3_TaskSupport_getStackAlignment__E       
00008d11  ti_sysbios_knl_Task_SupportProxy_getStackAlignment__E           
00008d21  ti_sysbios_family_arm_msp432_Timer_getMaxTicks__E               
00008d31  ti_sysbios_gates_GateHwi_enter__E                               
00008d3d  ti_sysbios_knl_Clock_Params__init__S                            
00008d49  ti_sysbios_knl_Queue_Object__get__S                             
00008d55  ti_sysbios_knl_Semaphore_Params__init__S                        
00008d61  ti_sysbios_knl_Task_Params__init__S                             
00008d6d  xdc_runtime_Gate_enterSystem__E                                 
00008d79  xdc_runtime_Memory_calloc__E                                    
00008d85  xdc_runtime_Memory_getMaxDefaultTypeAlign__E                    
00008d91  xdc_runtime_Startup_rtsDone__E                                  
00008d9d  ClockP_Params_init                                              
00008da7  UART_write                                                      
00008dbb  xdc_runtime_Memory_HeapProxy_alloc__E                           
00008dc5  xdc_runtime_Memory_HeapProxy_free__E                            
00008dcf  SemaphoreP_Params_init                                          
00008dd9  __aeabi_errno_addr                                              
00008de9  ti_sysbios_family_arm_m3_Hwi_doSwiRestore__I                    
00008df1  ti_sysbios_family_arm_m3_Hwi_startup__E                         
00008df1  ti_sysbios_hal_Hwi_HwiProxy_startup__E                          
00008df1  ti_sysbios_hal_Hwi_startup__E                                   
00008e09  ti_sysbios_family_arm_m3_Hwi_doTaskRestore__I                   
00008e11  HwiP_restore                                                    
00008e11  ti_sysbios_family_arm_m3_Hwi_restoreFxn__E                      
00008e11  ti_sysbios_hal_Hwi_HwiProxy_restore__E                          
00008e19  ti_sysbios_gates_GateHwi_leave__E                               
00008e21  ti_sysbios_heaps_HeapMem_isBlocking__E                          
00008e29  ti_sysbios_knl_Clock_stop__E                                    
00008e31  ti_sysbios_knl_Queue_Instance_init__E                           
00008e39  ti_sysbios_knl_Swi_startup__E                                   
00008e41  ti_sysbios_gates_GateHwi_query__E                               
00008e41  xdc_runtime_Main_Module_GateProxy_query__E                      
00008e41  xdc_runtime_System_Module_GateProxy_query__E                    
00008e49  ti_sysbios_BIOS_RtsGateProxy_query__E                           
00008e49  ti_sysbios_gates_GateMutex_query__E                             
00008e49  ti_sysbios_heaps_HeapMem_Module_GateProxy_query__E              
00008e51  ti_sysbios_knl_Clock_setTimeout__E                              
00008e59  ti_sysbios_knl_Task_startup__E                                  
00008e61  ti_sysbios_BIOS_linkedWithIncorrectBootLibrary__E               
00008e69  ti_sysbios_gates_GateHwi_Instance_init__E                       
00008e71  ti_sysbios_knl_Clock_logTick__E                                 
00008e74  xdc_runtime_Text_charTab__A                                     
0000a6fb  _ctypes_                                                        
0000a7fc  xdc_runtime_Text_nodeTab__A                                     
0000a8f0  ti_sysbios_knl_Task_Object__PARAMS__C                           
0000a92c  PowerMSP432_config                                              
0000a994  ti_sysbios_family_arm_m3_Hwi_Object__PARAMS__C                  
0000a9f0  UARTMSP432_fxnTable                                             
0000aa18  ti_sysbios_heaps_HeapMem_Module__FXNS__C                        
0000aa40  UART_defaultParams                                              
0000aa64  ti_sysbios_gates_GateHwi_Module__FXNS__C                        
0000aa88  ti_sysbios_gates_GateMutex_Module__FXNS__C                      
0000aaac  ti_sysbios_heaps_HeapMem_Object__PARAMS__C                      
0000aad0  ti_sysbios_knl_Clock_Object__PARAMS__C                          
0000aaf4  ti_sysbios_knl_Semaphore_Object__PARAMS__C                      
0000ab38  ti_sysbios_family_arm_m3_Hwi_Object__DESC__C                    
0000ab58  ti_sysbios_gates_GateHwi_Object__DESC__C                        
0000ab78  ti_sysbios_gates_GateMutex_Object__DESC__C                      
0000ab98  ti_sysbios_heaps_HeapMem_Object__DESC__C                        
0000abb8  ti_sysbios_knl_Clock_Object__DESC__C                            
0000abd8  ti_sysbios_knl_Queue_Object__DESC__C                            
0000abf8  ti_sysbios_knl_Semaphore_Object__DESC__C                        
0000ac18  ti_sysbios_knl_Task_Object__DESC__C                             
0000ac38  xdc_runtime_Startup_sfxnTab__A                                  
0000ac58  ti_sysbios_gates_GateHwi_Object__PARAMS__C                      
0000ac70  ti_sysbios_gates_GateMutex_Object__PARAMS__C                    
0000ac88  ti_sysbios_knl_Queue_Object__PARAMS__C                          
0000aca0  xdc_runtime_Startup_sfxnRts__A                                  
0000acb0  UART_config                                                     
0000acbc  xdc_runtime_Startup_firstFxns__A                                
0000acc8  ti_sysbios_family_arm_m3_Hwi_excHookFuncs__A                    
0000acd0  ti_sysbios_knl_Idle_funcList__A                                 
0000acd8  ti_sysbios_knl_Idle_funcList__C                                 
0000ace0  xdc_runtime_Startup_firstFxns__C                                
0000ace8  xdc_runtime_Startup_lastFxns__C                                 
0000acf5  UART_count                                                      
0000acfa  ti_sysbios_family_arm_m3_Hwi_Module__id__C                      
0000acfc  ti_sysbios_family_arm_m3_Hwi_E_NMI__C                           
0000ad00  ti_sysbios_family_arm_m3_Hwi_E_alreadyDefined__C                
0000ad04  ti_sysbios_family_arm_m3_Hwi_E_badIntNum__C                     
0000ad08  ti_sysbios_family_arm_m3_Hwi_E_busFault__C                      
0000ad0c  ti_sysbios_family_arm_m3_Hwi_E_debugMon__C                      
0000ad10  ti_sysbios_family_arm_m3_Hwi_E_hardFault__C                     
0000ad14  ti_sysbios_family_arm_m3_Hwi_E_memFault__C                      
0000ad18  ti_sysbios_family_arm_m3_Hwi_E_noIsr__C                         
0000ad1c  ti_sysbios_family_arm_m3_Hwi_E_reserved__C                      
0000ad20  ti_sysbios_family_arm_m3_Hwi_E_svCall__C                        
0000ad24  ti_sysbios_family_arm_m3_Hwi_E_usageFault__C                    
0000ad28  ti_sysbios_family_arm_m3_Hwi_NUM_INTERRUPTS__C                  
0000ad2c  ti_sysbios_family_arm_m3_Hwi_Object__count__C                   
0000ad30  ti_sysbios_family_arm_m3_Hwi_ccr__C                             
0000ad34  ti_sysbios_family_arm_m3_Hwi_excHandlerFunc__C                  
0000ad38  ti_sysbios_family_arm_m3_Hwi_excHookFuncs__C                    
0000ad3c  ti_sysbios_family_arm_m3_Hwi_nullIsrFunc__C                     
0000ad40  ti_sysbios_family_arm_m3_Hwi_priGroup__C                        
0000ad44  ti_sysbios_family_arm_m3_Hwi_swiDisable__C                      
0000ad48  ti_sysbios_family_arm_m3_Hwi_swiRestore__C                      
0000ad4c  ti_sysbios_family_arm_m3_TaskSupport_stackAlignment__C          
0000ad50  ti_sysbios_family_arm_msp432_Timer_numTimerDevices__C           
0000ad54  ti_sysbios_family_arm_msp432_Timer_startupNeeded__C             
0000ad58  ti_sysbios_gates_GateMutex_Instance_State_sem__O                
0000ad5c  ti_sysbios_hal_Hwi_E_stackOverflow__C                           
0000ad60  ti_sysbios_heaps_HeapMem_E_memory__C                            
0000ad64  ti_sysbios_heaps_HeapMem_Module__gateObj__C                     
0000ad68  ti_sysbios_heaps_HeapMem_Object__count__C                       
0000ad6c  ti_sysbios_heaps_HeapMem_primaryHeapBaseAddr__C                 
0000ad70  ti_sysbios_heaps_HeapMem_primaryHeapEndAddr__C                  
0000ad74  ti_sysbios_heaps_HeapMem_reqAlign__C                            
0000ad78  ti_sysbios_knl_Clock_Module_State_clockQ__O                     
0000ad7c  ti_sysbios_knl_Clock_tickPeriod__C                              
0000ad80  ti_sysbios_knl_Semaphore_Instance_State_pendQ__O                
0000ad84  ti_sysbios_knl_Swi_Object__count__C                             
0000ad88  ti_sysbios_knl_Task_E_spOutOfBounds__C                          
0000ad8c  ti_sysbios_knl_Task_E_stackOverflow__C                          
0000ad90  ti_sysbios_knl_Task_Module_State_inactiveQ__O                   
0000ad94  ti_sysbios_knl_Task_Object__count__C                            
0000ad98  ti_sysbios_knl_Task_allBlockedFunc__C                           
0000ad9c  ti_sysbios_knl_Task_defaultStackHeap__C                         
0000ada0  ti_sysbios_knl_Task_defaultStackSize__C                         
0000ada4  ti_sysbios_knl_Task_numConstructedTasks__C                      
0000ada8  xdc_runtime_Assert_E_assertFailed__C                            
0000adac  xdc_runtime_Core_A_initializedParams__C                         
0000adb0  xdc_runtime_Core_Module__diagsEnabled__C                        
0000adb4  xdc_runtime_Core_Module__diagsIncluded__C                       
0000adb8  xdc_runtime_Core_Module__diagsMask__C                           
0000adbc  xdc_runtime_Error_E_memory__C                                   
0000adc0  xdc_runtime_Error_policyFxn__C                                  
0000adc4  xdc_runtime_Error_raiseHook__C                                  
0000adc8  xdc_runtime_IGateProvider_Interface__BASE__C                    
0000adcc  xdc_runtime_IHeap_Interface__BASE__C                            
0000add0  xdc_runtime_IModule_Interface__BASE__C                          
0000add4  xdc_runtime_Memory_defaultHeapInstance__C                       
0000add8  xdc_runtime_Startup_execImpl__C                                 
0000addc  xdc_runtime_Startup_maxPasses__C                                
0000ade0  xdc_runtime_Startup_sfxnRts__C                                  
0000ade4  xdc_runtime_Startup_sfxnTab__C                                  
0000ade8  xdc_runtime_SysMin_bufSize__C                                   
0000adec  xdc_runtime_SysMin_outputFunc__C                                
0000adf0  xdc_runtime_System_Module__gateObj__C                           
0000adf4  xdc_runtime_System_abortFxn__C                                  
0000adf8  xdc_runtime_System_exitFxn__C                                   
0000adfc  xdc_runtime_System_extendFxn__C                                 
0000ae00  xdc_runtime_System_maxAtexitHandlers__C                         
0000ae04  xdc_runtime_Text_charTab__C                                     
0000ae08  xdc_runtime_Text_nodeTab__C                                     
0000ae0c  xdc_runtime_Text_visitRopeFxn__C                                
0000ae10  ti_sysbios_family_arm_msp432_init_Boot_bypassHFXT__C            
0000ae12  ti_sysbios_family_arm_msp432_init_Boot_bypassLFXT__C            
0000ae14  ti_sysbios_family_arm_msp432_init_Boot_enableHFXT__C            
0000ae16  ti_sysbios_family_arm_msp432_init_Boot_enableLFXT__C            
0000ae18  ti_sysbios_hal_Hwi_Module__id__C                                
0000ae1a  ti_sysbios_heaps_HeapMem_Module__id__C                          
0000ae1c  ti_sysbios_knl_Task_Module__id__C                               
0000ae1e  xdc_runtime_Core_Module__id__C                                  
0000ae20  xdc_runtime_Error_Module__loggerDefined__C                      
0000ae22  xdc_runtime_Error_maxDepth__C                                   
0000ae24  xdc_runtime_Memory_Module__id__C                                
0000ae26  xdc_runtime_SysMin_flushAtExit__C                               
0000ae28  xdc_runtime_Text_isLoaded__C                                    
0000ae2a  xdc_runtime_Text_registryModsLastId__C                          
0000ae2c  xdc_runtime_Text_unnamedModsLastId__C                           
0000ae2e  xdc_runtime_Error_policy__C                                     
0000ae30  __TI_static_base__                                              
0000b088  __TI_Handler_Table_Base                                         
0000b094  __TI_Handler_Table_Limit                                        
0000b0a0  __TI_CINIT_Base                                                 
0000b0b0  __TI_CINIT_Limit                                                
20000000  __start___llvm_prf_cnts                                         
20000000  __stop___llvm_prf_cnts                                          
20000000  ti_sysbios_family_arm_m3_Hwi_ramVectors                         
20000140  __primary_heap_start__                                          
20008140  __primary_heap_end__                                            
20008140  task1Stack                                                      
20008940  task2Stack                                                      
20009140  ti_sysbios_knl_Task_Instance_State_0_stack__A                   
20009340  xdc_runtime_SysMin_Module_State_0_outbuf__A                     
20009540  ti_sysbios_family_arm_m3_Hwi_dispatchTable                      
20009680  __CIOBUF_                                                       
200097a0  __TI_tmpnams                                                    
20009840  uartMSP432Objects                                               
200098c0  task1Struct                                                     
20009910  task2Struct                                                     
20009988  parmbuf                                                         
20009990  ClockP_tickPeriod                                               
20009994  PowerMSP432_perfLevels                                          
20009ad4  _ftable                                                         
20009bc4  ti_sysbios_knl_Swi_Module_State_0_readyQ__A                     
20009c44  ti_sysbios_knl_Task_Module_State_0_readyQ__A                    
20009cc4  _device                                                         
20009d3c  _stream                                                         
20009d8c  ti_sysbios_knl_Task_Object__table__V                            
20009dd8  ti_sysbios_family_arm_msp432_Timer_Object__table__V             
20009e1c  ti_sysbios_knl_Task_Module__state__V                            
20009e60  ti_sysbios_gates_GateMutex_Object__table__V                     
20009e98  ti_sysbios_family_arm_m3_Hwi_Module__state__V                   
20009ecc  ti_sysbios_knl_Swi_Object__table__V                             
20009efc  PowerMSP432_module                                              
20009f28  ti_sysbios_knl_Clock_Module__state__V                           
20009f54  ti_sysbios_BIOS_Module__state__V                                
20009f78  ti_sysbios_family_arm_msp432_Timer_Module_State_0_device__A     
20009f98  xdc_runtime_Error_IgnoreBlock                                   
20009fb8  ti_sysbios_knl_Swi_Module__state__V                             
20009fd4  ti_sysbios_family_arm_m3_Hwi_Object__table__V                   
20009fec  ti_sysbios_heaps_HeapMem_Object__table__V                       
2000a004  __TI_ft_end                                                     
2000a008  __aeabi_stdin                                                   
2000a00c  __aeabi_stdout                                                  
2000a010  __aeabi_stderr                                                  
2000a014  ti_sysbios_family_arm_msp432_Timer_Module_State_0_handles__A    
2000a024  __TI_cleanup_ptr                                                
2000a028  __TI_dtors_ptr                                                  
2000a02c  __TI_enable_exit_profile_output                                 
2000a030  ti_sysbios_family_arm_msp432_ClockFreqs_Module__state__V        
2000a03c  ti_sysbios_family_arm_msp432_Timer_Module__state__V             
2000a048  xdc_runtime_SysMin_Module__state__V                             
2000a054  _lock                                                           
2000a058  _unlock                                                         
2000a05c  ti_sysbios_family_arm_m3_Hwi_Module__root__V                    
2000a064  ti_sysbios_gates_GateHwi_Module__root__V                        
2000a06c  ti_sysbios_gates_GateMutex_Module__root__V                      
2000a074  ti_sysbios_heaps_HeapMem_Module__root__V                        
2000a07c  ti_sysbios_knl_Clock_Module__root__V                            
2000a084  ti_sysbios_knl_Queue_Module__root__V                            
2000a08c  ti_sysbios_knl_Semaphore_Module__root__V                        
2000a094  ti_sysbios_knl_Task_Module__root__V                             
2000a09c  xdc_runtime_Registry_Module__state__V                           
2000a0a4  xdc_runtime_Startup_Module__state__V                            
2000a0ac  xdc_runtime_System_Module_State_0_atexitHandlers__A             
2000a0b4  xdc_runtime_System_Module__state__V                             
2000a0bc  errno                                                           
2000a0c0  main_func_sp                                                    
2000a0c4  ti_sysbios_family_arm_m3_Hwi_Module_State_0_excContext__A       
2000a0c8  ti_sysbios_family_arm_m3_Hwi_Module_State_0_excStack__A         
2000a0cc  ti_sysbios_gates_GateHwi_Object__table__V                       
2000a0d0  ti_sysbios_knl_Task_Module_State_0_idleTask__A                  
2000a0d4  xdc_runtime_Memory_Module__state__V                             
2000a0d8  ti_sysbios_family_arm_m3_Hwi_Module_State_0_excActive__A        
2000a0da  xdc_runtime_Error_Module__state__V                              
2000fc00  __stack                                                         
20010000  __STACK_END                                                     
4000480c  WDTCTL_SYM                                                      
e000e000  ti_sysbios_family_arm_m3_Hwi_nvic                               
ffffffff  __TI_pprof_out_hndl                                             
ffffffff  __TI_prof_data_size                                             
ffffffff  __TI_prof_data_start                                            
ffffffff  __binit__                                                       
ffffffff  __c_args__                                                      
ffffffff  binit                                                           
UNDEFED   SHT$$INIT_ARRAY$$Base                                           
UNDEFED   SHT$$INIT_ARRAY$$Limit                                          

[670 symbols]
