******************************************************************************
                  TI ARM Linker Unix v20.2.2                   
******************************************************************************
>> Linked Tue Dec  1 00:28:21 2020

OUTPUT FILE NAME:   <Lab8Ex2.out>
ENTRY POINT SYMBOL: "_c_int00"  address: 000058a9


MEMORY CONFIGURATION

         name            origin    length      used     unused   attr    fill
----------------------  --------  ---------  --------  --------  ----  --------
  MAIN                  00000000   00040000  00009bcb  00036435  R  X
  INFO                  00200000   00004000  00000000  00004000  R  X
  SRAM_CODE             01000000   00010000  0000b4f4  00004b0c  RW X
  SRAM_DATA             20000000   00010000  0000b4f4  00004b0c  RW  


SEGMENT ALLOCATION MAP

run origin  load origin   length   init length attrs members
----------  ----------- ---------- ----------- ----- -------
00000000    00000000    00009bd8   00009bd8    r-x
  00000000    00000000    0000003c   0000003c    r-- .resetVecs
  00000040    00000040    00007a92   00007a92    r-x .text
  00007ad4    00007ad4    00001e85   00001e85    r-- .const
  00009960    00009960    00000278   00000278    r-- .cinit
20000140    20000140    00008000   00000000    r--
  20000140    20000140    00008000   00000000    r-- .priheap
20008140    20008140    00002fb4   00000000    rw-
  20008140    20008140    0000286c   00000000    rw- .bss
  2000a9ac    2000a9ac    00000748   00000000    rw- .data
2000fc00    2000fc00    00000400   00000000    rw-
  2000fc00    2000fc00    00000400   00000000    rw- .stack


SECTION ALLOCATION MAP

 output                                  attributes/
section   page    origin      length       input sections
--------  ----  ----------  ----------   ----------------
.text      0    00000040    00007a92     
                  00000040    00000a4e     rtsv7M4_T_le_v4SPD16_eabi.lib : _printfi.c.obj (.text:__TI_printfi)
                  00000a8e    00000002     ti_drivers_config.obj (.text:Board_initHook)
                  00000a90    00000430     sysbios.aem4f : BIOS.obj (.text:ti_sysbios_family_arm_m3_Hwi_excDumpRegs__I)
                  00000ec0    00000340     ti.targets.arm.rtsarm.aem4f : System.oem4f (.text:xdc_runtime_System_doPrint__I)
                  00001200    000002f8     drivers_msp432p401x.aem4f : PowerMSP432.oem4f (.text:Power_sleep)
                  000014f8    0000028a     msp432p4xx_driverlib.lib : pcm.o (.text:__PCM_setPowerStateAdvanced)
                  00001782    00000002     dpl_msp432p401x.aem4f : PowerMSP432_tirtos.oem4f (.text:PowerMSP432_initPolicy)
                  00001784    00000288     drivers_msp432p401x.aem4f : PowerMSP432.oem4f (.text:initPerfControl)
                  00001a0c    00000270     rtsv7M4_T_le_v4SPD16_eabi.lib : _printfi.c.obj (.text:_pconv_a)
                  00001c7c    000001d0                                   : _printfi.c.obj (.text:_pconv_g)
                  00001e4c    000001b6                                   : fd_add_t2.asm.obj (.text)
                  00002002    00000006     ti.targets.arm.rtsarm.aem4f : System.oem4f (.text:xdc_runtime_System_Module_startup__E)
                  00002008    00000174     sysbios.aem4f : BIOS.obj (.text:ti_sysbios_family_arm_m3_Hwi_excBusFault__I)
                  0000217c    00000004     msp432p4xx_driverlib.lib : cpu.o (.text:CPU_wfi)
                  00002180    00000164     sysbios.aem4f : BIOS.obj (.text:ti_sysbios_family_arm_m3_Hwi_excUsageFault__I)
                  000022e4    0000015c     msp432p4xx_driverlib.lib : pcm.o (.text:__PCM_setPowerModeAdvanced)
                  00002440    00000148     sysbios.aem4f : BIOS.obj (.text:ti_sysbios_family_arm_m3_Hwi_excMemFault__I)
                  00002588    0000013c     rtsv7M4_T_le_v4SPD16_eabi.lib : _printfi.c.obj (.text:_pconv_e)
                  000026c4    00000004                                   : printf.c.obj (.text:_outc)
                  000026c8    00000138     sysbios.aem4f : BIOS.obj (.text:ti_sysbios_knl_Semaphore_pend__E)
                  00002800    00000136     rtsv7M4_T_le_v4SPD16_eabi.lib : fd_div_t2.asm.obj (.text)
                  00002936    00000002                                   : _lock.c.obj (.text:_nop)
                  00002938    00000124                                   : _printfi.c.obj (.text:fcvt)
                  00002a5c    00000114                                   : fputs.c.obj (.text:fputs)
                  00002b70    00000110                                   : s_scalbn.c.obj (.text:scalbn)
                  00002c80    00000108     msp432p4xx_driverlib.lib : pcm.o (.text:__PCM_setCoreVoltageLevelAdvanced)
                  00002d88    00000108     sysbios.aem4f : BIOS.obj (.text:ti_sysbios_family_arm_m3_Hwi_excFillContext__I)
                  00002e90    00000108                   : BIOS.obj (.text:ti_sysbios_family_arm_m3_Hwi_excHandlerMax__I)
                  00002f98    00000106     hello_pem4f.oem4f (.text:xdc_runtime_System_printfExtend__I)
                  0000309e    000000fc     rtsv7M4_T_le_v4SPD16_eabi.lib : fd_mul_t2.asm.obj (.text)
                  0000319a    00000002                                   : div0.asm.obj (.text)
                  0000319c    000000fc     ti.targets.arm.rtsarm.aem4f : Startup.oem4f (.text:xdc_runtime_Startup_startMods__I)
                  00003298    000000f0     sysbios.aem4f : m3_Hwi_asm.obj (.text:ti_sysbios_family_arm_m3_Hwi_dispatch__I)
                  00003388    000000e8     ti.targets.arm.rtsarm.aem4f : Core-mem.oem4f (.text:xdc_runtime_Core_createObject__I)
                  00003470    000000e8                                 : Error.oem4f (.text:xdc_runtime_Error_policyDefault__E)
                  00003558    000000e4     msp432p4xx_driverlib.lib : cs.o (.text:CS_startHFXTWithTimeout)
                  0000363c    000000e0                              : cs.o (.text:CS_startLFXTWithTimeout)
                  0000371c    000000dc                              : cs.o (.text:_CSGetHFXTFrequency)
                  000037f8    000000dc     rtsv7M4_T_le_v4SPD16_eabi.lib : setvbuf.c.obj (.text:setvbuf)
                  000038d4    000000cc     hello.obj (.text:main)
                  000039a0    000000cc     ti.targets.arm.rtsarm.aem4f : Core-smem.oem4f (.text:xdc_runtime_Core_constructObject__I)
                  00003a6c    00000004     rtsv7M4_T_le_v4SPD16_eabi.lib : printf.c.obj (.text:_outs)
                  00003a70    000000c8     sysbios.aem4f : BIOS.obj (.text:ti_sysbios_family_arm_msp432_init_Boot_setupCS)
                  00003b38    000000c8                   : BIOS.obj (.text:ti_sysbios_knl_Task_sleep__E)
                  00003c00    000000c0                   : BIOS.obj (.text:ti_sysbios_knl_Task_Instance_init__E)
                  00003cc0    000000bc                   : BIOS.obj (.text:ti_sysbios_family_arm_m3_Hwi_excDebugMon__I)
                  00003d7c    00000004     rtsv7M4_T_le_v4SPD16_eabi.lib : exit.c.obj (.text:abort:abort)
                  00003d80    000000bc     sysbios.aem4f : BIOS.obj (.text:ti_sysbios_family_arm_m3_Hwi_excHardFault__I)
                  00003e3c    00000004     hello_pem4f.oem4f (.text:ti_sysbios_BIOS_RtsGateProxy_enter__E)
                  00003e40    000000bc     sysbios.aem4f : BIOS.obj (.text:ti_sysbios_knl_Task_Instance_finalize__E)
                  00003efc    00000004     hello_pem4f.oem4f (.text:ti_sysbios_BIOS_RtsGateProxy_leave__E)
                  00003f00    000000b4     sysbios.aem4f : BIOS.obj (.text:ti_sysbios_knl_Task_checkStacks__E)
                  00003fb4    000000b1     rtsv7M4_T_le_v4SPD16_eabi.lib : _printfi.c.obj (.text:_ltostr)
                  00004065    00000001     --HOLE-- [fill = 0]
                  00004066    00000002     hello_pem4f.oem4f (.text:ti_sysbios_BIOS_nullFunc__I)
                  00004068    000000ac     sysbios.aem4f : BIOS.obj (.text:ti_sysbios_family_arm_m3_Hwi_Instance_init__E)
                  00004114    00000004     hello_pem4f.oem4f (.text:ti_sysbios_family_arm_m3_TaskSupport_Module__startupDone__S)
                  00004118    000000a8     sysbios.aem4f : BIOS.obj (.text:ti_sysbios_family_arm_msp432_Timer_periodicStub__E)
                  000041c0    000000a2     ti.targets.arm.rtsarm.aem4f : Text.oem4f (.text:xdc_runtime_Text_putSite__E)
                  00004262    00000002     --HOLE-- [fill = 0]
                  00004264    000000a0     auto_init.aem4f : auto_init.oem4f (.text)
                  00004304    0000009c     drivers_msp432p401x.aem4f : PowerMSP432.oem4f (.text:Power_init)
                  000043a0    0000009c     rtsv7M4_T_le_v4SPD16_eabi.lib : memcpy_t2.asm.obj (.text)
                  0000443c    00000096                                   : ull_div_t2.asm.obj (.text)
                  000044d2    00000004     hello_pem4f.oem4f (.text:ti_sysbios_heaps_HeapMem_Module_GateProxy_enter__E)
                  000044d6    00000002     --HOLE-- [fill = 0]
                  000044d8    00000094     sysbios.aem4f : BIOS.obj (.text:ti_sysbios_family_arm_m3_Hwi_initNVIC__E)
                  0000456c    0000008c     rtsv7M4_T_le_v4SPD16_eabi.lib : fputc.c.obj (.text:fputc)
                  000045f8    0000008c     sysbios.aem4f : m3_TaskSupport_asm.obj (.text:ti_sysbios_family_arm_m3_TaskSupport_buildTaskStack)
                  00004684    00000004     hello_pem4f.oem4f (.text:ti_sysbios_heaps_HeapMem_Module_GateProxy_leave__E)
                  00004688    0000008c     sysbios.aem4f : BIOS.obj (.text:ti_sysbios_knl_Task_postInit__I)
                  00004714    00000086     rtsv7M4_T_le_v4SPD16_eabi.lib : fd_cmp_t2.asm.obj (.text:__aeabi_cdcmple)
                  0000479a    00000086                                   : fd_cmp_t2.asm.obj (.text:__aeabi_cdrcmple)
                  00004820    00000084     msp432p4xx_driverlib.lib : pcm.o (.text:PCM_gotoLPM3)
                  000048a4    00000084     drivers_msp432p401x.aem4f : PowerMSP432.oem4f (.text:restartHFXT)
                  00004928    00000084     sysbios.aem4f : BIOS.obj (.text:ti_sysbios_family_arm_m3_Hwi_postInit__I)
                  000049ac    00000004     hello_pem4f.oem4f (.text:ti_sysbios_knl_Clock_TimerProxy_getMaxTicks__E)
                  000049b0    00000084     sysbios.aem4f : BIOS.obj (.text:ti_sysbios_heaps_HeapMem_free__E)
                  00004a34    00000080     hello.obj (.text:taski)
                  00004ab4    00000004     ti.targets.arm.rtsarm.aem4f : Error.oem4f (.text:xdc_runtime_Error_getSite__E)
                  00004ab8    00000080     sysbios.aem4f : BIOS.obj (.text:ti_sysbios_knl_Clock_workFunc__E)
                  00004b38    0000007a     rtsv7M4_T_le_v4SPD16_eabi.lib : memset_t2.asm.obj (.text)
                  00004bb2    00000004     hello_pem4f.oem4f (.text:xdc_runtime_System_Module_GateProxy_enter__E)
                  00004bb6    00000002     --HOLE-- [fill = 0]
                  00004bb8    0000007a     sysbios.aem4f : BIOS.obj (.text:ti_sysbios_heaps_HeapMem_allocUnprotected__E)
                  00004c32    00000004     hello_pem4f.oem4f (.text:xdc_runtime_System_Module_GateProxy_leave__E)
                  00004c36    00000002     --HOLE-- [fill = 0]
                  00004c38    00000078     sysbios.aem4f : BIOS.obj (.text:ti_sysbios_heaps_HeapMem_initPrimary__I)
                  00004cb0    00000074     rtsv7M4_T_le_v4SPD16_eabi.lib : fclose.c.obj (.text:__TI_closefile)
                  00004d24    00000074     ti.targets.arm.rtsarm.aem4f : Error.oem4f (.text:xdc_runtime_Error_print__E)
                  00004d98    00000074                                 : Text.oem4f (.text:xdc_runtime_Text_putMod__E)
                  00004e0c    00000004                                 : System.oem4f (.text:xdc_runtime_System_aprintf_va__F)
                  00004e10    00000070     sysbios.aem4f : BIOS.obj (.text:ti_sysbios_knl_Task_exit__E)
                  00004e80    00000070     ti.targets.arm.rtsarm.aem4f : Memory.oem4f (.text:xdc_runtime_Memory_alloc__E)
                  00004ef0    0000006e     rtsv7M4_T_le_v4SPD16_eabi.lib : _printfi.c.obj (.text:_mcpy)
                  00004f5e    00000002     --HOLE-- [fill = 0]
                  00004f60    0000006d     ti.targets.arm.rtsarm.aem4f : System.oem4f (.text:xdc_runtime_System_formatNum__I)
                  00004fcd    00000003     --HOLE-- [fill = 0]
                  00004fd0    0000006c     rtsv7M4_T_le_v4SPD16_eabi.lib : hostrename.c.obj (.text:HOSTrename)
                  0000503c    00000004     ti.targets.arm.rtsarm.aem4f : System.oem4f (.text:xdc_runtime_System_printf_va__F)
                  00005040    0000006c     sysbios.aem4f : BIOS.obj (.text:ti_sysbios_knl_Swi_restoreHwi__E)
                  000050ac    00000068     rtsv7M4_T_le_v4SPD16_eabi.lib : hostlseek.c.obj (.text:HOSTlseek)
                  00005114    00000068                                   : copy_decompress_lzss.c.obj (.text:decompress:lzss:__TI_decompress_lzss)
                  0000517c    00000068                                   : printf.c.obj (.text:printf)
                  000051e4    00000066     ti.targets.arm.rtsarm.aem4f : Core-mem.oem4f (.text:xdc_runtime_Core_deleteObject__I)
                  0000524a    00000002     --HOLE-- [fill = 0]
                  0000524c    00000064     rtsv7M4_T_le_v4SPD16_eabi.lib : s_frexp.c.obj (.text:frexp)
                  000052b0    00000064                                   : fseek.c.obj (.text:fseek)
                  00005314    00000004     --HOLE-- [fill = 0]
                  00005318    00000064     sysbios.aem4f : BIOS.obj (.text:ti_sysbios_family_arm_m3_Hwi_dispatchC__I)
                  0000537c    00000062     rtsv7M4_T_le_v4SPD16_eabi.lib : _io_perm.c.obj (.text:__TI_wrt_ok)
                  000053de    00000002     --HOLE-- [fill = 0]
                  000053e0    00000060                                   : hostopen.c.obj (.text:HOSTopen)
                  00005440    00000060     sysbios.aem4f : BIOS.obj (.text:ti_sysbios_knl_Semaphore_post__E)
                  000054a0    00000060                   : BIOS.obj (.text:ti_sysbios_knl_Task_schedule__I)
                  00005500    0000005f     ti.targets.arm.rtsarm.aem4f : Text.oem4f (.text:xdc_runtime_Text_putLab__E)
                  0000555f    00000001     --HOLE-- [fill = 0]
                  00005560    0000005e     msp432p4xx_driverlib.lib : pcm.o (.text:PCM_getCoreVoltageLevel)
                  000055be    00000002     --HOLE-- [fill = 0]
                  000055c0    0000005c     rtsv7M4_T_le_v4SPD16_eabi.lib : close.c.obj (.text:close)
                  0000561c    00000004     --HOLE-- [fill = 0]
                  00005620    0000005c     sysbios.aem4f : BIOS.obj (.text:ti_sysbios_knl_Swi_run__I)
                  0000567c    00000004     --HOLE-- [fill = 0]
                  00005680    0000005c                   : BIOS.obj (.text:ti_sysbios_knl_Swi_schedule__I)
                  000056dc    00000004     --HOLE-- [fill = 0]
                  000056e0    0000005c                   : BIOS.obj (.text:ti_sysbios_knl_Task_Module_startup__E)
                  0000573c    00000004     --HOLE-- [fill = 0]
                  00005740    0000005c                   : BIOS.obj (.text:ti_sysbios_knl_Task_startCore__E)
                  0000579c    0000005a     msp432p4xx_driverlib.lib : pcm.o (.text:PCM_getPowerMode)
                  000057f6    00000002     --HOLE-- [fill = 0]
                  000057f8    00000058     rtsv7M4_T_le_v4SPD16_eabi.lib : hostread.c.obj (.text:HOSTread)
                  00005850    00000058                                   : hostwrite.c.obj (.text:HOSTwrite)
                  000058a8    00000058     boot.aem4f : boot.oem4f (.text)
                  00005900    00000058     sysbios.aem4f : m3_Hwi_asm_switch.obj (.text:ti_sysbios_family_arm_m3_Hwi_initStacks__E)
                  00005958    00000058                   : BIOS.obj (.text:ti_sysbios_heaps_HeapMem_alloc__E)
                  000059b0    00000056     rtsv7M4_T_le_v4SPD16_eabi.lib : _printfi.c.obj (.text:_pconv_f)
                  00005a06    00000002     --HOLE-- [fill = 0]
                  00005a08    00000054     msp432p4xx_driverlib.lib : pcm.o (.text:PCM_shutdownDevice)
                  00005a5c    00000054     rtsv7M4_T_le_v4SPD16_eabi.lib : _ltoa.c.obj (.text:__TI_ltoa)
                  00005ab0    00000054     hello_pem4f.oem4f (.text:ti_sysbios_family_arm_m3_Hwi_create)
                  00005b04    00000004     --HOLE-- [fill = 0]
                  00005b08    00000054     sysbios.aem4f : BIOS.obj (.text:ti_sysbios_family_arm_msp432_Timer_initDevice__I)
                  00005b5c    00000052     rtsv7M4_T_le_v4SPD16_eabi.lib : _printfi.c.obj (.text:_ecpy)
                  00005bae    00000002     --HOLE-- [fill = 0]
                  00005bb0    00000050     sysbios.aem4f : BIOS.obj (.text:ti_sysbios_family_arm_m3_Hwi_Module_startup__E)
                  00005c00    00000050     ti.targets.arm.rtsarm.aem4f : Startup.oem4f (.text:xdc_runtime_Startup_exec__E)
                  00005c50    00000050                                 : Text.oem4f (.text:xdc_runtime_Text_visitRope2__I)
                  00005ca0    0000004c     dpl_msp432p401x.aem4f : PowerMSP432_tirtos.oem4f (.text:PowerMSP432_sleepPolicy)
                  00005cec    0000004c     rtsv7M4_T_le_v4SPD16_eabi.lib : fflush.c.obj (.text:__TI_doflush)
                  00005d38    0000004c                                   : atoi.c.obj (.text:atoi)
                  00005d84    0000004c                                   : cpy_tbl.c.obj (.text:copy_in)
                  00005dd0    0000004c     sysbios.aem4f : BIOS.obj (.text:ti_sysbios_family_arm_msp432_Timer_start__E)
                  00005e1c    00000004     --HOLE-- [fill = 0]
                  00005e20    0000004c                   : BIOS.obj (.text:ti_sysbios_heaps_HeapMem_getStats__E)
                  00005e6c    00000004     --HOLE-- [fill = 0]
                  00005e70    0000004c                   : BIOS.obj (.text:ti_sysbios_knl_Swi_runLoop__I)
                  00005ebc    00000004     --HOLE-- [fill = 0]
                  00005ec0    0000004c                   : BIOS.obj (.text:ti_sysbios_knl_Task_allBlockedFunction__I)
                  00005f0c    0000004c     hello_pem4f.oem4f (.text:ti_sysbios_knl_Task_construct)
                  00005f58    0000004c     ti.targets.arm.rtsarm.aem4f : Assert.oem4f (.text:xdc_runtime_Assert_raise__I)
                  00005fa4    00000048     rtsv7M4_T_le_v4SPD16_eabi.lib : hosttime.c.obj (.text:HOSTtime)
                  00005fec    00000048                                   : exit.c.obj (.text:exit)
                  00006034    00000048                                   : fd_toi_t2.asm.obj (.text)
                  0000607c    00000004     --HOLE-- [fill = 0]
                  00006080    00000048     sysbios.aem4f : BIOS.obj (.text:ti_sysbios_family_arm_m3_Hwi_disableInterrupt__E)
                  000060c8    00000048                   : BIOS.obj (.text:ti_sysbios_family_arm_m3_Hwi_enableInterrupt__E)
                  00006110    00000048                   : BIOS.obj (.text:ti_sysbios_family_arm_m3_Hwi_excReserved__I)
                  00006158    00000048     ti.targets.arm.rtsarm.aem4f : Core-params.oem4f (.text:xdc_runtime_Core_assignParams__I)
                  000061a0    00000044     rtsv7M4_T_le_v4SPD16_eabi.lib : hostclose.c.obj (.text:HOSTclose)
                  000061e4    00000044                                   : hostunlink.c.obj (.text:HOSTunlink)
                  00006228    00000044                                   : getdevice.c.obj (.text:getdevice)
                  0000626c    00000004     --HOLE-- [fill = 0]
                  00006270    00000044     sysbios.aem4f : BIOS.obj (.text:ti_sysbios_family_arm_m3_Hwi_getStackInfo__E)
                  000062b4    00000004     --HOLE-- [fill = 0]
                  000062b8    00000044                   : BIOS.obj (.text:ti_sysbios_knl_Swi_post__E)
                  000062fc    00000044     ti.targets.arm.rtsarm.aem4f : Error.oem4f (.text:xdc_runtime_Error_setX__E)
                  00006340    00000044                                 : SysMin.oem4f (.text:xdc_runtime_SysMin_flush__E)
                  00006384    00000044                                 : Text.oem4f (.text:xdc_runtime_Text_xprintf__I)
                  000063c8    00000040     dpl_msp432p401x.aem4f : HwiP_tirtos.oem4f (.text:HwiP_create)
                  00006408    00000040     rtsv7M4_T_le_v4SPD16_eabi.lib : u_divt2.asm.obj (.text)
                  00006448    00000040     sysbios.aem4f : BIOS.obj (.text:ti_sysbios_family_arm_msp432_Timer_Module_startup__E)
                  00006488    00000040                   : BIOS.obj (.text:ti_sysbios_family_arm_msp432_Timer_startup__E)
                  000064c8    00000040                   : BIOS.obj (.text:ti_sysbios_heaps_HeapMem_Instance_init__E)
                  00006508    0000003e     rtsv7M4_T_le_v4SPD16_eabi.lib : _printfi.c.obj (.text:_fcpy)
                  00006546    00000002     --HOLE-- [fill = 0]
                  00006548    0000003c     sysbios.aem4f : BIOS.obj (.text:ti_sysbios_family_arm_m3_Hwi_Instance_finalize__E)
                  00006584    00000004     --HOLE-- [fill = 0]
                  00006588    0000003c                   : BIOS.obj (.text:ti_sysbios_family_arm_m3_Hwi_excSvCall__I)
                  000065c4    00000004     --HOLE-- [fill = 0]
                  000065c8    0000003c                   : BIOS.obj (.text:ti_sysbios_knl_Swi_restore__E)
                  00006604    00000038     rtsv7M4_T_le_v4SPD16_eabi.lib : trgmsg.c.obj (.text:__TI_writemsg)
                  0000663c    00000038     drivers_msp432p401x.aem4f : PowerMSP432.oem4f (.text:notify)
                  00006674    00000004     --HOLE-- [fill = 0]
                  00006678    00000038     sysbios.aem4f : BIOS.obj (.text:ti_sysbios_family_arm_m3_Hwi_excNoIsr__I)
                  000066b0    00000038     ti.targets.arm.rtsarm.aem4f : System.oem4f (.text:xdc_runtime_System_atexit__E)
                  000066e8    00000036     rtsv7M4_T_le_v4SPD16_eabi.lib : strncpy.c.obj (.text:strncpy)
                  0000671e    00000002     --HOLE-- [fill = 0]
                  00006720    00000034                                   : fopen.c.obj (.text:__TI_cleanup)
                  00006754    00000034                                   : trgmsg.c.obj (.text:__TI_readmsg)
                  00006788    00000034     sysbios.aem4f : BIOS.obj (.text:ti_sysbios_family_arm_m3_Hwi_excNmi__I)
                  000067bc    00000004     --HOLE-- [fill = 0]
                  000067c0    00000034                   : BIOS.obj (.text:ti_sysbios_family_arm_msp432_init_Boot_configureClocksHigh)
                  000067f4    00000004     --HOLE-- [fill = 0]
                  000067f8    00000034                   : BIOS.obj (.text:ti_sysbios_hal_Hwi_checkStack)
                  0000682c    00000034     ti.targets.arm.rtsarm.aem4f : SysMin.oem4f (.text:xdc_runtime_SysMin_abort__E)
                  00006860    00000034                                 : SysMin.oem4f (.text:xdc_runtime_SysMin_putch__E)
                  00006894    00000004     --HOLE-- [fill = 0]
                  00006898    00000032     sysbios.aem4f : BIOS.obj (.text:ti_sysbios_hal_Hwi_initStack)
                  000068ca    00000002     --HOLE-- [fill = 0]
                  000068cc    00000030     rtsv7M4_T_le_v4SPD16_eabi.lib : getdevice.c.obj (.text:finddevice)
                  000068fc    00000030     hello_pem4f.oem4f (.text:ti_sysbios_BIOS_atExitFunc__I)
                  0000692c    00000030     hello_pem4f.oem4f (.text:ti_sysbios_BIOS_startFunc__I)
                  0000695c    00000004     --HOLE-- [fill = 0]
                  00006960    00000030     sysbios.aem4f : BIOS.obj (.text:ti_sysbios_family_arm_m3_TaskSupport_start__E)
                  00006990    00000030                   : BIOS.obj (.text:ti_sysbios_family_arm_msp432_Timer_setPeriod__E)
                  000069c0    00000030     hello_pem4f.oem4f (.text:ti_sysbios_gates_GateHwi_Object__create__S)
                  000069f0    00000030     hello_pem4f.oem4f (.text:ti_sysbios_gates_GateMutex_Object__create__S)
                  00006a20    00000030     sysbios.aem4f : BIOS.obj (.text:ti_sysbios_gates_GateMutex_enter__E)
                  00006a50    00000030     hello_pem4f.oem4f (.text:ti_sysbios_heaps_HeapMem_Object__create__S)
                  00006a80    00000030     hello_pem4f.oem4f (.text:ti_sysbios_knl_Semaphore_construct)
                  00006ab0    00000030     sysbios.aem4f : BIOS.obj (.text:ti_sysbios_knl_Semaphore_pendTimeout__I)
                  00006ae0    00000030                   : BIOS.obj (.text:ti_sysbios_knl_Task_processVitalTaskFlag__I)
                  00006b10    00000030                   : BIOS.obj (.text:ti_sysbios_knl_Task_restore__E)
                  00006b40    00000030                   : BIOS.obj (.text:ti_sysbios_knl_Task_unblockI__E)
                  00006b70    00000030     hello_pem4f.oem4f (.text:xdc_runtime_Error_policyLog__I)
                  00006ba0    00000030     ti.targets.arm.rtsarm.aem4f : System.oem4f (.text:xdc_runtime_System_processAtExit__E)
                  00006bd0    0000002f                                 : Text.oem4f (.text:xdc_runtime_Text_printVisFxn__I)
                  00006bff    00000001     --HOLE-- [fill = 0]
                  00006c00    0000002e     rtsv7M4_T_le_v4SPD16_eabi.lib : i_tofd_t2.asm.obj (.text)
                  00006c2e    0000002e     hello_pem4f.oem4f (.text:ti_sysbios_rts_MemAlloc_alloc)
                  00006c5c    0000002c     dpl_msp432p401x.aem4f : PowerMSP432_tirtos.oem4f (.text:PowerMSP432_updateFreqs)
                  00006c88    0000002c     msp432p4xx_driverlib.lib : rtc_c.o (.text:RTC_C_holdClock)
                  00006cb4    0000002c     hello.obj (.text:task1)
                  00006ce0    0000002c     hello_pem4f.oem4f (.text:ti_sysbios_family_arm_m3_Hwi_Handle__label__S)
                  00006d0c    0000002c     hello_pem4f.oem4f (.text:ti_sysbios_gates_GateHwi_Handle__label__S)
                  00006d38    0000002c     hello_pem4f.oem4f (.text:ti_sysbios_gates_GateMutex_Handle__label__S)
                  00006d64    0000002c     hello_pem4f.oem4f (.text:ti_sysbios_heaps_HeapMem_Handle__label__S)
                  00006d90    0000002c     hello_pem4f.oem4f (.text:ti_sysbios_knl_Clock_doTick__I)
                  00006dbc    0000002c     hello_pem4f.oem4f (.text:ti_sysbios_knl_Queue_construct)
                  00006de8    0000002c     hello_pem4f.oem4f (.text:ti_sysbios_knl_Swi_Handle__label__S)
                  00006e14    0000002c     hello_pem4f.oem4f (.text:ti_sysbios_knl_Task_Handle__label__S)
                  00006e40    0000002c     rtsv7M4_T_le_v4SPD16_eabi.lib : unlink.c.obj (.text:unlink)
                  00006e6c    0000002c     ti.targets.arm.rtsarm.aem4f : System.oem4f (.text:xdc_runtime_System_putchar__I)
                  00006e98    00000028     msp432p4xx_driverlib.lib : gpio.o (.text:GPIO_setOutputLowOnPin)
                  00006ec0    00000028                              : pcm.o (.text:PCM_gotoLPM0)
                  00006ee8    00000028     drivers_msp432p401x.aem4f : PowerMSP432.oem4f (.text:disableFaultCounter)
                  00006f10    00000028                               : PowerMSP432.oem4f (.text:disableHFXT)
                  00006f38    00000028     rtsv7M4_T_le_v4SPD16_eabi.lib : lseek.c.obj (.text:lseek)
                  00006f60    00000028     sysbios.aem4f : m3_Hwi_asm.obj (.text:ti_sysbios_family_arm_m3_Hwi_excHandlerAsm__I)
                  00006f88    00000028                   : BIOS.obj (.text:ti_sysbios_knl_Clock_addI__E)
                  00006fb0    00000028                   : BIOS.obj (.text:ti_sysbios_knl_Swi_Module_startup__E)
                  00006fd8    00000028     rtsv7M4_T_le_v4SPD16_eabi.lib : write.c.obj (.text:write)
                  00007000    00000028     ti.targets.arm.rtsarm.aem4f : System.oem4f (.text:xdc_runtime_System_avprintf__E)
                  00007028    00000026     sysbios.aem4f : m3_Hwi_asm.obj (.text:ti_sysbios_family_arm_m3_Hwi_pendSV__I)
                  0000704e    00000026     ti.targets.arm.rtsarm.aem4f : System.oem4f (.text:xdc_runtime_System_vprintf__E)
                  00007074    00000024     msp432p4xx_driverlib.lib : wdt_a.o (.text:WDT_A_holdTimer)
                  00007098    00000024     rtsv7M4_T_le_v4SPD16_eabi.lib : rand.c.obj (.text:srand)
                  000070bc    00000024     hello_pem4f.oem4f (.text:ti_sysbios_BIOS_errorRaiseHook__I)
                  000070e0    00000024     hello_pem4f.oem4f (.text:ti_sysbios_BIOS_registerRTSLock__I)
                  00007104    00000024     hello_pem4f.oem4f (.text:ti_sysbios_BIOS_removeRTSLock__I)
                  00007128    00000024     sysbios.aem4f : BIOS.obj (.text:ti_sysbios_family_arm_msp432_ClockFreqs_setFrequency__E)
                  0000714c    00000004     --HOLE-- [fill = 0]
                  00007150    00000024                   : BIOS.obj (.text:ti_sysbios_family_arm_msp432_Timer_postInit__I)
                  00007174    00000024     hello_pem4f.oem4f (.text:ti_sysbios_gates_GateMutex_Object__delete__S)
                  00007198    00000024     sysbios.aem4f : BIOS.obj (.text:ti_sysbios_knl_Clock_Module_startup__E)
                  000071bc    00000004     --HOLE-- [fill = 0]
                  000071c0    00000024                   : BIOS.obj (.text:ti_sysbios_knl_Semaphore_Instance_init__E)
                  000071e4    00000004     --HOLE-- [fill = 0]
                  000071e8    00000024                   : BIOS.obj (.text:ti_sysbios_knl_Task_restoreHwi__E)
                  0000720c    00000022     hello_pem4f.oem4f (.text:xdc_runtime_SysMin_output__I)
                  0000722e    00000002     --HOLE-- [fill = 0]
                  00007230    00000020     msp432p4xx_driverlib.lib : cs.o (.text:CS_setExternalClockSourceFrequency)
                  00007250    00000020     rtsv7M4_T_le_v4SPD16_eabi.lib : memchr.c.obj (.text:memchr)
                  00007270    00000020     hello_pem4f.oem4f (.text:ti_sysbios_BIOS_rtsLock__I)
                  00007290    00000020     hello_pem4f.oem4f (.text:ti_sysbios_gates_GateHwi_Object__delete__S)
                  000072b0    00000020     hello_pem4f.oem4f (.text:ti_sysbios_heaps_HeapMem_Object__delete__S)
                  000072d0    00000020     sysbios.aem4f : BIOS.obj (.text:ti_sysbios_knl_Idle_run__E)
                  000072f0    00000020     hello_pem4f.oem4f (.text:ti_sysbios_knl_Semaphore_destruct)
                  00007310    00000020     ti.targets.arm.rtsarm.aem4f : SysMin.oem4f (.text:xdc_runtime_SysMin_Module_startup__E)
                  00007330    0000001e     sysbios.aem4f : m3_Hwi_asm_switch.obj (.text:ti_sysbios_family_xxx_Hwi_switchAndRunFunc)
                  0000734e    0000001c     rtsv7M4_T_le_v4SPD16_eabi.lib : memccpy.c.obj (.text:memccpy)
                  0000736a    00000006     --HOLE-- [fill = 0]
                  00007370    0000001c     sysbios.aem4f : BIOS.obj (.text:ti_sysbios_family_arm_m3_Hwi_excHandler__I)
                  0000738c    00000004     --HOLE-- [fill = 0]
                  00007390    0000001c                   : BIOS.obj (.text:ti_sysbios_gates_GateMutex_Instance_init__E)
                  000073ac    0000001c     hello_pem4f.oem4f (.text:ti_sysbios_knl_Queue_destruct)
                  000073c8    0000001c     sysbios.aem4f : BIOS.obj (.text:ti_sysbios_knl_Queue_put__E)
                  000073e4    00000004     --HOLE-- [fill = 0]
                  000073e8    0000001c                   : BIOS.obj (.text:ti_sysbios_knl_Task_enter__I)
                  00007404    0000001c     ti.targets.arm.rtsarm.aem4f : Error.oem4f (.text:xdc_runtime_Error_check__E)
                  00007420    0000001c                                 : Error.oem4f (.text:xdc_runtime_Error_raiseX__E)
                  0000743c    0000001c                                 : Memory.oem4f (.text:xdc_runtime_Memory_valloc__E)
                  00007458    0000001c                                 : Registry.oem4f (.text:xdc_runtime_Registry_findById__E)
                  00007474    0000001c                                 : SysMin.oem4f (.text:xdc_runtime_SysMin_exit__E)
                  00007490    0000001c                                 : System.oem4f (.text:xdc_runtime_System_abort__E)
                  000074ac    0000001c                                 : Text.oem4f (.text:xdc_runtime_Text_ropeText__E)
                  000074c8    0000001a     rtsv7M4_T_le_v4SPD16_eabi.lib : s_copysign.c.obj (.text:copysign)
                  000074e2    0000001a     hello_pem4f.oem4f (.text:free)
                  000074fc    0000001a     hello_pem4f.oem4f (.text:xdc_runtime_System_aprintf__E)
                  00007516    0000001a     hello_pem4f.oem4f (.text:xdc_runtime_System_printf__E)
                  00007530    00000018     hello_pem4f.oem4f (.text:.bootCodeSection:ti_sysbios_family_arm_msp432_init_Boot_init__I)
                  00007548    00000018     msp432p4xx_driverlib.lib : sysctl_a.o (.text:SysCtl_A_disableNMISource)
                  00007560    00000018                              : sysctl_a.o (.text:SysCtl_A_enableNMISource)
                  00007578    00000018     rtsv7M4_T_le_v4SPD16_eabi.lib : args_main.c.obj (.text:_args_main)
                  00007590    00000018                                   : strcmp.c.obj (.text:strcmp)
                  000075a8    00000018     hello_pem4f.oem4f (.text:ti_sysbios_BIOS_rtsUnlock__I)
                  000075c0    00000018     hello_pem4f.oem4f (.text:ti_sysbios_family_arm_m3_Hwi_Module__startupDone__F)
                  000075d8    00000018     sysbios.aem4f : m3_TaskSupport_asm.obj (.text:ti_sysbios_family_arm_m3_TaskSupport_swap__E)
                  000075f0    00000018     hello_pem4f.oem4f (.text:ti_sysbios_family_arm_msp432_Timer_Module__startupDone__F)
                  00007608    00000018     sysbios.aem4f : BIOS.obj (.text:ti_sysbios_gates_GateMutex_leave__E)
                  00007620    00000018                   : BIOS.obj (.text:ti_sysbios_knl_Task_sleepTimeout__I)
                  00007638    00000018     ti.targets.arm.rtsarm.aem4f : Error.oem4f (.text:xdc_runtime_Error_init__E)
                  00007650    00000018                                 : System.oem4f (.text:xdc_runtime_System_exit__E)
                  00007668    00000016     rtsv7M4_T_le_v4SPD16_eabi.lib : strchr.c.obj (.text:strchr)
                  0000767e    00000016     hello_pem4f.oem4f (.text:ti_sysbios_BIOS_exitFunc__I)
                  00007694    00000016     hello.obj (.text:ti_sysbios_knl_Semaphore_Params_init)
                  000076aa    00000016     hello.obj (.text:ti_sysbios_knl_Task_Params_init)
                  000076c0    00000016     sysbios.aem4f : BIOS.obj (.text:ti_sysbios_knl_Task_unblock__E)
                  000076d6    00000002     --HOLE-- [fill = 0]
                  000076d8    00000014     msp432p4xx_driverlib.lib : pcm.o (.text:PCM_getPowerState)
                  000076ec    00000014     drivers_msp432p401x.aem4f : PowerMSP432.oem4f (.text:Power_idleFunc)
                  00007700    00000014     rtsv7M4_T_le_v4SPD16_eabi.lib : strcpy.c.obj (.text:strcpy)
                  00007714    00000014                                   : strlen.c.obj (.text:strlen)
                  00007728    00000014     hello_pem4f.oem4f (.text:ti_sysbios_family_arm_m3_Hwi_Object__get__S)
                  0000773c    00000004     --HOLE-- [fill = 0]
                  00007740    00000014     sysbios.aem4f : BIOS.obj (.text:ti_sysbios_family_arm_m3_Hwi_switchFromBootStack__E)
                  00007754    00000014     hello_pem4f.oem4f (.text:ti_sysbios_heaps_HeapMem_Object__get__S)
                  00007768    00000014     hello_pem4f.oem4f (.text:ti_sysbios_knl_Swi_Object__get__S)
                  0000777c    00000004     --HOLE-- [fill = 0]
                  00007780    00000012     sysbios.aem4f : BIOS.obj (.text:ti_sysbios_hal_Hwi_Module_startup__E)
                  00007792    00000012     rtsv7M4_T_le_v4SPD16_eabi.lib : wcslen.c.obj (.text:wcslen)
                  000077a4    00000012     hello_pem4f.oem4f (.text:xdc_runtime_Startup_exec__I)
                  000077b6    00000010     dpl_msp432p401x.aem4f : HwiP_tirtos.oem4f (.text:HwiP_Params_init)
                  000077c6    00000010     msp432p4xx_driverlib.lib : pcm.o (.text:PCM_gotoLPM4)
                  000077d6    00000010                              : pcm.o (.text:PCM_setPowerMode)
                  000077e6    00000010                              : pcm.o (.text:PCM_setPowerState)
                  000077f6    00000002     --HOLE-- [fill = 0]
                  000077f8    00000010                              : sysctl_a.o (.text:SysCtl_A_getNMISourceStatus)
                  00007808    00000010                              : sysctl.o (.text:SysCtl_getNMISourceStatus)
                  00007818    00000010     sysbios.aem4f : BIOS.obj (.text:ti_sysbios_BIOS_exit__E)
                  00007828    00000010                   : BIOS.obj (.text:ti_sysbios_BIOS_setCpuFreq__E)
                  00007838    00000010                   : BIOS.obj (.text:ti_sysbios_BIOS_setThreadType__E)
                  00007848    00000010                   : BIOS.obj (.text:ti_sysbios_BIOS_start__E)
                  00007858    00000010                   : m3_TaskSupport_asm.obj (.text:ti_sysbios_family_arm_m3_TaskSupport_glue)
                  00007868    00000010                   : BIOS.obj (.text:ti_sysbios_family_arm_msp432_init_Boot_disableWatchdog)
                  00007878    00000010                   : BIOS.obj (.text:ti_sysbios_gates_GateMutex_Instance_finalize__E)
                  00007888    00000010                   : BIOS.obj (.text:ti_sysbios_knl_Semaphore_Instance_finalize__E)
                  00007898    00000010                   : BIOS.obj (.text:ti_sysbios_knl_Swi_disable__E)
                  000078a8    00000010     hello_pem4f.oem4f (.text:ti_sysbios_knl_Task_Object__get__S)
                  000078b8    00000010     sysbios.aem4f : BIOS.obj (.text:ti_sysbios_knl_Task_disable__E)
                  000078c8    00000010     ti.targets.arm.rtsarm.aem4f : Gate.oem4f (.text:xdc_runtime_Gate_leaveSystem__E)
                  000078d8    00000010                                 : Memory.oem4f (.text:xdc_runtime_Memory_free__E)
                  000078e8    00000010                                 : SysMin.oem4f (.text:xdc_runtime_SysMin_ready__E)
                  000078f8    00000010                                 : System.oem4f (.text:xdc_runtime_System_vsnprintf__E)
                  00007908    00000010     hello_pem4f.oem4f (.text:xdc_runtime_Text_visitRope__I)
                  00007918    0000000e     rtsv7M4_T_le_v4SPD16_eabi.lib : time.c.obj (.text:__time32)
                  00007926    0000000e                                   : copy_decompress_none.c.obj (.text:decompress:none:__TI_decompress_none)
                  00007934    00000004     --HOLE-- [fill = 0]
                  00007938    0000000e     sysbios.aem4f : BIOS.obj (.text:ti_sysbios_knl_Idle_loop__E)
                  00007946    00000002     --HOLE-- [fill = 0]
                  00007948    0000000e                   : BIOS.obj (.text:ti_sysbios_knl_Queue_empty__E)
                  00007956    0000000c     ti_drivers_config.obj (.text:Board_init)
                  00007962    0000000c     msp432p4xx_driverlib.lib : cpu.o (.text:CPU_cpsid)
                  0000796e    0000000c                              : cpu.o (.text:CPU_cpsie)
                  0000797a    00000002     --HOLE-- [fill = 0]
                  0000797c    0000000c     drivers_msp432p401x.aem4f : PowerMSP432.oem4f (.text:Power_getConstraintMask)
                  00007988    0000000c     rtsv7M4_T_le_v4SPD16_eabi.lib : _lock.c.obj (.text:_register_lock)
                  00007994    0000000c                                   : _lock.c.obj (.text:_register_unlock)
                  000079a0    0000000c                                   : copy_zero_init.c.obj (.text:decompress:ZI:__TI_zero_init)
                  000079ac    0000000c     hello_pem4f.oem4f (.text:ti_sysbios_family_arm_m3_Hwi_Params__init__S)
                  000079b8    0000000c     sysbios.aem4f : BIOS.obj (.text:ti_sysbios_family_arm_m3_TaskSupport_checkStack__E)
                  000079c4    00000004     --HOLE-- [fill = 0]
                  000079c8    0000000c                   : BIOS.obj (.text:ti_sysbios_family_arm_m3_TaskSupport_getStackAlignment__E)
                  000079d4    00000004     --HOLE-- [fill = 0]
                  000079d8    0000000c                   : BIOS.obj (.text:ti_sysbios_family_arm_msp432_Timer_getMaxTicks__E)
                  000079e4    00000004     --HOLE-- [fill = 0]
                  000079e8    0000000c                   : BIOS.obj (.text:ti_sysbios_gates_GateHwi_enter__E)
                  000079f4    0000000c     hello_pem4f.oem4f (.text:ti_sysbios_knl_Queue_Object__get__S)
                  00007a00    0000000c     hello_pem4f.oem4f (.text:ti_sysbios_knl_Semaphore_Params__init__S)
                  00007a0c    0000000c     hello.obj (.text:ti_sysbios_knl_Semaphore_handle)
                  00007a18    0000000c     hello_pem4f.oem4f (.text:ti_sysbios_knl_Task_Params__init__S)
                  00007a24    0000000c     ti.targets.arm.rtsarm.aem4f : Gate.oem4f (.text:xdc_runtime_Gate_enterSystem__E)
                  00007a30    0000000c                                 : Memory.oem4f (.text:xdc_runtime_Memory_calloc__E)
                  00007a3c    0000000c                                 : Memory.oem4f (.text:xdc_runtime_Memory_getMaxDefaultTypeAlign__E)
                  00007a48    0000000c                                 : Startup.oem4f (.text:xdc_runtime_Startup_rtsDone__E)
                  00007a54    0000000a     hello_pem4f.oem4f (.text:xdc_runtime_IHeap_alloc)
                  00007a5e    0000000a     hello_pem4f.oem4f (.text:xdc_runtime_IHeap_free)
                  00007a68    00000008     rtsv7M4_T_le_v4SPD16_eabi.lib : errno.c.obj (.text:__aeabi_errno_addr)
                  00007a70    00000008     sysbios.aem4f : BIOS.obj (.text:ti_sysbios_family_arm_m3_Hwi_doSwiRestore__I)
                  00007a78    00000008                   : BIOS.obj (.text:ti_sysbios_family_arm_m3_Hwi_startup__E)
                  00007a80    00000006                   : BIOS.obj (.text:ti_sysbios_family_arm_m3_Hwi_doTaskRestore__I)
                  00007a86    00000002     --HOLE-- [fill = 0]
                  00007a88    00000006                   : BIOS.obj (.text:ti_sysbios_gates_GateHwi_leave__E)
                  00007a8e    00000002     --HOLE-- [fill = 0]
                  00007a90    00000006                   : BIOS.obj (.text:ti_sysbios_heaps_HeapMem_isBlocking__E)
                  00007a96    00000002     --HOLE-- [fill = 0]
                  00007a98    00000006                   : BIOS.obj (.text:ti_sysbios_knl_Queue_Instance_init__E)
                  00007a9e    00000002     --HOLE-- [fill = 0]
                  00007aa0    00000006                   : BIOS.obj (.text:ti_sysbios_knl_Swi_startup__E)
                  00007aa6    00000002     --HOLE-- [fill = 0]
                  00007aa8    00000004                   : BIOS.obj (.text:ti_sysbios_gates_GateHwi_query__E)
                  00007aac    00000004     --HOLE-- [fill = 0]
                  00007ab0    00000004                   : BIOS.obj (.text:ti_sysbios_gates_GateMutex_query__E)
                  00007ab4    00000004     --HOLE-- [fill = 0]
                  00007ab8    00000004                   : BIOS.obj (.text:ti_sysbios_knl_Task_startup__E)
                  00007abc    00000004     --HOLE-- [fill = 0]
                  00007ac0    00000002                   : BIOS.obj (.text:ti_sysbios_BIOS_linkedWithIncorrectBootLibrary__E)
                  00007ac2    00000006     --HOLE-- [fill = 0]
                  00007ac8    00000002                   : BIOS.obj (.text:ti_sysbios_gates_GateHwi_Instance_init__E)
                  00007aca    00000006     --HOLE-- [fill = 0]
                  00007ad0    00000002                   : BIOS.obj (.text:ti_sysbios_knl_Clock_logTick__E)

.const     0    00007ad4    00001e85     
                  00007ad4    00001887     hello_pem4f.oem4f (.const:xdc_runtime_Text_charTab__A)
                  0000935b    00000101     rtsv7M4_T_le_v4SPD16_eabi.lib : ctype.c.obj (.const:.string:_ctypes_)
                  0000945c    000000b4     hello_pem4f.oem4f (.const:xdc_runtime_Text_nodeTab__A)
                  00009510    0000003c     hello_pem4f.oem4f (.const:ti_sysbios_knl_Task_Object__PARAMS__C)
                  0000954c    00000038     ti_drivers_config.obj (.const:PowerMSP432_config)
                  00009584    00000030     msp432p4xx_driverlib.lib : gpio.o (.const:GPIO_PORT_TO_BASE)
                  000095b4    00000030     hello_pem4f.oem4f (.const:ti_sysbios_family_arm_m3_Hwi_Object__PARAMS__C)
                  000095e4    00000028     hello_pem4f.oem4f (.const:ti_sysbios_heaps_HeapMem_Module__FXNS__C)
                  0000960c    00000024     hello_pem4f.oem4f (.const:ti_sysbios_gates_GateHwi_Module__FXNS__C)
                  00009630    00000024     hello_pem4f.oem4f (.const:ti_sysbios_gates_GateMutex_Module__FXNS__C)
                  00009654    00000024     hello_pem4f.oem4f (.const:ti_sysbios_heaps_HeapMem_Object__PARAMS__C)
                  00009678    00000024     hello_pem4f.oem4f (.const:ti_sysbios_knl_Semaphore_Object__PARAMS__C)
                  0000969c    00000020     hello_pem4f.oem4f (.const:ti_sysbios_family_arm_m3_Hwi_Object__DESC__C)
                  000096bc    00000020     hello_pem4f.oem4f (.const:ti_sysbios_gates_GateHwi_Object__DESC__C)
                  000096dc    00000020     hello_pem4f.oem4f (.const:ti_sysbios_gates_GateMutex_Object__DESC__C)
                  000096fc    00000020     hello_pem4f.oem4f (.const:ti_sysbios_heaps_HeapMem_Object__DESC__C)
                  0000971c    00000020     hello_pem4f.oem4f (.const:ti_sysbios_knl_Queue_Object__DESC__C)
                  0000973c    00000020     hello_pem4f.oem4f (.const:ti_sysbios_knl_Semaphore_Object__DESC__C)
                  0000975c    00000020     hello_pem4f.oem4f (.const:ti_sysbios_knl_Task_Object__DESC__C)
                  0000977c    00000020     hello_pem4f.oem4f (.const:xdc_runtime_Startup_sfxnTab__A)
                  0000979c    00000018     hello_pem4f.oem4f (.const:ti_sysbios_gates_GateHwi_Object__PARAMS__C)
                  000097b4    00000018     hello_pem4f.oem4f (.const:ti_sysbios_gates_GateMutex_Object__PARAMS__C)
                  000097cc    00000018     hello_pem4f.oem4f (.const:ti_sysbios_knl_Queue_Object__PARAMS__C)
                  000097e4    00000010     hello_pem4f.oem4f (.const:xdc_runtime_Startup_sfxnRts__A)
                  000097f4    0000000c     hello_pem4f.oem4f (.const:xdc_runtime_Startup_firstFxns__A)
                  00009800    00000008     hello_pem4f.oem4f (.const:ti_sysbios_family_arm_m3_Hwi_excHookFuncs__A)
                  00009808    00000008     hello_pem4f.oem4f (.const:ti_sysbios_knl_Idle_funcList__A)
                  00009810    00000008     hello_pem4f.oem4f (.const:ti_sysbios_knl_Idle_funcList__C)
                  00009818    00000008     hello_pem4f.oem4f (.const:xdc_runtime_Startup_firstFxns__C)
                  00009820    00000008     hello_pem4f.oem4f (.const:xdc_runtime_Startup_lastFxns__C)
                  00009828    00000004     hello_pem4f.oem4f (.const:ti_sysbios_family_arm_m3_Hwi_E_NMI__C)
                  0000982c    00000004     hello_pem4f.oem4f (.const:ti_sysbios_family_arm_m3_Hwi_E_alreadyDefined__C)
                  00009830    00000004     hello_pem4f.oem4f (.const:ti_sysbios_family_arm_m3_Hwi_E_badIntNum__C)
                  00009834    00000004     hello_pem4f.oem4f (.const:ti_sysbios_family_arm_m3_Hwi_E_busFault__C)
                  00009838    00000004     hello_pem4f.oem4f (.const:ti_sysbios_family_arm_m3_Hwi_E_debugMon__C)
                  0000983c    00000004     hello_pem4f.oem4f (.const:ti_sysbios_family_arm_m3_Hwi_E_hardFault__C)
                  00009840    00000004     hello_pem4f.oem4f (.const:ti_sysbios_family_arm_m3_Hwi_E_memFault__C)
                  00009844    00000004     hello_pem4f.oem4f (.const:ti_sysbios_family_arm_m3_Hwi_E_noIsr__C)
                  00009848    00000004     hello_pem4f.oem4f (.const:ti_sysbios_family_arm_m3_Hwi_E_reserved__C)
                  0000984c    00000004     hello_pem4f.oem4f (.const:ti_sysbios_family_arm_m3_Hwi_E_svCall__C)
                  00009850    00000004     hello_pem4f.oem4f (.const:ti_sysbios_family_arm_m3_Hwi_E_usageFault__C)
                  00009854    00000004     hello_pem4f.oem4f (.const:ti_sysbios_family_arm_m3_Hwi_NUM_INTERRUPTS__C)
                  00009858    00000004     hello_pem4f.oem4f (.const:ti_sysbios_family_arm_m3_Hwi_Object__count__C)
                  0000985c    00000004     hello_pem4f.oem4f (.const:ti_sysbios_family_arm_m3_Hwi_ccr__C)
                  00009860    00000004     hello_pem4f.oem4f (.const:ti_sysbios_family_arm_m3_Hwi_excHandlerFunc__C)
                  00009864    00000004     hello_pem4f.oem4f (.const:ti_sysbios_family_arm_m3_Hwi_excHookFuncs__C)
                  00009868    00000004     hello_pem4f.oem4f (.const:ti_sysbios_family_arm_m3_Hwi_nullIsrFunc__C)
                  0000986c    00000004     hello_pem4f.oem4f (.const:ti_sysbios_family_arm_m3_Hwi_priGroup__C)
                  00009870    00000004     hello_pem4f.oem4f (.const:ti_sysbios_family_arm_m3_Hwi_swiDisable__C)
                  00009874    00000004     hello_pem4f.oem4f (.const:ti_sysbios_family_arm_m3_Hwi_swiRestore__C)
                  00009878    00000004     hello_pem4f.oem4f (.const:ti_sysbios_family_arm_m3_TaskSupport_stackAlignment__C)
                  0000987c    00000004     hello_pem4f.oem4f (.const:ti_sysbios_family_arm_msp432_Timer_numTimerDevices__C)
                  00009880    00000004     hello_pem4f.oem4f (.const:ti_sysbios_family_arm_msp432_Timer_startupNeeded__C)
                  00009884    00000004     hello_pem4f.oem4f (.const:ti_sysbios_gates_GateMutex_Instance_State_sem__O)
                  00009888    00000004     hello_pem4f.oem4f (.const:ti_sysbios_hal_Hwi_E_stackOverflow__C)
                  0000988c    00000004     hello_pem4f.oem4f (.const:ti_sysbios_heaps_HeapMem_E_memory__C)
                  00009890    00000004     hello_pem4f.oem4f (.const:ti_sysbios_heaps_HeapMem_Module__gateObj__C)
                  00009894    00000004     hello_pem4f.oem4f (.const:ti_sysbios_heaps_HeapMem_Object__count__C)
                  00009898    00000004     hello_pem4f.oem4f (.const:ti_sysbios_heaps_HeapMem_primaryHeapBaseAddr__C)
                  0000989c    00000004     hello_pem4f.oem4f (.const:ti_sysbios_heaps_HeapMem_primaryHeapEndAddr__C)
                  000098a0    00000004     hello_pem4f.oem4f (.const:ti_sysbios_heaps_HeapMem_reqAlign__C)
                  000098a4    00000004     hello_pem4f.oem4f (.const:ti_sysbios_knl_Clock_Module_State_clockQ__O)
                  000098a8    00000004     hello_pem4f.oem4f (.const:ti_sysbios_knl_Semaphore_Instance_State_pendQ__O)
                  000098ac    00000004     hello_pem4f.oem4f (.const:ti_sysbios_knl_Swi_Object__count__C)
                  000098b0    00000004     hello_pem4f.oem4f (.const:ti_sysbios_knl_Task_E_spOutOfBounds__C)
                  000098b4    00000004     hello_pem4f.oem4f (.const:ti_sysbios_knl_Task_E_stackOverflow__C)
                  000098b8    00000004     hello_pem4f.oem4f (.const:ti_sysbios_knl_Task_Module_State_inactiveQ__O)
                  000098bc    00000004     hello_pem4f.oem4f (.const:ti_sysbios_knl_Task_Object__count__C)
                  000098c0    00000004     hello_pem4f.oem4f (.const:ti_sysbios_knl_Task_allBlockedFunc__C)
                  000098c4    00000004     hello_pem4f.oem4f (.const:ti_sysbios_knl_Task_defaultStackHeap__C)
                  000098c8    00000004     hello_pem4f.oem4f (.const:ti_sysbios_knl_Task_defaultStackSize__C)
                  000098cc    00000004     hello_pem4f.oem4f (.const:ti_sysbios_knl_Task_numConstructedTasks__C)
                  000098d0    00000004     hello_pem4f.oem4f (.const:xdc_runtime_Assert_E_assertFailed__C)
                  000098d4    00000004     hello_pem4f.oem4f (.const:xdc_runtime_Core_A_initializedParams__C)
                  000098d8    00000004     hello_pem4f.oem4f (.const:xdc_runtime_Core_Module__diagsEnabled__C)
                  000098dc    00000004     hello_pem4f.oem4f (.const:xdc_runtime_Core_Module__diagsIncluded__C)
                  000098e0    00000004     hello_pem4f.oem4f (.const:xdc_runtime_Core_Module__diagsMask__C)
                  000098e4    00000004     hello_pem4f.oem4f (.const:xdc_runtime_Error_E_memory__C)
                  000098e8    00000004     hello_pem4f.oem4f (.const:xdc_runtime_Error_policyFxn__C)
                  000098ec    00000004     hello_pem4f.oem4f (.const:xdc_runtime_Error_raiseHook__C)
                  000098f0    00000004     hello_pem4f.oem4f (.const:xdc_runtime_IGateProvider_Interface__BASE__C)
                  000098f4    00000004     hello_pem4f.oem4f (.const:xdc_runtime_IHeap_Interface__BASE__C)
                  000098f8    00000004     hello_pem4f.oem4f (.const:xdc_runtime_IModule_Interface__BASE__C)
                  000098fc    00000004     hello_pem4f.oem4f (.const:xdc_runtime_Memory_defaultHeapInstance__C)
                  00009900    00000004     hello_pem4f.oem4f (.const:xdc_runtime_Startup_execImpl__C)
                  00009904    00000004     hello_pem4f.oem4f (.const:xdc_runtime_Startup_maxPasses__C)
                  00009908    00000004     hello_pem4f.oem4f (.const:xdc_runtime_Startup_sfxnRts__C)
                  0000990c    00000004     hello_pem4f.oem4f (.const:xdc_runtime_Startup_sfxnTab__C)
                  00009910    00000004     hello_pem4f.oem4f (.const:xdc_runtime_SysMin_bufSize__C)
                  00009914    00000004     hello_pem4f.oem4f (.const:xdc_runtime_SysMin_outputFunc__C)
                  00009918    00000004     hello_pem4f.oem4f (.const:xdc_runtime_System_Module__gateObj__C)
                  0000991c    00000004     hello_pem4f.oem4f (.const:xdc_runtime_System_abortFxn__C)
                  00009920    00000004     hello_pem4f.oem4f (.const:xdc_runtime_System_exitFxn__C)
                  00009924    00000004     hello_pem4f.oem4f (.const:xdc_runtime_System_extendFxn__C)
                  00009928    00000004     hello_pem4f.oem4f (.const:xdc_runtime_System_maxAtexitHandlers__C)
                  0000992c    00000004     hello_pem4f.oem4f (.const:xdc_runtime_Text_charTab__C)
                  00009930    00000004     hello_pem4f.oem4f (.const:xdc_runtime_Text_nodeTab__C)
                  00009934    00000004     hello_pem4f.oem4f (.const:xdc_runtime_Text_visitRopeFxn__C)
                  00009938    00000002     hello_pem4f.oem4f (.const:ti_sysbios_family_arm_m3_Hwi_Module__id__C)
                  0000993a    00000002     hello_pem4f.oem4f (.const:ti_sysbios_family_arm_msp432_init_Boot_bypassHFXT__C)
                  0000993c    00000002     hello_pem4f.oem4f (.const:ti_sysbios_family_arm_msp432_init_Boot_bypassLFXT__C)
                  0000993e    00000002     hello_pem4f.oem4f (.const:ti_sysbios_family_arm_msp432_init_Boot_enableHFXT__C)
                  00009940    00000002     hello_pem4f.oem4f (.const:ti_sysbios_family_arm_msp432_init_Boot_enableLFXT__C)
                  00009942    00000002     hello_pem4f.oem4f (.const:ti_sysbios_hal_Hwi_Module__id__C)
                  00009944    00000002     hello_pem4f.oem4f (.const:ti_sysbios_heaps_HeapMem_Module__id__C)
                  00009946    00000002     hello_pem4f.oem4f (.const:ti_sysbios_knl_Task_Module__id__C)
                  00009948    00000002     hello_pem4f.oem4f (.const:xdc_runtime_Core_Module__id__C)
                  0000994a    00000002     hello_pem4f.oem4f (.const:xdc_runtime_Error_Module__loggerDefined__C)
                  0000994c    00000002     hello_pem4f.oem4f (.const:xdc_runtime_Error_maxDepth__C)
                  0000994e    00000002     hello_pem4f.oem4f (.const:xdc_runtime_Memory_Module__id__C)
                  00009950    00000002     hello_pem4f.oem4f (.const:xdc_runtime_SysMin_flushAtExit__C)
                  00009952    00000002     hello_pem4f.oem4f (.const:xdc_runtime_Text_isLoaded__C)
                  00009954    00000002     hello_pem4f.oem4f (.const:xdc_runtime_Text_registryModsLastId__C)
                  00009956    00000002     hello_pem4f.oem4f (.const:xdc_runtime_Text_unnamedModsLastId__C)
                  00009958    00000001     hello_pem4f.oem4f (.const:xdc_runtime_Error_policy__C)

.cinit     0    00009960    00000278     
                  00009960    00000252     (.cinit..data.load) [load image, compression = lzss]
                  00009bb2    00000002     --HOLE-- [fill = 0]
                  00009bb4    0000000c     (__TI_handler_table)
                  00009bc0    00000008     (.cinit..bss.load) [load image, compression = zero_init]
                  00009bc8    00000010     (__TI_cinit_table)

.init_array 
*          0    00000000    00000000     UNINITIALIZED

.bss       0    20008140    0000286c     UNINITIALIZED
                  20008140    00002000     (.common:taskStacks)
                  2000a140    00000200     hello_pem4f.oem4f (.bss:taskStackSection)
                  2000a340    00000200     (.common:xdc_runtime_SysMin_Module_State_0_outbuf__A)
                  2000a540    00000140     (.common:taskStructs)
                  2000a680    00000140     (.common:ti_sysbios_family_arm_m3_Hwi_dispatchTable)
                  2000a7c0    00000120     rtsv7M4_T_le_v4SPD16_eabi.lib : trgmsg.c.obj (.bss:_CIOBUF_)
                  2000a8e0    000000a0     (.common:__TI_tmpnams)
                  2000a980    0000001c     (.common:semaStruct)
                  2000a99c    00000008     msp432p4xx_driverlib.lib : cs.o (.bss)
                  2000a9a4    00000008     (.common:parmbuf)

.data      0    2000a9ac    00000748     UNINITIALIZED
                  2000a9ac    00000140     drivers_msp432p401x.aem4f : PowerMSP432.oem4f (.data:PowerMSP432_perfLevels)
                  2000aaec    000000f0     rtsv7M4_T_le_v4SPD16_eabi.lib : defs.c.obj (.data:_ftable)
                  2000abdc    00000080     hello_pem4f.oem4f (.data:ti_sysbios_knl_Swi_Module_State_0_readyQ__A)
                  2000ac5c    00000080     hello_pem4f.oem4f (.data:ti_sysbios_knl_Task_Module_State_0_readyQ__A)
                  2000acdc    00000078     rtsv7M4_T_le_v4SPD16_eabi.lib : host_device.c.obj (.data:_device)
                  2000ad54    00000050                                   : host_device.c.obj (.data:_stream)
                  2000ada4    0000004c     hello_pem4f.oem4f (.data:ti_sysbios_knl_Task_Object__table__V)
                  2000adf0    00000044     hello_pem4f.oem4f (.data:ti_sysbios_family_arm_msp432_Timer_Object__table__V)
                  2000ae34    00000044     hello_pem4f.oem4f (.data:ti_sysbios_knl_Task_Module__state__V)
                  2000ae78    00000038     hello_pem4f.oem4f (.data:ti_sysbios_gates_GateMutex_Object__table__V)
                  2000aeb0    00000034     hello_pem4f.oem4f (.data:ti_sysbios_family_arm_m3_Hwi_Module__state__V)
                  2000aee4    00000030     hello_pem4f.oem4f (.data:ti_sysbios_knl_Swi_Object__table__V)
                  2000af14    0000002c     drivers_msp432p401x.aem4f : PowerMSP432.oem4f (.data:PowerMSP432_module)
                  2000af40    0000002c     hello_pem4f.oem4f (.data:ti_sysbios_knl_Clock_Module__state__V)
                  2000af6c    00000024     hello_pem4f.oem4f (.data:ti_sysbios_BIOS_Module__state__V)
                  2000af90    00000020     hello_pem4f.oem4f (.data:ti_sysbios_family_arm_msp432_Timer_Module_State_0_device__A)
                  2000afb0    00000020     hello_pem4f.oem4f (.data:xdc_runtime_Error_IgnoreBlock)
                  2000afd0    0000001c     hello_pem4f.oem4f (.data:ti_sysbios_knl_Swi_Module__state__V)
                  2000afec    00000018     hello_pem4f.oem4f (.data:ti_sysbios_family_arm_m3_Hwi_Object__table__V)
                  2000b004    00000018     hello_pem4f.oem4f (.data:ti_sysbios_heaps_HeapMem_Object__table__V)
                  2000b01c    00000010     rtsv7M4_T_le_v4SPD16_eabi.lib : defs.c.obj (.data)
                  2000b02c    00000010     hello_pem4f.oem4f (.data:ti_sysbios_family_arm_msp432_Timer_Module_State_0_handles__A)
                  2000b03c    0000000c     rtsv7M4_T_le_v4SPD16_eabi.lib : exit.c.obj (.data:$O1$$)
                  2000b048    0000000c     hello_pem4f.oem4f (.data:ti_sysbios_family_arm_msp432_ClockFreqs_Module__state__V)
                  2000b054    0000000c     hello_pem4f.oem4f (.data:ti_sysbios_family_arm_msp432_Timer_Module__state__V)
                  2000b060    0000000c     hello_pem4f.oem4f (.data:xdc_runtime_SysMin_Module__state__V)
                  2000b06c    00000008     rtsv7M4_T_le_v4SPD16_eabi.lib : _lock.c.obj (.data:$O1$$)
                  2000b074    00000008     hello_pem4f.oem4f (.data:ti_sysbios_family_arm_m3_Hwi_Module__root__V)
                  2000b07c    00000008     hello_pem4f.oem4f (.data:ti_sysbios_gates_GateHwi_Module__root__V)
                  2000b084    00000008     hello_pem4f.oem4f (.data:ti_sysbios_gates_GateMutex_Module__root__V)
                  2000b08c    00000008     hello_pem4f.oem4f (.data:ti_sysbios_heaps_HeapMem_Module__root__V)
                  2000b094    00000008     hello_pem4f.oem4f (.data:ti_sysbios_knl_Queue_Module__root__V)
                  2000b09c    00000008     hello_pem4f.oem4f (.data:ti_sysbios_knl_Semaphore_Module__root__V)
                  2000b0a4    00000008     hello_pem4f.oem4f (.data:ti_sysbios_knl_Task_Module__root__V)
                  2000b0ac    00000008     hello_pem4f.oem4f (.data:xdc_runtime_Registry_Module__state__V)
                  2000b0b4    00000008     hello_pem4f.oem4f (.data:xdc_runtime_Startup_Module__state__V)
                  2000b0bc    00000008     hello_pem4f.oem4f (.data:xdc_runtime_System_Module_State_0_atexitHandlers__A)
                  2000b0c4    00000008     hello_pem4f.oem4f (.data:xdc_runtime_System_Module__state__V)
                  2000b0cc    00000004     hello.obj (.data)
                  2000b0d0    00000004     rtsv7M4_T_le_v4SPD16_eabi.lib : errno.c.obj (.data)
                  2000b0d4    00000004                                   : rand.c.obj (.data)
                  2000b0d8    00000004                                   : stkdepth_vars.c.obj (.data)
                  2000b0dc    00000004     hello_pem4f.oem4f (.data:ti_sysbios_family_arm_m3_Hwi_Module_State_0_excContext__A)
                  2000b0e0    00000004     hello_pem4f.oem4f (.data:ti_sysbios_family_arm_m3_Hwi_Module_State_0_excStack__A)
                  2000b0e4    00000004     hello_pem4f.oem4f (.data:ti_sysbios_gates_GateHwi_Object__table__V)
                  2000b0e8    00000004     hello_pem4f.oem4f (.data:ti_sysbios_knl_Task_Module_State_0_idleTask__A)
                  2000b0ec    00000004     hello_pem4f.oem4f (.data:xdc_runtime_Memory_Module__state__V)
                  2000b0f0    00000002     hello_pem4f.oem4f (.data:ti_sysbios_family_arm_m3_Hwi_Module_State_0_excActive__A)
                  2000b0f2    00000002     hello_pem4f.oem4f (.data:xdc_runtime_Error_Module__state__V)

.priheap   0    20000140    00008000     UNINITIALIZED
                  20000140    00008000     --HOLE--

.stack     0    2000fc00    00000400     UNINITIALIZED
                  2000fc00    00000400     --HOLE--

.bootVecs 
*          0    00000000    00000008     DSECT
                  00000000    00000008     boot.aem4f : boot.oem4f (.bootVecs)

.resetVecs 
*          0    00000000    0000003c     
                  00000000    0000003c     hello_pem4f.oem4f (.resetVecs)

.vecs      0    20000000    00000140     NOLOAD SECTION
                  20000000    00000140     hello_pem4f.oem4f (.vecs)

xdc.meta   0    00000000    000000de     COPY SECTION
                  00000000    000000de     hello_pem4f.oem4f (xdc.meta)

__llvm_prf_cnts 
*          0    20000000    00000000     UNINITIALIZED

.binit     0    00000000    00000000     

MODULE SUMMARY

       Module                       code    ro data   rw data
       ------                       ----    -------   -------
    ./
       hello.obj                    432     0         17088  
    +--+----------------------------+-------+---------+---------+
       Total:                       432     0         17088  
                                                             
    ./syscfg/
       ti_drivers_config.obj        14      56        0      
    +--+----------------------------+-------+---------+---------+
       Total:                       14      56        0      
                                                             
    /Users/phatle/CMPE146LabProjects/Lab8Ex2/Debug/configPkg/package/cfg/
       hello_pem4f.oem4f            1898    7512      5344   
    +--+----------------------------+-------+---------+---------+
       Total:                       1898    7512      5344   
                                                             
    /Applications/ti/ccs1010/ccs/tools/compiler/ti-cgt-arm_20.2.2.LTS/lib/rtsv7M4_T_le_v4SPD16_eabi.lib
       _printfi.c.obj               4851    0         0      
       defs.c.obj                   0       0         832    
       trgmsg.c.obj                 108     0         576    
       fd_add_t2.asm.obj            438     0         0      
       host_device.c.obj            0       0         400    
       fd_div_t2.asm.obj            310     0         0      
       fputs.c.obj                  276     0         0      
       s_scalbn.c.obj               272     0         0      
       fd_cmp_t2.asm.obj            268     0         0      
       ctype.c.obj                  0       257       0      
       fd_mul_t2.asm.obj            252     0         0      
       setvbuf.c.obj                220     0         0      
       memcpy_t2.asm.obj            156     0         0      
       ull_div_t2.asm.obj           150     0         0      
       fputc.c.obj                  140     0         0      
       memset_t2.asm.obj            122     0         0      
       fclose.c.obj                 116     0         0      
       getdevice.c.obj              116     0         0      
       hostopen.c.obj               96      0         16     
       printf.c.obj                 112     0         0      
       hostrename.c.obj             108     0         0      
       copy_decompress_lzss.c.obj   104     0         0      
       hostlseek.c.obj              104     0         0      
       exit.c.obj                   76      0         24     
       fseek.c.obj                  100     0         0      
       s_frexp.c.obj                100     0         0      
       _io_perm.c.obj               98      0         0      
       close.c.obj                  92      0         0      
       hostread.c.obj               88      0         0      
       hostwrite.c.obj              88      0         0      
       _ltoa.c.obj                  84      0         0      
       atoi.c.obj                   76      0         0      
       cpy_tbl.c.obj                76      0         0      
       fflush.c.obj                 76      0         0      
       fd_toi_t2.asm.obj            72      0         0      
       hosttime.c.obj               72      0         0      
       hostclose.c.obj              68      0         0      
       hostunlink.c.obj             68      0         0      
       u_divt2.asm.obj              64      0         0      
       strncpy.c.obj                54      0         0      
       fopen.c.obj                  52      0         0      
       i_tofd_t2.asm.obj            46      0         0      
       rand.c.obj                   36      0         8      
       unlink.c.obj                 44      0         0      
       _lock.c.obj                  26      0         16     
       lseek.c.obj                  40      0         0      
       write.c.obj                  40      0         0      
       memchr.c.obj                 32      0         0      
       memccpy.c.obj                28      0         0      
       s_copysign.c.obj             26      0         0      
       args_main.c.obj              24      0         0      
       strcmp.c.obj                 24      0         0      
       strchr.c.obj                 22      0         0      
       strcpy.c.obj                 20      0         0      
       strlen.c.obj                 20      0         0      
       wcslen.c.obj                 18      0         0      
       errno.c.obj                  8       0         8      
       copy_decompress_none.c.obj   14      0         0      
       time.c.obj                   14      0         0      
       copy_zero_init.c.obj         12      0         0      
       stkdepth_vars.c.obj          0       0         8      
       div0.asm.obj                 2       0         0      
    +--+----------------------------+-------+---------+---------+
       Total:                       10219   257       1888   
                                                             
    /Users/phatle/CMPE146LabProjects/Lab8Ex2/src/sysbios/sysbios.aem4f
       BIOS.obj                     9120    0         0      
       m3_Hwi_asm.obj               318     0         0      
       m3_TaskSupport_asm.obj       180     0         0      
       m3_Hwi_asm_switch.obj        118     0         0      
    +--+----------------------------+-------+---------+---------+
       Total:                       9736    0         0      
                                                             
    /Users/phatle/ti/simplelink_msp432p4_sdk_3_40_01_02/kernel/tirtos/packages/ti/dpl/lib/dpl_msp432p401x.aem4f
       PowerMSP432_tirtos.oem4f     122     0         0      
       HwiP_tirtos.oem4f            80      0         0      
    +--+----------------------------+-------+---------+---------+
       Total:                       202     0         0      
                                                             
    /Users/phatle/ti/simplelink_msp432p4_sdk_3_40_01_02/kernel/tirtos/packages/ti/targets/arm/rtsarm/lib/auto_init.aem4f
       auto_init.oem4f              160     0         0      
    +--+----------------------------+-------+---------+---------+
       Total:                       160     0         0      
                                                             
    /Users/phatle/ti/simplelink_msp432p4_sdk_3_40_01_02/kernel/tirtos/packages/ti/targets/arm/rtsarm/lib/boot.aem4f
       boot.oem4f                   88      0         0      
    +--+----------------------------+-------+---------+---------+
       Total:                       88      0         0      
                                                             
    /Users/phatle/ti/simplelink_msp432p4_sdk_3_40_01_02/kernel/tirtos/packages/ti/targets/arm/rtsarm/lib/ti.targets.arm.rtsarm.aem4f
       System.oem4f                 1249    0         0      
       Text.oem4f                   596     0         0      
       Error.oem4f                  500     0         0      
       Startup.oem4f                344     0         0      
       Core-mem.oem4f               334     0         0      
       SysMin.oem4f                 248     0         0      
       Core-smem.oem4f              204     0         0      
       Memory.oem4f                 180     0         0      
       Assert.oem4f                 76      0         0      
       Core-params.oem4f            72      0         0      
       Gate.oem4f                   28      0         0      
       Registry.oem4f               28      0         0      
    +--+----------------------------+-------+---------+---------+
       Total:                       3859    0         0      
                                                             
    /Users/phatle/ti/simplelink_msp432p4_sdk_3_40_01_02/source/ti/devices/msp432p4xx/driverlib/ccs/msp432p4xx_driverlib.lib
       pcm.o                        1770    0         0      
       cs.o                         704     0         16     
       gpio.o                       40      48        0      
       sysctl_a.o                   64      0         0      
       rtc_c.o                      44      0         0      
       wdt_a.o                      36      0         0      
       cpu.o                        28      0         0      
       sysctl.o                     16      0         0      
    +--+----------------------------+-------+---------+---------+
       Total:                       2702    48        16     
                                                             
    /Users/phatle/ti/simplelink_msp432p4_sdk_3_40_01_02/source/ti/drivers/lib/drivers_msp432p401x.aem4f
       PowerMSP432.oem4f            1864    0         728    
    +--+----------------------------+-------+---------+---------+
       Total:                       1864    0         728    
                                                             
       Stack:                       0       0         2048   
       Linker Generated:            0       630       0      
    +--+----------------------------+-------+---------+---------+
       Grand Total:                 31174   8503      27112  


LINKER GENERATED COPY TABLES

__TI_cinit_table @ 00009bc8 records: 2, size/record: 8, table size: 16
	.data: load addr=00009960, load size=00000252 bytes, run addr=2000a9ac, run size=00000748 bytes, compression=lzss
	.bss: load addr=00009bc0, load size=00000008 bytes, run addr=20008140, run size=0000286c bytes, compression=zero_init


LINKER GENERATED HANDLER TABLE

__TI_handler_table @ 00009bb4 records: 3, size/record: 4, table size: 12
	index: 0, handler: __TI_decompress_lzss
	index: 1, handler: __TI_decompress_none
	index: 2, handler: __TI_zero_init


GLOBAL SYMBOLS: SORTED ALPHABETICALLY BY Name 

address   name                                                            
-------   ----                                                            
00007957  Board_init                                                      
00000a8f  Board_initHook                                                  
00003d7d  C$$EXIT                                                         
00006633  C$$IO$$                                                         
00007963  CPU_cpsid                                                       
0000796f  CPU_cpsie                                                       
0000217d  CPU_wfi                                                         
00007231  CS_setExternalClockSourceFrequency                              
00003559  CS_startHFXTWithTimeout                                         
0000363d  CS_startLFXTWithTimeout                                         
00006e99  GPIO_setOutputLowOnPin                                          
00008000  HEAPSIZE                                                        
000061a1  HOSTclose                                                       
000050ad  HOSTlseek                                                       
000053e1  HOSTopen                                                        
000057f9  HOSTread                                                        
00004fd1  HOSTrename                                                      
00005fa5  HOSTtime                                                        
000061e5  HOSTunlink                                                      
00005851  HOSTwrite                                                       
000077b7  HwiP_Params_init                                                
000063c9  HwiP_create                                                     
00005561  PCM_getCoreVoltageLevel                                         
0000579d  PCM_getPowerMode                                                
000076d9  PCM_getPowerState                                               
00006ec1  PCM_gotoLPM0                                                    
00004821  PCM_gotoLPM3                                                    
000077c7  PCM_gotoLPM4                                                    
000077d7  PCM_setPowerMode                                                
000077e7  PCM_setPowerState                                               
00005a09  PCM_shutdownDevice                                              
0000954c  PowerMSP432_config                                              
00001783  PowerMSP432_initPolicy                                          
2000af14  PowerMSP432_module                                              
2000a9ac  PowerMSP432_perfLevels                                          
00005ca1  PowerMSP432_sleepPolicy                                         
00006c5d  PowerMSP432_updateFreqs                                         
0000797d  Power_getConstraintMask                                         
000076ed  Power_idleFunc                                                  
00004305  Power_init                                                      
00001201  Power_sleep                                                     
00006c89  RTC_C_holdClock                                                 
UNDEFED   SHT$$INIT_ARRAY$$Base                                           
UNDEFED   SHT$$INIT_ARRAY$$Limit                                          
00007549  SysCtl_A_disableNMISource                                       
00007561  SysCtl_A_enableNMISource                                        
000077f9  SysCtl_A_getNMISourceStatus                                     
00007809  SysCtl_getNMISourceStatus                                       
4000480c  WDTCTL_SYM                                                      
00007075  WDT_A_holdTimer                                                 
00000000  __ASM__                                                         
2000a7c0  __CIOBUF_                                                       
0000005f  __ISA__                                                         
00000072  __PLAT__                                                        
20010000  __STACK_END                                                     
00000400  __STACK_SIZE                                                    
00000095  __TARG__                                                        
00009bc8  __TI_CINIT_Base                                                 
00009bd8  __TI_CINIT_Limit                                                
00009bb4  __TI_Handler_Table_Base                                         
00009bc0  __TI_Handler_Table_Limit                                        
00004265  __TI_auto_init                                                  
00006721  __TI_cleanup                                                    
2000b03c  __TI_cleanup_ptr                                                
00004cb1  __TI_closefile                                                  
00005115  __TI_decompress_lzss                                            
00007927  __TI_decompress_none                                            
[...]
00007819  ti_sysbios_BIOS_exit__E                                         
00007829  ti_sysbios_BIOS_setCpuFreq__E                                   
00007839  ti_sysbios_BIOS_setThreadType__E                                
00007849  ti_sysbios_BIOS_start__E                                        
00007859  ti_sysbios_family_arm_m3_TaskSupport_glue                       
00007869  ti_sysbios_family_arm_msp432_init_Boot_disableWatchdog          
00007879  ti_sysbios_gates_GateMutex_Instance_finalize__E                 
00007889  ti_sysbios_knl_Semaphore_Instance_finalize__E                   
00007899  ti_sysbios_knl_Swi_disable__E                                   
000078a9  ti_sysbios_knl_Task_Object__get__S                              
000078b9  ti_sysbios_knl_Task_disable__E                                  
000078c9  xdc_runtime_Gate_leaveSystem__E                                 
000078d9  xdc_runtime_Memory_free__E                                      
000078e9  xdc_runtime_SysMin_ready__E                                     
000078e9  xdc_runtime_System_SupportProxy_ready__E                        
000078f9  xdc_runtime_System_vsnprintf__E                                 
00007909  xdc_runtime_Text_visitRope__I                                   
00007919  __time32                                                        
00007919  time                                                            
00007927  __TI_decompress_none                                            
00007939  ti_sysbios_knl_Idle_loop__E                                     
00007949  ti_sysbios_knl_Queue_empty__E                                   
00007957  Board_init                                                      
00007963  CPU_cpsid                                                       
0000796f  CPU_cpsie                                                       
0000797d  Power_getConstraintMask                                         
00007989  _register_lock                                                  
00007995  _register_unlock                                                
000079a1  __TI_zero_init                                                  
000079ad  ti_sysbios_family_arm_m3_Hwi_Params__init__S                    
000079ad  ti_sysbios_hal_Hwi_HwiProxy_Params__init__S                     
000079b9  ti_sysbios_family_arm_m3_TaskSupport_checkStack__E              
000079b9  ti_sysbios_knl_Task_SupportProxy_checkStack__E                  
000079c9  ti_sysbios_family_arm_m3_TaskSupport_getStackAlignment__E       
000079c9  ti_sysbios_knl_Task_SupportProxy_getStackAlignment__E           
000079d9  ti_sysbios_family_arm_msp432_Timer_getMaxTicks__E               
000079e9  ti_sysbios_gates_GateHwi_enter__E                               
000079f5  ti_sysbios_knl_Queue_Object__get__S                             
00007a01  ti_sysbios_knl_Semaphore_Params__init__S                        
00007a19  ti_sysbios_knl_Task_Params__init__S                             
00007a25  xdc_runtime_Gate_enterSystem__E                                 
00007a31  xdc_runtime_Memory_calloc__E                                    
00007a3d  xdc_runtime_Memory_getMaxDefaultTypeAlign__E                    
00007a49  xdc_runtime_Startup_rtsDone__E                                  
00007a55  xdc_runtime_Memory_HeapProxy_alloc__E                           
00007a5f  xdc_runtime_Memory_HeapProxy_free__E                            
00007a69  __aeabi_errno_addr                                              
00007a71  ti_sysbios_family_arm_m3_Hwi_doSwiRestore__I                    
00007a79  ti_sysbios_family_arm_m3_Hwi_startup__E                         
00007a79  ti_sysbios_hal_Hwi_HwiProxy_startup__E                          
00007a79  ti_sysbios_hal_Hwi_startup__E                                   
00007a81  ti_sysbios_family_arm_m3_Hwi_doTaskRestore__I                   
00007a89  ti_sysbios_gates_GateHwi_leave__E                               
00007a91  ti_sysbios_heaps_HeapMem_isBlocking__E                          
00007a99  ti_sysbios_knl_Queue_Instance_init__E                           
00007aa1  ti_sysbios_knl_Swi_startup__E                                   
00007aa9  ti_sysbios_gates_GateHwi_query__E                               
00007aa9  xdc_runtime_Main_Module_GateProxy_query__E                      
00007aa9  xdc_runtime_System_Module_GateProxy_query__E                    
00007ab1  ti_sysbios_BIOS_RtsGateProxy_query__E                           
00007ab1  ti_sysbios_gates_GateMutex_query__E                             
00007ab1  ti_sysbios_heaps_HeapMem_Module_GateProxy_query__E              
00007ab9  ti_sysbios_knl_Task_startup__E                                  
00007ac1  ti_sysbios_BIOS_linkedWithIncorrectBootLibrary__E               
00007ac9  ti_sysbios_gates_GateHwi_Instance_init__E                       
00007ad1  ti_sysbios_knl_Clock_logTick__E                                 
00007ad4  xdc_runtime_Text_charTab__A                                     
00008000  HEAPSIZE                                                        
0000935b  _ctypes_                                                        
0000945c  xdc_runtime_Text_nodeTab__A                                     
00009510  ti_sysbios_knl_Task_Object__PARAMS__C                           
0000954c  PowerMSP432_config                                              
000095b4  ti_sysbios_family_arm_m3_Hwi_Object__PARAMS__C                  
000095e4  ti_sysbios_heaps_HeapMem_Module__FXNS__C                        
0000960c  ti_sysbios_gates_GateHwi_Module__FXNS__C                        
00009630  ti_sysbios_gates_GateMutex_Module__FXNS__C                      
00009654  ti_sysbios_heaps_HeapMem_Object__PARAMS__C                      
00009678  ti_sysbios_knl_Semaphore_Object__PARAMS__C                      
0000969c  ti_sysbios_family_arm_m3_Hwi_Object__DESC__C                    
000096bc  ti_sysbios_gates_GateHwi_Object__DESC__C                        
000096dc  ti_sysbios_gates_GateMutex_Object__DESC__C                      
000096fc  ti_sysbios_heaps_HeapMem_Object__DESC__C                        
0000971c  ti_sysbios_knl_Queue_Object__DESC__C                            
0000973c  ti_sysbios_knl_Semaphore_Object__DESC__C                        
0000975c  ti_sysbios_knl_Task_Object__DESC__C                             
0000977c  xdc_runtime_Startup_sfxnTab__A                                  
0000979c  ti_sysbios_gates_GateHwi_Object__PARAMS__C                      
000097b4  ti_sysbios_gates_GateMutex_Object__PARAMS__C                    
000097cc  ti_sysbios_knl_Queue_Object__PARAMS__C                          
000097e4  xdc_runtime_Startup_sfxnRts__A                                  
000097f4  xdc_runtime_Startup_firstFxns__A                                
00009800  ti_sysbios_family_arm_m3_Hwi_excHookFuncs__A                    
00009808  ti_sysbios_knl_Idle_funcList__A                                 
00009810  ti_sysbios_knl_Idle_funcList__C                                 
00009818  xdc_runtime_Startup_firstFxns__C                                
00009820  xdc_runtime_Startup_lastFxns__C                                 
00009828  ti_sysbios_family_arm_m3_Hwi_E_NMI__C                           
0000982c  ti_sysbios_family_arm_m3_Hwi_E_alreadyDefined__C                
00009830  ti_sysbios_family_arm_m3_Hwi_E_badIntNum__C                     
00009834  ti_sysbios_family_arm_m3_Hwi_E_busFault__C                      
00009838  ti_sysbios_family_arm_m3_Hwi_E_debugMon__C                      
0000983c  ti_sysbios_family_arm_m3_Hwi_E_hardFault__C                     
00009840  ti_sysbios_family_arm_m3_Hwi_E_memFault__C                      
00009844  ti_sysbios_family_arm_m3_Hwi_E_noIsr__C                         
00009848  ti_sysbios_family_arm_m3_Hwi_E_reserved__C                      
0000984c  ti_sysbios_family_arm_m3_Hwi_E_svCall__C                        
00009850  ti_sysbios_family_arm_m3_Hwi_E_usageFault__C                    
00009854  ti_sysbios_family_arm_m3_Hwi_NUM_INTERRUPTS__C                  
00009858  ti_sysbios_family_arm_m3_Hwi_Object__count__C                   
0000985c  ti_sysbios_family_arm_m3_Hwi_ccr__C                             
00009860  ti_sysbios_family_arm_m3_Hwi_excHandlerFunc__C                  
00009864  ti_sysbios_family_arm_m3_Hwi_excHookFuncs__C                    
00009868  ti_sysbios_family_arm_m3_Hwi_nullIsrFunc__C                     
0000986c  ti_sysbios_family_arm_m3_Hwi_priGroup__C                        
00009870  ti_sysbios_family_arm_m3_Hwi_swiDisable__C                      
00009874  ti_sysbios_family_arm_m3_Hwi_swiRestore__C                      
00009878  ti_sysbios_family_arm_m3_TaskSupport_stackAlignment__C          
0000987c  ti_sysbios_family_arm_msp432_Timer_numTimerDevices__C           
00009880  ti_sysbios_family_arm_msp432_Timer_startupNeeded__C             
00009884  ti_sysbios_gates_GateMutex_Instance_State_sem__O                
00009888  ti_sysbios_hal_Hwi_E_stackOverflow__C                           
0000988c  ti_sysbios_heaps_HeapMem_E_memory__C                            
00009890  ti_sysbios_heaps_HeapMem_Module__gateObj__C                     
00009894  ti_sysbios_heaps_HeapMem_Object__count__C                       
00009898  ti_sysbios_heaps_HeapMem_primaryHeapBaseAddr__C                 
0000989c  ti_sysbios_heaps_HeapMem_primaryHeapEndAddr__C                  
000098a0  ti_sysbios_heaps_HeapMem_reqAlign__C                            
000098a4  ti_sysbios_knl_Clock_Module_State_clockQ__O                     
000098a8  ti_sysbios_knl_Semaphore_Instance_State_pendQ__O                
000098ac  ti_sysbios_knl_Swi_Object__count__C                             
000098b0  ti_sysbios_knl_Task_E_spOutOfBounds__C                          
000098b4  ti_sysbios_knl_Task_E_stackOverflow__C                          
000098b8  ti_sysbios_knl_Task_Module_State_inactiveQ__O                   
000098bc  ti_sysbios_knl_Task_Object__count__C                            
000098c0  ti_sysbios_knl_Task_allBlockedFunc__C                           
000098c4  ti_sysbios_knl_Task_defaultStackHeap__C                         
000098c8  ti_sysbios_knl_Task_defaultStackSize__C                         
000098cc  ti_sysbios_knl_Task_numConstructedTasks__C                      
000098d0  xdc_runtime_Assert_E_assertFailed__C                            
000098d4  xdc_runtime_Core_A_initializedParams__C                         
000098d8  xdc_runtime_Core_Module__diagsEnabled__C                        
000098dc  xdc_runtime_Core_Module__diagsIncluded__C                       
000098e0  xdc_runtime_Core_Module__diagsMask__C                           
000098e4  xdc_runtime_Error_E_memory__C                                   
000098e8  xdc_runtime_Error_policyFxn__C                                  
000098ec  xdc_runtime_Error_raiseHook__C                                  
000098f0  xdc_runtime_IGateProvider_Interface__BASE__C                    
000098f4  xdc_runtime_IHeap_Interface__BASE__C                            
000098f8  xdc_runtime_IModule_Interface__BASE__C                          
000098fc  xdc_runtime_Memory_defaultHeapInstance__C                       
00009900  xdc_runtime_Startup_execImpl__C                                 
00009904  xdc_runtime_Startup_maxPasses__C                                
00009908  xdc_runtime_Startup_sfxnRts__C                                  
0000990c  xdc_runtime_Startup_sfxnTab__C                                  
00009910  xdc_runtime_SysMin_bufSize__C                                   
00009914  xdc_runtime_SysMin_outputFunc__C                                
00009918  xdc_runtime_System_Module__gateObj__C                           
0000991c  xdc_runtime_System_abortFxn__C                                  
00009920  xdc_runtime_System_exitFxn__C                                   
00009924  xdc_runtime_System_extendFxn__C                                 
00009928  xdc_runtime_System_maxAtexitHandlers__C                         
0000992c  xdc_runtime_Text_charTab__C                                     
00009930  xdc_runtime_Text_nodeTab__C                                     
00009934  xdc_runtime_Text_visitRopeFxn__C                                
00009938  ti_sysbios_family_arm_m3_Hwi_Module__id__C                      
0000993a  ti_sysbios_family_arm_msp432_init_Boot_bypassHFXT__C            
0000993c  ti_sysbios_family_arm_msp432_init_Boot_bypassLFXT__C            
0000993e  ti_sysbios_family_arm_msp432_init_Boot_enableHFXT__C            
00009940  ti_sysbios_family_arm_msp432_init_Boot_enableLFXT__C            
00009942  ti_sysbios_hal_Hwi_Module__id__C                                
00009944  ti_sysbios_heaps_HeapMem_Module__id__C                          
00009946  ti_sysbios_knl_Task_Module__id__C                               
00009948  xdc_runtime_Core_Module__id__C                                  
0000994a  xdc_runtime_Error_Module__loggerDefined__C                      
0000994c  xdc_runtime_Error_maxDepth__C                                   
0000994e  xdc_runtime_Memory_Module__id__C                                
00009950  xdc_runtime_SysMin_flushAtExit__C                               
00009952  xdc_runtime_Text_isLoaded__C                                    
00009954  xdc_runtime_Text_registryModsLastId__C                          
00009956  xdc_runtime_Text_unnamedModsLastId__C                           
00009958  xdc_runtime_Error_policy__C                                     
00009960  __TI_static_base__                                              
00009bb4  __TI_Handler_Table_Base                                         
00009bc0  __TI_Handler_Table_Limit                                        
00009bc8  __TI_CINIT_Base                                                 
00009bd8  __TI_CINIT_Limit                                                
20000000  __start___llvm_prf_cnts                                         
20000000  __stop___llvm_prf_cnts                                          
20000000  ti_sysbios_family_arm_m3_Hwi_ramVectors                         
20000140  __primary_heap_start__                                          
20008140  __primary_heap_end__                                            
20008140  taskStacks                                                      
2000a140  ti_sysbios_knl_Task_Instance_State_0_stack__A                   
2000a340  xdc_runtime_SysMin_Module_State_0_outbuf__A                     
2000a540  taskStructs                                                     
2000a680  ti_sysbios_family_arm_m3_Hwi_dispatchTable                      
2000a7c0  __CIOBUF_                                                       
2000a8e0  __TI_tmpnams                                                    
2000a980  semaStruct                                                      
2000a9a4  parmbuf                                                         
2000a9ac  PowerMSP432_perfLevels                                          
2000aaec  _ftable                                                         
2000abdc  ti_sysbios_knl_Swi_Module_State_0_readyQ__A                     
2000ac5c  ti_sysbios_knl_Task_Module_State_0_readyQ__A                    
2000acdc  _device                                                         
2000ad54  _stream                                                         
2000ada4  ti_sysbios_knl_Task_Object__table__V                            
2000adf0  ti_sysbios_family_arm_msp432_Timer_Object__table__V             
2000ae34  ti_sysbios_knl_Task_Module__state__V                            
2000ae78  ti_sysbios_gates_GateMutex_Object__table__V                     
2000aeb0  ti_sysbios_family_arm_m3_Hwi_Module__state__V                   
2000aee4  ti_sysbios_knl_Swi_Object__table__V                             
2000af14  PowerMSP432_module                                              
2000af40  ti_sysbios_knl_Clock_Module__state__V                           
2000af6c  ti_sysbios_BIOS_Module__state__V                                
2000af90  ti_sysbios_family_arm_msp432_Timer_Module_State_0_device__A     
2000afb0  xdc_runtime_Error_IgnoreBlock                                   
2000afd0  ti_sysbios_knl_Swi_Module__state__V                             
2000afec  ti_sysbios_family_arm_m3_Hwi_Object__table__V                   
2000b004  ti_sysbios_heaps_HeapMem_Object__table__V                       
2000b01c  __TI_ft_end                                                     
2000b020  __aeabi_stdin                                                   
2000b024  __aeabi_stdout                                                  
2000b028  __aeabi_stderr                                                  
2000b02c  ti_sysbios_family_arm_msp432_Timer_Module_State_0_handles__A    
2000b03c  __TI_cleanup_ptr                                                
2000b040  __TI_dtors_ptr                                                  
2000b044  __TI_enable_exit_profile_output                                 
2000b048  ti_sysbios_family_arm_msp432_ClockFreqs_Module__state__V        
2000b054  ti_sysbios_family_arm_msp432_Timer_Module__state__V             
2000b060  xdc_runtime_SysMin_Module__state__V                             
2000b06c  _lock                                                           
2000b070  _unlock                                                         
2000b074  ti_sysbios_family_arm_m3_Hwi_Module__root__V                    
2000b07c  ti_sysbios_gates_GateHwi_Module__root__V                        
2000b084  ti_sysbios_gates_GateMutex_Module__root__V                      
2000b08c  ti_sysbios_heaps_HeapMem_Module__root__V                        
2000b094  ti_sysbios_knl_Queue_Module__root__V                            
2000b09c  ti_sysbios_knl_Semaphore_Module__root__V                        
2000b0a4  ti_sysbios_knl_Task_Module__root__V                             
2000b0ac  xdc_runtime_Registry_Module__state__V                           
2000b0b4  xdc_runtime_Startup_Module__state__V                            
2000b0bc  xdc_runtime_System_Module_State_0_atexitHandlers__A             
2000b0c4  xdc_runtime_System_Module__state__V                             
2000b0cc  semaphoreHandle                                                 
2000b0d0  errno                                                           
2000b0d8  main_func_sp                                                    
2000b0dc  ti_sysbios_family_arm_m3_Hwi_Module_State_0_excContext__A       
2000b0e0  ti_sysbios_family_arm_m3_Hwi_Module_State_0_excStack__A         
2000b0e4  ti_sysbios_gates_GateHwi_Object__table__V                       
2000b0e8  ti_sysbios_knl_Task_Module_State_0_idleTask__A                  
2000b0ec  xdc_runtime_Memory_Module__state__V                             
2000b0f0  ti_sysbios_family_arm_m3_Hwi_Module_State_0_excActive__A        
2000b0f2  xdc_runtime_Error_Module__state__V                              
2000fc00  __stack                                                         
20010000  __STACK_END                                                     
4000480c  WDTCTL_SYM                                                      
e000e000  ti_sysbios_family_arm_m3_Hwi_nvic                               
ffffffff  __TI_pprof_out_hndl                                             
ffffffff  __TI_prof_data_size                                             
ffffffff  __TI_prof_data_start                                            
ffffffff  __binit__                                                       
ffffffff  __c_args__                                                      
ffffffff  binit                                                           
UNDEFED   SHT$$INIT_ARRAY$$Base                                           
UNDEFED   SHT$$INIT_ARRAY$$Limit                                          

[601 symbols]
