******************************************************************************
                  TI ARM Linker Unix v20.2.2                   
******************************************************************************
>> Linked Sun Oct 11 17:40:15 2020

OUTPUT FILE NAME:   <Lab4Ex2.2.out>
ENTRY POINT SYMBOL: "_c_int00_noargs"  address: 00002d5d


MEMORY CONFIGURATION

         name            origin    length      used     unused   attr    fill
----------------------  --------  ---------  --------  --------  ----  --------
  MAIN                  00000000   00040000  00003208  0003cdf8  R  X
  INFO                  00200000   00004000  00000000  00004000  R  X
  SRAM_CODE             01000000   00010000  00000dc8  0000f238  RW X
  SRAM_DATA             20000000   00010000  00000dc8  0000f238  RW  


SEGMENT ALLOCATION MAP

run origin  load origin   length   init length attrs members
----------  ----------- ---------- ----------- ----- -------
00000000    00000000    00003208   00003208    r-x
  00000000    00000000    000000e4   000000e4    r-- .intvecs
  000000e4    000000e4    00002f60   00002f60    r-x .text
  00003044    00003044    00000134   00000134    r-- .const
  00003178    00003178    00000090   00000090    r-- .cinit
20000000    20000000    00000bc8   00000000    rw-
  20000000    20000000    00000800   00000000    rw- .sysmem
  20000800    20000800    000001e8   00000000    rw- .data
  200009e8    200009e8    000001e0   00000000    rw- .bss
2000fe00    2000fe00    00000200   00000000    rw-
  2000fe00    2000fe00    00000200   00000000    rw- .stack


SECTION ALLOCATION MAP

 output                                  attributes/
section   page    origin      length       input sections
--------  ----  ----------  ----------   ----------------
.intvecs   0    00000000    000000e4     
                  00000000    000000e4     startup_msp432p401r_ccs.obj (.intvecs:retain)

.text      0    000000e4    00002f60     
                  000000e4    00000a4e     rtsv7M4_T_le_v4SPD16_eabi.lib : _printfi.c.obj (.text:__TI_printfi)
                  00000b32    00000002     startup_msp432p401r_ccs.obj (.text:Default_Handler)
                  00000b34    00000270     rtsv7M4_T_le_v4SPD16_eabi.lib : _printfi.c.obj (.text:_pconv_a)
                  00000da4    000001d0                                   : _printfi.c.obj (.text:_pconv_g)
                  00000f74    000001b6                                   : fd_add_t2.asm.obj (.text)
                  0000112a    00000002                                   : _lock.c.obj (.text:_nop)
                  0000112c    0000013c                                   : _printfi.c.obj (.text:_pconv_e)
                  00001268    00000136                                   : fd_div_t2.asm.obj (.text)
                  0000139e    00000002                                   : div0.asm.obj (.text)
                  000013a0    00000124                                   : _printfi.c.obj (.text:fcvt)
                  000014c4    00000114                                   : fputs.c.obj (.text:fputs)
                  000015d8    00000110                                   : s_scalbn.c.obj (.text:scalbn)
                  000016e8    00000104     msp432p4xx_driverlib.lib : cs.o (.text:_CSComputeCLKFrequency)
                  000017ec    00000100     rtsv7M4_T_le_v4SPD16_eabi.lib : memory.c.obj (.text:aligned_alloc)
                  000018ec    000000fc                                   : fd_mul_t2.asm.obj (.text)
                  000019e8    000000f8     msp432p4xx_driverlib.lib : cs.o (.text:CS_getDCOFrequency)
                  00001ae0    000000e4     rtsv7M4_T_le_v4SPD16_eabi.lib : memory.c.obj (.text:free)
                  00001bc4    000000dc                                   : setvbuf.c.obj (.text:setvbuf)
                  00001ca0    000000b1                                   : _printfi.c.obj (.text:_ltostr)
                  00001d51    00000001     --HOLE-- [fill = 0]
                  00001d52    0000009c                                   : memcpy_t2.asm.obj (.text)
                  00001dee    00000096                                   : ull_div_t2.asm.obj (.text)
                  00001e84    00000094     msp432p4xx_driverlib.lib : sysctl_a.o (.text:SysCtl_A_getTLVInfo)
                  00001f18    0000008c     rtsv7M4_T_le_v4SPD16_eabi.lib : fputc.c.obj (.text:fputc)
                  00001fa4    00000086                                   : fd_cmp_t2.asm.obj (.text:__aeabi_cdcmple)
                  0000202a    00000086                                   : fd_cmp_t2.asm.obj (.text:__aeabi_cdrcmple)
                  000020b0    00000080     main.obj (.text:delay_ms)
                  00002130    00000080     main.obj (.text:main)
                  000021b0    0000007c     msp432p4xx_driverlib.lib : cs.o (.text:_CSGetDOCFrequency)
                  0000222c    0000007a     rtsv7M4_T_le_v4SPD16_eabi.lib : memset_t2.asm.obj (.text)
                  000022a6    00000002     --HOLE-- [fill = 0]
                  000022a8    00000078     system_msp432p401r.obj (.text:SystemInit)
                  00002320    00000074     rtsv7M4_T_le_v4SPD16_eabi.lib : fclose.c.obj (.text:__TI_closefile)
                  00002394    00000070                                   : memory.c.obj (.text:split)
                  00002404    0000006e                                   : _printfi.c.obj (.text:_mcpy)
                  00002472    00000002     --HOLE-- [fill = 0]
                  00002474    0000006c                                   : hostrename.c.obj (.text:HOSTrename)
                  000024e0    00000068                                   : hostlseek.c.obj (.text:HOSTlseek)
                  00002548    00000068                                   : copy_decompress_lzss.c.obj (.text:decompress:lzss:__TI_decompress_lzss)
                  000025b0    00000068                                   : printf.c.obj (.text:printf)
                  00002618    00000064                                   : s_frexp.c.obj (.text:frexp)
                  0000267c    00000064                                   : fseek.c.obj (.text:fseek)
                  000026e0    00000062     msp432p4xx_driverlib.lib : cs.o (.text:_CSGetDividerValue)
                  00002742    00000062     rtsv7M4_T_le_v4SPD16_eabi.lib : _io_perm.c.obj (.text:__TI_wrt_ok)
                  000027a4    00000060                                   : hostopen.c.obj (.text:HOSTopen)
                  00002804    0000005c                                   : close.c.obj (.text:close)
                  00002860    00000058                                   : hostread.c.obj (.text:HOSTread)
                  000028b8    00000058                                   : hostwrite.c.obj (.text:HOSTwrite)
                  00002910    00000056                                   : _printfi.c.obj (.text:_pconv_f)
                  00002966    00000054                                   : _ltoa.c.obj (.text:__TI_ltoa)
                  000029ba    00000052                                   : _printfi.c.obj (.text:_ecpy)
                  00002a0c    0000004c                                   : fflush.c.obj (.text:__TI_doflush)
                  00002a58    0000004c                                   : atoi.c.obj (.text:atoi)
                  00002aa4    00000048                                   : exit.c.obj (.text:exit)
                  00002aec    00000048                                   : fd_toi_t2.asm.obj (.text)
                  00002b34    00000044                                   : hostclose.c.obj (.text:HOSTclose)
                  00002b78    00000044                                   : hostunlink.c.obj (.text:HOSTunlink)
                  00002bbc    00000044                                   : autoinit.c.obj (.text:__TI_auto_init_nobinit_nopinit:__TI_auto_init_nobinit_nopinit)
                  00002c00    00000044                                   : getdevice.c.obj (.text:getdevice)
                  00002c44    0000003e                                   : _printfi.c.obj (.text:_fcpy)
                  00002c82    00000002     --HOLE-- [fill = 0]
                  00002c84    00000038                                   : trgmsg.c.obj (.text:__TI_writemsg)
                  00002cbc    00000036                                   : strncpy.c.obj (.text:strncpy)
                  00002cf2    00000002     --HOLE-- [fill = 0]
                  00002cf4    00000034                                   : fopen.c.obj (.text:__TI_cleanup)
                  00002d28    00000034                                   : trgmsg.c.obj (.text:__TI_readmsg)
                  00002d5c    00000034                                   : boot_cortex_m.c.obj (.text:_c_int00_noargs:_c_int00_noargs)
                  00002d90    00000030     msp432p4xx_driverlib.lib : cs.o (.text:CS_clearInterruptFlag)
                  00002dc0    00000030     rtsv7M4_T_le_v4SPD16_eabi.lib : getdevice.c.obj (.text:finddevice)
                  00002df0    0000002e                                   : i_tofd_t2.asm.obj (.text)
                  00002e1e    00000002     --HOLE-- [fill = 0]
                  00002e20    0000002c                                   : unlink.c.obj (.text:unlink)
                  00002e4c    00000028     msp432p4xx_driverlib.lib : cs.o (.text:CS_getMCLK)
                  00002e74    00000028                              : gpio.o (.text:GPIO_setOutputLowOnPin)
                  00002e9c    00000028     rtsv7M4_T_le_v4SPD16_eabi.lib : memory.c.obj (.text:free_list_insert)
                  00002ec4    00000028                                   : lseek.c.obj (.text:lseek)
                  00002eec    00000028                                   : write.c.obj (.text:write)
                  00002f14    00000020                                   : memchr.c.obj (.text:memchr)
                  00002f34    0000001c                                   : copy_zero_init.c.obj (.text:decompress:ZI:__TI_zero_init_nomemset:__TI_zero_init_nomemset)
                  00002f50    0000001c                                   : memory.c.obj (.text:free_list_remove)
                  00002f6c    0000001c                                   : memccpy.c.obj (.text:memccpy)
                  00002f88    0000001a                                   : s_copysign.c.obj (.text:copysign)
                  00002fa2    00000018                                   : strcmp.c.obj (.text:strcmp)
                  00002fba    00000016                                   : strchr.c.obj (.text:strchr)
                  00002fd0    00000014                                   : strcpy.c.obj (.text:strcpy)
                  00002fe4    00000014                                   : strlen.c.obj (.text:strlen)
                  00002ff8    00000012                                   : wcslen.c.obj (.text:wcslen)
                  0000300a    0000000e                                   : copy_decompress_none.c.obj (.text:decompress:none:__TI_decompress_none)
                  00003018    0000000c     startup_msp432p401r_ccs.obj (.text:Reset_Handler)
                  00003024    00000008     rtsv7M4_T_le_v4SPD16_eabi.lib : errno.c.obj (.text:__aeabi_errno_addr)
                  0000302c    00000008                                   : memory.c.obj (.text:malloc)
                  00003034    00000004                                   : printf.c.obj (.text:_outc)
                  00003038    00000004                                   : printf.c.obj (.text:_outs)
                  0000303c    00000004                                   : pre_init.c.obj (.text:_system_pre_init)
                  00003040    00000004                                   : exit.c.obj (.text:abort:abort)

.const     0    00003044    00000134     
                  00003044    00000101     rtsv7M4_T_le_v4SPD16_eabi.lib : ctype.c.obj (.const:.string:_ctypes_)
                  00003145    00000003     --HOLE-- [fill = 0]
                  00003148    00000030     msp432p4xx_driverlib.lib : gpio.o (.const:GPIO_PORT_TO_BASE)

.cinit     0    00003178    00000090     
                  00003178    00000065     (.cinit..data.load) [load image, compression = lzss]
                  000031dd    00000003     --HOLE-- [fill = 0]
                  000031e0    0000000c     (__TI_handler_table)
                  000031ec    00000004     --HOLE-- [fill = 0]
                  000031f0    00000008     (.cinit..bss.load) [load image, compression = zero_init]
                  000031f8    00000010     (__TI_cinit_table)

.init_array 
*          0    00000000    00000000     UNINITIALIZED

.binit     0    00000000    00000000     

.sysmem    0    20000000    00000800     UNINITIALIZED
                  20000000    00000010     rtsv7M4_T_le_v4SPD16_eabi.lib : memory.c.obj (.sysmem)
                  20000010    000007f0     --HOLE--

.data      0    20000800    000001e8     UNINITIALIZED
                  20000800    000000f0     rtsv7M4_T_le_v4SPD16_eabi.lib : defs.c.obj (.data:_ftable)
                  200008f0    00000078                                   : host_device.c.obj (.data:_device)
                  20000968    00000050                                   : host_device.c.obj (.data:_stream)
                  200009b8    00000010                                   : defs.c.obj (.data)
                  200009c8    0000000c                                   : exit.c.obj (.data:$O1$$)
                  200009d4    00000008                                   : _lock.c.obj (.data:$O1$$)
                  200009dc    00000008                                   : memory.c.obj (.data:$O1$$)
                  200009e4    00000004                                   : errno.c.obj (.data)

.bss       0    200009e8    000001e0     UNINITIALIZED
                  200009e8    00000120     rtsv7M4_T_le_v4SPD16_eabi.lib : trgmsg.c.obj (.bss:_CIOBUF_)
                  20000b08    000000a0     (.common:__TI_tmpnams)
                  20000ba8    00000008     msp432p4xx_driverlib.lib : cs.o (.bss)
                  20000bb0    00000008     (.common:parmbuf)
                  20000bb8    00000004     (.common:count_us)
                  20000bbc    00000004     (.common:current)
                  20000bc0    00000004     (.common:duration)
                  20000bc4    00000004     (.common:initial)

.stack     0    2000fe00    00000200     UNINITIALIZED
                  2000fe00    00000004     rtsv7M4_T_le_v4SPD16_eabi.lib : boot_cortex_m.c.obj (.stack)
                  2000fe04    000001fc     --HOLE--

__llvm_prf_cnts 
*          0    20000000    00000000     UNINITIALIZED

MODULE SUMMARY

       Module                        code    ro data   rw data
       ------                        ----    -------   -------
    ./
       main.obj                      256     0         32     
       system_msp432p401r.obj        120     0         0      
    +--+-----------------------------+-------+---------+---------+
       Total:                        376     0         32     
                                                              
    ./ccs/
       startup_msp432p401r_ccs.obj   14      228       0      
    +--+-----------------------------+-------+---------+---------+
       Total:                        14      228       0      
                                                              
    /Applications/ti/ccs1010/ccs/tools/compiler/ti-cgt-arm_20.2.2.LTS/lib/rtsv7M4_T_le_v4SPD16_eabi.lib
       _printfi.c.obj                4851    0         0      
       defs.c.obj                    0       0         832    
       memory.c.obj                  672     0         16     
       trgmsg.c.obj                  108     0         576    
       fd_add_t2.asm.obj             438     0         0      
       host_device.c.obj             0       0         400    
       fd_div_t2.asm.obj             310     0         0      
       fputs.c.obj                   276     0         0      
       s_scalbn.c.obj                272     0         0      
       fd_cmp_t2.asm.obj             268     0         0      
       ctype.c.obj                   0       257       0      
       fd_mul_t2.asm.obj             252     0         0      
       setvbuf.c.obj                 220     0         0      
       memcpy_t2.asm.obj             156     0         0      
       ull_div_t2.asm.obj            150     0         0      
       fputc.c.obj                   140     0         0      
       memset_t2.asm.obj             122     0         0      
       fclose.c.obj                  116     0         0      
       getdevice.c.obj               116     0         0      
       hostopen.c.obj                96      0         16     
       printf.c.obj                  112     0         0      
       hostrename.c.obj              108     0         0      
       copy_decompress_lzss.c.obj    104     0         0      
       hostlseek.c.obj               104     0         0      
       exit.c.obj                    76      0         24     
       fseek.c.obj                   100     0         0      
       s_frexp.c.obj                 100     0         0      
       _io_perm.c.obj                98      0         0      
       close.c.obj                   92      0         0      
       hostread.c.obj                88      0         0      
       hostwrite.c.obj               88      0         0      
       _ltoa.c.obj                   84      0         0      
       atoi.c.obj                    76      0         0      
       fflush.c.obj                  76      0         0      
       fd_toi_t2.asm.obj             72      0         0      
       autoinit.c.obj                68      0         0      
       hostclose.c.obj               68      0         0      
       hostunlink.c.obj              68      0         0      
       strncpy.c.obj                 54      0         0      
       boot_cortex_m.c.obj           52      0         0      
       fopen.c.obj                   52      0         0      
       i_tofd_t2.asm.obj             46      0         0      
       unlink.c.obj                  44      0         0      
       lseek.c.obj                   40      0         0      
       write.c.obj                   40      0         0      
       memchr.c.obj                  32      0         0      
       copy_zero_init.c.obj          28      0         0      
       memccpy.c.obj                 28      0         0      
       s_copysign.c.obj              26      0         0      
       strcmp.c.obj                  24      0         0      
       strchr.c.obj                  22      0         0      
       strcpy.c.obj                  20      0         0      
       strlen.c.obj                  20      0         0      
       _lock.c.obj                   2       0         16     
       wcslen.c.obj                  18      0         0      
       errno.c.obj                   8       0         8      
       copy_decompress_none.c.obj    14      0         0      
       pre_init.c.obj                4       0         0      
       div0.asm.obj                  2       0         0      
    +--+-----------------------------+-------+---------+---------+
       Total:                        10721   257       1888   
                                                              
    /Users/phatle/ti/simplelink_msp432p4_sdk_3_40_01_02/source/ti/devices/msp432p4xx/driverlib/ccs/msp432p4xx_driverlib.lib
       cs.o                          818     0         16     
       sysctl_a.o                    148     0         0      
       gpio.o                        40      48        0      
    +--+-----------------------------+-------+---------+---------+
       Total:                        1006    48        16     
                                                              
       Heap:                         0       0         4096   
       Stack:                        0       0         1024   
       Linker Generated:             0       137       0      
    +--+-----------------------------+-------+---------+---------+
       Grand Total:                  12117   670       7056   


LINKER GENERATED COPY TABLES

__TI_cinit_table @ 000031f8 records: 2, size/record: 8, table size: 16
	.data: load addr=00003178, load size=00000065 bytes, run addr=20000800, run size=000001e8 bytes, compression=lzss
	.bss: load addr=000031f0, load size=00000008 bytes, run addr=200009e8, run size=000001e0 bytes, compression=zero_init


LINKER GENERATED HANDLER TABLE

__TI_handler_table @ 000031e0 records: 3, size/record: 4, table size: 12
	index: 0, handler: __TI_decompress_lzss
	index: 1, handler: __TI_decompress_none
	index: 2, handler: __TI_zero_init


GLOBAL SYMBOLS: SORTED ALPHABETICALLY BY Name 

address   name                           
-------   ----                           
00000b33  ADC14_IRQHandler               
00000b33  AES256_IRQHandler              
00000b33  BusFault_Handler               
00003041  C$$EXIT                        
00002cb3  C$$IO$$                        
00000b33  COMP_E0_IRQHandler             
00000b33  COMP_E1_IRQHandler             
00000b33  CS_IRQHandler                  
00002d91  CS_clearInterruptFlag          
000019e9  CS_getDCOFrequency             
00002e4d  CS_getMCLK                     
00000b33  DMA_ERR_IRQHandler             
00000b33  DMA_INT0_IRQHandler            
00000b33  DMA_INT1_IRQHandler            
00000b33  DMA_INT2_IRQHandler            
00000b33  DMA_INT3_IRQHandler            
00000b33  DebugMon_Handler               
00000b33  Default_Handler                
00000b33  EUSCIA0_IRQHandler             
00000b33  EUSCIA1_IRQHandler             
00000b33  EUSCIA2_IRQHandler             
00000b33  EUSCIA3_IRQHandler             
00000b33  EUSCIB0_IRQHandler             
00000b33  EUSCIB1_IRQHandler             
00000b33  EUSCIB2_IRQHandler             
00000b33  EUSCIB3_IRQHandler             
00000b33  FLCTL_IRQHandler               
00000b33  FPU_IRQHandler                 
00002e75  GPIO_setOutputLowOnPin         
00002b35  HOSTclose                      
000024e1  HOSTlseek                      
000027a5  HOSTopen                       
00002861  HOSTread                       
00002475  HOSTrename                     
00002b79  HOSTunlink                     
000028b9  HOSTwrite                      
00000b33  HardFault_Handler              
00000b33  MemManage_Handler              
00000b33  NMI_Handler                    
00000b33  PCM_IRQHandler                 
00000b33  PORT1_IRQHandler               
00000b33  PORT2_IRQHandler               
00000b33  PORT3_IRQHandler               
00000b33  PORT4_IRQHandler               
00000b33  PORT5_IRQHandler               
00000b33  PORT6_IRQHandler               
00000b33  PSS_IRQHandler                 
00000b33  PendSV_Handler                 
00000b33  RTC_C_IRQHandler               
00003019  Reset_Handler                  
00000b33  SVC_Handler                    
00001e85  SysCtl_A_getTLVInfo            
00000b33  SysTick_Handler                
000022a9  SystemInit                     
00000b33  T32_INT1_IRQHandler            
00000b33  T32_INT2_IRQHandler            
00000b33  T32_INTC_IRQHandler            
00000b33  TA0_0_IRQHandler               
00000b33  TA0_N_IRQHandler               
00000b33  TA1_0_IRQHandler               
00000b33  TA1_N_IRQHandler               
00000b33  TA2_0_IRQHandler               
00000b33  TA2_N_IRQHandler               
00000b33  TA3_0_IRQHandler               
00000b33  TA3_N_IRQHandler               
00000b33  UsageFault_Handler             
4000480c  WDTCTL_SYM                     
00000b33  WDT_A_IRQHandler               
200009e8  __CIOBUF_                      
20010000  __STACK_END                    
00000200  __STACK_SIZE                   
00000800  __SYSMEM_SIZE                  
000031f8  __TI_CINIT_Base                
00003208  __TI_CINIT_Limit               
000031e0  __TI_Handler_Table_Base        
000031ec  __TI_Handler_Table_Limit       
00002bbd  __TI_auto_init_nobinit_nopinit 
00002cf5  __TI_cleanup                   
200009c8  __TI_cleanup_ptr               
00002321  __TI_closefile                 
00002549  __TI_decompress_lzss           
0000300b  __TI_decompress_none           
00002a0d  __TI_doflush                   
200009cc  __TI_dtors_ptr                 
200009d0  __TI_enable_exit_profile_output
200009b8  __TI_ft_end                    
00002967  __TI_ltoa                      
ffffffff  __TI_pprof_out_hndl            
000000e5  __TI_printfi                   
ffffffff  __TI_prof_data_size            
ffffffff  __TI_prof_data_start           
00002d29  __TI_readmsg                   
00000000  __TI_static_base__             
20000b08  __TI_tmpnams                   
00002c85  __TI_writemsg                  
00002743  __TI_wrt_ok                    
00002f35  __TI_zero_init_nomemset        
00001fa5  __aeabi_cdcmpeq                
00001fa5  __aeabi_cdcmple                
0000202b  __aeabi_cdrcmple               
00002aed  __aeabi_d2iz                   
00000f7f  __aeabi_dadd                   
00001269  __aeabi_ddiv                   
000018ed  __aeabi_dmul                   
00000f75  __aeabi_dsub                   
00003025  __aeabi_errno_addr             
00002df1  __aeabi_i2d                    
0000139f  __aeabi_idiv0                  
0000139f  __aeabi_ldiv0                  
0000222d  __aeabi_memclr                 
0000222d  __aeabi_memclr4                
0000222d  __aeabi_memclr8                
00001d53  __aeabi_memcpy                 
00001d53  __aeabi_memcpy4                
00001d53  __aeabi_memcpy8                
0000222f  __aeabi_memset                 
0000222f  __aeabi_memset4                
0000222f  __aeabi_memset8                
200009c4  __aeabi_stderr                 
200009bc  __aeabi_stdin                  
200009c0  __aeabi_stdout                 
00001def  __aeabi_uldivmod               
ffffffff  __binit__                      
ffffffff  __c_args__                     
UNDEFED   __mpu_init                     
2000fe00  __stack                        
20000000  __start___llvm_prf_cnts        
20000000  __stop___llvm_prf_cnts         
00002d5d  _c_int00_noargs                
00003044  _ctypes_                       
200008f0  _device                        
20000800  _ftable                        
200009d4  _lock                          
0000112b  _nop                           
20000968  _stream                        
20000000  _sys_memory                    
UNDEFED   _system_post_cinit             
0000303d  _system_pre_init               
200009d8  _unlock                        
00003041  abort                          
000017ed  aligned_alloc                  
00002a59  atoi                           
ffffffff  binit                          
00002805  close                          
00002f89  copysign                       
00002f89  copysignl                      
20000bb8  count_us                       
20000bbc  current                        
000020b1  delay_ms                       
20000bc0  duration                       
200009e4  errno                          
00002aa5  exit                           
00002dc1  finddevice                     
00001f19  fputc                          
000014c5  fputs                          
00001ae1  free                           
00002619  frexp                          
00002619  frexpl                         
0000267d  fseek                          
00002c01  getdevice                      
20000bc4  initial                        
00000000  interruptVectors               
000015d9  ldexp                          
000015d9  ldexpl                         
00002ec5  lseek                          
00002131  main                           
0000302d  malloc                         
000017ed  memalign                       
00002f6d  memccpy                        
00002f15  memchr                         
00001d53  memcpy                         
00002235  memset                         
20000bb0  parmbuf                        
000025b1  printf                         
00001f19  putc                           
00002e21  remove                         
000015d9  scalbn                         
000015d9  scalbnl                        
00001bc5  setvbuf                        
00002fbb  strchr                         
00002fa3  strcmp                         
00002fd1  strcpy                         
00002fe5  strlen                         
00002cbd  strncpy                        
00002e21  unlink                         
00002ff9  wcslen                         
00002eed  write                          


GLOBAL SYMBOLS: SORTED BY Symbol Address 

address   name                           
-------   ----                           
00000000  __TI_static_base__             
00000000  interruptVectors               
000000e5  __TI_printfi                   
00000200  __STACK_SIZE                   
00000800  __SYSMEM_SIZE                  
00000b33  ADC14_IRQHandler               
00000b33  AES256_IRQHandler              
00000b33  BusFault_Handler               
00000b33  COMP_E0_IRQHandler             
00000b33  COMP_E1_IRQHandler             
00000b33  CS_IRQHandler                  
00000b33  DMA_ERR_IRQHandler             
00000b33  DMA_INT0_IRQHandler            
00000b33  DMA_INT1_IRQHandler            
00000b33  DMA_INT2_IRQHandler            
00000b33  DMA_INT3_IRQHandler            
00000b33  DebugMon_Handler               
00000b33  Default_Handler                
00000b33  EUSCIA0_IRQHandler             
00000b33  EUSCIA1_IRQHandler             
00000b33  EUSCIA2_IRQHandler             
00000b33  EUSCIA3_IRQHandler             
00000b33  EUSCIB0_IRQHandler             
00000b33  EUSCIB1_IRQHandler             
00000b33  EUSCIB2_IRQHandler             
00000b33  EUSCIB3_IRQHandler             
00000b33  FLCTL_IRQHandler               
00000b33  FPU_IRQHandler                 
00000b33  HardFault_Handler              
00000b33  MemManage_Handler              
00000b33  NMI_Handler                    
00000b33  PCM_IRQHandler                 
00000b33  PORT1_IRQHandler               
00000b33  PORT2_IRQHandler               
00000b33  PORT3_IRQHandler               
00000b33  PORT4_IRQHandler               
00000b33  PORT5_IRQHandler               
00000b33  PORT6_IRQHandler               
00000b33  PSS_IRQHandler                 
00000b33  PendSV_Handler                 
00000b33  RTC_C_IRQHandler               
00000b33  SVC_Handler                    
00000b33  SysTick_Handler                
00000b33  T32_INT1_IRQHandler            
00000b33  T32_INT2_IRQHandler            
00000b33  T32_INTC_IRQHandler            
00000b33  TA0_0_IRQHandler               
00000b33  TA0_N_IRQHandler               
00000b33  TA1_0_IRQHandler               
00000b33  TA1_N_IRQHandler               
00000b33  TA2_0_IRQHandler               
00000b33  TA2_N_IRQHandler               
00000b33  TA3_0_IRQHandler               
00000b33  TA3_N_IRQHandler               
00000b33  UsageFault_Handler             
00000b33  WDT_A_IRQHandler               
00000f75  __aeabi_dsub                   
00000f7f  __aeabi_dadd                   
0000112b  _nop                           
00001269  __aeabi_ddiv                   
0000139f  __aeabi_idiv0                  
0000139f  __aeabi_ldiv0                  
000014c5  fputs                          
000015d9  ldexp                          
000015d9  ldexpl                         
000015d9  scalbn                         
000015d9  scalbnl                        
000017ed  aligned_alloc                  
000017ed  memalign                       
000018ed  __aeabi_dmul                   
000019e9  CS_getDCOFrequency             
00001ae1  free                           
00001bc5  setvbuf                        
00001d53  __aeabi_memcpy                 
00001d53  __aeabi_memcpy4                
00001d53  __aeabi_memcpy8                
00001d53  memcpy                         
00001def  __aeabi_uldivmod               
00001e85  SysCtl_A_getTLVInfo            
00001f19  fputc                          
00001f19  putc                           
00001fa5  __aeabi_cdcmpeq                
00001fa5  __aeabi_cdcmple                
0000202b  __aeabi_cdrcmple               
000020b1  delay_ms                       
00002131  main                           
0000222d  __aeabi_memclr                 
0000222d  __aeabi_memclr4                
0000222d  __aeabi_memclr8                
0000222f  __aeabi_memset                 
0000222f  __aeabi_memset4                
0000222f  __aeabi_memset8                
00002235  memset                         
000022a9  SystemInit                     
00002321  __TI_closefile                 
00002475  HOSTrename                     
000024e1  HOSTlseek                      
00002549  __TI_decompress_lzss           
000025b1  printf                         
00002619  frexp                          
00002619  frexpl                         
0000267d  fseek                          
00002743  __TI_wrt_ok                    
000027a5  HOSTopen                       
00002805  close                          
00002861  HOSTread                       
000028b9  HOSTwrite                      
00002967  __TI_ltoa                      
00002a0d  __TI_doflush                   
00002a59  atoi                           
00002aa5  exit                           
00002aed  __aeabi_d2iz                   
00002b35  HOSTclose                      
00002b79  HOSTunlink                     
00002bbd  __TI_auto_init_nobinit_nopinit 
00002c01  getdevice                      
00002c85  __TI_writemsg                  
00002cb3  C$$IO$$                        
00002cbd  strncpy                        
00002cf5  __TI_cleanup                   
00002d29  __TI_readmsg                   
00002d5d  _c_int00_noargs                
00002d91  CS_clearInterruptFlag          
00002dc1  finddevice                     
00002df1  __aeabi_i2d                    
00002e21  remove                         
00002e21  unlink                         
00002e4d  CS_getMCLK                     
00002e75  GPIO_setOutputLowOnPin         
00002ec5  lseek                          
00002eed  write                          
00002f15  memchr                         
00002f35  __TI_zero_init_nomemset        
00002f6d  memccpy                        
00002f89  copysign                       
00002f89  copysignl                      
00002fa3  strcmp                         
00002fbb  strchr                         
00002fd1  strcpy                         
00002fe5  strlen                         
00002ff9  wcslen                         
0000300b  __TI_decompress_none           
00003019  Reset_Handler                  
00003025  __aeabi_errno_addr             
0000302d  malloc                         
0000303d  _system_pre_init               
00003041  C$$EXIT                        
00003041  abort                          
00003044  _ctypes_                       
000031e0  __TI_Handler_Table_Base        
000031ec  __TI_Handler_Table_Limit       
000031f8  __TI_CINIT_Base                
00003208  __TI_CINIT_Limit               
20000000  __start___llvm_prf_cnts        
20000000  __stop___llvm_prf_cnts         
20000000  _sys_memory                    
20000800  _ftable                        
200008f0  _device                        
20000968  _stream                        
200009b8  __TI_ft_end                    
200009bc  __aeabi_stdin                  
200009c0  __aeabi_stdout                 
200009c4  __aeabi_stderr                 
200009c8  __TI_cleanup_ptr               
200009cc  __TI_dtors_ptr                 
200009d0  __TI_enable_exit_profile_output
200009d4  _lock                          
200009d8  _unlock                        
200009e4  errno                          
200009e8  __CIOBUF_                      
20000b08  __TI_tmpnams                   
20000bb0  parmbuf                        
20000bb8  count_us                       
20000bbc  current                        
20000bc0  duration                       
20000bc4  initial                        
2000fe00  __stack                        
20010000  __STACK_END                    
4000480c  WDTCTL_SYM                     
ffffffff  __TI_pprof_out_hndl            
ffffffff  __TI_prof_data_size            
ffffffff  __TI_prof_data_start           
ffffffff  __binit__                      
ffffffff  __c_args__                     
ffffffff  binit                          
UNDEFED   __mpu_init                     
UNDEFED   _system_post_cinit             

[187 symbols]
