******************************************************************************
                  TI ARM Linker Unix v20.2.2                   
******************************************************************************
>> Linked Wed Oct  7 16:37:46 2020

OUTPUT FILE NAME:   <Lab4Ex2.1.out>
ENTRY POINT SYMBOL: "_c_int00_noargs"  address: 00002d6d


MEMORY CONFIGURATION

         name            origin    length      used     unused   attr    fill
----------------------  --------  ---------  --------  --------  ----  --------
  MAIN                  00000000   00040000  000031fd  0003ce03  R  X
  INFO                  00200000   00004000  00000000  00004000  R  X
  SRAM_CODE             01000000   00010000  00000de0  0000f220  RW X
  SRAM_DATA             20000000   00010000  00000de0  0000f220  RW  


SEGMENT ALLOCATION MAP

run origin  load origin   length   init length attrs members
----------  ----------- ---------- ----------- ----- -------
00000000    00000000    00003200   00003200    r-x
  00000000    00000000    000000e4   000000e4    r-- .intvecs
  000000e4    000000e4    00002f78   00002f78    r-x .text
  0000305c    0000305c    00000101   00000101    r-- .const
  00003160    00003160    000000a0   000000a0    r-- .cinit
20000000    20000000    00000be0   00000000    rw-
  20000000    20000000    00000800   00000000    rw- .sysmem
  20000800    20000800    00000200   00000000    rw- .data
  20000a00    20000a00    000001e0   00000000    rw- .bss
2000fe00    2000fe00    00000200   00000000    rw-
  2000fe00    2000fe00    00000200   00000000    rw- .stack


SECTION ALLOCATION MAP

 output                                  attributes/
section   page    origin      length       input sections
--------  ----  ----------  ----------   ----------------
.intvecs   0    00000000    000000e4     
                  00000000    000000e4     startup_msp432p401r_ccs.obj (.intvecs:retain)

.text      0    000000e4    00002f78     
                  000000e4    00000a4e     rtsv7M4_T_le_v4SPD16_eabi.lib : _printfi.c.obj (.text:__TI_printfi)
                  00000b32    00000002     startup_msp432p401r_ccs.obj (.text:Default_Handler)
                  00000b34    00000270     rtsv7M4_T_le_v4SPD16_eabi.lib : _printfi.c.obj (.text:_pconv_a)
                  00000da4    000001d0                                   : _printfi.c.obj (.text:_pconv_g)
                  00000f74    000001b6                                   : fd_add_t2.asm.obj (.text)
                  0000112a    00000002                                   : _lock.c.obj (.text:_nop)
                  0000112c    0000013c                                   : _printfi.c.obj (.text:_pconv_e)
                  00001268    00000136                                   : fd_div_t2.asm.obj (.text)
                  0000139e    00000002                                   : div0.asm.obj (.text)
                  000013a0    00000124                                   : _printfi.c.obj (.text:fcvt)
                  000014c4    00000114                                   : fputs.c.obj (.text:fputs)
                  000015d8    00000110     main.obj (.text:main)
                  000016e8    00000110     rtsv7M4_T_le_v4SPD16_eabi.lib : s_scalbn.c.obj (.text:scalbn)
                  000017f8    00000104     msp432p4xx_driverlib.lib : cs.o (.text:_CSComputeCLKFrequency)
                  000018fc    00000100     rtsv7M4_T_le_v4SPD16_eabi.lib : memory.c.obj (.text:aligned_alloc)
                  000019fc    000000fc                                   : fd_mul_t2.asm.obj (.text)
                  00001af8    000000f8     msp432p4xx_driverlib.lib : cs.o (.text:CS_getDCOFrequency)
                  00001bf0    000000e4     rtsv7M4_T_le_v4SPD16_eabi.lib : memory.c.obj (.text:free)
                  00001cd4    000000dc                                   : setvbuf.c.obj (.text:setvbuf)
                  00001db0    000000b1                                   : _printfi.c.obj (.text:_ltostr)
                  00001e61    00000001     --HOLE-- [fill = 0]
                  00001e62    0000009c                                   : memcpy_t2.asm.obj (.text)
                  00001efe    00000096                                   : ull_div_t2.asm.obj (.text)
                  00001f94    00000094     msp432p4xx_driverlib.lib : sysctl_a.o (.text:SysCtl_A_getTLVInfo)
                  00002028    0000008c     rtsv7M4_T_le_v4SPD16_eabi.lib : fputc.c.obj (.text:fputc)
                  000020b4    00000086                                   : fd_cmp_t2.asm.obj (.text:__aeabi_cdcmple)
                  0000213a    00000086                                   : fd_cmp_t2.asm.obj (.text:__aeabi_cdrcmple)
                  000021c0    0000007c     msp432p4xx_driverlib.lib : cs.o (.text:_CSGetDOCFrequency)
                  0000223c    0000007a     rtsv7M4_T_le_v4SPD16_eabi.lib : memset_t2.asm.obj (.text)
                  000022b6    00000002     --HOLE-- [fill = 0]
                  000022b8    00000078     system_msp432p401r.obj (.text:SystemInit)
                  00002330    00000074     rtsv7M4_T_le_v4SPD16_eabi.lib : fclose.c.obj (.text:__TI_closefile)
                  000023a4    00000070                                   : memory.c.obj (.text:split)
                  00002414    0000006e                                   : _printfi.c.obj (.text:_mcpy)
                  00002482    00000002     --HOLE-- [fill = 0]
                  00002484    0000006c                                   : hostrename.c.obj (.text:HOSTrename)
                  000024f0    00000068                                   : hostlseek.c.obj (.text:HOSTlseek)
                  00002558    00000068                                   : copy_decompress_lzss.c.obj (.text:decompress:lzss:__TI_decompress_lzss)
                  000025c0    00000068                                   : printf.c.obj (.text:printf)
                  00002628    00000064                                   : s_frexp.c.obj (.text:frexp)
                  0000268c    00000064                                   : fseek.c.obj (.text:fseek)
                  000026f0    00000062     msp432p4xx_driverlib.lib : cs.o (.text:_CSGetDividerValue)
                  00002752    00000062     rtsv7M4_T_le_v4SPD16_eabi.lib : _io_perm.c.obj (.text:__TI_wrt_ok)
                  000027b4    00000060                                   : hostopen.c.obj (.text:HOSTopen)
                  00002814    0000005c                                   : close.c.obj (.text:close)
                  00002870    00000058                                   : hostread.c.obj (.text:HOSTread)
                  000028c8    00000058                                   : hostwrite.c.obj (.text:HOSTwrite)
                  00002920    00000056                                   : _printfi.c.obj (.text:_pconv_f)
                  00002976    00000054                                   : _ltoa.c.obj (.text:__TI_ltoa)
                  000029ca    00000052                                   : _printfi.c.obj (.text:_ecpy)
                  00002a1c    0000004c                                   : fflush.c.obj (.text:__TI_doflush)
                  00002a68    0000004c                                   : atoi.c.obj (.text:atoi)
                  00002ab4    00000048                                   : exit.c.obj (.text:exit)
                  00002afc    00000048                                   : fd_toi_t2.asm.obj (.text)
                  00002b44    00000044                                   : hostclose.c.obj (.text:HOSTclose)
                  00002b88    00000044                                   : hostunlink.c.obj (.text:HOSTunlink)
                  00002bcc    00000044                                   : autoinit.c.obj (.text:__TI_auto_init_nobinit_nopinit:__TI_auto_init_nobinit_nopinit)
                  00002c10    00000044                                   : getdevice.c.obj (.text:getdevice)
                  00002c54    0000003e                                   : _printfi.c.obj (.text:_fcpy)
                  00002c92    00000002     --HOLE-- [fill = 0]
                  00002c94    00000038                                   : trgmsg.c.obj (.text:__TI_writemsg)
                  00002ccc    00000036                                   : strncpy.c.obj (.text:strncpy)
                  00002d02    00000002     --HOLE-- [fill = 0]
                  00002d04    00000034                                   : fopen.c.obj (.text:__TI_cleanup)
                  00002d38    00000034                                   : trgmsg.c.obj (.text:__TI_readmsg)
                  00002d6c    00000034                                   : boot_cortex_m.c.obj (.text:_c_int00_noargs:_c_int00_noargs)
                  00002da0    00000030     msp432p4xx_driverlib.lib : cs.o (.text:CS_clearInterruptFlag)
                  00002dd0    00000030     main.obj (.text:delay_ms)
                  00002e00    00000030     rtsv7M4_T_le_v4SPD16_eabi.lib : getdevice.c.obj (.text:finddevice)
                  00002e30    0000002e                                   : i_tofd_t2.asm.obj (.text)
                  00002e5e    00000002     --HOLE-- [fill = 0]
                  00002e60    0000002c                                   : unlink.c.obj (.text:unlink)
                  00002e8c    00000028     msp432p4xx_driverlib.lib : cs.o (.text:CS_getMCLK)
                  00002eb4    00000028     rtsv7M4_T_le_v4SPD16_eabi.lib : memory.c.obj (.text:free_list_insert)
                  00002edc    00000028                                   : lseek.c.obj (.text:lseek)
                  00002f04    00000028                                   : write.c.obj (.text:write)
                  00002f2c    00000020                                   : memchr.c.obj (.text:memchr)
                  00002f4c    0000001c                                   : copy_zero_init.c.obj (.text:decompress:ZI:__TI_zero_init_nomemset:__TI_zero_init_nomemset)
                  00002f68    0000001c                                   : memory.c.obj (.text:free_list_remove)
                  00002f84    0000001c                                   : memccpy.c.obj (.text:memccpy)
                  00002fa0    0000001a                                   : s_copysign.c.obj (.text:copysign)
                  00002fba    00000018                                   : strcmp.c.obj (.text:strcmp)
                  00002fd2    00000016                                   : strchr.c.obj (.text:strchr)
                  00002fe8    00000014                                   : strcpy.c.obj (.text:strcpy)
                  00002ffc    00000014                                   : strlen.c.obj (.text:strlen)
                  00003010    00000012                                   : wcslen.c.obj (.text:wcslen)
                  00003022    0000000e                                   : copy_decompress_none.c.obj (.text:decompress:none:__TI_decompress_none)
                  00003030    0000000c     startup_msp432p401r_ccs.obj (.text:Reset_Handler)
                  0000303c    00000008     rtsv7M4_T_le_v4SPD16_eabi.lib : errno.c.obj (.text:__aeabi_errno_addr)
                  00003044    00000008                                   : memory.c.obj (.text:malloc)
                  0000304c    00000004                                   : printf.c.obj (.text:_outc)
                  00003050    00000004                                   : printf.c.obj (.text:_outs)
                  00003054    00000004                                   : pre_init.c.obj (.text:_system_pre_init)
                  00003058    00000004                                   : exit.c.obj (.text:abort:abort)

.const     0    0000305c    00000101     
                  0000305c    00000101     rtsv7M4_T_le_v4SPD16_eabi.lib : ctype.c.obj (.const:.string:_ctypes_)

.cinit     0    00003160    000000a0     
                  00003160    00000077     (.cinit..data.load) [load image, compression = lzss]
                  000031d7    00000001     --HOLE-- [fill = 0]
                  000031d8    0000000c     (__TI_handler_table)
                  000031e4    00000004     --HOLE-- [fill = 0]
                  000031e8    00000008     (.cinit..bss.load) [load image, compression = zero_init]
                  000031f0    00000010     (__TI_cinit_table)

.init_array 
*          0    00000000    00000000     UNINITIALIZED

.binit     0    00000000    00000000     

.sysmem    0    20000000    00000800     UNINITIALIZED
                  20000000    00000010     rtsv7M4_T_le_v4SPD16_eabi.lib : memory.c.obj (.sysmem)
                  20000010    000007f0     --HOLE--

.data      0    20000800    00000200     UNINITIALIZED
                  20000800    000000f0     rtsv7M4_T_le_v4SPD16_eabi.lib : defs.c.obj (.data:_ftable)
                  200008f0    00000078                                   : host_device.c.obj (.data:_device)
                  20000968    00000050                                   : host_device.c.obj (.data:_stream)
                  200009b8    00000018     main.obj (.data:timeArray)
                  200009d0    00000010     rtsv7M4_T_le_v4SPD16_eabi.lib : defs.c.obj (.data)
                  200009e0    0000000c                                   : exit.c.obj (.data:$O1$$)
                  200009ec    00000008                                   : _lock.c.obj (.data:$O1$$)
                  200009f4    00000008                                   : memory.c.obj (.data:$O1$$)
                  200009fc    00000004                                   : errno.c.obj (.data)

.bss       0    20000a00    000001e0     UNINITIALIZED
                  20000a00    00000120     rtsv7M4_T_le_v4SPD16_eabi.lib : trgmsg.c.obj (.bss:_CIOBUF_)
                  20000b20    000000a0     (.common:__TI_tmpnams)
                  20000bc0    00000008     msp432p4xx_driverlib.lib : cs.o (.bss)
                  20000bc8    00000008     (.common:parmbuf)
                  20000bd0    00000004     (.common:i)
                  20000bd4    00000004     (.common:t0)
                  20000bd8    00000004     (.common:t1)
                  20000bdc    00000004     (.common:temp)

.stack     0    2000fe00    00000200     UNINITIALIZED
                  2000fe00    00000004     rtsv7M4_T_le_v4SPD16_eabi.lib : boot_cortex_m.c.obj (.stack)
                  2000fe04    000001fc     --HOLE--

__llvm_prf_cnts 
*          0    20000000    00000000     UNINITIALIZED

MODULE SUMMARY

       Module                        code    ro data   rw data
       ------                        ----    -------   -------
    ./
       main.obj                      320     0         80     
       system_msp432p401r.obj        120     0         0      
    +--+-----------------------------+-------+---------+---------+
       Total:                        440     0         80     
                                                              
    ./ccs/
       startup_msp432p401r_ccs.obj   14      228       0      
    +--+-----------------------------+-------+---------+---------+
       Total:                        14      228       0      
                                                              
    /Applications/ti/ccs1010/ccs/tools/compiler/ti-cgt-arm_20.2.2.LTS/lib/rtsv7M4_T_le_v4SPD16_eabi.lib
       _printfi.c.obj                4851    0         0      
       defs.c.obj                    0       0         832    
       memory.c.obj                  672     0         16     
       trgmsg.c.obj                  108     0         576    
       fd_add_t2.asm.obj             438     0         0      
       host_device.c.obj             0       0         400    
       fd_div_t2.asm.obj             310     0         0      
       fputs.c.obj                   276     0         0      
       s_scalbn.c.obj                272     0         0      
       fd_cmp_t2.asm.obj             268     0         0      
       ctype.c.obj                   0       257       0      
       fd_mul_t2.asm.obj             252     0         0      
       setvbuf.c.obj                 220     0         0      
       memcpy_t2.asm.obj             156     0         0      
       ull_div_t2.asm.obj            150     0         0      
       fputc.c.obj                   140     0         0      
       memset_t2.asm.obj             122     0         0      
       fclose.c.obj                  116     0         0      
       getdevice.c.obj               116     0         0      
       hostopen.c.obj                96      0         16     
       printf.c.obj                  112     0         0      
       hostrename.c.obj              108     0         0      
       copy_decompress_lzss.c.obj    104     0         0      
       hostlseek.c.obj               104     0         0      
       exit.c.obj                    76      0         24     
       fseek.c.obj                   100     0         0      
       s_frexp.c.obj                 100     0         0      
       _io_perm.c.obj                98      0         0      
       close.c.obj                   92      0         0      
       hostread.c.obj                88      0         0      
       hostwrite.c.obj               88      0         0      
       _ltoa.c.obj                   84      0         0      
       atoi.c.obj                    76      0         0      
       fflush.c.obj                  76      0         0      
       fd_toi_t2.asm.obj             72      0         0      
       autoinit.c.obj                68      0         0      
       hostclose.c.obj               68      0         0      
       hostunlink.c.obj              68      0         0      
       strncpy.c.obj                 54      0         0      
       boot_cortex_m.c.obj           52      0         0      
       fopen.c.obj                   52      0         0      
       i_tofd_t2.asm.obj             46      0         0      
       unlink.c.obj                  44      0         0      
       lseek.c.obj                   40      0         0      
       write.c.obj                   40      0         0      
       memchr.c.obj                  32      0         0      
       copy_zero_init.c.obj          28      0         0      
       memccpy.c.obj                 28      0         0      
       s_copysign.c.obj              26      0         0      
       strcmp.c.obj                  24      0         0      
       strchr.c.obj                  22      0         0      
       strcpy.c.obj                  20      0         0      
       strlen.c.obj                  20      0         0      
       _lock.c.obj                   2       0         16     
       wcslen.c.obj                  18      0         0      
       errno.c.obj                   8       0         8      
       copy_decompress_none.c.obj    14      0         0      
       pre_init.c.obj                4       0         0      
       div0.asm.obj                  2       0         0      
    +--+-----------------------------+-------+---------+---------+
       Total:                        10721   257       1888   
                                                              
    /Users/phatle/ti/simplelink_msp432p4_sdk_3_40_01_02/source/ti/devices/msp432p4xx/driverlib/ccs/msp432p4xx_driverlib.lib
       cs.o                          818     0         16     
       sysctl_a.o                    148     0         0      
    +--+-----------------------------+-------+---------+---------+
       Total:                        966     0         16     
                                                              
       Heap:                         0       0         4096   
       Stack:                        0       0         1024   
       Linker Generated:             0       155       0      
    +--+-----------------------------+-------+---------+---------+
       Grand Total:                  12141   640       7104   


LINKER GENERATED COPY TABLES

__TI_cinit_table @ 000031f0 records: 2, size/record: 8, table size: 16
	.data: load addr=00003160, load size=00000077 bytes, run addr=20000800, run size=00000200 bytes, compression=lzss
	.bss: load addr=000031e8, load size=00000008 bytes, run addr=20000a00, run size=000001e0 bytes, compression=zero_init


LINKER GENERATED HANDLER TABLE

__TI_handler_table @ 000031d8 records: 3, size/record: 4, table size: 12
	index: 0, handler: __TI_decompress_lzss
	index: 1, handler: __TI_decompress_none
	index: 2, handler: __TI_zero_init


GLOBAL SYMBOLS: SORTED ALPHABETICALLY BY Name 

address   name                           
-------   ----                           
00000b33  ADC14_IRQHandler               
00000b33  AES256_IRQHandler              
00000b33  BusFault_Handler               
00003059  C$$EXIT                        
00002cc3  C$$IO$$                        
00000b33  COMP_E0_IRQHandler             
00000b33  COMP_E1_IRQHandler             
00000b33  CS_IRQHandler                  
00002da1  CS_clearInterruptFlag          
00001af9  CS_getDCOFrequency             
00002e8d  CS_getMCLK                     
00000b33  DMA_ERR_IRQHandler             
00000b33  DMA_INT0_IRQHandler            
00000b33  DMA_INT1_IRQHandler            
00000b33  DMA_INT2_IRQHandler            
00000b33  DMA_INT3_IRQHandler            
00000b33  DebugMon_Handler               
00000b33  Default_Handler                
00000b33  EUSCIA0_IRQHandler             
00000b33  EUSCIA1_IRQHandler             
00000b33  EUSCIA2_IRQHandler             
00000b33  EUSCIA3_IRQHandler             
00000b33  EUSCIB0_IRQHandler             
00000b33  EUSCIB1_IRQHandler             
00000b33  EUSCIB2_IRQHandler             
00000b33  EUSCIB3_IRQHandler             
00000b33  FLCTL_IRQHandler               
00000b33  FPU_IRQHandler                 
00002b45  HOSTclose                      
000024f1  HOSTlseek                      
000027b5  HOSTopen                       
00002871  HOSTread                       
00002485  HOSTrename                     
00002b89  HOSTunlink                     
000028c9  HOSTwrite                      
00000b33  HardFault_Handler              
00000b33  MemManage_Handler              
00000b33  NMI_Handler                    
00000b33  PCM_IRQHandler                 
00000b33  PORT1_IRQHandler               
00000b33  PORT2_IRQHandler               
00000b33  PORT3_IRQHandler               
00000b33  PORT4_IRQHandler               
00000b33  PORT5_IRQHandler               
00000b33  PORT6_IRQHandler               
00000b33  PSS_IRQHandler                 
00000b33  PendSV_Handler                 
00000b33  RTC_C_IRQHandler               
00003031  Reset_Handler                  
00000b33  SVC_Handler                    
00001f95  SysCtl_A_getTLVInfo            
00000b33  SysTick_Handler                
000022b9  SystemInit                     
00000b33  T32_INT1_IRQHandler            
00000b33  T32_INT2_IRQHandler            
00000b33  T32_INTC_IRQHandler            
00000b33  TA0_0_IRQHandler               
00000b33  TA0_N_IRQHandler               
00000b33  TA1_0_IRQHandler               
00000b33  TA1_N_IRQHandler               
00000b33  TA2_0_IRQHandler               
00000b33  TA2_N_IRQHandler               
00000b33  TA3_0_IRQHandler               
00000b33  TA3_N_IRQHandler               
00000b33  UsageFault_Handler             
4000480c  WDTCTL_SYM                     
00000b33  WDT_A_IRQHandler               
20000a00  __CIOBUF_                      
20010000  __STACK_END                    
00000200  __STACK_SIZE                   
00000800  __SYSMEM_SIZE                  
000031f0  __TI_CINIT_Base                
00003200  __TI_CINIT_Limit               
000031d8  __TI_Handler_Table_Base        
000031e4  __TI_Handler_Table_Limit       
00002bcd  __TI_auto_init_nobinit_nopinit 
00002d05  __TI_cleanup                   
200009e0  __TI_cleanup_ptr               
00002331  __TI_closefile                 
00002559  __TI_decompress_lzss           
00003023  __TI_decompress_none           
00002a1d  __TI_doflush                   
200009e4  __TI_dtors_ptr                 
200009e8  __TI_enable_exit_profile_output
200009d0  __TI_ft_end                    
00002977  __TI_ltoa                      
ffffffff  __TI_pprof_out_hndl            
000000e5  __TI_printfi                   
ffffffff  __TI_prof_data_size            
ffffffff  __TI_prof_data_start           
00002d39  __TI_readmsg                   
00000000  __TI_static_base__             
20000b20  __TI_tmpnams                   
00002c95  __TI_writemsg                  
00002753  __TI_wrt_ok                    
00002f4d  __TI_zero_init_nomemset        
000020b5  __aeabi_cdcmpeq                
000020b5  __aeabi_cdcmple                
0000213b  __aeabi_cdrcmple               
00002afd  __aeabi_d2iz                   
00000f7f  __aeabi_dadd                   
00001269  __aeabi_ddiv                   
000019fd  __aeabi_dmul                   
00000f75  __aeabi_dsub                   
0000303d  __aeabi_errno_addr             
00002e31  __aeabi_i2d                    
0000139f  __aeabi_idiv0                  
0000139f  __aeabi_ldiv0                  
0000223d  __aeabi_memclr                 
0000223d  __aeabi_memclr4                
0000223d  __aeabi_memclr8                
00001e63  __aeabi_memcpy                 
00001e63  __aeabi_memcpy4                
00001e63  __aeabi_memcpy8                
0000223f  __aeabi_memset                 
0000223f  __aeabi_memset4                
0000223f  __aeabi_memset8                
200009dc  __aeabi_stderr                 
200009d4  __aeabi_stdin                  
200009d8  __aeabi_stdout                 
00001eff  __aeabi_uldivmod               
ffffffff  __binit__                      
ffffffff  __c_args__                     
UNDEFED   __mpu_init                     
2000fe00  __stack                        
20000000  __start___llvm_prf_cnts        
20000000  __stop___llvm_prf_cnts         
00002d6d  _c_int00_noargs                
0000305c  _ctypes_                       
200008f0  _device                        
20000800  _ftable                        
200009ec  _lock                          
0000112b  _nop                           
20000968  _stream                        
20000000  _sys_memory                    
UNDEFED   _system_post_cinit             
00003055  _system_pre_init               
200009f0  _unlock                        
00003059  abort                          
000018fd  aligned_alloc                  
00002a69  atoi                           
ffffffff  binit                          
00002815  close                          
00002fa1  copysign                       
00002fa1  copysignl                      
00002dd1  delay_ms                       
200009fc  errno                          
00002ab5  exit                           
00002e01  finddevice                     
00002029  fputc                          
000014c5  fputs                          
00001bf1  free                           
00002629  frexp                          
00002629  frexpl                         
0000268d  fseek                          
00002c11  getdevice                      
20000bd0  i                              
00000000  interruptVectors               
000016e9  ldexp                          
000016e9  ldexpl                         
00002edd  lseek                          
000015d9  main                           
00003045  malloc                         
000018fd  memalign                       
00002f85  memccpy                        
00002f2d  memchr                         
00001e63  memcpy                         
00002245  memset                         
20000bc8  parmbuf                        
000025c1  printf                         
00002029  putc                           
00002e61  remove                         
000016e9  scalbn                         
000016e9  scalbnl                        
00001cd5  setvbuf                        
00002fd3  strchr                         
00002fbb  strcmp                         
00002fe9  strcpy                         
00002ffd  strlen                         
00002ccd  strncpy                        
20000bd4  t0                             
20000bd8  t1                             
20000bdc  temp                           
200009b8  timeArray                      
00002e61  unlink                         
00003011  wcslen                         
00002f05  write                          


GLOBAL SYMBOLS: SORTED BY Symbol Address 

address   name                           
-------   ----                           
00000000  __TI_static_base__             
00000000  interruptVectors               
000000e5  __TI_printfi                   
00000200  __STACK_SIZE                   
00000800  __SYSMEM_SIZE                  
00000b33  ADC14_IRQHandler               
00000b33  AES256_IRQHandler              
00000b33  BusFault_Handler               
00000b33  COMP_E0_IRQHandler             
00000b33  COMP_E1_IRQHandler             
00000b33  CS_IRQHandler                  
00000b33  DMA_ERR_IRQHandler             
00000b33  DMA_INT0_IRQHandler            
00000b33  DMA_INT1_IRQHandler            
00000b33  DMA_INT2_IRQHandler            
00000b33  DMA_INT3_IRQHandler            
00000b33  DebugMon_Handler               
00000b33  Default_Handler                
00000b33  EUSCIA0_IRQHandler             
00000b33  EUSCIA1_IRQHandler             
00000b33  EUSCIA2_IRQHandler             
00000b33  EUSCIA3_IRQHandler             
00000b33  EUSCIB0_IRQHandler             
00000b33  EUSCIB1_IRQHandler             
00000b33  EUSCIB2_IRQHandler             
00000b33  EUSCIB3_IRQHandler             
00000b33  FLCTL_IRQHandler               
00000b33  FPU_IRQHandler                 
00000b33  HardFault_Handler              
00000b33  MemManage_Handler              
00000b33  NMI_Handler                    
00000b33  PCM_IRQHandler                 
00000b33  PORT1_IRQHandler               
00000b33  PORT2_IRQHandler               
00000b33  PORT3_IRQHandler               
00000b33  PORT4_IRQHandler               
00000b33  PORT5_IRQHandler               
00000b33  PORT6_IRQHandler               
00000b33  PSS_IRQHandler                 
00000b33  PendSV_Handler                 
00000b33  RTC_C_IRQHandler               
00000b33  SVC_Handler                    
00000b33  SysTick_Handler                
00000b33  T32_INT1_IRQHandler            
00000b33  T32_INT2_IRQHandler            
00000b33  T32_INTC_IRQHandler            
00000b33  TA0_0_IRQHandler               
00000b33  TA0_N_IRQHandler               
00000b33  TA1_0_IRQHandler               
00000b33  TA1_N_IRQHandler               
00000b33  TA2_0_IRQHandler               
00000b33  TA2_N_IRQHandler               
00000b33  TA3_0_IRQHandler               
00000b33  TA3_N_IRQHandler               
00000b33  UsageFault_Handler             
00000b33  WDT_A_IRQHandler               
00000f75  __aeabi_dsub                   
00000f7f  __aeabi_dadd                   
0000112b  _nop                           
00001269  __aeabi_ddiv                   
0000139f  __aeabi_idiv0                  
0000139f  __aeabi_ldiv0                  
000014c5  fputs                          
000015d9  main                           
000016e9  ldexp                          
000016e9  ldexpl                         
000016e9  scalbn                         
000016e9  scalbnl                        
000018fd  aligned_alloc                  
000018fd  memalign                       
000019fd  __aeabi_dmul                   
00001af9  CS_getDCOFrequency             
00001bf1  free                           
00001cd5  setvbuf                        
00001e63  __aeabi_memcpy                 
00001e63  __aeabi_memcpy4                
00001e63  __aeabi_memcpy8                
00001e63  memcpy                         
00001eff  __aeabi_uldivmod               
00001f95  SysCtl_A_getTLVInfo            
00002029  fputc                          
00002029  putc                           
000020b5  __aeabi_cdcmpeq                
000020b5  __aeabi_cdcmple                
0000213b  __aeabi_cdrcmple               
0000223d  __aeabi_memclr                 
0000223d  __aeabi_memclr4                
0000223d  __aeabi_memclr8                
0000223f  __aeabi_memset                 
0000223f  __aeabi_memset4                
0000223f  __aeabi_memset8                
00002245  memset                         
000022b9  SystemInit                     
00002331  __TI_closefile                 
00002485  HOSTrename                     
000024f1  HOSTlseek                      
00002559  __TI_decompress_lzss           
000025c1  printf                         
00002629  frexp                          
00002629  frexpl                         
0000268d  fseek                          
00002753  __TI_wrt_ok                    
000027b5  HOSTopen                       
00002815  close                          
00002871  HOSTread                       
000028c9  HOSTwrite                      
00002977  __TI_ltoa                      
00002a1d  __TI_doflush                   
00002a69  atoi                           
00002ab5  exit                           
00002afd  __aeabi_d2iz                   
00002b45  HOSTclose                      
00002b89  HOSTunlink                     
00002bcd  __TI_auto_init_nobinit_nopinit 
00002c11  getdevice                      
00002c95  __TI_writemsg                  
00002cc3  C$$IO$$                        
00002ccd  strncpy                        
00002d05  __TI_cleanup                   
00002d39  __TI_readmsg                   
00002d6d  _c_int00_noargs                
00002da1  CS_clearInterruptFlag          
00002dd1  delay_ms                       
00002e01  finddevice                     
00002e31  __aeabi_i2d                    
00002e61  remove                         
00002e61  unlink                         
00002e8d  CS_getMCLK                     
00002edd  lseek                          
00002f05  write                          
00002f2d  memchr                         
00002f4d  __TI_zero_init_nomemset        
00002f85  memccpy                        
00002fa1  copysign                       
00002fa1  copysignl                      
00002fbb  strcmp                         
00002fd3  strchr                         
00002fe9  strcpy                         
00002ffd  strlen                         
00003011  wcslen                         
00003023  __TI_decompress_none           
00003031  Reset_Handler                  
0000303d  __aeabi_errno_addr             
00003045  malloc                         
00003055  _system_pre_init               
00003059  C$$EXIT                        
00003059  abort                          
0000305c  _ctypes_                       
000031d8  __TI_Handler_Table_Base        
000031e4  __TI_Handler_Table_Limit       
000031f0  __TI_CINIT_Base                
00003200  __TI_CINIT_Limit               
20000000  __start___llvm_prf_cnts        
20000000  __stop___llvm_prf_cnts         
20000000  _sys_memory                    
20000800  _ftable                        
200008f0  _device                        
20000968  _stream                        
200009b8  timeArray                      
200009d0  __TI_ft_end                    
200009d4  __aeabi_stdin                  
200009d8  __aeabi_stdout                 
200009dc  __aeabi_stderr                 
200009e0  __TI_cleanup_ptr               
200009e4  __TI_dtors_ptr                 
200009e8  __TI_enable_exit_profile_output
200009ec  _lock                          
200009f0  _unlock                        
200009fc  errno                          
20000a00  __CIOBUF_                      
20000b20  __TI_tmpnams                   
20000bc8  parmbuf                        
20000bd0  i                              
20000bd4  t0                             
20000bd8  t1                             
20000bdc  temp                           
2000fe00  __stack                        
20010000  __STACK_END                    
4000480c  WDTCTL_SYM                     
ffffffff  __TI_pprof_out_hndl            
ffffffff  __TI_prof_data_size            
ffffffff  __TI_prof_data_start           
ffffffff  __binit__                      
ffffffff  __c_args__                     
ffffffff  binit                          
UNDEFED   __mpu_init                     
UNDEFED   _system_post_cinit             

[187 symbols]
