******************************************************************************
                  TI ARM Linker Unix v20.2.2                   
******************************************************************************
>> Linked Tue Nov  3 14:15:45 2020

OUTPUT FILE NAME:   <Lab6Ex2.out>
ENTRY POINT SYMBOL: "_c_int00_noargs"  address: 00003189


MEMORY CONFIGURATION

         name            origin    length      used     unused   attr    fill
----------------------  --------  ---------  --------  --------  ----  --------
  MAIN                  00000000   00040000  00003864  0003c79c  R  X
  INFO                  00200000   00004000  00000000  00004000  R  X
  SRAM_CODE             01000000   00010000  00000db9  0000f247  RW X
  SRAM_DATA             20000000   00010000  00000db9  0000f247  RW  


SEGMENT ALLOCATION MAP

run origin  load origin   length   init length attrs members
----------  ----------- ---------- ----------- ----- -------
00000000    00000000    00003868   00003868    r-x
  00000000    00000000    000000e4   000000e4    r-- .intvecs
  000000e4    000000e4    00003564   00003564    r-x .text
  00003648    00003648    0000018c   0000018c    r-- .const
  000037d8    000037d8    00000090   00000090    r-- .cinit
20000000    20000000    00000bb9   00000000    rw-
  20000000    20000000    00000800   00000000    rw- .sysmem
  20000800    20000800    000001e8   00000000    rw- .data
  200009e8    200009e8    000001d1   00000000    rw- .bss
2000fe00    2000fe00    00000200   00000000    rw-
  2000fe00    2000fe00    00000200   00000000    rw- .stack


SECTION ALLOCATION MAP

 output                                  attributes/
section   page    origin      length       input sections
--------  ----  ----------  ----------   ----------------
.intvecs   0    00000000    000000e4     
                  00000000    000000e4     startup_msp432p401r_ccs.obj (.intvecs:retain)

.text      0    000000e4    00003564     
                  000000e4    00000a4e     rtsv7M4_T_le_v4SPD16_eabi.lib : _printfi.c.obj (.text:__TI_printfi)
                  00000b32    00000002     startup_msp432p401r_ccs.obj (.text:Default_Handler)
                  00000b34    00000270     rtsv7M4_T_le_v4SPD16_eabi.lib : _printfi.c.obj (.text:_pconv_a)
                  00000da4    000001d0                                   : _printfi.c.obj (.text:_pconv_g)
                  00000f74    000001b6                                   : fd_add_t2.asm.obj (.text)
                  0000112a    00000002                                   : _lock.c.obj (.text:_nop)
                  0000112c    00000160     msp432p4xx_driverlib.lib : adc14.o (.text:_getIndexForMemRegister)
                  0000128c    0000013c     rtsv7M4_T_le_v4SPD16_eabi.lib : _printfi.c.obj (.text:_pconv_e)
                  000013c8    00000136                                   : fd_div_t2.asm.obj (.text)
                  000014fe    00000002                                   : div0.asm.obj (.text)
                  00001500    00000128     main.obj (.text:main)
                  00001628    00000124     rtsv7M4_T_le_v4SPD16_eabi.lib : _printfi.c.obj (.text:fcvt)
                  0000174c    00000114                                   : fputs.c.obj (.text:fputs)
                  00001860    00000110                                   : s_scalbn.c.obj (.text:scalbn)
                  00001970    00000104     msp432p4xx_driverlib.lib : cs.o (.text:_CSComputeCLKFrequency)
                  00001a74    00000100     rtsv7M4_T_le_v4SPD16_eabi.lib : memory.c.obj (.text:aligned_alloc)
                  00001b74    000000fc                                   : fd_mul_t2.asm.obj (.text)
                  00001c70    000000f8     msp432p4xx_driverlib.lib : cs.o (.text:CS_getDCOFrequency)
                  00001d68    000000e4     rtsv7M4_T_le_v4SPD16_eabi.lib : memory.c.obj (.text:free)
                  00001e4c    000000dc                                   : setvbuf.c.obj (.text:setvbuf)
                  00001f28    000000b4     msp432p4xx_driverlib.lib : adc14.o (.text:ADC14_configureConversionMemory)
                  00001fdc    000000b1     rtsv7M4_T_le_v4SPD16_eabi.lib : _printfi.c.obj (.text:_ltostr)
                  0000208d    00000001     --HOLE-- [fill = 0]
                  0000208e    0000009c                                   : memcpy_t2.asm.obj (.text)
                  0000212a    00000096                                   : ull_div_t2.asm.obj (.text)
                  000021c0    00000094     msp432p4xx_driverlib.lib : sysctl_a.o (.text:SysCtl_A_getTLVInfo)
                  00002254    0000008c     rtsv7M4_T_le_v4SPD16_eabi.lib : fputc.c.obj (.text:fputc)
                  000022e0    00000086                                   : fd_cmp_t2.asm.obj (.text:__aeabi_cdcmple)
                  00002366    00000086                                   : fd_cmp_t2.asm.obj (.text:__aeabi_cdrcmple)
                  000023ec    00000080     msp432p4xx_driverlib.lib : interrupt.o (.text:Interrupt_enableInterrupt)
                  0000246c    0000007c                              : cs.o (.text:_CSGetDOCFrequency)
                  000024e8    0000007a     rtsv7M4_T_le_v4SPD16_eabi.lib : memset_t2.asm.obj (.text)
                  00002562    00000002     --HOLE-- [fill = 0]
                  00002564    00000078     system_msp432p401r.obj (.text:SystemInit)
                  000025dc    00000074     rtsv7M4_T_le_v4SPD16_eabi.lib : fclose.c.obj (.text:__TI_closefile)
                  00002650    00000070                                   : memory.c.obj (.text:split)
                  000026c0    0000006e                                   : _printfi.c.obj (.text:_mcpy)
                  0000272e    00000002     --HOLE-- [fill = 0]
                  00002730    0000006c                                   : hostrename.c.obj (.text:HOSTrename)
                  0000279c    00000068                                   : hostlseek.c.obj (.text:HOSTlseek)
                  00002804    00000068                                   : copy_decompress_lzss.c.obj (.text:decompress:lzss:__TI_decompress_lzss)
                  0000286c    00000068                                   : printf.c.obj (.text:printf)
                  000028d4    00000064                                   : s_frexp.c.obj (.text:frexp)
                  00002938    00000064                                   : fseek.c.obj (.text:fseek)
                  0000299c    00000062     msp432p4xx_driverlib.lib : cs.o (.text:_CSGetDividerValue)
                  000029fe    00000062     rtsv7M4_T_le_v4SPD16_eabi.lib : _io_perm.c.obj (.text:__TI_wrt_ok)
                  00002a60    00000060                                   : hostopen.c.obj (.text:HOSTopen)
                  00002ac0    0000005c                                   : close.c.obj (.text:close)
                  00002b1c    00000058     msp432p4xx_driverlib.lib : adc14.o (.text:ADC14_configureSingleSampleMode)
                  00002b74    00000058     rtsv7M4_T_le_v4SPD16_eabi.lib : hostread.c.obj (.text:HOSTread)
                  00002bcc    00000058                                   : hostwrite.c.obj (.text:HOSTwrite)
                  00002c24    00000056                                   : _printfi.c.obj (.text:_pconv_f)
                  00002c7a    00000002     --HOLE-- [fill = 0]
                  00002c7c    00000054     msp432p4xx_driverlib.lib : adc14.o (.text:ADC14_initModule)
                  00002cd0    00000054     rtsv7M4_T_le_v4SPD16_eabi.lib : _ltoa.c.obj (.text:__TI_ltoa)
                  00002d24    00000054     main.obj (.text:delay_ms)
                  00002d78    00000052     rtsv7M4_T_le_v4SPD16_eabi.lib : _printfi.c.obj (.text:_ecpy)
                  00002dca    0000004c                                   : fflush.c.obj (.text:__TI_doflush)
                  00002e16    00000002     --HOLE-- [fill = 0]
                  00002e18    0000004c                                   : atoi.c.obj (.text:atoi)
                  00002e64    00000048                                   : exit.c.obj (.text:exit)
                  00002eac    00000048                                   : fd_toi_t2.asm.obj (.text)
                  00002ef4    00000044                                   : hostclose.c.obj (.text:HOSTclose)
                  00002f38    00000044                                   : hostunlink.c.obj (.text:HOSTunlink)
                  00002f7c    00000044                                   : autoinit.c.obj (.text:__TI_auto_init_nobinit_nopinit:__TI_auto_init_nobinit_nopinit)
                  00002fc0    00000044                                   : getdevice.c.obj (.text:getdevice)
                  00003004    0000003e                                   : _printfi.c.obj (.text:_fcpy)
                  00003042    00000002     --HOLE-- [fill = 0]
                  00003044    00000038     msp432p4xx_driverlib.lib : adc14.o (.text:ADC14_getEnabledInterruptStatus)
                  0000307c    00000038     rtsv7M4_T_le_v4SPD16_eabi.lib : trgmsg.c.obj (.text:__TI_writemsg)
                  000030b4    00000036                                   : strncpy.c.obj (.text:strncpy)
                  000030ea    00000002     --HOLE-- [fill = 0]
                  000030ec    00000034     msp432p4xx_driverlib.lib : adc14.o (.text:ADC14_enableSampleTimer)
                  00003120    00000034     rtsv7M4_T_le_v4SPD16_eabi.lib : fopen.c.obj (.text:__TI_cleanup)
                  00003154    00000034                                   : trgmsg.c.obj (.text:__TI_readmsg)
                  00003188    00000034                                   : boot_cortex_m.c.obj (.text:_c_int00_noargs:_c_int00_noargs)
                  000031bc    00000030     main.obj (.text:ADC14_IRQHandler)
                  000031ec    00000030     msp432p4xx_driverlib.lib : adc14.o (.text:ADC14_clearInterruptFlag)
                  0000321c    00000030                              : adc14.o (.text:ADC14_enableInterrupt)
                  0000324c    00000030                              : adc14.o (.text:ADC14_setSampleHoldTime)
                  0000327c    00000030                              : cs.o (.text:CS_clearInterruptFlag)
                  000032ac    00000030     rtsv7M4_T_le_v4SPD16_eabi.lib : getdevice.c.obj (.text:finddevice)
                  000032dc    0000002e                                   : i_tofd_t2.asm.obj (.text)
                  0000330a    00000002     --HOLE-- [fill = 0]
                  0000330c    0000002c     msp432p4xx_driverlib.lib : adc14.o (.text:ADC14_getInterruptStatus)
                  00003338    0000002c                              : adc14.o (.text:ADC14_toggleConversionTrigger)
                  00003364    0000002c     rtsv7M4_T_le_v4SPD16_eabi.lib : unlink.c.obj (.text:unlink)
                  00003390    00000028     msp432p4xx_driverlib.lib : adc14.o (.text:ADC14_enableConversion)
                  000033b8    00000028                              : adc14.o (.text:ADC14_getResult)
                  000033e0    00000028                              : cs.o (.text:CS_getMCLK)
                  00003408    00000028     rtsv7M4_T_le_v4SPD16_eabi.lib : memory.c.obj (.text:free_list_insert)
                  00003430    00000028                                   : lseek.c.obj (.text:lseek)
                  00003458    00000028                                   : write.c.obj (.text:write)
                  00003480    00000024     msp432p4xx_driverlib.lib : wdt_a.o (.text:WDT_A_holdTimer)
                  000034a4    00000020                              : ref_a.o (.text:REF_A_setReferenceVoltage)
                  000034c4    00000020     rtsv7M4_T_le_v4SPD16_eabi.lib : memchr.c.obj (.text:memchr)
                  000034e4    0000001c                                   : copy_zero_init.c.obj (.text:decompress:ZI:__TI_zero_init_nomemset:__TI_zero_init_nomemset)
                  00003500    0000001c                                   : memory.c.obj (.text:free_list_remove)
                  0000351c    0000001c                                   : memccpy.c.obj (.text:memccpy)
                  00003538    0000001a                                   : s_copysign.c.obj (.text:copysign)
                  00003552    00000018                                   : strcmp.c.obj (.text:strcmp)
                  0000356a    00000016                                   : strchr.c.obj (.text:strchr)
                  00003580    00000014                                   : strcpy.c.obj (.text:strcpy)
                  00003594    00000014                                   : strlen.c.obj (.text:strlen)
                  000035a8    00000012                                   : wcslen.c.obj (.text:wcslen)
                  000035ba    00000002     --HOLE-- [fill = 0]
                  000035bc    00000010     msp432p4xx_driverlib.lib : adc14.o (.text:ADCIsConversionRunning)
                  000035cc    00000010                              : interrupt.o (.text:Interrupt_enableMaster)
                  000035dc    0000000e     rtsv7M4_T_le_v4SPD16_eabi.lib : copy_decompress_none.c.obj (.text:decompress:none:__TI_decompress_none)
                  000035ea    00000002     --HOLE-- [fill = 0]
                  000035ec    0000000c     msp432p4xx_driverlib.lib : adc14.o (.text:ADC14_enableModule)
                  000035f8    0000000c                              : cpu.o (.text:CPU_cpsie)
                  00003604    0000000c                              : ref_a.o (.text:REF_A_enableReferenceVoltage)
                  00003610    0000000c                              : ref_a.o (.text:REF_A_enableTempSensor)
                  0000361c    0000000c     startup_msp432p401r_ccs.obj (.text:Reset_Handler)
                  00003628    00000008     rtsv7M4_T_le_v4SPD16_eabi.lib : errno.c.obj (.text:__aeabi_errno_addr)
                  00003630    00000008                                   : memory.c.obj (.text:malloc)
                  00003638    00000004                                   : printf.c.obj (.text:_outc)
                  0000363c    00000004                                   : printf.c.obj (.text:_outs)
                  00003640    00000004                                   : pre_init.c.obj (.text:_system_pre_init)
                  00003644    00000004                                   : exit.c.obj (.text:abort:abort)

.const     0    00003648    0000018c     
                  00003648    00000101     rtsv7M4_T_le_v4SPD16_eabi.lib : ctype.c.obj (.const:.string:_ctypes_)
                  00003749    00000003     --HOLE-- [fill = 0]
                  0000374c    00000080     msp432p4xx_driverlib.lib : adc14.o (.const:_ctlRegs)
                  000037cc    00000008                              : interrupt.o (.const:g_pulEnRegs)

.cinit     0    000037d8    00000090     
                  000037d8    00000069     (.cinit..data.load) [load image, compression = lzss]
                  00003841    00000003     --HOLE-- [fill = 0]
                  00003844    0000000c     (__TI_handler_table)
                  00003850    00000008     (.cinit..bss.load) [load image, compression = zero_init]
                  00003858    00000010     (__TI_cinit_table)

.init_array 
*          0    00000000    00000000     UNINITIALIZED

.binit     0    00000000    00000000     

.sysmem    0    20000000    00000800     UNINITIALIZED
                  20000000    00000010     rtsv7M4_T_le_v4SPD16_eabi.lib : memory.c.obj (.sysmem)
                  20000010    000007f0     --HOLE--

.data      0    20000800    000001e8     UNINITIALIZED
                  20000800    000000f0     rtsv7M4_T_le_v4SPD16_eabi.lib : defs.c.obj (.data:_ftable)
                  200008f0    00000078                                   : host_device.c.obj (.data:_device)
                  20000968    00000050                                   : host_device.c.obj (.data:_stream)
                  200009b8    00000010                                   : defs.c.obj (.data)
                  200009c8    0000000c                                   : exit.c.obj (.data:$O1$$)
                  200009d4    00000008                                   : _lock.c.obj (.data:$O1$$)
                  200009dc    00000008                                   : memory.c.obj (.data:$O1$$)
                  200009e4    00000004                                   : errno.c.obj (.data)

.bss       0    200009e8    000001d1     UNINITIALIZED
                  200009e8    00000120     rtsv7M4_T_le_v4SPD16_eabi.lib : trgmsg.c.obj (.bss:_CIOBUF_)
                  20000b08    000000a0     (.common:__TI_tmpnams)
                  20000ba8    00000008     msp432p4xx_driverlib.lib : cs.o (.bss)
                  20000bb0    00000008     (.common:parmbuf)
                  20000bb8    00000001     (.common:adc_done)

.stack     0    2000fe00    00000200     UNINITIALIZED
                  2000fe00    00000004     rtsv7M4_T_le_v4SPD16_eabi.lib : boot_cortex_m.c.obj (.stack)
                  2000fe04    000001fc     --HOLE--

__llvm_prf_cnts 
*          0    20000000    00000000     UNINITIALIZED

MODULE SUMMARY

       Module                        code    ro data   rw data
       ------                        ----    -------   -------
    ./
       main.obj                      428     0         2      
       system_msp432p401r.obj        120     0         0      
    +--+-----------------------------+-------+---------+---------+
       Total:                        548     0         2      
                                                              
    ./ccs/
       startup_msp432p401r_ccs.obj   14      228       0      
    +--+-----------------------------+-------+---------+---------+
       Total:                        14      228       0      
                                                              
    /Applications/ti/ccs1010/ccs/tools/compiler/ti-cgt-arm_20.2.2.LTS/lib/rtsv7M4_T_le_v4SPD16_eabi.lib
       _printfi.c.obj                4851    0         0      
       defs.c.obj                    0       0         832    
       memory.c.obj                  672     0         16     
       trgmsg.c.obj                  108     0         576    
       fd_add_t2.asm.obj             438     0         0      
       host_device.c.obj             0       0         400    
       fd_div_t2.asm.obj             310     0         0      
       fputs.c.obj                   276     0         0      
       s_scalbn.c.obj                272     0         0      
       fd_cmp_t2.asm.obj             268     0         0      
       ctype.c.obj                   0       257       0      
       fd_mul_t2.asm.obj             252     0         0      
       setvbuf.c.obj                 220     0         0      
       memcpy_t2.asm.obj             156     0         0      
       ull_div_t2.asm.obj            150     0         0      
       fputc.c.obj                   140     0         0      
       memset_t2.asm.obj             122     0         0      
       fclose.c.obj                  116     0         0      
       getdevice.c.obj               116     0         0      
       hostopen.c.obj                96      0         16     
       printf.c.obj                  112     0         0      
       hostrename.c.obj              108     0         0      
       copy_decompress_lzss.c.obj    104     0         0      
       hostlseek.c.obj               104     0         0      
       exit.c.obj                    76      0         24     
       fseek.c.obj                   100     0         0      
       s_frexp.c.obj                 100     0         0      
       _io_perm.c.obj                98      0         0      
       close.c.obj                   92      0         0      
       hostread.c.obj                88      0         0      
       hostwrite.c.obj               88      0         0      
       _ltoa.c.obj                   84      0         0      
       atoi.c.obj                    76      0         0      
       fflush.c.obj                  76      0         0      
       fd_toi_t2.asm.obj             72      0         0      
       autoinit.c.obj                68      0         0      
       hostclose.c.obj               68      0         0      
       hostunlink.c.obj              68      0         0      
       strncpy.c.obj                 54      0         0      
       boot_cortex_m.c.obj           52      0         0      
       fopen.c.obj                   52      0         0      
       i_tofd_t2.asm.obj             46      0         0      
       unlink.c.obj                  44      0         0      
       lseek.c.obj                   40      0         0      
       write.c.obj                   40      0         0      
       memchr.c.obj                  32      0         0      
       copy_zero_init.c.obj          28      0         0      
       memccpy.c.obj                 28      0         0      
       s_copysign.c.obj              26      0         0      
       strcmp.c.obj                  24      0         0      
       strchr.c.obj                  22      0         0      
       strcpy.c.obj                  20      0         0      
       strlen.c.obj                  20      0         0      
       _lock.c.obj                   2       0         16     
       wcslen.c.obj                  18      0         0      
       errno.c.obj                   8       0         8      
       copy_decompress_none.c.obj    14      0         0      
       pre_init.c.obj                4       0         0      
       div0.asm.obj                  2       0         0      
    +--+-----------------------------+-------+---------+---------+
       Total:                        10721   257       1888   
                                                              
    /Users/phatle/ti/simplelink_msp432p4_sdk_3_40_01_02/source/ti/devices/msp432p4xx/driverlib/ccs/msp432p4xx_driverlib.lib
       adc14.o                       1152    128       0      
       cs.o                          818     0         16     
       interrupt.o                   144     8         0      
       sysctl_a.o                    148     0         0      
       ref_a.o                       56      0         0      
       wdt_a.o                       36      0         0      
       cpu.o                         12      0         0      
    +--+-----------------------------+-------+---------+---------+
       Total:                        2366    136       16     
                                                              
       Heap:                         0       0         4096   
       Stack:                        0       0         1024   
       Linker Generated:             0       141       0      
    +--+-----------------------------+-------+---------+---------+
       Grand Total:                  13649   762       7026   


LINKER GENERATED COPY TABLES

__TI_cinit_table @ 00003858 records: 2, size/record: 8, table size: 16
	.data: load addr=000037d8, load size=00000069 bytes, run addr=20000800, run size=000001e8 bytes, compression=lzss
	.bss: load addr=00003850, load size=00000008 bytes, run addr=200009e8, run size=000001d1 bytes, compression=zero_init


LINKER GENERATED HANDLER TABLE

__TI_handler_table @ 00003844 records: 3, size/record: 4, table size: 12
	index: 0, handler: __TI_decompress_lzss
	index: 1, handler: __TI_decompress_none
	index: 2, handler: __TI_zero_init


GLOBAL SYMBOLS: SORTED ALPHABETICALLY BY Name 

address   name                           
-------   ----                           
000031bd  ADC14_IRQHandler               
000031bd  ADC14_IRQHandler               
000031ed  ADC14_clearInterruptFlag       
00001f29  ADC14_configureConversionMemory
00002b1d  ADC14_configureSingleSampleMode
00003391  ADC14_enableConversion         
0000321d  ADC14_enableInterrupt          
000035ed  ADC14_enableModule             
000030ed  ADC14_enableSampleTimer        
00003045  ADC14_getEnabledInterruptStatus
0000330d  ADC14_getInterruptStatus       
000033b9  ADC14_getResult                
00002c7d  ADC14_initModule               
0000324d  ADC14_setSampleHoldTime        
00003339  ADC14_toggleConversionTrigger  
00000b33  AES256_IRQHandler              
00000b33  BusFault_Handler               
00003645  C$$EXIT                        
000030ab  C$$IO$$                        
00000b33  COMP_E0_IRQHandler             
00000b33  COMP_E1_IRQHandler             
000035f9  CPU_cpsie                      
00000b33  CS_IRQHandler                  
0000327d  CS_clearInterruptFlag          
00001c71  CS_getDCOFrequency             
000033e1  CS_getMCLK                     
00000b33  DMA_ERR_IRQHandler             
00000b33  DMA_INT0_IRQHandler            
00000b33  DMA_INT1_IRQHandler            
00000b33  DMA_INT2_IRQHandler            
00000b33  DMA_INT3_IRQHandler            
00000b33  DebugMon_Handler               
00000b33  Default_Handler                
00000b33  EUSCIA0_IRQHandler             
00000b33  EUSCIA1_IRQHandler             
00000b33  EUSCIA2_IRQHandler             
00000b33  EUSCIA3_IRQHandler             
00000b33  EUSCIB0_IRQHandler             
00000b33  EUSCIB1_IRQHandler             
00000b33  EUSCIB2_IRQHandler             
00000b33  EUSCIB3_IRQHandler             
00000b33  FLCTL_IRQHandler               
00000b33  FPU_IRQHandler                 
00002ef5  HOSTclose                      
0000279d  HOSTlseek                      
00002a61  HOSTopen                       
00002b75  HOSTread                       
00002731  HOSTrename                     
00002f39  HOSTunlink                     
00002bcd  HOSTwrite                      
00000b33  HardFault_Handler              
000023ed  Interrupt_enableInterrupt      
000035cd  Interrupt_enableMaster         
00000b33  MemManage_Handler              
00000b33  NMI_Handler                    
00000b33  PCM_IRQHandler                 
00000b33  PORT1_IRQHandler               
00000b33  PORT2_IRQHandler               
00000b33  PORT3_IRQHandler               
00000b33  PORT4_IRQHandler               
00000b33  PORT5_IRQHandler               
00000b33  PORT6_IRQHandler               
00000b33  PSS_IRQHandler                 
00000b33  PendSV_Handler                 
00003605  REF_A_enableReferenceVoltage   
00003611  REF_A_enableTempSensor         
000034a5  REF_A_setReferenceVoltage      
00000b33  RTC_C_IRQHandler               
0000361d  Reset_Handler                  
00000b33  SVC_Handler                    
000021c1  SysCtl_A_getTLVInfo            
00000b33  SysTick_Handler                
00002565  SystemInit                     
00000b33  T32_INT1_IRQHandler            
00000b33  T32_INT2_IRQHandler            
00000b33  T32_INTC_IRQHandler            
00000b33  TA0_0_IRQHandler               
00000b33  TA0_N_IRQHandler               
00000b33  TA1_0_IRQHandler               
00000b33  TA1_N_IRQHandler               
00000b33  TA2_0_IRQHandler               
00000b33  TA2_N_IRQHandler               
00000b33  TA3_0_IRQHandler               
00000b33  TA3_N_IRQHandler               
00000b33  UsageFault_Handler             
4000480c  WDTCTL_SYM                     
00000b33  WDT_A_IRQHandler               
00003481  WDT_A_holdTimer                
200009e8  __CIOBUF_                      
20010000  __STACK_END                    
00000200  __STACK_SIZE                   
00000800  __SYSMEM_SIZE                  
00003858  __TI_CINIT_Base                
00003868  __TI_CINIT_Limit               
00003844  __TI_Handler_Table_Base        
00003850  __TI_Handler_Table_Limit       
00002f7d  __TI_auto_init_nobinit_nopinit 
00003121  __TI_cleanup                   
200009c8  __TI_cleanup_ptr               
000025dd  __TI_closefile                 
00002805  __TI_decompress_lzss           
000035dd  __TI_decompress_none           
00002dcb  __TI_doflush                   
200009cc  __TI_dtors_ptr                 
200009d0  __TI_enable_exit_profile_output
200009b8  __TI_ft_end                    
00002cd1  __TI_ltoa                      
ffffffff  __TI_pprof_out_hndl            
000000e5  __TI_printfi                   
ffffffff  __TI_prof_data_size            
ffffffff  __TI_prof_data_start           
00003155  __TI_readmsg                   
00000000  __TI_static_base__             
20000b08  __TI_tmpnams                   
0000307d  __TI_writemsg                  
000029ff  __TI_wrt_ok                    
000034e5  __TI_zero_init_nomemset        
000022e1  __aeabi_cdcmpeq                
000022e1  __aeabi_cdcmple                
00002367  __aeabi_cdrcmple               
00002ead  __aeabi_d2iz                   
00000f7f  __aeabi_dadd                   
000013c9  __aeabi_ddiv                   
00001b75  __aeabi_dmul                   
00000f75  __aeabi_dsub                   
00003629  __aeabi_errno_addr             
000032dd  __aeabi_i2d                    
000014ff  __aeabi_idiv0                  
000014ff  __aeabi_ldiv0                  
000024e9  __aeabi_memclr                 
000024e9  __aeabi_memclr4                
000024e9  __aeabi_memclr8                
0000208f  __aeabi_memcpy                 
0000208f  __aeabi_memcpy4                
0000208f  __aeabi_memcpy8                
000024eb  __aeabi_memset                 
000024eb  __aeabi_memset4                
000024eb  __aeabi_memset8                
200009c4  __aeabi_stderr                 
200009bc  __aeabi_stdin                  
200009c0  __aeabi_stdout                 
0000212b  __aeabi_uldivmod               
ffffffff  __binit__                      
ffffffff  __c_args__                     
UNDEFED   __mpu_init                     
2000fe00  __stack                        
20000000  __start___llvm_prf_cnts        
20000000  __stop___llvm_prf_cnts         
00003189  _c_int00_noargs                
00003648  _ctypes_                       
200008f0  _device                        
20000800  _ftable                        
200009d4  _lock                          
0000112b  _nop                           
20000968  _stream                        
20000000  _sys_memory                    
UNDEFED   _system_post_cinit             
00003641  _system_pre_init               
200009d8  _unlock                        
00003645  abort                          
20000bb8  adc_done                       
00001a75  aligned_alloc                  
00002e19  atoi                           
ffffffff  binit                          
00002ac1  close                          
00003539  copysign                       
00003539  copysignl                      
00002d25  delay_ms                       
200009e4  errno                          
00002e65  exit                           
000032ad  finddevice                     
00002255  fputc                          
0000174d  fputs                          
00001d69  free                           
000028d5  frexp                          
000028d5  frexpl                         
00002939  fseek                          
00002fc1  getdevice                      
00000000  interruptVectors               
00001861  ldexp                          
00001861  ldexpl                         
00003431  lseek                          
00001501  main                           
00003631  malloc                         
00001a75  memalign                       
0000351d  memccpy                        
000034c5  memchr                         
0000208f  memcpy                         
000024f1  memset                         
20000bb0  parmbuf                        
0000286d  printf                         
00002255  putc                           
00003365  remove                         
00001861  scalbn                         
00001861  scalbnl                        
00001e4d  setvbuf                        
0000356b  strchr                         
00003553  strcmp                         
00003581  strcpy                         
00003595  strlen                         
000030b5  strncpy                        
00003365  unlink                         
000035a9  wcslen                         
00003459  write                          


GLOBAL SYMBOLS: SORTED BY Symbol Address 

address   name                           
-------   ----                           
00000000  __TI_static_base__             
00000000  interruptVectors               
000000e5  __TI_printfi                   
00000200  __STACK_SIZE                   
00000800  __SYSMEM_SIZE                  
00000b33  AES256_IRQHandler              
00000b33  BusFault_Handler               
00000b33  COMP_E0_IRQHandler             
00000b33  COMP_E1_IRQHandler             
00000b33  CS_IRQHandler                  
00000b33  DMA_ERR_IRQHandler             
00000b33  DMA_INT0_IRQHandler            
00000b33  DMA_INT1_IRQHandler            
00000b33  DMA_INT2_IRQHandler            
00000b33  DMA_INT3_IRQHandler            
00000b33  DebugMon_Handler               
00000b33  Default_Handler                
00000b33  EUSCIA0_IRQHandler             
00000b33  EUSCIA1_IRQHandler             
00000b33  EUSCIA2_IRQHandler             
00000b33  EUSCIA3_IRQHandler             
00000b33  EUSCIB0_IRQHandler             
00000b33  EUSCIB1_IRQHandler             
00000b33  EUSCIB2_IRQHandler             
00000b33  EUSCIB3_IRQHandler             
00000b33  FLCTL_IRQHandler               
00000b33  FPU_IRQHandler                 
00000b33  HardFault_Handler              
00000b33  MemManage_Handler              
00000b33  NMI_Handler                    
00000b33  PCM_IRQHandler                 
00000b33  PORT1_IRQHandler               
00000b33  PORT2_IRQHandler               
00000b33  PORT3_IRQHandler               
00000b33  PORT4_IRQHandler               
00000b33  PORT5_IRQHandler               
00000b33  PORT6_IRQHandler               
00000b33  PSS_IRQHandler                 
00000b33  PendSV_Handler                 
00000b33  RTC_C_IRQHandler               
00000b33  SVC_Handler                    
00000b33  SysTick_Handler                
00000b33  T32_INT1_IRQHandler            
00000b33  T32_INT2_IRQHandler            
00000b33  T32_INTC_IRQHandler            
00000b33  TA0_0_IRQHandler               
00000b33  TA0_N_IRQHandler               
00000b33  TA1_0_IRQHandler               
00000b33  TA1_N_IRQHandler               
00000b33  TA2_0_IRQHandler               
00000b33  TA2_N_IRQHandler               
00000b33  TA3_0_IRQHandler               
00000b33  TA3_N_IRQHandler               
00000b33  UsageFault_Handler             
00000b33  WDT_A_IRQHandler               
00000f75  __aeabi_dsub                   
00000f7f  __aeabi_dadd                   
0000112b  _nop                           
000013c9  __aeabi_ddiv                   
000014ff  __aeabi_idiv0                  
000014ff  __aeabi_ldiv0                  
00001501  main                           
0000174d  fputs                          
00001861  ldexp                          
00001861  ldexpl                         
00001861  scalbn                         
00001861  scalbnl                        
00001a75  aligned_alloc                  
00001a75  memalign                       
00001b75  __aeabi_dmul                   
00001c71  CS_getDCOFrequency             
00001d69  free                           
00001e4d  setvbuf                        
00001f29  ADC14_configureConversionMemory
0000208f  __aeabi_memcpy                 
0000208f  __aeabi_memcpy4                
0000208f  __aeabi_memcpy8                
0000208f  memcpy                         
0000212b  __aeabi_uldivmod               
000021c1  SysCtl_A_getTLVInfo            
00002255  fputc                          
00002255  putc                           
000022e1  __aeabi_cdcmpeq                
000022e1  __aeabi_cdcmple                
00002367  __aeabi_cdrcmple               
000023ed  Interrupt_enableInterrupt      
000024e9  __aeabi_memclr                 
000024e9  __aeabi_memclr4                
000024e9  __aeabi_memclr8                
000024eb  __aeabi_memset                 
000024eb  __aeabi_memset4                
000024eb  __aeabi_memset8                
000024f1  memset                         
00002565  SystemInit                     
000025dd  __TI_closefile                 
00002731  HOSTrename                     
0000279d  HOSTlseek                      
00002805  __TI_decompress_lzss           
0000286d  printf                         
000028d5  frexp                          
000028d5  frexpl                         
00002939  fseek                          
000029ff  __TI_wrt_ok                    
00002a61  HOSTopen                       
00002ac1  close                          
00002b1d  ADC14_configureSingleSampleMode
00002b75  HOSTread                       
00002bcd  HOSTwrite                      
00002c7d  ADC14_initModule               
00002cd1  __TI_ltoa                      
00002d25  delay_ms                       
00002dcb  __TI_doflush                   
00002e19  atoi                           
00002e65  exit                           
00002ead  __aeabi_d2iz                   
00002ef5  HOSTclose                      
00002f39  HOSTunlink                     
00002f7d  __TI_auto_init_nobinit_nopinit 
00002fc1  getdevice                      
00003045  ADC14_getEnabledInterruptStatus
0000307d  __TI_writemsg                  
000030ab  C$$IO$$                        
000030b5  strncpy                        
000030ed  ADC14_enableSampleTimer        
00003121  __TI_cleanup                   
00003155  __TI_readmsg                   
00003189  _c_int00_noargs                
000031bd  ADC14_IRQHandler               
000031bd  ADC14_IRQHandler               
000031ed  ADC14_clearInterruptFlag       
0000321d  ADC14_enableInterrupt          
0000324d  ADC14_setSampleHoldTime        
0000327d  CS_clearInterruptFlag          
000032ad  finddevice                     
000032dd  __aeabi_i2d                    
0000330d  ADC14_getInterruptStatus       
00003339  ADC14_toggleConversionTrigger  
00003365  remove                         
00003365  unlink                         
00003391  ADC14_enableConversion         
000033b9  ADC14_getResult                
000033e1  CS_getMCLK                     
00003431  lseek                          
00003459  write                          
00003481  WDT_A_holdTimer                
000034a5  REF_A_setReferenceVoltage      
000034c5  memchr                         
000034e5  __TI_zero_init_nomemset        
0000351d  memccpy                        
00003539  copysign                       
00003539  copysignl                      
00003553  strcmp                         
0000356b  strchr                         
00003581  strcpy                         
00003595  strlen                         
000035a9  wcslen                         
000035cd  Interrupt_enableMaster         
000035dd  __TI_decompress_none           
000035ed  ADC14_enableModule             
000035f9  CPU_cpsie                      
00003605  REF_A_enableReferenceVoltage   
00003611  REF_A_enableTempSensor         
0000361d  Reset_Handler                  
00003629  __aeabi_errno_addr             
00003631  malloc                         
00003641  _system_pre_init               
00003645  C$$EXIT                        
00003645  abort                          
00003648  _ctypes_                       
00003844  __TI_Handler_Table_Base        
00003850  __TI_Handler_Table_Limit       
00003858  __TI_CINIT_Base                
00003868  __TI_CINIT_Limit               
20000000  __start___llvm_prf_cnts        
20000000  __stop___llvm_prf_cnts         
20000000  _sys_memory                    
20000800  _ftable                        
200008f0  _device                        
20000968  _stream                        
200009b8  __TI_ft_end                    
200009bc  __aeabi_stdin                  
200009c0  __aeabi_stdout                 
200009c4  __aeabi_stderr                 
200009c8  __TI_cleanup_ptr               
200009cc  __TI_dtors_ptr                 
200009d0  __TI_enable_exit_profile_output
200009d4  _lock                          
200009d8  _unlock                        
200009e4  errno                          
200009e8  __CIOBUF_                      
20000b08  __TI_tmpnams                   
20000bb0  parmbuf                        
20000bb8  adc_done                       
2000fe00  __stack                        
20010000  __STACK_END                    
4000480c  WDTCTL_SYM                     
ffffffff  __TI_pprof_out_hndl            
ffffffff  __TI_prof_data_size            
ffffffff  __TI_prof_data_start           
ffffffff  __binit__                      
ffffffff  __c_args__                     
ffffffff  binit                          
UNDEFED   __mpu_init                     
UNDEFED   _system_post_cinit             

[204 symbols]
