******************************************************************************
                  TI ARM Linker Unix v20.2.2                   
******************************************************************************
>> Linked Wed Nov  4 12:12:32 2020

OUTPUT FILE NAME:   <Lab6Ex2.2.out>
ENTRY POINT SYMBOL: "_c_int00_noargs"  address: 000032ed


MEMORY CONFIGURATION

         name            origin    length      used     unused   attr    fill
----------------------  --------  ---------  --------  --------  ----  --------
  MAIN                  00000000   00040000  000039c8  0003c638  R  X
  INFO                  00200000   00004000  00000000  00004000  R  X
  SRAM_CODE             01000000   00010000  00000db9  0000f247  RW X
  SRAM_DATA             20000000   00010000  00000db9  0000f247  RW  


SEGMENT ALLOCATION MAP

run origin  load origin   length   init length attrs members
----------  ----------- ---------- ----------- ----- -------
00000000    00000000    000039c8   000039c8    r-x
  00000000    00000000    000000e4   000000e4    r-- .intvecs
  000000e4    000000e4    000036c8   000036c8    r-x .text
  000037ac    000037ac    0000018c   0000018c    r-- .const
  00003938    00003938    00000090   00000090    r-- .cinit
20000000    20000000    00000bb9   00000000    rw-
  20000000    20000000    00000800   00000000    rw- .sysmem
  20000800    20000800    000001e8   00000000    rw- .data
  200009e8    200009e8    000001d1   00000000    rw- .bss
2000fe00    2000fe00    00000200   00000000    rw-
  2000fe00    2000fe00    00000200   00000000    rw- .stack


SECTION ALLOCATION MAP

 output                                  attributes/
section   page    origin      length       input sections
--------  ----  ----------  ----------   ----------------
.intvecs   0    00000000    000000e4     
                  00000000    000000e4     startup_msp432p401r_ccs.obj (.intvecs:retain)

.text      0    000000e4    000036c8     
                  000000e4    00000a4e     rtsv7M4_T_le_v4SPD16_eabi.lib : _printfi.c.obj (.text:__TI_printfi)
                  00000b32    00000002     startup_msp432p401r_ccs.obj (.text:Default_Handler)
                  00000b34    00000270     rtsv7M4_T_le_v4SPD16_eabi.lib : _printfi.c.obj (.text:_pconv_a)
                  00000da4    00000254     main.obj (.text:main)
                  00000ff8    000001d0     rtsv7M4_T_le_v4SPD16_eabi.lib : _printfi.c.obj (.text:_pconv_g)
                  000011c8    000001b6                                   : fd_add_t2.asm.obj (.text)
                  0000137e    00000002                                   : _lock.c.obj (.text:_nop)
                  00001380    00000160     msp432p4xx_driverlib.lib : adc14.o (.text:_getIndexForMemRegister)
                  000014e0    0000013c     rtsv7M4_T_le_v4SPD16_eabi.lib : _printfi.c.obj (.text:_pconv_e)
                  0000161c    00000136                                   : fd_div_t2.asm.obj (.text)
                  00001752    00000002                                   : div0.asm.obj (.text)
                  00001754    00000124                                   : _printfi.c.obj (.text:fcvt)
                  00001878    00000114                                   : fputs.c.obj (.text:fputs)
                  0000198c    00000110                                   : s_scalbn.c.obj (.text:scalbn)
                  00001a9c    00000104     msp432p4xx_driverlib.lib : cs.o (.text:_CSComputeCLKFrequency)
                  00001ba0    00000100     rtsv7M4_T_le_v4SPD16_eabi.lib : memory.c.obj (.text:aligned_alloc)
                  00001ca0    000000fc                                   : fd_mul_t2.asm.obj (.text)
                  00001d9c    000000f8     msp432p4xx_driverlib.lib : cs.o (.text:CS_getDCOFrequency)
                  00001e94    000000e4     rtsv7M4_T_le_v4SPD16_eabi.lib : memory.c.obj (.text:free)
                  00001f78    000000dc                                   : setvbuf.c.obj (.text:setvbuf)
                  00002054    000000b4     msp432p4xx_driverlib.lib : adc14.o (.text:ADC14_configureConversionMemory)
                  00002108    000000b1     rtsv7M4_T_le_v4SPD16_eabi.lib : _printfi.c.obj (.text:_ltostr)
                  000021b9    00000001     --HOLE-- [fill = 0]
                  000021ba    0000009c                                   : memcpy_t2.asm.obj (.text)
                  00002256    00000096                                   : ull_div_t2.asm.obj (.text)
                  000022ec    00000094     msp432p4xx_driverlib.lib : sysctl_a.o (.text:SysCtl_A_getTLVInfo)
                  00002380    0000008c     rtsv7M4_T_le_v4SPD16_eabi.lib : fputc.c.obj (.text:fputc)
                  0000240c    00000086                                   : fd_cmp_t2.asm.obj (.text:__aeabi_cdcmple)
                  00002492    00000086                                   : fd_cmp_t2.asm.obj (.text:__aeabi_cdrcmple)
                  00002518    00000080     msp432p4xx_driverlib.lib : interrupt.o (.text:Interrupt_enableInterrupt)
                  00002598    0000007c                              : cs.o (.text:_CSGetDOCFrequency)
                  00002614    0000007a     rtsv7M4_T_le_v4SPD16_eabi.lib : memset_t2.asm.obj (.text)
                  0000268e    00000002     --HOLE-- [fill = 0]
                  00002690    00000078     system_msp432p401r.obj (.text:SystemInit)
                  00002708    00000074     rtsv7M4_T_le_v4SPD16_eabi.lib : fclose.c.obj (.text:__TI_closefile)
                  0000277c    00000070                                   : memory.c.obj (.text:split)
                  000027ec    0000006e                                   : _printfi.c.obj (.text:_mcpy)
                  0000285a    00000002     --HOLE-- [fill = 0]
                  0000285c    0000006c                                   : hostrename.c.obj (.text:HOSTrename)
                  000028c8    00000068                                   : hostlseek.c.obj (.text:HOSTlseek)
                  00002930    00000068                                   : copy_decompress_lzss.c.obj (.text:decompress:lzss:__TI_decompress_lzss)
                  00002998    00000068                                   : printf.c.obj (.text:printf)
                  00002a00    00000064                                   : s_frexp.c.obj (.text:frexp)
                  00002a64    00000064                                   : fseek.c.obj (.text:fseek)
                  00002ac8    00000062     msp432p4xx_driverlib.lib : cs.o (.text:_CSGetDividerValue)
                  00002b2a    00000062     rtsv7M4_T_le_v4SPD16_eabi.lib : _io_perm.c.obj (.text:__TI_wrt_ok)
                  00002b8c    00000060                                   : hostopen.c.obj (.text:HOSTopen)
                  00002bec    0000005c                                   : close.c.obj (.text:close)
                  00002c48    00000058     msp432p4xx_driverlib.lib : adc14.o (.text:ADC14_configureSingleSampleMode)
                  00002ca0    00000058     rtsv7M4_T_le_v4SPD16_eabi.lib : hostread.c.obj (.text:HOSTread)
                  00002cf8    00000058                                   : hostwrite.c.obj (.text:HOSTwrite)
                  00002d50    00000056                                   : _printfi.c.obj (.text:_pconv_f)
                  00002da6    00000002     --HOLE-- [fill = 0]
                  00002da8    00000054     msp432p4xx_driverlib.lib : adc14.o (.text:ADC14_initModule)
                  00002dfc    00000054     rtsv7M4_T_le_v4SPD16_eabi.lib : _ltoa.c.obj (.text:__TI_ltoa)
                  00002e50    00000054     main.obj (.text:delay_ms)
                  00002ea4    00000052     rtsv7M4_T_le_v4SPD16_eabi.lib : _printfi.c.obj (.text:_ecpy)
                  00002ef6    0000004c                                   : fflush.c.obj (.text:__TI_doflush)
                  00002f42    00000002     --HOLE-- [fill = 0]
                  00002f44    0000004c                                   : atoi.c.obj (.text:atoi)
                  00002f90    00000048                                   : exit.c.obj (.text:exit)
                  00002fd8    00000048                                   : fd_toi_t2.asm.obj (.text)
                  00003020    00000044                                   : hostclose.c.obj (.text:HOSTclose)
                  00003064    00000044                                   : hostunlink.c.obj (.text:HOSTunlink)
                  000030a8    00000044                                   : autoinit.c.obj (.text:__TI_auto_init_nobinit_nopinit:__TI_auto_init_nobinit_nopinit)
                  000030ec    00000044                                   : getdevice.c.obj (.text:getdevice)
                  00003130    0000003e                                   : _printfi.c.obj (.text:_fcpy)
                  0000316e    00000002     --HOLE-- [fill = 0]
                  00003170    00000038     msp432p4xx_driverlib.lib : adc14.o (.text:ADC14_getEnabledInterruptStatus)
                  000031a8    00000038     rtsv7M4_T_le_v4SPD16_eabi.lib : trgmsg.c.obj (.text:__TI_writemsg)
                  000031e0    00000038                                   : fs_tod_t2.asm.obj (.text)
                  00003218    00000036                                   : strncpy.c.obj (.text:strncpy)
                  0000324e    00000002     --HOLE-- [fill = 0]
                  00003250    00000034     msp432p4xx_driverlib.lib : adc14.o (.text:ADC14_enableSampleTimer)
                  00003284    00000034     rtsv7M4_T_le_v4SPD16_eabi.lib : fopen.c.obj (.text:__TI_cleanup)
                  000032b8    00000034                                   : trgmsg.c.obj (.text:__TI_readmsg)
                  000032ec    00000034                                   : boot_cortex_m.c.obj (.text:_c_int00_noargs:_c_int00_noargs)
                  00003320    00000030     main.obj (.text:ADC14_IRQHandler)
                  00003350    00000030     msp432p4xx_driverlib.lib : adc14.o (.text:ADC14_clearInterruptFlag)
                  00003380    00000030                              : adc14.o (.text:ADC14_enableInterrupt)
                  000033b0    00000030                              : adc14.o (.text:ADC14_setSampleHoldTime)
                  000033e0    00000030                              : cs.o (.text:CS_clearInterruptFlag)
                  00003410    00000030     rtsv7M4_T_le_v4SPD16_eabi.lib : getdevice.c.obj (.text:finddevice)
                  00003440    0000002e                                   : i_tofd_t2.asm.obj (.text)
                  0000346e    00000002     --HOLE-- [fill = 0]
                  00003470    0000002c     msp432p4xx_driverlib.lib : adc14.o (.text:ADC14_getInterruptStatus)
                  0000349c    0000002c                              : adc14.o (.text:ADC14_toggleConversionTrigger)
                  000034c8    0000002c     rtsv7M4_T_le_v4SPD16_eabi.lib : unlink.c.obj (.text:unlink)
                  000034f4    00000028     msp432p4xx_driverlib.lib : adc14.o (.text:ADC14_enableConversion)
                  0000351c    00000028                              : adc14.o (.text:ADC14_getResult)
                  00003544    00000028                              : cs.o (.text:CS_getMCLK)
                  0000356c    00000028     rtsv7M4_T_le_v4SPD16_eabi.lib : memory.c.obj (.text:free_list_insert)
                  00003594    00000028                                   : lseek.c.obj (.text:lseek)
                  000035bc    00000028                                   : write.c.obj (.text:write)
                  000035e4    00000024     msp432p4xx_driverlib.lib : wdt_a.o (.text:WDT_A_holdTimer)
                  00003608    00000020                              : ref_a.o (.text:REF_A_setReferenceVoltage)
                  00003628    00000020     rtsv7M4_T_le_v4SPD16_eabi.lib : memchr.c.obj (.text:memchr)
                  00003648    0000001c                                   : copy_zero_init.c.obj (.text:decompress:ZI:__TI_zero_init_nomemset:__TI_zero_init_nomemset)
                  00003664    0000001c                                   : memory.c.obj (.text:free_list_remove)
                  00003680    0000001c                                   : memccpy.c.obj (.text:memccpy)
                  0000369c    0000001a                                   : s_copysign.c.obj (.text:copysign)
                  000036b6    00000018                                   : strcmp.c.obj (.text:strcmp)
                  000036ce    00000016                                   : strchr.c.obj (.text:strchr)
                  000036e4    00000014                                   : strcpy.c.obj (.text:strcpy)
                  000036f8    00000014                                   : strlen.c.obj (.text:strlen)
                  0000370c    00000012                                   : wcslen.c.obj (.text:wcslen)
                  0000371e    00000002     --HOLE-- [fill = 0]
                  00003720    00000010     msp432p4xx_driverlib.lib : adc14.o (.text:ADCIsConversionRunning)
                  00003730    00000010                              : interrupt.o (.text:Interrupt_enableMaster)
                  00003740    0000000e     rtsv7M4_T_le_v4SPD16_eabi.lib : copy_decompress_none.c.obj (.text:decompress:none:__TI_decompress_none)
                  0000374e    00000002     --HOLE-- [fill = 0]
                  00003750    0000000c     msp432p4xx_driverlib.lib : adc14.o (.text:ADC14_enableModule)
                  0000375c    0000000c                              : cpu.o (.text:CPU_cpsie)
                  00003768    0000000c                              : ref_a.o (.text:REF_A_enableReferenceVoltage)
                  00003774    0000000c                              : ref_a.o (.text:REF_A_enableTempSensor)
                  00003780    0000000c     startup_msp432p401r_ccs.obj (.text:Reset_Handler)
                  0000378c    00000008     rtsv7M4_T_le_v4SPD16_eabi.lib : errno.c.obj (.text:__aeabi_errno_addr)
                  00003794    00000008                                   : memory.c.obj (.text:malloc)
                  0000379c    00000004                                   : printf.c.obj (.text:_outc)
                  000037a0    00000004                                   : printf.c.obj (.text:_outs)
                  000037a4    00000004                                   : pre_init.c.obj (.text:_system_pre_init)
                  000037a8    00000004                                   : exit.c.obj (.text:abort:abort)

.const     0    000037ac    0000018c     
                  000037ac    00000101     rtsv7M4_T_le_v4SPD16_eabi.lib : ctype.c.obj (.const:.string:_ctypes_)
                  000038ad    00000003     --HOLE-- [fill = 0]
                  000038b0    00000080     msp432p4xx_driverlib.lib : adc14.o (.const:_ctlRegs)
                  00003930    00000008                              : interrupt.o (.const:g_pulEnRegs)

.cinit     0    00003938    00000090     
                  00003938    00000068     (.cinit..data.load) [load image, compression = lzss]
                  000039a0    0000000c     (__TI_handler_table)
                  000039ac    00000004     --HOLE-- [fill = 0]
                  000039b0    00000008     (.cinit..bss.load) [load image, compression = zero_init]
                  000039b8    00000010     (__TI_cinit_table)

.init_array 
*          0    00000000    00000000     UNINITIALIZED

.binit     0    00000000    00000000     

.sysmem    0    20000000    00000800     UNINITIALIZED
                  20000000    00000010     rtsv7M4_T_le_v4SPD16_eabi.lib : memory.c.obj (.sysmem)
                  20000010    000007f0     --HOLE--

.data      0    20000800    000001e8     UNINITIALIZED
                  20000800    000000f0     rtsv7M4_T_le_v4SPD16_eabi.lib : defs.c.obj (.data:_ftable)
                  200008f0    00000078                                   : host_device.c.obj (.data:_device)
                  20000968    00000050                                   : host_device.c.obj (.data:_stream)
                  200009b8    00000010                                   : defs.c.obj (.data)
                  200009c8    0000000c                                   : exit.c.obj (.data:$O1$$)
                  200009d4    00000008                                   : _lock.c.obj (.data:$O1$$)
                  200009dc    00000008                                   : memory.c.obj (.data:$O1$$)
                  200009e4    00000004                                   : errno.c.obj (.data)

.bss       0    200009e8    000001d1     UNINITIALIZED
                  200009e8    00000120     rtsv7M4_T_le_v4SPD16_eabi.lib : trgmsg.c.obj (.bss:_CIOBUF_)
                  20000b08    000000a0     (.common:__TI_tmpnams)
                  20000ba8    00000008     msp432p4xx_driverlib.lib : cs.o (.bss)
                  20000bb0    00000008     (.common:parmbuf)
                  20000bb8    00000001     (.common:adc_done)

.stack     0    2000fe00    00000200     UNINITIALIZED
                  2000fe00    00000004     rtsv7M4_T_le_v4SPD16_eabi.lib : boot_cortex_m.c.obj (.stack)
                  2000fe04    000001fc     --HOLE--

__llvm_prf_cnts 
*          0    20000000    00000000     UNINITIALIZED

MODULE SUMMARY

       Module                        code    ro data   rw data
       ------                        ----    -------   -------
    ./
       main.obj                      728     0         2      
       system_msp432p401r.obj        120     0         0      
    +--+-----------------------------+-------+---------+---------+
       Total:                        848     0         2      
                                                              
    ./ccs/
       startup_msp432p401r_ccs.obj   14      228       0      
    +--+-----------------------------+-------+---------+---------+
       Total:                        14      228       0      
                                                              
    /Applications/ti/ccs1010/ccs/tools/compiler/ti-cgt-arm_20.2.2.LTS/lib/rtsv7M4_T_le_v4SPD16_eabi.lib
       _printfi.c.obj                4851    0         0      
       defs.c.obj                    0       0         832    
       memory.c.obj                  672     0         16     
       trgmsg.c.obj                  108     0         576    
       fd_add_t2.asm.obj             438     0         0      
       host_device.c.obj             0       0         400    
       fd_div_t2.asm.obj             310     0         0      
       fputs.c.obj                   276     0         0      
       s_scalbn.c.obj                272     0         0      
       fd_cmp_t2.asm.obj             268     0         0      
       ctype.c.obj                   0       257       0      
       fd_mul_t2.asm.obj             252     0         0      
       setvbuf.c.obj                 220     0         0      
       memcpy_t2.asm.obj             156     0         0      
       ull_div_t2.asm.obj            150     0         0      
       fputc.c.obj                   140     0         0      
       memset_t2.asm.obj             122     0         0      
       fclose.c.obj                  116     0         0      
       getdevice.c.obj               116     0         0      
       hostopen.c.obj                96      0         16     
       printf.c.obj                  112     0         0      
       hostrename.c.obj              108     0         0      
       copy_decompress_lzss.c.obj    104     0         0      
       hostlseek.c.obj               104     0         0      
       exit.c.obj                    76      0         24     
       fseek.c.obj                   100     0         0      
       s_frexp.c.obj                 100     0         0      
       _io_perm.c.obj                98      0         0      
       close.c.obj                   92      0         0      
       hostread.c.obj                88      0         0      
       hostwrite.c.obj               88      0         0      
       _ltoa.c.obj                   84      0         0      
       atoi.c.obj                    76      0         0      
       fflush.c.obj                  76      0         0      
       fd_toi_t2.asm.obj             72      0         0      
       autoinit.c.obj                68      0         0      
       hostclose.c.obj               68      0         0      
       hostunlink.c.obj              68      0         0      
       fs_tod_t2.asm.obj             56      0         0      
       strncpy.c.obj                 54      0         0      
       boot_cortex_m.c.obj           52      0         0      
       fopen.c.obj                   52      0         0      
       i_tofd_t2.asm.obj             46      0         0      
       unlink.c.obj                  44      0         0      
       lseek.c.obj                   40      0         0      
       write.c.obj                   40      0         0      
       memchr.c.obj                  32      0         0      
       copy_zero_init.c.obj          28      0         0      
       memccpy.c.obj                 28      0         0      
       s_copysign.c.obj              26      0         0      
       strcmp.c.obj                  24      0         0      
       strchr.c.obj                  22      0         0      
       strcpy.c.obj                  20      0         0      
       strlen.c.obj                  20      0         0      
       _lock.c.obj                   2       0         16     
       wcslen.c.obj                  18      0         0      
       errno.c.obj                   8       0         8      
       copy_decompress_none.c.obj    14      0         0      
       pre_init.c.obj                4       0         0      
       div0.asm.obj                  2       0         0      
    +--+-----------------------------+-------+---------+---------+
       Total:                        10777   257       1888   
                                                              
    /Users/phatle/ti/simplelink_msp432p4_sdk_3_40_01_02/source/ti/devices/msp432p4xx/driverlib/ccs/msp432p4xx_driverlib.lib
       adc14.o                       1152    128       0      
       cs.o                          818     0         16     
       interrupt.o                   144     8         0      
       sysctl_a.o                    148     0         0      
       ref_a.o                       56      0         0      
       wdt_a.o                       36      0         0      
       cpu.o                         12      0         0      
    +--+-----------------------------+-------+---------+---------+
       Total:                        2366    136       16     
                                                              
       Heap:                         0       0         4096   
       Stack:                        0       0         1024   
       Linker Generated:             0       140       0      
    +--+-----------------------------+-------+---------+---------+
       Grand Total:                  14005   761       7026   


LINKER GENERATED COPY TABLES

__TI_cinit_table @ 000039b8 records: 2, size/record: 8, table size: 16
	.data: load addr=00003938, load size=00000068 bytes, run addr=20000800, run size=000001e8 bytes, compression=lzss
	.bss: load addr=000039b0, load size=00000008 bytes, run addr=200009e8, run size=000001d1 bytes, compression=zero_init


LINKER GENERATED HANDLER TABLE

__TI_handler_table @ 000039a0 records: 3, size/record: 4, table size: 12
	index: 0, handler: __TI_decompress_lzss
	index: 1, handler: __TI_decompress_none
	index: 2, handler: __TI_zero_init


GLOBAL SYMBOLS: SORTED ALPHABETICALLY BY Name 

address   name                           
-------   ----                           
00003321  ADC14_IRQHandler               
00003321  ADC14_IRQHandler               
00003351  ADC14_clearInterruptFlag       
00002055  ADC14_configureConversionMemory
00002c49  ADC14_configureSingleSampleMode
000034f5  ADC14_enableConversion         
00003381  ADC14_enableInterrupt          
00003751  ADC14_enableModule             
00003251  ADC14_enableSampleTimer        
00003171  ADC14_getEnabledInterruptStatus
00003471  ADC14_getInterruptStatus       
0000351d  ADC14_getResult                
00002da9  ADC14_initModule               
000033b1  ADC14_setSampleHoldTime        
0000349d  ADC14_toggleConversionTrigger  
00000b33  AES256_IRQHandler              
00000b33  BusFault_Handler               
000037a9  C$$EXIT                        
000031d7  C$$IO$$                        
00000b33  COMP_E0_IRQHandler             
00000b33  COMP_E1_IRQHandler             
0000375d  CPU_cpsie                      
00000b33  CS_IRQHandler                  
000033e1  CS_clearInterruptFlag          
00001d9d  CS_getDCOFrequency             
00003545  CS_getMCLK                     
00000b33  DMA_ERR_IRQHandler             
00000b33  DMA_INT0_IRQHandler            
00000b33  DMA_INT1_IRQHandler            
00000b33  DMA_INT2_IRQHandler            
00000b33  DMA_INT3_IRQHandler            
00000b33  DebugMon_Handler               
00000b33  Default_Handler                
00000b33  EUSCIA0_IRQHandler             
00000b33  EUSCIA1_IRQHandler             
00000b33  EUSCIA2_IRQHandler             
00000b33  EUSCIA3_IRQHandler             
00000b33  EUSCIB0_IRQHandler             
00000b33  EUSCIB1_IRQHandler             
00000b33  EUSCIB2_IRQHandler             
00000b33  EUSCIB3_IRQHandler             
00000b33  FLCTL_IRQHandler               
00000b33  FPU_IRQHandler                 
00003021  HOSTclose                      
000028c9  HOSTlseek                      
00002b8d  HOSTopen                       
00002ca1  HOSTread                       
0000285d  HOSTrename                     
00003065  HOSTunlink                     
00002cf9  HOSTwrite                      
00000b33  HardFault_Handler              
00002519  Interrupt_enableInterrupt      
00003731  Interrupt_enableMaster         
00000b33  MemManage_Handler              
00000b33  NMI_Handler                    
00000b33  PCM_IRQHandler                 
00000b33  PORT1_IRQHandler               
00000b33  PORT2_IRQHandler               
00000b33  PORT3_IRQHandler               
00000b33  PORT4_IRQHandler               
00000b33  PORT5_IRQHandler               
00000b33  PORT6_IRQHandler               
00000b33  PSS_IRQHandler                 
00000b33  PendSV_Handler                 
00003769  REF_A_enableReferenceVoltage   
00003775  REF_A_enableTempSensor         
00003609  REF_A_setReferenceVoltage      
00000b33  RTC_C_IRQHandler               
00003781  Reset_Handler                  
00000b33  SVC_Handler                    
000022ed  SysCtl_A_getTLVInfo            
00000b33  SysTick_Handler                
00002691  SystemInit                     
00000b33  T32_INT1_IRQHandler            
00000b33  T32_INT2_IRQHandler            
00000b33  T32_INTC_IRQHandler            
00000b33  TA0_0_IRQHandler               
00000b33  TA0_N_IRQHandler               
00000b33  TA1_0_IRQHandler               
00000b33  TA1_N_IRQHandler               
00000b33  TA2_0_IRQHandler               
00000b33  TA2_N_IRQHandler               
00000b33  TA3_0_IRQHandler               
00000b33  TA3_N_IRQHandler               
00000b33  UsageFault_Handler             
4000480c  WDTCTL_SYM                     
00000b33  WDT_A_IRQHandler               
000035e5  WDT_A_holdTimer                
200009e8  __CIOBUF_                      
20010000  __STACK_END                    
00000200  __STACK_SIZE                   
00000800  __SYSMEM_SIZE                  
000039b8  __TI_CINIT_Base                
000039c8  __TI_CINIT_Limit               
000039a0  __TI_Handler_Table_Base        
000039ac  __TI_Handler_Table_Limit       
000030a9  __TI_auto_init_nobinit_nopinit 
00003285  __TI_cleanup                   
200009c8  __TI_cleanup_ptr               
00002709  __TI_closefile                 
00002931  __TI_decompress_lzss           
00003741  __TI_decompress_none           
00002ef7  __TI_doflush                   
200009cc  __TI_dtors_ptr                 
200009d0  __TI_enable_exit_profile_output
200009b8  __TI_ft_end                    
00002dfd  __TI_ltoa                      
ffffffff  __TI_pprof_out_hndl            
000000e5  __TI_printfi                   
ffffffff  __TI_prof_data_size            
ffffffff  __TI_prof_data_start           
000032b9  __TI_readmsg                   
00000000  __TI_static_base__             
20000b08  __TI_tmpnams                   
000031a9  __TI_writemsg                  
00002b2b  __TI_wrt_ok                    
00003649  __TI_zero_init_nomemset        
0000240d  __aeabi_cdcmpeq                
0000240d  __aeabi_cdcmple                
00002493  __aeabi_cdrcmple               
00002fd9  __aeabi_d2iz                   
000011d3  __aeabi_dadd                   
0000161d  __aeabi_ddiv                   
00001ca1  __aeabi_dmul                   
000011c9  __aeabi_dsub                   
0000378d  __aeabi_errno_addr             
000031e1  __aeabi_f2d                    
00003441  __aeabi_i2d                    
00001753  __aeabi_idiv0                  
00001753  __aeabi_ldiv0                  
00002615  __aeabi_memclr                 
00002615  __aeabi_memclr4                
00002615  __aeabi_memclr8                
000021bb  __aeabi_memcpy                 
000021bb  __aeabi_memcpy4                
000021bb  __aeabi_memcpy8                
00002617  __aeabi_memset                 
00002617  __aeabi_memset4                
00002617  __aeabi_memset8                
200009c4  __aeabi_stderr                 
200009bc  __aeabi_stdin                  
200009c0  __aeabi_stdout                 
00002257  __aeabi_uldivmod               
ffffffff  __binit__                      
ffffffff  __c_args__                     
UNDEFED   __mpu_init                     
2000fe00  __stack                        
20000000  __start___llvm_prf_cnts        
20000000  __stop___llvm_prf_cnts         
000032ed  _c_int00_noargs                
000037ac  _ctypes_                       
200008f0  _device                        
20000800  _ftable                        
200009d4  _lock                          
0000137f  _nop                           
20000968  _stream                        
20000000  _sys_memory                    
UNDEFED   _system_post_cinit             
000037a5  _system_pre_init               
200009d8  _unlock                        
000037a9  abort                          
20000bb8  adc_done                       
00001ba1  aligned_alloc                  
00002f45  atoi                           
ffffffff  binit                          
00002bed  close                          
0000369d  copysign                       
0000369d  copysignl                      
00002e51  delay_ms                       
200009e4  errno                          
00002f91  exit                           
00003411  finddevice                     
00002381  fputc                          
00001879  fputs                          
00001e95  free                           
00002a01  frexp                          
00002a01  frexpl                         
00002a65  fseek                          
000030ed  getdevice                      
00000000  interruptVectors               
0000198d  ldexp                          
0000198d  ldexpl                         
00003595  lseek                          
00000da5  main                           
00003795  malloc                         
00001ba1  memalign                       
00003681  memccpy                        
00003629  memchr                         
000021bb  memcpy                         
0000261d  memset                         
20000bb0  parmbuf                        
00002999  printf                         
00002381  putc                           
000034c9  remove                         
0000198d  scalbn                         
0000198d  scalbnl                        
00001f79  setvbuf                        
000036cf  strchr                         
000036b7  strcmp                         
000036e5  strcpy                         
000036f9  strlen                         
00003219  strncpy                        
000034c9  unlink                         
0000370d  wcslen                         
000035bd  write                          


GLOBAL SYMBOLS: SORTED BY Symbol Address 

address   name                           
-------   ----                           
00000000  __TI_static_base__             
00000000  interruptVectors               
000000e5  __TI_printfi                   
00000200  __STACK_SIZE                   
00000800  __SYSMEM_SIZE                  
00000b33  AES256_IRQHandler              
00000b33  BusFault_Handler               
00000b33  COMP_E0_IRQHandler             
00000b33  COMP_E1_IRQHandler             
00000b33  CS_IRQHandler                  
00000b33  DMA_ERR_IRQHandler             
00000b33  DMA_INT0_IRQHandler            
00000b33  DMA_INT1_IRQHandler            
00000b33  DMA_INT2_IRQHandler            
00000b33  DMA_INT3_IRQHandler            
00000b33  DebugMon_Handler               
00000b33  Default_Handler                
00000b33  EUSCIA0_IRQHandler             
00000b33  EUSCIA1_IRQHandler             
00000b33  EUSCIA2_IRQHandler             
00000b33  EUSCIA3_IRQHandler             
00000b33  EUSCIB0_IRQHandler             
00000b33  EUSCIB1_IRQHandler             
00000b33  EUSCIB2_IRQHandler             
00000b33  EUSCIB3_IRQHandler             
00000b33  FLCTL_IRQHandler               
00000b33  FPU_IRQHandler                 
00000b33  HardFault_Handler              
00000b33  MemManage_Handler              
00000b33  NMI_Handler                    
00000b33  PCM_IRQHandler                 
00000b33  PORT1_IRQHandler               
00000b33  PORT2_IRQHandler               
00000b33  PORT3_IRQHandler               
00000b33  PORT4_IRQHandler               
00000b33  PORT5_IRQHandler               
00000b33  PORT6_IRQHandler               
00000b33  PSS_IRQHandler                 
00000b33  PendSV_Handler                 
00000b33  RTC_C_IRQHandler               
00000b33  SVC_Handler                    
00000b33  SysTick_Handler                
00000b33  T32_INT1_IRQHandler            
00000b33  T32_INT2_IRQHandler            
00000b33  T32_INTC_IRQHandler            
00000b33  TA0_0_IRQHandler               
00000b33  TA0_N_IRQHandler               
00000b33  TA1_0_IRQHandler               
00000b33  TA1_N_IRQHandler               
00000b33  TA2_0_IRQHandler               
00000b33  TA2_N_IRQHandler               
00000b33  TA3_0_IRQHandler               
00000b33  TA3_N_IRQHandler               
00000b33  UsageFault_Handler             
00000b33  WDT_A_IRQHandler               
00000da5  main                           
000011c9  __aeabi_dsub                   
000011d3  __aeabi_dadd                   
0000137f  _nop                           
0000161d  __aeabi_ddiv                   
00001753  __aeabi_idiv0                  
00001753  __aeabi_ldiv0                  
00001879  fputs                          
0000198d  ldexp                          
0000198d  ldexpl                         
0000198d  scalbn                         
0000198d  scalbnl                        
00001ba1  aligned_alloc                  
00001ba1  memalign                       
00001ca1  __aeabi_dmul                   
00001d9d  CS_getDCOFrequency             
00001e95  free                           
00001f79  setvbuf                        
00002055  ADC14_configureConversionMemory
000021bb  __aeabi_memcpy                 
000021bb  __aeabi_memcpy4                
000021bb  __aeabi_memcpy8                
000021bb  memcpy                         
00002257  __aeabi_uldivmod               
000022ed  SysCtl_A_getTLVInfo            
00002381  fputc                          
00002381  putc                           
0000240d  __aeabi_cdcmpeq                
0000240d  __aeabi_cdcmple                
00002493  __aeabi_cdrcmple               
00002519  Interrupt_enableInterrupt      
00002615  __aeabi_memclr                 
00002615  __aeabi_memclr4                
00002615  __aeabi_memclr8                
00002617  __aeabi_memset                 
00002617  __aeabi_memset4                
00002617  __aeabi_memset8                
0000261d  memset                         
00002691  SystemInit                     
00002709  __TI_closefile                 
0000285d  HOSTrename                     
000028c9  HOSTlseek                      
00002931  __TI_decompress_lzss           
00002999  printf                         
00002a01  frexp                          
00002a01  frexpl                         
00002a65  fseek                          
00002b2b  __TI_wrt_ok                    
00002b8d  HOSTopen                       
00002bed  close                          
00002c49  ADC14_configureSingleSampleMode
00002ca1  HOSTread                       
00002cf9  HOSTwrite                      
00002da9  ADC14_initModule               
00002dfd  __TI_ltoa                      
00002e51  delay_ms                       
00002ef7  __TI_doflush                   
00002f45  atoi                           
00002f91  exit                           
00002fd9  __aeabi_d2iz                   
00003021  HOSTclose                      
00003065  HOSTunlink                     
000030a9  __TI_auto_init_nobinit_nopinit 
000030ed  getdevice                      
00003171  ADC14_getEnabledInterruptStatus
000031a9  __TI_writemsg                  
000031d7  C$$IO$$                        
000031e1  __aeabi_f2d                    
00003219  strncpy                        
00003251  ADC14_enableSampleTimer        
00003285  __TI_cleanup                   
000032b9  __TI_readmsg                   
000032ed  _c_int00_noargs                
00003321  ADC14_IRQHandler               
00003321  ADC14_IRQHandler               
00003351  ADC14_clearInterruptFlag       
00003381  ADC14_enableInterrupt          
000033b1  ADC14_setSampleHoldTime        
000033e1  CS_clearInterruptFlag          
00003411  finddevice                     
00003441  __aeabi_i2d                    
00003471  ADC14_getInterruptStatus       
0000349d  ADC14_toggleConversionTrigger  
000034c9  remove                         
000034c9  unlink                         
000034f5  ADC14_enableConversion         
0000351d  ADC14_getResult                
00003545  CS_getMCLK                     
00003595  lseek                          
000035bd  write                          
000035e5  WDT_A_holdTimer                
00003609  REF_A_setReferenceVoltage      
00003629  memchr                         
00003649  __TI_zero_init_nomemset        
00003681  memccpy                        
0000369d  copysign                       
0000369d  copysignl                      
000036b7  strcmp                         
000036cf  strchr                         
000036e5  strcpy                         
000036f9  strlen                         
0000370d  wcslen                         
00003731  Interrupt_enableMaster         
00003741  __TI_decompress_none           
00003751  ADC14_enableModule             
0000375d  CPU_cpsie                      
00003769  REF_A_enableReferenceVoltage   
00003775  REF_A_enableTempSensor         
00003781  Reset_Handler                  
0000378d  __aeabi_errno_addr             
00003795  malloc                         
000037a5  _system_pre_init               
000037a9  C$$EXIT                        
000037a9  abort                          
000037ac  _ctypes_                       
000039a0  __TI_Handler_Table_Base        
000039ac  __TI_Handler_Table_Limit       
000039b8  __TI_CINIT_Base                
000039c8  __TI_CINIT_Limit               
20000000  __start___llvm_prf_cnts        
20000000  __stop___llvm_prf_cnts         
20000000  _sys_memory                    
20000800  _ftable                        
200008f0  _device                        
20000968  _stream                        
200009b8  __TI_ft_end                    
200009bc  __aeabi_stdin                  
200009c0  __aeabi_stdout                 
200009c4  __aeabi_stderr                 
200009c8  __TI_cleanup_ptr               
200009cc  __TI_dtors_ptr                 
200009d0  __TI_enable_exit_profile_output
200009d4  _lock                          
200009d8  _unlock                        
200009e4  errno                          
200009e8  __CIOBUF_                      
20000b08  __TI_tmpnams                   
20000bb0  parmbuf                        
20000bb8  adc_done                       
2000fe00  __stack                        
20010000  __STACK_END                    
4000480c  WDTCTL_SYM                     
ffffffff  __TI_pprof_out_hndl            
ffffffff  __TI_prof_data_size            
ffffffff  __TI_prof_data_start           
ffffffff  __binit__                      
ffffffff  __c_args__                     
ffffffff  binit                          
UNDEFED   __mpu_init                     
UNDEFED   _system_post_cinit             

[205 symbols]
