******************************************************************************
                  TI ARM Linker Unix v20.2.2                   
******************************************************************************
>> Linked Sun Oct 11 18:16:30 2020

OUTPUT FILE NAME:   <Lab4Ex2.3.out>
ENTRY POINT SYMBOL: "_c_int00_noargs"  address: 00002ead


MEMORY CONFIGURATION

         name            origin    length      used     unused   attr    fill
----------------------  --------  ---------  --------  --------  ----  --------
  MAIN                  00000000   00040000  0000331d  0003cce3  R  X
  INFO                  00200000   00004000  00000000  00004000  R  X
  SRAM_CODE             01000000   00010000  00000e18  0000f1e8  RW X
  SRAM_DATA             20000000   00010000  00000e18  0000f1e8  RW  


SEGMENT ALLOCATION MAP

run origin  load origin   length   init length attrs members
----------  ----------- ---------- ----------- ----- -------
00000000    00000000    00003320   00003320    r-x
  00000000    00000000    000000e4   000000e4    r-- .intvecs
  000000e4    000000e4    00003088   00003088    r-x .text
  0000316c    0000316c    00000101   00000101    r-- .const
  00003270    00003270    000000b0   000000b0    r-- .cinit
20000000    20000000    00000c18   00000000    rw-
  20000000    20000000    00000800   00000000    rw- .sysmem
  20000800    20000800    00000210   00000000    rw- .data
  20000a10    20000a10    00000208   00000000    rw- .bss
2000fe00    2000fe00    00000200   00000000    rw-
  2000fe00    2000fe00    00000200   00000000    rw- .stack


SECTION ALLOCATION MAP

 output                                  attributes/
section   page    origin      length       input sections
--------  ----  ----------  ----------   ----------------
.intvecs   0    00000000    000000e4     
                  00000000    000000e4     startup_msp432p401r_ccs.obj (.intvecs:retain)

.text      0    000000e4    00003088     
                  000000e4    00000a4e     rtsv7M4_T_le_v4SPD16_eabi.lib : _printfi.c.obj (.text:__TI_printfi)
                  00000b32    00000002     startup_msp432p401r_ccs.obj (.text:Default_Handler)
                  00000b34    00000270     rtsv7M4_T_le_v4SPD16_eabi.lib : _printfi.c.obj (.text:_pconv_a)
                  00000da4    000001d0                                   : _printfi.c.obj (.text:_pconv_g)
                  00000f74    000001b6                                   : fd_add_t2.asm.obj (.text)
                  0000112a    00000002                                   : _lock.c.obj (.text:_nop)
                  0000112c    00000150     main.obj (.text:main)
                  0000127c    0000013c     rtsv7M4_T_le_v4SPD16_eabi.lib : _printfi.c.obj (.text:_pconv_e)
                  000013b8    00000136                                   : fd_div_t2.asm.obj (.text)
                  000014ee    00000002                                   : div0.asm.obj (.text)
                  000014f0    00000124                                   : _printfi.c.obj (.text:fcvt)
                  00001614    00000114                                   : fputs.c.obj (.text:fputs)
                  00001728    00000110                                   : s_scalbn.c.obj (.text:scalbn)
                  00001838    00000104     msp432p4xx_driverlib.lib : cs.o (.text:_CSComputeCLKFrequency)
                  0000193c    00000100     rtsv7M4_T_le_v4SPD16_eabi.lib : memory.c.obj (.text:aligned_alloc)
                  00001a3c    00000100     main.obj (.text:delay_ms)
                  00001b3c    000000fc     rtsv7M4_T_le_v4SPD16_eabi.lib : fd_mul_t2.asm.obj (.text)
                  00001c38    000000f8     msp432p4xx_driverlib.lib : cs.o (.text:CS_getDCOFrequency)
                  00001d30    000000e4     rtsv7M4_T_le_v4SPD16_eabi.lib : memory.c.obj (.text:free)
                  00001e14    000000dc                                   : setvbuf.c.obj (.text:setvbuf)
                  00001ef0    000000b1                                   : _printfi.c.obj (.text:_ltostr)
                  00001fa1    00000001     --HOLE-- [fill = 0]
                  00001fa2    0000009c                                   : memcpy_t2.asm.obj (.text)
                  0000203e    00000096                                   : ull_div_t2.asm.obj (.text)
                  000020d4    00000094     msp432p4xx_driverlib.lib : sysctl_a.o (.text:SysCtl_A_getTLVInfo)
                  00002168    0000008c     rtsv7M4_T_le_v4SPD16_eabi.lib : fputc.c.obj (.text:fputc)
                  000021f4    00000086                                   : fd_cmp_t2.asm.obj (.text:__aeabi_cdcmple)
                  0000227a    00000086                                   : fd_cmp_t2.asm.obj (.text:__aeabi_cdrcmple)
                  00002300    0000007c     msp432p4xx_driverlib.lib : cs.o (.text:_CSGetDOCFrequency)
                  0000237c    0000007a     rtsv7M4_T_le_v4SPD16_eabi.lib : memset_t2.asm.obj (.text)
                  000023f6    00000002     --HOLE-- [fill = 0]
                  000023f8    00000078     system_msp432p401r.obj (.text:SystemInit)
                  00002470    00000074     rtsv7M4_T_le_v4SPD16_eabi.lib : fclose.c.obj (.text:__TI_closefile)
                  000024e4    00000070                                   : memory.c.obj (.text:split)
                  00002554    0000006e                                   : _printfi.c.obj (.text:_mcpy)
                  000025c2    00000002     --HOLE-- [fill = 0]
                  000025c4    0000006c                                   : hostrename.c.obj (.text:HOSTrename)
                  00002630    00000068                                   : hostlseek.c.obj (.text:HOSTlseek)
                  00002698    00000068                                   : copy_decompress_lzss.c.obj (.text:decompress:lzss:__TI_decompress_lzss)
                  00002700    00000068                                   : printf.c.obj (.text:printf)
                  00002768    00000064                                   : s_frexp.c.obj (.text:frexp)
                  000027cc    00000064                                   : fseek.c.obj (.text:fseek)
                  00002830    00000062     msp432p4xx_driverlib.lib : cs.o (.text:_CSGetDividerValue)
                  00002892    00000062     rtsv7M4_T_le_v4SPD16_eabi.lib : _io_perm.c.obj (.text:__TI_wrt_ok)
                  000028f4    00000060                                   : hostopen.c.obj (.text:HOSTopen)
                  00002954    0000005c                                   : close.c.obj (.text:close)
                  000029b0    00000058                                   : hostread.c.obj (.text:HOSTread)
                  00002a08    00000058                                   : hostwrite.c.obj (.text:HOSTwrite)
                  00002a60    00000056                                   : _printfi.c.obj (.text:_pconv_f)
                  00002ab6    00000054                                   : _ltoa.c.obj (.text:__TI_ltoa)
                  00002b0a    00000052                                   : _printfi.c.obj (.text:_ecpy)
                  00002b5c    0000004c                                   : fflush.c.obj (.text:__TI_doflush)
                  00002ba8    0000004c                                   : atoi.c.obj (.text:atoi)
                  00002bf4    00000048                                   : exit.c.obj (.text:exit)
                  00002c3c    00000048                                   : fd_toi_t2.asm.obj (.text)
                  00002c84    00000044                                   : hostclose.c.obj (.text:HOSTclose)
                  00002cc8    00000044                                   : hostunlink.c.obj (.text:HOSTunlink)
                  00002d0c    00000044                                   : autoinit.c.obj (.text:__TI_auto_init_nobinit_nopinit:__TI_auto_init_nobinit_nopinit)
                  00002d50    00000044                                   : getdevice.c.obj (.text:getdevice)
                  00002d94    0000003e                                   : _printfi.c.obj (.text:_fcpy)
                  00002dd2    00000002     --HOLE-- [fill = 0]
                  00002dd4    00000038                                   : trgmsg.c.obj (.text:__TI_writemsg)
                  00002e0c    00000036                                   : strncpy.c.obj (.text:strncpy)
                  00002e42    00000002     --HOLE-- [fill = 0]
                  00002e44    00000034                                   : fopen.c.obj (.text:__TI_cleanup)
                  00002e78    00000034                                   : trgmsg.c.obj (.text:__TI_readmsg)
                  00002eac    00000034                                   : boot_cortex_m.c.obj (.text:_c_int00_noargs:_c_int00_noargs)
                  00002ee0    00000030     msp432p4xx_driverlib.lib : cs.o (.text:CS_clearInterruptFlag)
                  00002f10    00000030     rtsv7M4_T_le_v4SPD16_eabi.lib : getdevice.c.obj (.text:finddevice)
                  00002f40    0000002e                                   : i_tofd_t2.asm.obj (.text)
                  00002f6e    00000002     --HOLE-- [fill = 0]
                  00002f70    0000002c                                   : unlink.c.obj (.text:unlink)
                  00002f9c    00000028     msp432p4xx_driverlib.lib : cs.o (.text:CS_getMCLK)
                  00002fc4    00000028     rtsv7M4_T_le_v4SPD16_eabi.lib : memory.c.obj (.text:free_list_insert)
                  00002fec    00000028                                   : lseek.c.obj (.text:lseek)
                  00003014    00000028                                   : write.c.obj (.text:write)
                  0000303c    00000020                                   : memchr.c.obj (.text:memchr)
                  0000305c    0000001c                                   : copy_zero_init.c.obj (.text:decompress:ZI:__TI_zero_init_nomemset:__TI_zero_init_nomemset)
                  00003078    0000001c                                   : memory.c.obj (.text:free_list_remove)
                  00003094    0000001c                                   : memccpy.c.obj (.text:memccpy)
                  000030b0    0000001a                                   : s_copysign.c.obj (.text:copysign)
                  000030ca    00000018                                   : strcmp.c.obj (.text:strcmp)
                  000030e2    00000016                                   : strchr.c.obj (.text:strchr)
                  000030f8    00000014                                   : strcpy.c.obj (.text:strcpy)
                  0000310c    00000014                                   : strlen.c.obj (.text:strlen)
                  00003120    00000012                                   : wcslen.c.obj (.text:wcslen)
                  00003132    0000000e                                   : copy_decompress_none.c.obj (.text:decompress:none:__TI_decompress_none)
                  00003140    0000000c     startup_msp432p401r_ccs.obj (.text:Reset_Handler)
                  0000314c    00000008     rtsv7M4_T_le_v4SPD16_eabi.lib : errno.c.obj (.text:__aeabi_errno_addr)
                  00003154    00000008                                   : memory.c.obj (.text:malloc)
                  0000315c    00000004                                   : printf.c.obj (.text:_outc)
                  00003160    00000004                                   : printf.c.obj (.text:_outs)
                  00003164    00000004                                   : pre_init.c.obj (.text:_system_pre_init)
                  00003168    00000004                                   : exit.c.obj (.text:abort:abort)

.const     0    0000316c    00000101     
                  0000316c    00000101     rtsv7M4_T_le_v4SPD16_eabi.lib : ctype.c.obj (.const:.string:_ctypes_)

.cinit     0    00003270    000000b0     
                  00003270    00000086     (.cinit..data.load) [load image, compression = lzss]
                  000032f6    00000002     --HOLE-- [fill = 0]
                  000032f8    0000000c     (__TI_handler_table)
                  00003304    00000004     --HOLE-- [fill = 0]
                  00003308    00000008     (.cinit..bss.load) [load image, compression = zero_init]
                  00003310    00000010     (__TI_cinit_table)

.init_array 
*          0    00000000    00000000     UNINITIALIZED

.binit     0    00000000    00000000     

.sysmem    0    20000000    00000800     UNINITIALIZED
                  20000000    00000010     rtsv7M4_T_le_v4SPD16_eabi.lib : memory.c.obj (.sysmem)
                  20000010    000007f0     --HOLE--

.data      0    20000800    00000210     UNINITIALIZED
                  20000800    000000f0     rtsv7M4_T_le_v4SPD16_eabi.lib : defs.c.obj (.data:_ftable)
                  200008f0    00000078                                   : host_device.c.obj (.data:_device)
                  20000968    00000050                                   : host_device.c.obj (.data:_stream)
                  200009b8    00000028     main.obj (.data:timeArray)
                  200009e0    00000010     rtsv7M4_T_le_v4SPD16_eabi.lib : defs.c.obj (.data)
                  200009f0    0000000c                                   : exit.c.obj (.data:$O1$$)
                  200009fc    00000008                                   : _lock.c.obj (.data:$O1$$)
                  20000a04    00000008                                   : memory.c.obj (.data:$O1$$)
                  20000a0c    00000004                                   : errno.c.obj (.data)

.bss       0    20000a10    00000208     UNINITIALIZED
                  20000a10    00000120     rtsv7M4_T_le_v4SPD16_eabi.lib : trgmsg.c.obj (.bss:_CIOBUF_)
                  20000b30    000000a0     (.common:__TI_tmpnams)
                  20000bd0    00000008     msp432p4xx_driverlib.lib : cs.o (.bss)
                  20000bd8    00000008     (.common:current_extended)
                  20000be0    00000008     (.common:extended)
                  20000be8    00000008     (.common:initial_extended)
                  20000bf0    00000008     (.common:parmbuf)
                  20000bf8    00000004     (.common:count_us)
                  20000bfc    00000004     (.common:current)
                  20000c00    00000004     (.common:duration)
                  20000c04    00000004     (.common:i)
                  20000c08    00000004     (.common:initial)
                  20000c0c    00000004     (.common:previous)
                  20000c10    00000004     (.common:t0)
                  20000c14    00000004     (.common:t1)

.stack     0    2000fe00    00000200     UNINITIALIZED
                  2000fe00    00000004     rtsv7M4_T_le_v4SPD16_eabi.lib : boot_cortex_m.c.obj (.stack)
                  2000fe04    000001fc     --HOLE--

__llvm_prf_cnts 
*          0    20000000    00000000     UNINITIALIZED

MODULE SUMMARY

       Module                        code    ro data   rw data
       ------                        ----    -------   -------
    ./
       main.obj                      592     0         192    
       system_msp432p401r.obj        120     0         0      
    +--+-----------------------------+-------+---------+---------+
       Total:                        712     0         192    
                                                              
    ./ccs/
       startup_msp432p401r_ccs.obj   14      228       0      
    +--+-----------------------------+-------+---------+---------+
       Total:                        14      228       0      
                                                              
    /Applications/ti/ccs1010/ccs/tools/compiler/ti-cgt-arm_20.2.2.LTS/lib/rtsv7M4_T_le_v4SPD16_eabi.lib
       _printfi.c.obj                4851    0         0      
       defs.c.obj                    0       0         832    
       memory.c.obj                  672     0         16     
       trgmsg.c.obj                  108     0         576    
       fd_add_t2.asm.obj             438     0         0      
       host_device.c.obj             0       0         400    
       fd_div_t2.asm.obj             310     0         0      
       fputs.c.obj                   276     0         0      
       s_scalbn.c.obj                272     0         0      
       fd_cmp_t2.asm.obj             268     0         0      
       ctype.c.obj                   0       257       0      
       fd_mul_t2.asm.obj             252     0         0      
       setvbuf.c.obj                 220     0         0      
       memcpy_t2.asm.obj             156     0         0      
       ull_div_t2.asm.obj            150     0         0      
       fputc.c.obj                   140     0         0      
       memset_t2.asm.obj             122     0         0      
       fclose.c.obj                  116     0         0      
       getdevice.c.obj               116     0         0      
       hostopen.c.obj                96      0         16     
       printf.c.obj                  112     0         0      
       hostrename.c.obj              108     0         0      
       copy_decompress_lzss.c.obj    104     0         0      
       hostlseek.c.obj               104     0         0      
       exit.c.obj                    76      0         24     
       fseek.c.obj                   100     0         0      
       s_frexp.c.obj                 100     0         0      
       _io_perm.c.obj                98      0         0      
       close.c.obj                   92      0         0      
       hostread.c.obj                88      0         0      
       hostwrite.c.obj               88      0         0      
       _ltoa.c.obj                   84      0         0      
       atoi.c.obj                    76      0         0      
       fflush.c.obj                  76      0         0      
       fd_toi_t2.asm.obj             72      0         0      
       autoinit.c.obj                68      0         0      
       hostclose.c.obj               68      0         0      
       hostunlink.c.obj              68      0         0      
       strncpy.c.obj                 54      0         0      
       boot_cortex_m.c.obj           52      0         0      
       fopen.c.obj                   52      0         0      
       i_tofd_t2.asm.obj             46      0         0      
       unlink.c.obj                  44      0         0      
       lseek.c.obj                   40      0         0      
       write.c.obj                   40      0         0      
       memchr.c.obj                  32      0         0      
       copy_zero_init.c.obj          28      0         0      
       memccpy.c.obj                 28      0         0      
       s_copysign.c.obj              26      0         0      
       strcmp.c.obj                  24      0         0      
       strchr.c.obj                  22      0         0      
       strcpy.c.obj                  20      0         0      
       strlen.c.obj                  20      0         0      
       _lock.c.obj                   2       0         16     
       wcslen.c.obj                  18      0         0      
       errno.c.obj                   8       0         8      
       copy_decompress_none.c.obj    14      0         0      
       pre_init.c.obj                4       0         0      
       div0.asm.obj                  2       0         0      
    +--+-----------------------------+-------+---------+---------+
       Total:                        10721   257       1888   
                                                              
    /Users/phatle/ti/simplelink_msp432p4_sdk_3_40_01_02/source/ti/devices/msp432p4xx/driverlib/ccs/msp432p4xx_driverlib.lib
       cs.o                          818     0         16     
       sysctl_a.o                    148     0         0      
    +--+-----------------------------+-------+---------+---------+
       Total:                        966     0         16     
                                                              
       Heap:                         0       0         4096   
       Stack:                        0       0         1024   
       Linker Generated:             0       170       0      
    +--+-----------------------------+-------+---------+---------+
       Grand Total:                  12413   655       7216   


LINKER GENERATED COPY TABLES

__TI_cinit_table @ 00003310 records: 2, size/record: 8, table size: 16
	.data: load addr=00003270, load size=00000086 bytes, run addr=20000800, run size=00000210 bytes, compression=lzss
	.bss: load addr=00003308, load size=00000008 bytes, run addr=20000a10, run size=00000208 bytes, compression=zero_init


LINKER GENERATED HANDLER TABLE

__TI_handler_table @ 000032f8 records: 3, size/record: 4, table size: 12
	index: 0, handler: __TI_decompress_lzss
	index: 1, handler: __TI_decompress_none
	index: 2, handler: __TI_zero_init


GLOBAL SYMBOLS: SORTED ALPHABETICALLY BY Name 

address   name                           
-------   ----                           
00000b33  ADC14_IRQHandler               
00000b33  AES256_IRQHandler              
00000b33  BusFault_Handler               
00003169  C$$EXIT                        
00002e03  C$$IO$$                        
00000b33  COMP_E0_IRQHandler             
00000b33  COMP_E1_IRQHandler             
00000b33  CS_IRQHandler                  
00002ee1  CS_clearInterruptFlag          
00001c39  CS_getDCOFrequency             
00002f9d  CS_getMCLK                     
00000b33  DMA_ERR_IRQHandler             
00000b33  DMA_INT0_IRQHandler            
00000b33  DMA_INT1_IRQHandler            
00000b33  DMA_INT2_IRQHandler            
00000b33  DMA_INT3_IRQHandler            
00000b33  DebugMon_Handler               
00000b33  Default_Handler                
00000b33  EUSCIA0_IRQHandler             
00000b33  EUSCIA1_IRQHandler             
00000b33  EUSCIA2_IRQHandler             
00000b33  EUSCIA3_IRQHandler             
00000b33  EUSCIB0_IRQHandler             
00000b33  EUSCIB1_IRQHandler             
00000b33  EUSCIB2_IRQHandler             
00000b33  EUSCIB3_IRQHandler             
00000b33  FLCTL_IRQHandler               
00000b33  FPU_IRQHandler                 
00002c85  HOSTclose                      
00002631  HOSTlseek                      
000028f5  HOSTopen                       
000029b1  HOSTread                       
000025c5  HOSTrename                     
00002cc9  HOSTunlink                     
00002a09  HOSTwrite                      
00000b33  HardFault_Handler              
00000b33  MemManage_Handler              
00000b33  NMI_Handler                    
00000b33  PCM_IRQHandler                 
00000b33  PORT1_IRQHandler               
00000b33  PORT2_IRQHandler               
00000b33  PORT3_IRQHandler               
00000b33  PORT4_IRQHandler               
00000b33  PORT5_IRQHandler               
00000b33  PORT6_IRQHandler               
00000b33  PSS_IRQHandler                 
00000b33  PendSV_Handler                 
00000b33  RTC_C_IRQHandler               
00003141  Reset_Handler                  
00000b33  SVC_Handler                    
000020d5  SysCtl_A_getTLVInfo            
00000b33  SysTick_Handler                
000023f9  SystemInit                     
00000b33  T32_INT1_IRQHandler            
00000b33  T32_INT2_IRQHandler            
00000b33  T32_INTC_IRQHandler            
00000b33  TA0_0_IRQHandler               
00000b33  TA0_N_IRQHandler               
00000b33  TA1_0_IRQHandler               
00000b33  TA1_N_IRQHandler               
00000b33  TA2_0_IRQHandler               
00000b33  TA2_N_IRQHandler               
00000b33  TA3_0_IRQHandler               
00000b33  TA3_N_IRQHandler               
00000b33  UsageFault_Handler             
4000480c  WDTCTL_SYM                     
00000b33  WDT_A_IRQHandler               
20000a10  __CIOBUF_                      
20010000  __STACK_END                    
00000200  __STACK_SIZE                   
00000800  __SYSMEM_SIZE                  
00003310  __TI_CINIT_Base                
00003320  __TI_CINIT_Limit               
000032f8  __TI_Handler_Table_Base        
00003304  __TI_Handler_Table_Limit       
00002d0d  __TI_auto_init_nobinit_nopinit 
00002e45  __TI_cleanup                   
200009f0  __TI_cleanup_ptr               
00002471  __TI_closefile                 
00002699  __TI_decompress_lzss           
00003133  __TI_decompress_none           
00002b5d  __TI_doflush                   
200009f4  __TI_dtors_ptr                 
200009f8  __TI_enable_exit_profile_output
200009e0  __TI_ft_end                    
00002ab7  __TI_ltoa                      
ffffffff  __TI_pprof_out_hndl            
000000e5  __TI_printfi                   
ffffffff  __TI_prof_data_size            
ffffffff  __TI_prof_data_start           
00002e79  __TI_readmsg                   
00000000  __TI_static_base__             
20000b30  __TI_tmpnams                   
00002dd5  __TI_writemsg                  
00002893  __TI_wrt_ok                    
0000305d  __TI_zero_init_nomemset        
000021f5  __aeabi_cdcmpeq                
000021f5  __aeabi_cdcmple                
0000227b  __aeabi_cdrcmple               
00002c3d  __aeabi_d2iz                   
00000f7f  __aeabi_dadd                   
000013b9  __aeabi_ddiv                   
00001b3d  __aeabi_dmul                   
00000f75  __aeabi_dsub                   
0000314d  __aeabi_errno_addr             
00002f41  __aeabi_i2d                    
000014ef  __aeabi_idiv0                  
000014ef  __aeabi_ldiv0                  
0000237d  __aeabi_memclr                 
0000237d  __aeabi_memclr4                
0000237d  __aeabi_memclr8                
00001fa3  __aeabi_memcpy                 
00001fa3  __aeabi_memcpy4                
00001fa3  __aeabi_memcpy8                
0000237f  __aeabi_memset                 
0000237f  __aeabi_memset4                
0000237f  __aeabi_memset8                
200009ec  __aeabi_stderr                 
200009e4  __aeabi_stdin                  
200009e8  __aeabi_stdout                 
0000203f  __aeabi_uldivmod               
ffffffff  __binit__                      
ffffffff  __c_args__                     
UNDEFED   __mpu_init                     
2000fe00  __stack                        
20000000  __start___llvm_prf_cnts        
20000000  __stop___llvm_prf_cnts         
00002ead  _c_int00_noargs                
0000316c  _ctypes_                       
200008f0  _device                        
20000800  _ftable                        
200009fc  _lock                          
0000112b  _nop                           
20000968  _stream                        
20000000  _sys_memory                    
UNDEFED   _system_post_cinit             
00003165  _system_pre_init               
20000a00  _unlock                        
00003169  abort                          
0000193d  aligned_alloc                  
00002ba9  atoi                           
ffffffff  binit                          
00002955  close                          
000030b1  copysign                       
000030b1  copysignl                      
20000bf8  count_us                       
20000bfc  current                        
20000bd8  current_extended               
00001a3d  delay_ms                       
20000c00  duration                       
20000a0c  errno                          
00002bf5  exit                           
20000be0  extended                       
00002f11  finddevice                     
00002169  fputc                          
00001615  fputs                          
00001d31  free                           
00002769  frexp                          
00002769  frexpl                         
000027cd  fseek                          
00002d51  getdevice                      
20000c04  i                              
20000c08  initial                        
20000be8  initial_extended               
00000000  interruptVectors               
00001729  ldexp                          
00001729  ldexpl                         
00002fed  lseek                          
0000112d  main                           
00003155  malloc                         
0000193d  memalign                       
00003095  memccpy                        
0000303d  memchr                         
00001fa3  memcpy                         
00002385  memset                         
20000bf0  parmbuf                        
20000c0c  previous                       
00002701  printf                         
00002169  putc                           
00002f71  remove                         
00001729  scalbn                         
00001729  scalbnl                        
00001e15  setvbuf                        
000030e3  strchr                         
000030cb  strcmp                         
000030f9  strcpy                         
0000310d  strlen                         
00002e0d  strncpy                        
20000c10  t0                             
20000c14  t1                             
200009b8  timeArray                      
00002f71  unlink                         
00003121  wcslen                         
00003015  write                          


GLOBAL SYMBOLS: SORTED BY Symbol Address 

address   name                           
-------   ----                           
00000000  __TI_static_base__             
00000000  interruptVectors               
000000e5  __TI_printfi                   
00000200  __STACK_SIZE                   
00000800  __SYSMEM_SIZE                  
00000b33  ADC14_IRQHandler               
00000b33  AES256_IRQHandler              
00000b33  BusFault_Handler               
00000b33  COMP_E0_IRQHandler             
00000b33  COMP_E1_IRQHandler             
00000b33  CS_IRQHandler                  
00000b33  DMA_ERR_IRQHandler             
00000b33  DMA_INT0_IRQHandler            
00000b33  DMA_INT1_IRQHandler            
00000b33  DMA_INT2_IRQHandler            
00000b33  DMA_INT3_IRQHandler            
00000b33  DebugMon_Handler               
00000b33  Default_Handler                
00000b33  EUSCIA0_IRQHandler             
00000b33  EUSCIA1_IRQHandler             
00000b33  EUSCIA2_IRQHandler             
00000b33  EUSCIA3_IRQHandler             
00000b33  EUSCIB0_IRQHandler             
00000b33  EUSCIB1_IRQHandler             
00000b33  EUSCIB2_IRQHandler             
00000b33  EUSCIB3_IRQHandler             
00000b33  FLCTL_IRQHandler               
00000b33  FPU_IRQHandler                 
00000b33  HardFault_Handler              
00000b33  MemManage_Handler              
00000b33  NMI_Handler                    
00000b33  PCM_IRQHandler                 
00000b33  PORT1_IRQHandler               
00000b33  PORT2_IRQHandler               
00000b33  PORT3_IRQHandler               
00000b33  PORT4_IRQHandler               
00000b33  PORT5_IRQHandler               
00000b33  PORT6_IRQHandler               
00000b33  PSS_IRQHandler                 
00000b33  PendSV_Handler                 
00000b33  RTC_C_IRQHandler               
00000b33  SVC_Handler                    
00000b33  SysTick_Handler                
00000b33  T32_INT1_IRQHandler            
00000b33  T32_INT2_IRQHandler            
00000b33  T32_INTC_IRQHandler            
00000b33  TA0_0_IRQHandler               
00000b33  TA0_N_IRQHandler               
00000b33  TA1_0_IRQHandler               
00000b33  TA1_N_IRQHandler               
00000b33  TA2_0_IRQHandler               
00000b33  TA2_N_IRQHandler               
00000b33  TA3_0_IRQHandler               
00000b33  TA3_N_IRQHandler               
00000b33  UsageFault_Handler             
00000b33  WDT_A_IRQHandler               
00000f75  __aeabi_dsub                   
00000f7f  __aeabi_dadd                   
0000112b  _nop                           
0000112d  main                           
000013b9  __aeabi_ddiv                   
000014ef  __aeabi_idiv0                  
000014ef  __aeabi_ldiv0                  
00001615  fputs                          
00001729  ldexp                          
00001729  ldexpl                         
00001729  scalbn                         
00001729  scalbnl                        
0000193d  aligned_alloc                  
0000193d  memalign                       
00001a3d  delay_ms                       
00001b3d  __aeabi_dmul                   
00001c39  CS_getDCOFrequency             
00001d31  free                           
00001e15  setvbuf                        
00001fa3  __aeabi_memcpy                 
00001fa3  __aeabi_memcpy4                
00001fa3  __aeabi_memcpy8                
00001fa3  memcpy                         
0000203f  __aeabi_uldivmod               
000020d5  SysCtl_A_getTLVInfo            
00002169  fputc                          
00002169  putc                           
000021f5  __aeabi_cdcmpeq                
000021f5  __aeabi_cdcmple                
0000227b  __aeabi_cdrcmple               
0000237d  __aeabi_memclr                 
0000237d  __aeabi_memclr4                
0000237d  __aeabi_memclr8                
0000237f  __aeabi_memset                 
0000237f  __aeabi_memset4                
0000237f  __aeabi_memset8                
00002385  memset                         
000023f9  SystemInit                     
00002471  __TI_closefile                 
000025c5  HOSTrename                     
00002631  HOSTlseek                      
00002699  __TI_decompress_lzss           
00002701  printf                         
00002769  frexp                          
00002769  frexpl                         
000027cd  fseek                          
00002893  __TI_wrt_ok                    
000028f5  HOSTopen                       
00002955  close                          
000029b1  HOSTread                       
00002a09  HOSTwrite                      
00002ab7  __TI_ltoa                      
00002b5d  __TI_doflush                   
00002ba9  atoi                           
00002bf5  exit                           
00002c3d  __aeabi_d2iz                   
00002c85  HOSTclose                      
00002cc9  HOSTunlink                     
00002d0d  __TI_auto_init_nobinit_nopinit 
00002d51  getdevice                      
00002dd5  __TI_writemsg                  
00002e03  C$$IO$$                        
00002e0d  strncpy                        
00002e45  __TI_cleanup                   
00002e79  __TI_readmsg                   
00002ead  _c_int00_noargs                
00002ee1  CS_clearInterruptFlag          
00002f11  finddevice                     
00002f41  __aeabi_i2d                    
00002f71  remove                         
00002f71  unlink                         
00002f9d  CS_getMCLK                     
00002fed  lseek                          
00003015  write                          
0000303d  memchr                         
0000305d  __TI_zero_init_nomemset        
00003095  memccpy                        
000030b1  copysign                       
000030b1  copysignl                      
000030cb  strcmp                         
000030e3  strchr                         
000030f9  strcpy                         
0000310d  strlen                         
00003121  wcslen                         
00003133  __TI_decompress_none           
00003141  Reset_Handler                  
0000314d  __aeabi_errno_addr             
00003155  malloc                         
00003165  _system_pre_init               
00003169  C$$EXIT                        
00003169  abort                          
0000316c  _ctypes_                       
000032f8  __TI_Handler_Table_Base        
00003304  __TI_Handler_Table_Limit       
00003310  __TI_CINIT_Base                
00003320  __TI_CINIT_Limit               
20000000  __start___llvm_prf_cnts        
20000000  __stop___llvm_prf_cnts         
20000000  _sys_memory                    
20000800  _ftable                        
200008f0  _device                        
20000968  _stream                        
200009b8  timeArray                      
200009e0  __TI_ft_end                    
200009e4  __aeabi_stdin                  
200009e8  __aeabi_stdout                 
200009ec  __aeabi_stderr                 
200009f0  __TI_cleanup_ptr               
200009f4  __TI_dtors_ptr                 
200009f8  __TI_enable_exit_profile_output
200009fc  _lock                          
20000a00  _unlock                        
20000a0c  errno                          
20000a10  __CIOBUF_                      
20000b30  __TI_tmpnams                   
20000bd8  current_extended               
20000be0  extended                       
20000be8  initial_extended               
20000bf0  parmbuf                        
20000bf8  count_us                       
20000bfc  current                        
20000c00  duration                       
20000c04  i                              
20000c08  initial                        
20000c0c  previous                       
20000c10  t0                             
20000c14  t1                             
2000fe00  __stack                        
20010000  __STACK_END                    
4000480c  WDTCTL_SYM                     
ffffffff  __TI_pprof_out_hndl            
ffffffff  __TI_prof_data_size            
ffffffff  __TI_prof_data_start           
ffffffff  __binit__                      
ffffffff  __c_args__                     
ffffffff  binit                          
UNDEFED   __mpu_init                     
UNDEFED   _system_post_cinit             

[194 symbols]
