******************************************************************************
                  TI ARM Linker Unix v20.2.2                   
******************************************************************************
>> Linked Thu Nov 19 14:54:24 2020

OUTPUT FILE NAME:   <Lab7_Ex1.out>
ENTRY POINT SYMBOL: "_c_int00"  address: 00000b61


MEMORY CONFIGURATION

         name            origin    length      used     unused   attr    fill
----------------------  --------  ---------  --------  --------  ----  --------
  MAIN                  00000000   00040000  00001068  0003ef98  R  X
  INFO                  00200000   00004000  00000000  00004000  R  X
  SRAM_CODE             01000000   00010000  00009618  000069e8  RW X
  SRAM_DATA             20000000   00010000  00009618  000069e8  RW  


SEGMENT ALLOCATION MAP

run origin  load origin   length   init length attrs members
----------  ----------- ---------- ----------- ----- -------
00000000    00000000    00001068   00001068    r-x
  00000000    00000000    00000f70   00000f70    r-x .text
  00000f70    00000f70    00000068   00000068    r-- .const
  00000fd8    00000fd8    00000090   00000090    r-- .cinit
20000000    20000000    00008000   00000000    r--
  20000000    20000000    00008000   00000000    r-- .priheap
20008000    20008000    00001218   00000000    rw-
  20008000    20008000    000010a8   00000000    rw- .bss
  200090a8    200090a8    00000170   00000000    rw- .data
2000fc00    2000fc00    00000400   00000000    rw-
  2000fc00    2000fc00    00000400   00000000    rw- .stack


SECTION ALLOCATION MAP

 output                                  attributes/
section   page    origin      length       input sections
--------  ----  ----------  ----------   ----------------
.text      0    00000000    00000f70     
                  00000000    000002f8     drivers_msp432p401x.aem4f : PowerMSP432.oem4f (.text:Power_sleep)
                  000002f8    00000288                               : PowerMSP432.oem4f (.text:initPerfControl)
                  00000580    000000e4     msp432p4xx_driverlib.lib : cs.o (.text:CS_startHFXTWithTimeout)
                  00000664    000000e0                              : cs.o (.text:CS_startLFXTWithTimeout)
                  00000744    000000dc                              : cs.o (.text:_CSGetHFXTFrequency)
                  00000820    000000a0     auto_init.aem4f : auto_init.oem4f (.text)
                  000008c0    0000009c     drivers_msp432p401x.aem4f : PowerMSP432.oem4f (.text:Power_init)
                  0000095c    0000009c     rtsv7M4_T_le_v4SPD16_eabi.lib : memcpy_t2.asm.obj (.text)
                  000009f8    00000084     drivers_msp432p401x.aem4f : PowerMSP432.oem4f (.text:restartHFXT)
                  00000a7c    0000007a     rtsv7M4_T_le_v4SPD16_eabi.lib : memset_t2.asm.obj (.text)
                  00000af6    00000068                                   : copy_decompress_lzss.c.obj (.text:decompress:lzss:__TI_decompress_lzss)
                  00000b5e    00000002     ti_drivers_config.obj (.text:Board_initHook)
                  00000b60    00000058     boot.aem4f : boot.oem4f (.text)
                  00000bb8    00000058     hello.obj (.text:main)
                  00000c10    0000004c     dpl_msp432p401x.aem4f : PowerMSP432_tirtos.oem4f (.text:PowerMSP432_sleepPolicy)
                  00000c5c    0000004c     rtsv7M4_T_le_v4SPD16_eabi.lib : cpy_tbl.c.obj (.text:copy_in)
                  00000ca8    00000044     hello.obj (.text:task1)
                  00000cec    00000044     hello.obj (.text:task2)
                  00000d30    00000040     dpl_msp432p401x.aem4f : HwiP_tirtos.oem4f (.text:HwiP_create)
                  00000d70    00000038     drivers_msp432p401x.aem4f : PowerMSP432.oem4f (.text:notify)
                  00000da8    0000002c     dpl_msp432p401x.aem4f : PowerMSP432_tirtos.oem4f (.text:PowerMSP432_updateFreqs)
                  00000dd4    00000028     msp432p4xx_driverlib.lib : gpio.o (.text:GPIO_setOutputHighOnPin)
                  00000dfc    00000028                              : gpio.o (.text:GPIO_setOutputLowOnPin)
                  00000e24    00000028     drivers_msp432p401x.aem4f : PowerMSP432.oem4f (.text:disableFaultCounter)
                  00000e4c    00000028                               : PowerMSP432.oem4f (.text:disableHFXT)
                  00000e74    00000020     msp432p4xx_driverlib.lib : cs.o (.text:CS_setExternalClockSourceFrequency)
                  00000e94    00000018                              : sysctl_a.o (.text:SysCtl_A_disableNMISource)
                  00000eac    00000018                              : sysctl_a.o (.text:SysCtl_A_enableNMISource)
                  00000ec4    00000018     rtsv7M4_T_le_v4SPD16_eabi.lib : args_main.c.obj (.text:_args_main)
                  00000edc    00000016     hello.obj (.text:ti_sysbios_knl_Task_Params_init)
                  00000ef2    00000010     dpl_msp432p401x.aem4f : HwiP_tirtos.oem4f (.text:HwiP_Params_init)
                  00000f02    00000002                           : PowerMSP432_tirtos.oem4f (.text:PowerMSP432_initPolicy)
                  00000f04    00000010     msp432p4xx_driverlib.lib : sysctl_a.o (.text:SysCtl_A_getNMISourceStatus)
                  00000f14    00000010                              : sysctl.o (.text:SysCtl_getNMISourceStatus)
                  00000f24    0000000e     rtsv7M4_T_le_v4SPD16_eabi.lib : copy_decompress_none.c.obj (.text:decompress:none:__TI_decompress_none)
                  00000f32    0000000c     ti_drivers_config.obj (.text:Board_init)
                  00000f3e    0000000c     msp432p4xx_driverlib.lib : cpu.o (.text:CPU_cpsid)
                  00000f4a    0000000c                              : cpu.o (.text:CPU_cpsie)
                  00000f56    00000002     --HOLE-- [fill = 0]
                  00000f58    0000000c     drivers_msp432p401x.aem4f : PowerMSP432.oem4f (.text:Power_getConstraintMask)
                  00000f64    0000000c     rtsv7M4_T_le_v4SPD16_eabi.lib : copy_zero_init.c.obj (.text:decompress:ZI:__TI_zero_init)

.const     0    00000f70    00000068     
                  00000f70    00000038     ti_drivers_config.obj (.const:PowerMSP432_config)
                  00000fa8    00000030     msp432p4xx_driverlib.lib : gpio.o (.const:GPIO_PORT_TO_BASE)

.cinit     0    00000fd8    00000090     
                  00000fd8    0000006a     (.cinit..data.load) [load image, compression = lzss]
                  00001042    00000002     --HOLE-- [fill = 0]
                  00001044    0000000c     (__TI_handler_table)
                  00001050    00000008     (.cinit..bss.load) [load image, compression = zero_init]
                  00001058    00000010     (__TI_cinit_table)

.init_array 
*          0    00000000    00000000     UNINITIALIZED

.bss       0    20008000    000010a8     UNINITIALIZED
                  20008000    00000800     (.common:task1Stack)
                  20008800    00000800     (.common:task2Stack)
                  20009000    00000050     (.common:task1Struct)
                  20009050    00000050     (.common:task2Struct)
                  200090a0    00000008     msp432p4xx_driverlib.lib : cs.o (.bss)

.data      0    200090a8    00000170     UNINITIALIZED
                  200090a8    00000140     drivers_msp432p401x.aem4f : PowerMSP432.oem4f (.data:PowerMSP432_perfLevels)
                  200091e8    0000002c                               : PowerMSP432.oem4f (.data:PowerMSP432_module)
                  20009214    00000004     rtsv7M4_T_le_v4SPD16_eabi.lib : stkdepth_vars.c.obj (.data)

.priheap   0    20000000    00008000     UNINITIALIZED
                  20000000    00008000     --HOLE--

.stack     0    2000fc00    00000400     UNINITIALIZED
                  2000fc00    00000400     --HOLE--

.bootVecs 
*          0    00000000    00000008     DSECT
                  00000000    00000008     boot.aem4f : boot.oem4f (.bootVecs)

xdc.meta   0    00000000    00000000     COPY SECTION

__llvm_prf_cnts 
*          0    20000000    00000000     UNINITIALIZED

.binit     0    00000000    00000000     

MODULE SUMMARY

       Module                       code   ro data   rw data
       ------                       ----   -------   -------
    ./
       hello.obj                    246    0         8512   
    +--+----------------------------+------+---------+---------+
       Total:                       246    0         8512   
                                                            
    ./syscfg/
       ti_drivers_config.obj        14     56        0      
    +--+----------------------------+------+---------+---------+
       Total:                       14     56        0      
                                                            
    /Applications/ti/ccs1010/ccs/tools/compiler/ti-cgt-arm_20.2.2.LTS/lib/rtsv7M4_T_le_v4SPD16_eabi.lib
       memcpy_t2.asm.obj            156    0         0      
       memset_t2.asm.obj            122    0         0      
       copy_decompress_lzss.c.obj   104    0         0      
       cpy_tbl.c.obj                76     0         0      
       args_main.c.obj              24     0         0      
       copy_decompress_none.c.obj   14     0         0      
       copy_zero_init.c.obj         12     0         0      
       stkdepth_vars.c.obj          0      0         8      
    +--+----------------------------+------+---------+---------+
       Total:                       508    0         8      
                                                            
    /Users/phatle/ti/simplelink_msp432p4_sdk_3_40_01_02/kernel/tirtos/packages/ti/dpl/lib/dpl_msp432p401x.aem4f
       PowerMSP432_tirtos.oem4f     122    0         0      
       HwiP_tirtos.oem4f            80     0         0      
    +--+----------------------------+------+---------+---------+
       Total:                       202    0         0      
                                                            
    /Users/phatle/ti/simplelink_msp432p4_sdk_3_40_01_02/kernel/tirtos/packages/ti/targets/arm/rtsarm/lib/auto_init.aem4f
       auto_init.oem4f              160    0         0      
    +--+----------------------------+------+---------+---------+
       Total:                       160    0         0      
                                                            
    /Users/phatle/ti/simplelink_msp432p4_sdk_3_40_01_02/kernel/tirtos/packages/ti/targets/arm/rtsarm/lib/boot.aem4f
       boot.oem4f                   88     0         0      
    +--+----------------------------+------+---------+---------+
       Total:                       88     0         0      
                                                            
    /Users/phatle/ti/simplelink_msp432p4_sdk_3_40_01_02/source/ti/devices/msp432p4xx/driverlib/ccs/msp432p4xx_driverlib.lib
       cs.o                         704    0         16     
       gpio.o                       80     48        0      
       sysctl_a.o                   64     0         0      
       cpu.o                        24     0         0      
       sysctl.o                     16     0         0      
    +--+----------------------------+------+---------+---------+
       Total:                       888    48        16     
                                                            
    /Users/phatle/ti/simplelink_msp432p4_sdk_3_40_01_02/source/ti/drivers/lib/drivers_msp432p401x.aem4f
       PowerMSP432.oem4f            1844   0         728    
    +--+----------------------------+------+---------+---------+
       Total:                       1844   0         728    
                                                            
       Stack:                       0      0         2048   
       Linker Generated:            0      142       0      
    +--+----------------------------+------+---------+---------+
       Grand Total:                 3950   246       11312  


LINKER GENERATED COPY TABLES

__TI_cinit_table @ 00001058 records: 2, size/record: 8, table size: 16
	.data: load addr=00000fd8, load size=0000006a bytes, run addr=200090a8, run size=00000170 bytes, compression=lzss
	.bss: load addr=00001050, load size=00000008 bytes, run addr=20008000, run size=000010a8 bytes, compression=zero_init


LINKER GENERATED HANDLER TABLE

__TI_handler_table @ 00001044 records: 3, size/record: 4, table size: 12
	index: 0, handler: __TI_decompress_lzss
	index: 1, handler: __TI_decompress_none
	index: 2, handler: __TI_zero_init


GLOBAL SYMBOLS: SORTED ALPHABETICALLY BY Name 

address   name                                                   
-------   ----                                                   
00000f33  Board_init                                             
00000b5f  Board_initHook                                         
00000f3f  CPU_cpsid                                              
00000f4b  CPU_cpsie                                              
00000e75  CS_setExternalClockSourceFrequency                     
00000581  CS_startHFXTWithTimeout                                
00000665  CS_startLFXTWithTimeout                                
00000dd5  GPIO_setOutputHighOnPin                                
00000dfd  GPIO_setOutputLowOnPin                                 
00008000  HEAPSIZE                                               
00000ef3  HwiP_Params_init                                       
00000d31  HwiP_create                                            
00000f70  PowerMSP432_config                                     
00000f03  PowerMSP432_initPolicy                                 
200091e8  PowerMSP432_module                                     
200090a8  PowerMSP432_perfLevels                                 
00000c11  PowerMSP432_sleepPolicy                                
00000da9  PowerMSP432_updateFreqs                                
00000f59  Power_getConstraintMask                                
000008c1  Power_init                                             
00000001  Power_sleep                                            
UNDEFED   SHT$$INIT_ARRAY$$Base                                  
UNDEFED   SHT$$INIT_ARRAY$$Limit                                 
00000e95  SysCtl_A_disableNMISource                              
00000ead  SysCtl_A_enableNMISource                               
00000f05  SysCtl_A_getNMISourceStatus                            
00000f15  SysCtl_getNMISourceStatus                              
4000480c  WDTCTL_SYM                                             
20010000  __STACK_END                                            
00000400  __STACK_SIZE                                           
00001058  __TI_CINIT_Base                                        
00001068  __TI_CINIT_Limit                                       
00001044  __TI_Handler_Table_Base                                
00001050  __TI_Handler_Table_Limit                               
00000821  __TI_auto_init                                         
00000af7  __TI_decompress_lzss                                   
00000f25  __TI_decompress_none                                   
ffffffff  __TI_pprof_out_hndl                                    
ffffffff  __TI_prof_data_size                                    
ffffffff  __TI_prof_data_start                                   
00000000  __TI_static_base__                                     
00000f65  __TI_zero_init                                         
00000a7d  __aeabi_memclr                                         
00000a7d  __aeabi_memclr4                                        
00000a7d  __aeabi_memclr8                                        
0000095d  __aeabi_memcpy                                         
0000095d  __aeabi_memcpy4                                        
0000095d  __aeabi_memcpy8                                        
00000a7f  __aeabi_memset                                         
00000a7f  __aeabi_memset4                                        
00000a7f  __aeabi_memset8                                        
ffffffff  __binit__                                              
ffffffff  __c_args__                                             
20008000  __primary_heap_end__                                   
20000000  __primary_heap_start__                                 
2000fc00  __stack                                                
20000000  __start___llvm_prf_cnts                                
20000000  __stop___llvm_prf_cnts                                 
00000ec5  _args_main                                             
00000b61  _c_int00                                               
ffffffff  binit                                                  
00000c5d  copy_in                                                
00000bb9  main                                                   
20009214  main_func_sp                                           
0000095d  memcpy                                                 
00000a85  memset                                                 
00000ca9  task1                                                  
20008000  task1Stack                                             
20009000  task1Struct                                            
00000ced  task2                                                  
20008800  task2Stack                                             
20009050  task2Struct                                            
UNDEFED   ti_sysbios_BIOS_setCpuFreq__E                          
UNDEFED   ti_sysbios_BIOS_start__E                               
UNDEFED   ti_sysbios_family_arm_m3_Hwi_Params__init__S           
UNDEFED   ti_sysbios_family_arm_m3_Hwi_create                    
e000e000  ti_sysbios_family_arm_m3_Hwi_nvic                      
UNDEFED   ti_sysbios_family_arm_m3_Hwi_swiDisable__C             
UNDEFED   ti_sysbios_family_arm_m3_Hwi_swiRestore__C             
UNDEFED   ti_sysbios_family_arm_msp432_ClockFreqs_setFrequency__E
UNDEFED   ti_sysbios_knl_Task_Params__init__S                    
UNDEFED   ti_sysbios_knl_Task_construct                          
UNDEFED   ti_sysbios_knl_Task_disable__E                         
UNDEFED   ti_sysbios_knl_Task_restore__E                         
UNDEFED   ti_sysbios_knl_Task_sleep__E                           
00000001  xdc_rov_runtime_Mon__checksum                          
00000001  xdc_rov_runtime_Mon__write                             
UNDEFED   xdc_runtime_Error_IgnoreBlock                          
00000001  xdc_runtime_Startup__EXECFXN__C                        
00000001  xdc_runtime_Startup__RESETFXN__C                       
UNDEFED   xdc_runtime_Startup_exec__E                            
UNDEFED   xdc_runtime_Startup_reset__I                           
UNDEFED   xdc_runtime_System_exit__E                             


GLOBAL SYMBOLS: SORTED BY Symbol Address 

address   name                                                   
-------   ----                                                   
00000000  __TI_static_base__                                     
00000001  Power_sleep                                            
00000001  xdc_rov_runtime_Mon__checksum                          
00000001  xdc_rov_runtime_Mon__write                             
00000001  xdc_runtime_Startup__EXECFXN__C                        
00000001  xdc_runtime_Startup__RESETFXN__C                       
00000400  __STACK_SIZE                                           
00000581  CS_startHFXTWithTimeout                                
00000665  CS_startLFXTWithTimeout                                
00000821  __TI_auto_init                                         
000008c1  Power_init                                             
0000095d  __aeabi_memcpy                                         
0000095d  __aeabi_memcpy4                                        
0000095d  __aeabi_memcpy8                                        
0000095d  memcpy                                                 
00000a7d  __aeabi_memclr                                         
00000a7d  __aeabi_memclr4                                        
00000a7d  __aeabi_memclr8                                        
00000a7f  __aeabi_memset                                         
00000a7f  __aeabi_memset4                                        
00000a7f  __aeabi_memset8                                        
00000a85  memset                                                 
00000af7  __TI_decompress_lzss                                   
00000b5f  Board_initHook                                         
00000b61  _c_int00                                               
00000bb9  main                                                   
00000c11  PowerMSP432_sleepPolicy                                
00000c5d  copy_in                                                
00000ca9  task1                                                  
00000ced  task2                                                  
00000d31  HwiP_create                                            
00000da9  PowerMSP432_updateFreqs                                
00000dd5  GPIO_setOutputHighOnPin                                
00000dfd  GPIO_setOutputLowOnPin                                 
00000e75  CS_setExternalClockSourceFrequency                     
00000e95  SysCtl_A_disableNMISource                              
00000ead  SysCtl_A_enableNMISource                               
00000ec5  _args_main                                             
00000ef3  HwiP_Params_init                                       
00000f03  PowerMSP432_initPolicy                                 
00000f05  SysCtl_A_getNMISourceStatus                            
00000f15  SysCtl_getNMISourceStatus                              
00000f25  __TI_decompress_none                                   
00000f33  Board_init                                             
00000f3f  CPU_cpsid                                              
00000f4b  CPU_cpsie                                              
00000f59  Power_getConstraintMask                                
00000f65  __TI_zero_init                                         
00000f70  PowerMSP432_config                                     
00001044  __TI_Handler_Table_Base                                
00001050  __TI_Handler_Table_Limit                               
00001058  __TI_CINIT_Base                                        
00001068  __TI_CINIT_Limit                                       
00008000  HEAPSIZE                                               
20000000  __primary_heap_start__                                 
20000000  __start___llvm_prf_cnts                                
20000000  __stop___llvm_prf_cnts                                 
20008000  __primary_heap_end__                                   
20008000  task1Stack                                             
20008800  task2Stack                                             
20009000  task1Struct                                            
20009050  task2Struct                                            
200090a8  PowerMSP432_perfLevels                                 
200091e8  PowerMSP432_module                                     
20009214  main_func_sp                                           
2000fc00  __stack                                                
20010000  __STACK_END                                            
4000480c  WDTCTL_SYM                                             
e000e000  ti_sysbios_family_arm_m3_Hwi_nvic                      
ffffffff  __TI_pprof_out_hndl                                    
ffffffff  __TI_prof_data_size                                    
ffffffff  __TI_prof_data_start                                   
ffffffff  __binit__                                              
ffffffff  __c_args__                                             
ffffffff  binit                                                  
UNDEFED   SHT$$INIT_ARRAY$$Base                                  
UNDEFED   SHT$$INIT_ARRAY$$Limit                                 
UNDEFED   ti_sysbios_BIOS_setCpuFreq__E                          
UNDEFED   ti_sysbios_BIOS_start__E                               
UNDEFED   ti_sysbios_family_arm_m3_Hwi_Params__init__S           
UNDEFED   ti_sysbios_family_arm_m3_Hwi_create                    
UNDEFED   ti_sysbios_family_arm_m3_Hwi_swiDisable__C             
UNDEFED   ti_sysbios_family_arm_m3_Hwi_swiRestore__C             
UNDEFED   ti_sysbios_family_arm_msp432_ClockFreqs_setFrequency__E
UNDEFED   ti_sysbios_knl_Task_Params__init__S                    
UNDEFED   ti_sysbios_knl_Task_construct                          
UNDEFED   ti_sysbios_knl_Task_disable__E                         
UNDEFED   ti_sysbios_knl_Task_restore__E                         
UNDEFED   ti_sysbios_knl_Task_sleep__E                           
UNDEFED   xdc_runtime_Error_IgnoreBlock                          
UNDEFED   xdc_runtime_Startup_exec__E                            
UNDEFED   xdc_runtime_Startup_reset__I                           
UNDEFED   xdc_runtime_System_exit__E                             

[93 symbols]
